To honour the JVM settings for this build a single-use Daemon process will be forked. For more on this, please refer to https://docs.gradle.org/8.10/userguide/gradle_daemon.html#sec:disabling_the_daemon in the Gradle documentation.
Daemon will be stopped at the end of the build 
> Task :createMinecraftArtifacts UP-TO-DATE

> Task :compileJava
WARNING: A restricted method in java.lang.System has been called
WARNING: java.lang.System::load has been called by net.rubygrapefruit.platform.internal.NativeLibraryLoader in an unnamed module (file:/C:/Users/justi/.gradle/wrapper/dists/gradle-8.10-bin/deqhafrv1ntovfmgh0nh3npr9/gradle-8.10/lib/native-platform-0.22-milestone-26.jar)
WARNING: Use --enable-native-access=ALL-UNNAMED to avoid a warning for callers in this module
WARNING: Restricted methods will be blocked in a future release unless native access is enabled
System.Management.Automation.RemoteException
C:\Users\justi\Documents\GitHub\AlexsMobs-26.2\src\main\java\com\github\alexthe666\alexsmobs\tileentity\TileEntityTransmutationTable.java:22: error: package net.minecraft.util.valuetypes does not exist
import net.minecraft.util.valuetypes.ValueInput;
                                    ^
C:\Users\justi\Documents\GitHub\AlexsMobs-26.2\src\main\java\com\github\alexthe666\alexsmobs\tileentity\TileEntityTransmutationTable.java:23: error: package net.minecraft.util.valuetypes does not exist
import net.minecraft.util.valuetypes.ValueOutput;
                                    ^
C:\Users\justi\Documents\GitHub\AlexsMobs-26.2\src\main\java\com\github\alexthe666\alexsmobs\misc\TransmutationData.java:6: error: package net.minecraft.util.valuetypes does not exist
import net.minecraft.util.valuetypes.ValueInput;
                                    ^
C:\Users\justi\Documents\GitHub\AlexsMobs-26.2\src\main\java\com\github\alexthe666\alexsmobs\misc\TransmutationData.java:7: error: package net.minecraft.util.valuetypes does not exist
import net.minecraft.util.valuetypes.ValueOutput;
                                    ^
C:\Users\justi\Documents\GitHub\AlexsMobs-26.2\src\main\java\com\github\alexthe666\alexsmobs\tileentity\TileEntityTransmutationTable.java:70: error: cannot find symbol
    protected void loadAdditional(ValueInput input) {
                                  ^
  symbol:   class ValueInput
  location: class TileEntityTransmutationTable
C:\Users\justi\Documents\GitHub\AlexsMobs-26.2\src\main\java\com\github\alexthe666\alexsmobs\tileentity\TileEntityTransmutationTable.java:105: error: cannot find symbol
    protected void saveAdditional(ValueOutput output) {
                                  ^
  symbol:   class ValueOutput
  location: class TileEntityTransmutationTable
C:\Users\justi\Documents\GitHub\AlexsMobs-26.2\src\main\java\com\github\alexthe666\alexsmobs\misc\TransmutationData.java:69: error: cannot find symbol
    public void saveToValueOutput(ValueOutput output){
                                  ^
  symbol:   class ValueOutput
  location: class TransmutationData
C:\Users\justi\Documents\GitHub\AlexsMobs-26.2\src\main\java\com\github\alexthe666\alexsmobs\misc\TransmutationData.java:80: error: cannot find symbol
    public static TransmutationData fromValueInput(ValueInput input){
                                                   ^
  symbol:   class ValueInput
  location: class TransmutationData
C:\Users\justi\Documents\GitHub\AlexsMobs-26.2\src\main\java\com\github\alexthe666\alexsmobs\client\event\ClientEvents.java:221: error: cannot find symbol
            float partialTick = event.getDeltaTracker().getGameTimeDeltaPartialTick(false);
                                     ^
  symbol:   method getDeltaTracker()
  location: variable event of type RenderHandEvent
C:\Users\justi\Documents\GitHub\AlexsMobs-26.2\src\main\java\com\github\alexthe666\alexsmobs\client\event\ClientEvents.java:247: error: cannot find symbol
            float f = Minecraft.getInstance().player.getAttackAnim(event.getDeltaTracker().getGameTimeDeltaPartialTick(false));
                                                                        ^
  symbol:   method getDeltaTracker()
  location: variable event of type RenderHandEvent
C:\Users\justi\Documents\GitHub\AlexsMobs-26.2\src\main\java\com\github\alexthe666\alexsmobs\client\event\ClientEvents.java:349: error: cannot find symbol
                float ageInTicks = Minecraft.getInstance().level.getGameTime() + event.getDeltaTracker().getGameTimeDeltaPartialTick(false).getGameTimeDeltaPartialTick(true);
                                                                                      ^
  symbol:   method getDeltaTracker()
  location: variable event of type Post
C:\Users\justi\Documents\GitHub\AlexsMobs-26.2\src\main\java\com\github\alexthe666\alexsmobs\client\gui\ButtonTransmute.java:31: error: cannot find symbol
        guiGraphics.drawString(Minecraft.getInstance().font, Component.translatable("alexsmobs.container.transmutation_table.cost").append(" " + cost).getString(), this.getX() + 21, this.getY() + (this.height - 8) / 2, color);
                   ^
  symbol:   method drawString(Font,String,int,int,int)
  location: variable guiGraphics of type GuiGraphicsExtractor
C:\Users\justi\Documents\GitHub\AlexsMobs-26.2\src\main\java\com\github\alexthe666\alexsmobs\client\gui\GUITransmutationTable.java:41: error: method does not override or implement a method from a supertype
    @Override
    ^
C:\Users\justi\Documents\GitHub\AlexsMobs-26.2\src\main\java\com\github\alexthe666\alexsmobs\client\gui\GUITransmutationTable.java:44: error: cannot find symbol
        super.render(guiGraphics, x, y, partialTick);
             ^
  symbol: method render(GuiGraphicsExtractor,int,int,float)
C:\Users\justi\Documents\GitHub\AlexsMobs-26.2\src\main\java\com\github\alexthe666\alexsmobs\client\gui\GUITransmutationTable.java:48: error: method does not override or implement a method from a supertype
    @Override
    ^
C:\Users\justi\Documents\GitHub\AlexsMobs-26.2\src\main\java\com\github\alexthe666\alexsmobs\client\gui\GUITransmutationTable.java:63: error: method does not override or implement a method from a supertype
    @Override
    ^
C:\Users\justi\Documents\GitHub\AlexsMobs-26.2\src\main\java\com\github\alexthe666\alexsmobs\client\gui\GUITransmutationTable.java:72: error: cannot find symbol
            guiGraphics.renderItem(AlexsMobs.PROXY.getDisplayTransmuteResult(0), i + 31, j + 17);
                       ^
  symbol:   method renderItem(ItemStack,int,int)
  location: variable guiGraphics of type GuiGraphicsExtractor
C:\Users\justi\Documents\GitHub\AlexsMobs-26.2\src\main\java\com\github\alexthe666\alexsmobs\client\gui\GUITransmutationTable.java:73: error: cannot find symbol
            guiGraphics.renderItem(AlexsMobs.PROXY.getDisplayTransmuteResult(1), i + 31, j + 36);
                       ^
  symbol:   method renderItem(ItemStack,int,int)
  location: variable guiGraphics of type GuiGraphicsExtractor
C:\Users\justi\Documents\GitHub\AlexsMobs-26.2\src\main\java\com\github\alexthe666\alexsmobs\client\gui\GUITransmutationTable.java:74: error: cannot find symbol
            guiGraphics.renderItem(AlexsMobs.PROXY.getDisplayTransmuteResult(2), i + 31, j + 55);
                       ^
  symbol:   method renderItem(ItemStack,int,int)
  location: variable guiGraphics of type GuiGraphicsExtractor
C:\Users\justi\Documents\GitHub\AlexsMobs-26.2\src\main\java\com\github\alexthe666\alexsmobs\tileentity\TileEntityTransmutationTable.java:75: error: cannot find symbol
        Optional<ValueInput> playerData = input.read("PlayerTransmutationData");
                 ^
  symbol:   class ValueInput
  location: class TileEntityTransmutationTable
C:\Users\justi\Documents\GitHub\AlexsMobs-26.2\src\main\java\com\github\alexthe666\alexsmobs\tileentity\TileEntityTransmutationTable.java:77: error: cannot find symbol
            ValueInput pd = playerData.get();
            ^
  symbol:   class ValueInput
  location: class TileEntityTransmutationTable
C:\Users\justi\Documents\GitHub\AlexsMobs-26.2\src\main\java\com\github\alexthe666\alexsmobs\tileentity\TileEntityTransmutationTable.java:80: error: cannot find symbol
                Optional<ValueInput> entry = pd.read("Entry" + i);
                         ^
  symbol:   class ValueInput
  location: class TileEntityTransmutationTable
C:\Users\justi\Documents\GitHub\AlexsMobs-26.2\src\main\java\com\github\alexthe666\alexsmobs\tileentity\TileEntityTransmutationTable.java:82: error: cannot find symbol
                    ValueInput e = entry.get();
                    ^
  symbol:   class ValueInput
  location: class TileEntityTransmutationTable
C:\Users\justi\Documents\GitHub\AlexsMobs-26.2\src\main\java\com\github\alexthe666\alexsmobs\tileentity\TileEntityTransmutationTable.java:87: error: cannot find symbol
                            Optional<ValueInput> dataIn = e.read("TransmutationData");
                                     ^
  symbol:   class ValueInput
  location: class TileEntityTransmutationTable
C:\Users\justi\Documents\GitHub\AlexsMobs-26.2\src\main\java\com\github\alexthe666\alexsmobs\tileentity\TileEntityTransmutationTable.java:97: error: cannot find symbol
            Optional<ValueInput> possItem = input.read("Possiblity" + i);
                     ^
  symbol:   class ValueInput
  location: class TileEntityTransmutationTable
C:\Users\justi\Documents\GitHub\AlexsMobs-26.2\src\main\java\com\github\alexthe666\alexsmobs\tileentity\TileEntityTransmutationTable.java:108: error: cannot find symbol
        ValueOutput playerData = output.write("PlayerTransmutationData");
        ^
  symbol:   class ValueOutput
  location: class TileEntityTransmutationTable
C:\Users\justi\Documents\GitHub\AlexsMobs-26.2\src\main\java\com\github\alexthe666\alexsmobs\tileentity\TileEntityTransmutationTable.java:111: error: cannot find symbol
            ValueOutput e = playerData.write("Entry" + size);
            ^
  symbol:   class ValueOutput
  location: class TileEntityTransmutationTable
C:\Users\justi\Documents\GitHub\AlexsMobs-26.2\src\main\java\com\github\alexthe666\alexsmobs\misc\TransmutationData.java:25: error: cannot find symbol
            if(ItemStack.areEqual(stack, entry.getKey())){
                        ^
  symbol:   method areEqual(ItemStack,ItemStack)
  location: class ItemStack
C:\Users\justi\Documents\GitHub\AlexsMobs-26.2\src\main\java\com\github\alexthe666\alexsmobs\misc\TransmutationData.java:43: error: cannot find symbol
            if(ItemStack.areEqual(stack, entry)){
                        ^
  symbol:   method areEqual(ItemStack,ItemStack)
  location: class ItemStack
C:\Users\justi\Documents\GitHub\AlexsMobs-26.2\src\main\java\com\github\alexthe666\alexsmobs\misc\TransmutationData.java:72: error: cannot find symbol
            ValueOutput itemEntry = output.write("Entry" + i);
            ^
  symbol:   class ValueOutput
  location: class TransmutationData
C:\Users\justi\Documents\GitHub\AlexsMobs-26.2\src\main\java\com\github\alexthe666\alexsmobs\misc\TransmutationData.java:84: error: cannot find symbol
            java.util.Optional<ValueInput> entryOpt = input.read("Entry" + i);
                               ^
  symbol:   class ValueInput
  location: class TransmutationData
C:\Users\justi\Documents\GitHub\AlexsMobs-26.2\src\main\java\com\github\alexthe666\alexsmobs\misc\TransmutationData.java:86: error: cannot find symbol
                ValueInput itemEntry = entryOpt.get();
                ^
  symbol:   class ValueInput
  location: class TransmutationData
C:\Users\justi\Documents\GitHub\AlexsMobs-26.2\src\main\java\com\github\alexthe666\alexsmobs\misc\TransmutationData.java:88: error: cannot find symbol
                    java.util.Optional<ValueInput> itemIn = itemEntry.read("Item");
                                       ^
  symbol:   class ValueInput
  location: class TransmutationData
C:\Users\justi\Documents\GitHub\AlexsMobs-26.2\src\main\java\com\github\alexthe666\alexsmobs\client\model\layered\ModelAMElytra.java:69: error: cannot find symbol
            abstractclientplayerentity.elytraRotX = (float)((double)abstractclientplayerentity.elytraRotX + (double)(f - abstractclientplayerentity.elytraRotX) * 0.1D);
                                      ^
  symbol:   variable elytraRotX
  location: variable abstractclientplayerentity of type AbstractClientPlayer
C:\Users\justi\Documents\GitHub\AlexsMobs-26.2\src\main\java\com\github\alexthe666\alexsmobs\client\model\layered\ModelAMElytra.java:69: error: cannot find symbol
            abstractclientplayerentity.elytraRotX = (float)((double)abstractclientplayerentity.elytraRotX + (double)(f - abstractclientplayerentity.elytraRotX) * 0.1D);
                                                                                              ^
  symbol:   variable elytraRotX
  location: variable abstractclientplayerentity of type AbstractClientPlayer
C:\Users\justi\Documents\GitHub\AlexsMobs-26.2\src\main\java\com\github\alexthe666\alexsmobs\client\model\layered\ModelAMElytra.java:69: error: cannot find symbol
            abstractclientplayerentity.elytraRotX = (float)((double)abstractclientplayerentity.elytraRotX + (double)(f - abstractclientplayerentity.elytraRotX) * 0.1D);
                                                                                                                                                   ^
  symbol:   variable elytraRotX
  location: variable abstractclientplayerentity of type AbstractClientPlayer
C:\Users\justi\Documents\GitHub\AlexsMobs-26.2\src\main\java\com\github\alexthe666\alexsmobs\client\model\layered\ModelAMElytra.java:70: error: cannot find symbol
            abstractclientplayerentity.elytraRotY = (float)((double)abstractclientplayerentity.elytraRotY + (double)(f3 - abstractclientplayerentity.elytraRotY) * 0.1D);
                                      ^
  symbol:   variable elytraRotY
  location: variable abstractclientplayerentity of type AbstractClientPlayer
C:\Users\justi\Documents\GitHub\AlexsMobs-26.2\src\main\java\com\github\alexthe666\alexsmobs\client\model\layered\ModelAMElytra.java:70: error: cannot find symbol
            abstractclientplayerentity.elytraRotY = (float)((double)abstractclientplayerentity.elytraRotY + (double)(f3 - abstractclientplayerentity.elytraRotY) * 0.1D);
                                                                                              ^
  symbol:   variable elytraRotY
  location: variable abstractclientplayerentity of type AbstractClientPlayer
C:\Users\justi\Documents\GitHub\AlexsMobs-26.2\src\main\java\com\github\alexthe666\alexsmobs\client\model\layered\ModelAMElytra.java:70: error: cannot find symbol
            abstractclientplayerentity.elytraRotY = (float)((double)abstractclientplayerentity.elytraRotY + (double)(f3 - abstractclientplayerentity.elytraRotY) * 0.1D);
                                                                                                                                                    ^
  symbol:   variable elytraRotY
  location: variable abstractclientplayerentity of type AbstractClientPlayer
C:\Users\justi\Documents\GitHub\AlexsMobs-26.2\src\main\java\com\github\alexthe666\alexsmobs\client\model\layered\ModelAMElytra.java:71: error: cannot find symbol
            abstractclientplayerentity.elytraRotZ = (float)((double)abstractclientplayerentity.elytraRotZ + (double)(f1 - abstractclientplayerentity.elytraRotZ) * 0.1D);
                                      ^
  symbol:   variable elytraRotZ
  location: variable abstractclientplayerentity of type AbstractClientPlayer
C:\Users\justi\Documents\GitHub\AlexsMobs-26.2\src\main\java\com\github\alexthe666\alexsmobs\client\model\layered\ModelAMElytra.java:71: error: cannot find symbol
            abstractclientplayerentity.elytraRotZ = (float)((double)abstractclientplayerentity.elytraRotZ + (double)(f1 - abstractclientplayerentity.elytraRotZ) * 0.1D);
                                                                                              ^
  symbol:   variable elytraRotZ
  location: variable abstractclientplayerentity of type AbstractClientPlayer
C:\Users\justi\Documents\GitHub\AlexsMobs-26.2\src\main\java\com\github\alexthe666\alexsmobs\client\model\layered\ModelAMElytra.java:71: error: cannot find symbol
            abstractclientplayerentity.elytraRotZ = (float)((double)abstractclientplayerentity.elytraRotZ + (double)(f1 - abstractclientplayerentity.elytraRotZ) * 0.1D);
                                                                                                                                                    ^
  symbol:   variable elytraRotZ
  location: variable abstractclientplayerentity of type AbstractClientPlayer
C:\Users\justi\Documents\GitHub\AlexsMobs-26.2\src\main\java\com\github\alexthe666\alexsmobs\client\model\layered\ModelAMElytra.java:72: error: cannot find symbol
            this.leftWing.xRot = abstractclientplayerentity.elytraRotX;
                                                           ^
  symbol:   variable elytraRotX
  location: variable abstractclientplayerentity of type AbstractClientPlayer
C:\Users\justi\Documents\GitHub\AlexsMobs-26.2\src\main\java\com\github\alexthe666\alexsmobs\client\model\layered\ModelAMElytra.java:73: error: cannot find symbol
            this.leftWing.yRot = abstractclientplayerentity.elytraRotY;
                                                           ^
  symbol:   variable elytraRotY
  location: variable abstractclientplayerentity of type AbstractClientPlayer
C:\Users\justi\Documents\GitHub\AlexsMobs-26.2\src\main\java\com\github\alexthe666\alexsmobs\client\model\layered\ModelAMElytra.java:74: error: cannot find symbol
            this.leftWing.zRot = abstractclientplayerentity.elytraRotZ;
                                                           ^
  symbol:   variable elytraRotZ
  location: variable abstractclientplayerentity of type AbstractClientPlayer
C:\Users\justi\Documents\GitHub\AlexsMobs-26.2\src\main\java\com\github\alexthe666\alexsmobs\client\model\ModelAlligatorSnappingTurtle.java:145: error: cannot find symbol
        if (this.isBaby()) {
                ^
  symbol: method isBaby()
C:\Users\justi\Documents\GitHub\AlexsMobs-26.2\src\main\java\com\github\alexthe666\alexsmobs\client\model\ModelAlligatorSnappingTurtle.java:151: error: no suitable method found for render(PoseStack,VertexConsumer,int,int,float,float,float,float)
                p_228292_8_.render(matrixStackIn, bufferIn, packedLightIn, packedOverlayIn, red, green, blue, alpha);
                           ^
    method BasicModelPart.render(PoseStack,VertexConsumer,int,int) is not applicable
      (actual and formal argument lists differ in length)
    method BasicModelPart.render(PoseStack,VertexConsumer,int,int,int) is not applicable
      (actual and formal argument lists differ in length)
C:\Users\justi\Documents\GitHub\AlexsMobs-26.2\src\main\java\com\github\alexthe666\alexsmobs\client\model\ModelAlligatorSnappingTurtle.java:158: error: no suitable method found for render(PoseStack,VertexConsumer,int,int,float,float,float,float)
                p_228290_8_.render(matrixStackIn, bufferIn, packedLightIn, packedOverlayIn, red, green, blue, alpha);
                           ^
    method BasicModelPart.render(PoseStack,VertexConsumer,int,int) is not applicable
      (actual and formal argument lists differ in length)
    method BasicModelPart.render(PoseStack,VertexConsumer,int,int,int) is not applicable
      (actual and formal argument lists differ in length)
C:\Users\justi\Documents\GitHub\AlexsMobs-26.2\src\main\java\com\github\alexthe666\alexsmobs\entity\EntityAlligatorSnappingTurtle.java:104: error: getScale() in EntityAlligatorSnappingTurtle cannot override getScale() in LivingEntity
    public float getScale() {
                 ^
  overridden method is final
C:\Users\justi\Documents\GitHub\AlexsMobs-26.2\src\main\java\com\github\alexthe666\alexsmobs\entity\ai\EntityAINearestTarget3D.java:21: error: incompatible types: Predicate<LivingEntity> cannot be converted to Selector
        super(goalOwnerIn, targetClassIn, targetChanceIn, checkSight, nearbyOnlyIn, targetPredicate);
                                                                                    ^
C:\Users\justi\Documents\GitHub\AlexsMobs-26.2\src\main\java\com\github\alexthe666\alexsmobs\entity\EntityAlligatorSnappingTurtle.java:391: error: method does not override or implement a method from a supertype
    @Override
    ^
C:\Users\justi\Documents\GitHub\AlexsMobs-26.2\src\main\java\com\github\alexthe666\alexsmobs\entity\EntityAlligatorSnappingTurtle.java:402: error: no suitable method found for spawnAtLocation(Item)
                this.spawnAtLocation(AMItemRegistry.SPIKED_SCUTE.get());
                    ^
    method Entity.spawnAtLocation(ServerLevel,ItemLike) is not applicable
      (actual and formal argument lists differ in length)
    method Entity.spawnAtLocation(ServerLevel,ItemStack) is not applicable
      (actual and formal argument lists differ in length)
    method Entity.spawnAtLocation(ServerLevel,ItemStack,Vec3) is not applicable
      (actual and formal argument lists differ in length)
    method Entity.spawnAtLocation(ServerLevel,ItemStack,float) is not applicable
      (actual and formal argument lists differ in length)
C:\Users\justi\Documents\GitHub\AlexsMobs-26.2\src\main\java\com\github\alexthe666\alexsmobs\entity\EntityAlligatorSnappingTurtle.java:404: error: no suitable method found for spawnAtLocation(Item)
                this.spawnAtLocation(Items.SEAGRASS);
                    ^
    method Entity.spawnAtLocation(ServerLevel,ItemLike) is not applicable
      (actual and formal argument lists differ in length)
    method Entity.spawnAtLocation(ServerLevel,ItemStack) is not applicable
      (actual and formal argument lists differ in length)
    method Entity.spawnAtLocation(ServerLevel,ItemStack,Vec3) is not applicable
      (actual and formal argument lists differ in length)
    method Entity.spawnAtLocation(ServerLevel,ItemStack,float) is not applicable
      (actual and formal argument lists differ in length)
C:\Users\justi\Documents\GitHub\AlexsMobs-26.2\src\main\java\com\github\alexthe666\alexsmobs\entity\EntityAlligatorSnappingTurtle.java:411: error: method does not override or implement a method from a supertype
    @Override
    ^
C:\Users\justi\Documents\GitHub\AlexsMobs-26.2\src\main\java\com\github\alexthe666\alexsmobs\entity\EntityAlligatorSnappingTurtle.java:430: error: no suitable method found for create(ServerLevel)
        return AMEntityRegistry.ALLIGATOR_SNAPPING_TURTLE.get().create(p_241840_1_);
                                                               ^
    method EntityType.create(ServerLevel,@org.jspecify.annotations.Nullable PostSpawnProcessor<EntityAlligatorSnappingTurtle>,BlockPos,EntitySpawnReason,boolean,boolean) is not applicable
      (actual and formal argument lists differ in length)
    method EntityType.create(Level,EntitySpawnReason) is not applicable
      (actual and formal argument lists differ in length)
    method EntityType.create(Level,EntitySpawnRequest) is not applicable
      (actual and formal argument lists differ in length)
    method EntityType.create(ValueInput,Level,EntitySpawnRequest) is not applicable
      (actual and formal argument lists differ in length)
    method EntityType.create(EntityType<?>,ValueInput,Level,EntitySpawnReason) is not applicable
      (actual and formal argument lists differ in length)
C:\Users\justi\Documents\GitHub\AlexsMobs-26.2\src\main\java\com\github\alexthe666\alexsmobs\client\model\ModelAnteater.java:223: error: method does not override or implement a method from a supertype
    @Override
    ^
C:\Users\justi\Documents\GitHub\AlexsMobs-26.2\src\main\java\com\github\alexthe666\alexsmobs\client\model\ModelAnteater.java:225: error: cannot find symbol
        if (this.young) {
                ^
  symbol: variable young
C:\Users\justi\Documents\GitHub\AlexsMobs-26.2\src\main\java\com\github\alexthe666\alexsmobs\client\model\ModelAnteater.java:233: error: no suitable method found for render(PoseStack,VertexConsumer,int,int,float,float,float,float)
                p_228292_8_.render(matrixStackIn, buffer, packedLight, packedOverlay, red, green, blue, alpha);
                           ^
    method BasicModelPart.render(PoseStack,VertexConsumer,int,int) is not applicable
      (actual and formal argument lists differ in length)
    method BasicModelPart.render(PoseStack,VertexConsumer,int,int,int) is not applicable
      (actual and formal argument lists differ in length)
C:\Users\justi\Documents\GitHub\AlexsMobs-26.2\src\main\java\com\github\alexthe666\alexsmobs\client\model\ModelAnteater.java:241: error: no suitable method found for render(PoseStack,VertexConsumer,int,int,float,float,float,float)
                p_228290_8_.render(matrixStackIn, buffer, packedLight, packedOverlay, red, green, blue, alpha);
                           ^
    method BasicModelPart.render(PoseStack,VertexConsumer,int,int) is not applicable
      (actual and formal argument lists differ in length)
    method BasicModelPart.render(PoseStack,VertexConsumer,int,int,int) is not applicable
      (actual and formal argument lists differ in length)
C:\Users\justi\Documents\GitHub\AlexsMobs-26.2\src\main\java\com\github\alexthe666\alexsmobs\entity\EntityAnteater.java:49: error: EntityAnteater is not abstract and does not override abstract method setPersistentAngerTarget(@org.jspecify.annotations.Nullable EntityReference<LivingEntity>) in NeutralMob
public class EntityAnteater extends Animal implements NeutralMob, IAnimatedEntity, ITargetsDroppedItems {
       ^
C:\Users\justi\Documents\GitHub\AlexsMobs-26.2\src\main\java\com\github\alexthe666\alexsmobs\entity\EntityAnteater.java:153: error: getPersistentAngerTarget() in EntityAnteater cannot implement getPersistentAngerTarget() in NeutralMob
    public UUID getPersistentAngerTarget() {
                ^
  return type UUID is not compatible with EntityReference<LivingEntity>
C:\Users\justi\Documents\GitHub\AlexsMobs-26.2\src\main\java\com\github\alexthe666\alexsmobs\entity\EntityAnteater.java:98: error: no suitable method found for of(TagKey<Item>)
        this.goalSelector.addGoal(6, new TemptGoal(this, 1.2D, Ingredient.of(AMTagRegistry.ANTEATER_FOODSTUFFS), false));
                                                                         ^
    method Ingredient.of(ItemLike) is not applicable
      (argument mismatch; TagKey<Item> cannot be converted to ItemLike)
    method Ingredient.of(ItemLike...) is not applicable
      (varargs mismatch; TagKey<Item> cannot be converted to ItemLike)
    method Ingredient.of(Stream<? extends ItemLike>) is not applicable
      (argument mismatch; TagKey<Item> cannot be converted to Stream<? extends ItemLike>)
    method Ingredient.of(HolderSet<Item>) is not applicable
      (argument mismatch; TagKey<Item> cannot be converted to HolderSet<Item>)
C:\Users\justi\Documents\GitHub\AlexsMobs-26.2\src\main\java\com\github\alexthe666\alexsmobs\entity\EntityAnteater.java:107: error: method does not override or implement a method from a supertype
    @Override
    ^
C:\Users\justi\Documents\GitHub\AlexsMobs-26.2\src\main\java\com\github\alexthe666\alexsmobs\entity\EntityAnteater.java:109: error: method isInvulnerableTo in class LivingEntity cannot be applied to given types;
        return super.isInvulnerableTo(source) || source.getDirectEntity() != null && source.getDirectEntity() instanceof EntityLeafcutterAnt;
                    ^
  required: ServerLevel,DamageSource
  found:    DamageSource
  reason: actual and formal argument lists differ in length
C:\Users\justi\Documents\GitHub\AlexsMobs-26.2\src\main\java\com\github\alexthe666\alexsmobs\entity\EntityAnteater.java:285: error: incompatible types: Reference<SoundEvent> cannot be converted to SoundEvent
            this.playSound(SoundEvents.GENERIC_EAT, this.getSoundVolume(), this.getVoicePitch());
                                      ^
C:\Users\justi\Documents\GitHub\AlexsMobs-26.2\src\main\java\com\github\alexthe666\alexsmobs\entity\EntityAnteater.java:312: error: incompatible types: Reference<SoundEvent> cannot be converted to SoundEvent
                this.playSound(SoundEvents.GENERIC_EAT, this.getSoundVolume(), this.getVoicePitch());
                                          ^
C:\Users\justi\Documents\GitHub\AlexsMobs-26.2\src\main\java\com\github\alexthe666\alexsmobs\entity\EntityAnteater.java:314: error: cannot find symbol
                if (this.getMainHandItem().hasCraftingRemainingItem()) {
                                          ^
  symbol:   method hasCraftingRemainingItem()
  location: class ItemStack
C:\Users\justi\Documents\GitHub\AlexsMobs-26.2\src\main\java\com\github\alexthe666\alexsmobs\entity\EntityAnteater.java:315: error: cannot find symbol
                    this.spawnAtLocation(this.getMainHandItem().getCraftingRemainingItem());
                                                               ^
  symbol:   method getCraftingRemainingItem()
  location: class ItemStack
C:\Users\justi\Documents\GitHub\AlexsMobs-26.2\src\main\java\com\github\alexthe666\alexsmobs\entity\EntityAnteater.java:333: error: method doHurtTarget in class Mob cannot be applied to given types;
                            doHurtTarget(attackTarget);
                            ^
  required: ServerLevel,Entity
  found:    LivingEntity
  reason: actual and formal argument lists differ in length
C:\Users\justi\Documents\GitHub\AlexsMobs-26.2\src\main\java\com\github\alexthe666\alexsmobs\entity\EntityAnteater.java:335: error: no suitable method found for knockback(float,float,float)
                            attackTarget.knockback(0.5F, Mth.sin(rot * Mth.DEG_TO_RAD), -Mth.cos(rot * Mth.DEG_TO_RAD));
                                        ^
    method LivingEntity.knockback(double,double,double,DamageSource,float,boolean) is not applicable
      (actual and formal argument lists differ in length)
    method LivingEntity.knockback(double,double,double,DamageSource,float) is not applicable
      (actual and formal argument lists differ in length)
C:\Users\justi\Documents\GitHub\AlexsMobs-26.2\src\main\java\com\github\alexthe666\alexsmobs\entity\EntityAnteater.java:337: error: method doHurtTarget in class Mob cannot be applied to given types;
                            doHurtTarget(attackTarget);
                            ^
  required: ServerLevel,Entity
  found:    LivingEntity
  reason: actual and formal argument lists differ in length
C:\Users\justi\Documents\GitHub\AlexsMobs-26.2\src\main\java\com\github\alexthe666\alexsmobs\entity\EntityAnteater.java:339: error: no suitable method found for knockback(float,float,float)
                            attackTarget.knockback(0.5F, Mth.sin(rot * Mth.DEG_TO_RAD), -Mth.cos(rot * Mth.DEG_TO_RAD));
                                        ^
    method LivingEntity.knockback(double,double,double,DamageSource,float,boolean) is not applicable
      (actual and formal argument lists differ in length)
    method LivingEntity.knockback(double,double,double,DamageSource,float) is not applicable
      (actual and formal argument lists differ in length)
C:\Users\justi\Documents\GitHub\AlexsMobs-26.2\src\main\java\com\github\alexthe666\alexsmobs\entity\EntityAnteater.java:370: error: no suitable method found for create(Level)
        return AMEntityRegistry.ANTEATER.get().create(level());
                                              ^
    method EntityType.create(ServerLevel,@org.jspecify.annotations.Nullable PostSpawnProcessor<EntityAnteater>,BlockPos,EntitySpawnReason,boolean,boolean) is not applicable
      (actual and formal argument lists differ in length)
    method EntityType.create(Level,EntitySpawnReason) is not applicable
      (actual and formal argument lists differ in length)
    method EntityType.create(Level,EntitySpawnRequest) is not applicable
      (actual and formal argument lists differ in length)
    method EntityType.create(ValueInput,Level,EntitySpawnRequest) is not applicable
      (actual and formal argument lists differ in length)
    method EntityType.create(EntityType<?>,ValueInput,Level,EntitySpawnReason) is not applicable
      (actual and formal argument lists differ in length)
C:\Users\justi\Documents\GitHub\AlexsMobs-26.2\src\main\java\com\github\alexthe666\alexsmobs\entity\EntityAnteater.java:403: error: no suitable method found for spawnAtLocation(ItemStack,float)
            this.spawnAtLocation(this.getItemInHand(InteractionHand.MAIN_HAND), 0.0F);
                ^
    method Entity.spawnAtLocation(ServerLevel,ItemLike) is not applicable
      (argument mismatch; ItemStack cannot be converted to ServerLevel)
    method Entity.spawnAtLocation(ServerLevel,ItemStack) is not applicable
      (argument mismatch; ItemStack cannot be converted to ServerLevel)
C:\Users\justi\Documents\GitHub\AlexsMobs-26.2\src\main\java\com\github\alexthe666\alexsmobs\entity\EntityAnteater.java:431: error: method finalizeSpawn in class AgeableMob cannot be applied to given types;
        return super.finalizeSpawn(worldIn, difficultyIn, reason, spawnDataIn, dataTag);
                    ^
  required: ServerLevelAccessor,DifficultyInstance,EntitySpawnReason,SpawnGroupData
  found:    ServerLevelAccessor,DifficultyInstance,EntitySpawnReason,SpawnGroupData,CompoundTag
  reason: actual and formal argument lists differ in length
C:\Users\justi\Documents\GitHub\AlexsMobs-26.2\src\main\java\com\github\alexthe666\alexsmobs\entity\EntityAnteater.java:438: error: incompatible types: Predicate<EntityLeafcutterAnt> cannot be converted to Selector
            super(EntityAnteater.this, EntityLeafcutterAnt.class, 30, true, false, QUEEN_ANT);
                                                                                   ^
C:\Users\justi\Documents\GitHub\AlexsMobs-26.2\src\main\java\com\github\alexthe666\alexsmobs\client\model\ModelBaldEagle.java:233: error: method does not override or implement a method from a supertype
    @Override
    ^
C:\Users\justi\Documents\GitHub\AlexsMobs-26.2\src\main\java\com\github\alexthe666\alexsmobs\client\model\ModelBaldEagle.java:235: error: cannot find symbol
        if (this.young) {
                ^
  symbol: variable young
C:\Users\justi\Documents\GitHub\AlexsMobs-26.2\src\main\java\com\github\alexthe666\alexsmobs\client\model\ModelBaldEagle.java:243: error: no suitable method found for render(PoseStack,VertexConsumer,int,int,float,float,float,float)
                p_228292_8_.render(matrixStackIn, buffer, packedLight, packedOverlay, red, green, blue, alpha);
                           ^
    method BasicModelPart.render(PoseStack,VertexConsumer,int,int) is not applicable
      (actual and formal argument lists differ in length)
    method BasicModelPart.render(PoseStack,VertexConsumer,int,int,int) is not applicable
      (actual and formal argument lists differ in length)
C:\Users\justi\Documents\GitHub\AlexsMobs-26.2\src\main\java\com\github\alexthe666\alexsmobs\client\model\ModelBaldEagle.java:251: error: no suitable method found for render(PoseStack,VertexConsumer,int,int,float,float,float,float)
                p_228290_8_.render(matrixStackIn, buffer, packedLight, packedOverlay, red, green, blue, alpha);
                           ^
    method BasicModelPart.render(PoseStack,VertexConsumer,int,int) is not applicable
      (actual and formal argument lists differ in length)
    method BasicModelPart.render(PoseStack,VertexConsumer,int,int,int) is not applicable
      (actual and formal argument lists differ in length)
C:\Users\justi\Documents\GitHub\AlexsMobs-26.2\src\main\java\com\github\alexthe666\alexsmobs\entity\EntityBaldEagle.java:127: error: cannot find symbol
        this.goalSelector.addGoal(6, new TemptGoal(this, 1.1D, Ingredient.fromValues(Stream.of(new Ingredient.TagValue(AMTagRegistry.BALD_EAGLE_TAMEABLES), new Ingredient.TagValue(AMTagRegistry.BALD_EAGLE_FOODSTUFFS))), false));
                                                                                                             ^
  symbol:   class TagValue
  location: class Ingredient
C:\Users\justi\Documents\GitHub\AlexsMobs-26.2\src\main\java\com\github\alexthe666\alexsmobs\entity\EntityBaldEagle.java:127: error: cannot find symbol
        this.goalSelector.addGoal(6, new TemptGoal(this, 1.1D, Ingredient.fromValues(Stream.of(new Ingredient.TagValue(AMTagRegistry.BALD_EAGLE_TAMEABLES), new Ingredient.TagValue(AMTagRegistry.BALD_EAGLE_FOODSTUFFS))), false));
                                                                                                                                                                          ^
  symbol:   class TagValue
  location: class Ingredient
C:\Users\justi\Documents\GitHub\AlexsMobs-26.2\src\main\java\com\github\alexthe666\alexsmobs\entity\EntityBaldEagle.java:168: error: isAlliedTo(Entity) in EntityBaldEagle cannot override isAlliedTo(@org.jspecify.annotations.Nullable Entity) in Entity
    public boolean isAlliedTo(Entity entityIn) {
                   ^
  overridden method is final
C:\Users\justi\Documents\GitHub\AlexsMobs-26.2\src\main\java\com\github\alexthe666\alexsmobs\entity\EntityBaldEagle.java:204: error: incompatible types: CompoundTag cannot be converted to ValueOutput
        super.save(compound);
                   ^
C:\Users\justi\Documents\GitHub\AlexsMobs-26.2\src\main\java\com\github\alexthe666\alexsmobs\entity\EntityBaldEagle.java:210: error: incompatible types: CompoundTag cannot be converted to ValueOutput
            return super.saveAsPassenger(compound);
                                         ^
C:\Users\justi\Documents\GitHub\AlexsMobs-26.2\src\main\java\com\github\alexthe666\alexsmobs\entity\EntityBaldEagle.java:214: error: incompatible types: CompoundTag cannot be converted to ValueOutput
            this.saveWithoutId(compound);
                               ^
C:\Users\justi\Documents\GitHub\AlexsMobs-26.2\src\main\java\com\github\alexthe666\alexsmobs\entity\EntityBaldEagle.java:337: error: method does not override or implement a method from a supertype
    @Override
    ^
C:\Users\justi\Documents\GitHub\AlexsMobs-26.2\src\main\java\com\github\alexthe666\alexsmobs\entity\EntityBaldEagle.java:339: error: method isInvulnerableTo in class LivingEntity cannot be applied to given types;
        return source.is(DamageTypes.IN_WALL) || super.isInvulnerableTo(source);
                                                      ^
  required: ServerLevel,DamageSource
  found:    DamageSource
  reason: actual and formal argument lists differ in length
C:\Users\justi\Documents\GitHub\AlexsMobs-26.2\src\main\java\com\github\alexthe666\alexsmobs\entity\EntityBaldEagle.java:354: error: cannot find symbol
            if (itemstack.hasCraftingRemainingItem() && !player.getAbilities().instabuild) {
                         ^
  symbol:   method hasCraftingRemainingItem()
  location: variable itemstack of type ItemStack
C:\Users\justi\Documents\GitHub\AlexsMobs-26.2\src\main\java\com\github\alexthe666\alexsmobs\entity\EntityBaldEagle.java:355: error: cannot find symbol
                this.spawnAtLocation(itemstack.getCraftingRemainingItem());
                                              ^
  symbol:   method getCraftingRemainingItem()
  location: variable itemstack of type ItemStack
C:\Users\justi\Documents\GitHub\AlexsMobs-26.2\src\main\java\com\github\alexthe666\alexsmobs\entity\EntityBaldEagle.java:376: error: incompatible types: Holder<SoundEvent> cannot be converted to SoundEvent
                    this.playSound(SoundEvents.ARMOR_EQUIP_LEATHER, this.getSoundVolume(), this.getVoicePitch());
                                              ^
C:\Users\justi\Documents\GitHub\AlexsMobs-26.2\src\main\java\com\github\alexthe666\alexsmobs\entity\EntityBaldEagle.java:379: error: cannot find symbol
            } else if (itemstack.is(Tags.Items.SHEARS) && this.hasCap()) {
                                              ^
  symbol:   variable SHEARS
  location: class Items
C:\Users\justi\Documents\GitHub\AlexsMobs-26.2\src\main\java\com\github\alexthe666\alexsmobs\entity\EntityBaldEagle.java:384: error: cannot find symbol
                        itemstack.hurt(1, random, (ServerPlayer) player);
                                 ^
  symbol:   method hurt(int,RandomSource,ServerPlayer)
  location: variable itemstack of type ItemStack
C:\Users\justi\Documents\GitHub\AlexsMobs-26.2\src\main\java\com\github\alexthe666\alexsmobs\entity\EntityBaldEagle.java:387: error: no suitable method found for spawnAtLocation(Item)
                this.spawnAtLocation(AMItemRegistry.FALCONRY_HOOD.get());
                    ^
    method Entity.spawnAtLocation(ServerLevel,ItemLike) is not applicable
      (actual and formal argument lists differ in length)
    method Entity.spawnAtLocation(ServerLevel,ItemStack) is not applicable
      (actual and formal argument lists differ in length)
    method Entity.spawnAtLocation(ServerLevel,ItemStack,Vec3) is not applicable
      (actual and formal argument lists differ in length)
    method Entity.spawnAtLocation(ServerLevel,ItemStack,float) is not applicable
      (actual and formal argument lists differ in length)
C:\Users\justi\Documents\GitHub\AlexsMobs-26.2\src\main\java\com\github\alexthe666\alexsmobs\entity\EntityBaldEagle.java:394: error: no suitable method found for startRiding(Player,boolean)
                this.startRiding(player, true);
                    ^
    method Entity.startRiding(Entity) is not applicable
      (actual and formal argument lists differ in length)
    method Mob.startRiding(Entity,boolean,boolean) is not applicable
      (actual and formal argument lists differ in length)
C:\Users\justi\Documents\GitHub\AlexsMobs-26.2\src\main\java\com\github\alexthe666\alexsmobs\entity\EntityBaldEagle.java:407: error: cannot find symbol
                    player.displayClientMessage(Component.translatable("entity.alexsmobs.all.command_" + this.getCommand(), this.getName()), true);
                          ^
  symbol:   method displayClientMessage(MutableComponent,boolean)
  location: variable player of type Player
C:\Users\justi\Documents\GitHub\AlexsMobs-26.2\src\main\java\com\github\alexthe666\alexsmobs\entity\EntityBaldEagle.java:621: error: no suitable method found for create(ServerLevel)
        return AMEntityRegistry.BALD_EAGLE.get().create(p_241840_1_);
                                                ^
    method EntityType.create(ServerLevel,@org.jspecify.annotations.Nullable PostSpawnProcessor<EntityBaldEagle>,BlockPos,EntitySpawnReason,boolean,boolean) is not applicable
      (actual and formal argument lists differ in length)
    method EntityType.create(Level,EntitySpawnReason) is not applicable
      (actual and formal argument lists differ in length)
    method EntityType.create(Level,EntitySpawnRequest) is not applicable
      (actual and formal argument lists differ in length)
    method EntityType.create(ValueInput,Level,EntitySpawnRequest) is not applicable
      (actual and formal argument lists differ in length)
    method EntityType.create(EntityType<?>,ValueInput,Level,EntitySpawnReason) is not applicable
      (actual and formal argument lists differ in length)
C:\Users\justi\Documents\GitHub\AlexsMobs-26.2\src\main\java\com\github\alexthe666\alexsmobs\entity\EntityBaldEagle.java:747: error: cannot find symbol
        return !this.isAlive() || this.isInsidePortal || launchTime > 12000 || this.portalTime > 0 || this.isRemoved();
                                      ^
  symbol: variable isInsidePortal
C:\Users\justi\Documents\GitHub\AlexsMobs-26.2\src\main\java\com\github\alexthe666\alexsmobs\entity\EntityBaldEagle.java:747: error: cannot find symbol
        return !this.isAlive() || this.isInsidePortal || launchTime > 12000 || this.portalTime > 0 || this.isRemoved();
                                                                                   ^
  symbol: variable portalTime
C:\Users\justi\Documents\GitHub\AlexsMobs-26.2\src\main\java\com\github\alexthe666\alexsmobs\entity\EntityBaldEagle.java:841: error: method awardKillScore in class Entity cannot be applied to given types;
        super.awardKillScore(entity, score, src);
             ^
  required: Entity,DamageSource
  found:    LivingEntity,int,DamageSource
  reason: actual and formal argument lists differ in length
C:\Users\justi\Documents\GitHub\AlexsMobs-26.2\src\main\java\com\github\alexthe666\alexsmobs\entity\EntityBaldEagle.java:845: error: hurt(DamageSource,float) in EntityBaldEagle cannot override hurt(DamageSource,float) in Entity
    public boolean hurt(DamageSource source, float amount) {
                   ^
  overridden method is final
C:\Users\justi\Documents\GitHub\AlexsMobs-26.2\src\main\java\com\github\alexthe666\alexsmobs\entity\EntityBaldEagle.java:853: error: incompatible types: void cannot be converted to boolean
            return super.hurt(source, amount);
                             ^
C:\Users\justi\Documents\GitHub\AlexsMobs-26.2\src\main\java\com\github\alexthe666\alexsmobs\entity\EntityBaldEagle.java:862: error: constructor ChunkPos in record ChunkPos cannot be applied to given types;
                    ChunkPos pos = new ChunkPos(this.blockPosition().offset(i * 16, 0, j * 16));
                                   ^
  required: int,int
  found:    BlockPos
  reason: actual and formal argument lists differ in length
C:\Users\justi\Documents\GitHub\AlexsMobs-26.2\src\main\java\com\github\alexthe666\alexsmobs\entity\EntityBaldEagle.java:863: error: x has private access in ChunkPos
                    serverWorld.setChunkForced(pos.x, pos.z, true);
                                                  ^
C:\Users\justi\Documents\GitHub\AlexsMobs-26.2\src\main\java\com\github\alexthe666\alexsmobs\entity\EntityBaldEagle.java:863: error: z has private access in ChunkPos
                    serverWorld.setChunkForced(pos.x, pos.z, true);
                                                         ^
C:\Users\justi\Documents\GitHub\AlexsMobs-26.2\src\main\java\com\github\alexthe666\alexsmobs\entity\EntityBaldEagle.java:1161: error: no suitable method found for startRiding(EntityBaldEagle,boolean)
                            target.startRiding(eagle, true);
                                  ^
    method Entity.startRiding(Entity) is not applicable
      (actual and formal argument lists differ in length)
    method Entity.startRiding(Entity,boolean,boolean) is not applicable
      (actual and formal argument lists differ in length)
C:\Users\justi\Documents\GitHub\AlexsMobs-26.2\src\main\java\com\github\alexthe666\alexsmobs\entity\IFollower.java:10: error: navigation has protected access in Mob
       tameable.navigation.moveTo(owner, followSpeed);
               ^
C:\Users\justi\Documents\GitHub\AlexsMobs-26.2\src\main\java\com\github\alexthe666\alexsmobs\client\model\ModelBananaSlug.java:100: error: cannot find symbol
        if (this.young) {
                ^
  symbol: variable young
C:\Users\justi\Documents\GitHub\AlexsMobs-26.2\src\main\java\com\github\alexthe666\alexsmobs\client\model\ModelBananaSlug.java:105: error: no suitable method found for render(PoseStack,VertexConsumer,int,int,float,float,float,float)
                p_228292_8_.render(matrixStackIn, bufferIn, packedLightIn, packedOverlayIn, red, green, blue, alpha);
                           ^
    method BasicModelPart.render(PoseStack,VertexConsumer,int,int) is not applicable
      (actual and formal argument lists differ in length)
    method BasicModelPart.render(PoseStack,VertexConsumer,int,int,int) is not applicable
      (actual and formal argument lists differ in length)
C:\Users\justi\Documents\GitHub\AlexsMobs-26.2\src\main\java\com\github\alexthe666\alexsmobs\client\model\ModelBananaSlug.java:111: error: no suitable method found for render(PoseStack,VertexConsumer,int,int,float,float,float,float)
                p_228290_8_.render(matrixStackIn, bufferIn, packedLightIn, packedOverlayIn, red, green, blue, alpha);
                           ^
    method BasicModelPart.render(PoseStack,VertexConsumer,int,int) is not applicable
      (actual and formal argument lists differ in length)
    method BasicModelPart.render(PoseStack,VertexConsumer,int,int,int) is not applicable
      (actual and formal argument lists differ in length)
C:\Users\justi\Documents\GitHub\AlexsMobs-26.2\src\main\java\com\github\alexthe666\alexsmobs\entity\EntityBananaSlug.java:120: error: method finalizeSpawn in class AgeableMob cannot be applied to given types;
        return super.finalizeSpawn(worldIn, difficultyIn, reason, spawnDataIn, dataTag);
                    ^
  required: ServerLevelAccessor,DifficultyInstance,EntitySpawnReason,SpawnGroupData
  found:    ServerLevelAccessor,DifficultyInstance,EntitySpawnReason,SpawnGroupData,CompoundTag
  reason: actual and formal argument lists differ in length
C:\Users\justi\Documents\GitHub\AlexsMobs-26.2\src\main\java\com\github\alexthe666\alexsmobs\entity\EntityBananaSlug.java:124: error: method does not override or implement a method from a supertype
    @Override
    ^
C:\Users\justi\Documents\GitHub\AlexsMobs-26.2\src\main\java\com\github\alexthe666\alexsmobs\entity\EntityBananaSlug.java:126: error: method isInvulnerableTo in class LivingEntity cannot be applied to given types;
        return source.is(DamageTypes.IN_WALL) || super.isInvulnerableTo(source);
                                                      ^
  required: ServerLevel,DamageSource
  found:    DamageSource
  reason: actual and formal argument lists differ in length
C:\Users\justi\Documents\GitHub\AlexsMobs-26.2\src\main\java\com\github\alexthe666\alexsmobs\entity\EntityBananaSlug.java:159: error: no suitable method found for of(TagKey<Item>)
        this.goalSelector.addGoal(2, new TemptGoal(this, 1.0D, Ingredient.of(AMTagRegistry.BANANA_SLUG_BREEDABLES), false));
                                                                         ^
    method Ingredient.of(ItemLike) is not applicable
      (argument mismatch; TagKey<Item> cannot be converted to ItemLike)
    method Ingredient.of(ItemLike...) is not applicable
      (varargs mismatch; TagKey<Item> cannot be converted to ItemLike)
    method Ingredient.of(Stream<? extends ItemLike>) is not applicable
      (argument mismatch; TagKey<Item> cannot be converted to Stream<? extends ItemLike>)
    method Ingredient.of(HolderSet<Item>) is not applicable
      (argument mismatch; TagKey<Item> cannot be converted to HolderSet<Item>)
C:\Users\justi\Documents\GitHub\AlexsMobs-26.2\src\main\java\com\github\alexthe666\alexsmobs\entity\EntityBananaSlug.java:227: error: cannot find symbol
                    Vec3 vec = Vec3.atLowerCornerOf(this.getAttachmentFacing().getNormal());
                                                                              ^
  symbol:   method getNormal()
  location: class Direction
C:\Users\justi\Documents\GitHub\AlexsMobs-26.2\src\main\java\com\github\alexthe666\alexsmobs\entity\EntityBananaSlug.java:248: error: no suitable method found for spawnAtLocation(Item)
            this.spawnAtLocation(AMItemRegistry.BANANA_SLUG_SLIME.get());
                ^
    method Entity.spawnAtLocation(ServerLevel,ItemLike) is not applicable
      (actual and formal argument lists differ in length)
    method Entity.spawnAtLocation(ServerLevel,ItemStack) is not applicable
      (actual and formal argument lists differ in length)
    method Entity.spawnAtLocation(ServerLevel,ItemStack,Vec3) is not applicable
      (actual and formal argument lists differ in length)
    method Entity.spawnAtLocation(ServerLevel,ItemStack,float) is not applicable
      (actual and formal argument lists differ in length)
C:\Users\justi\Documents\GitHub\AlexsMobs-26.2\src\main\java\com\github\alexthe666\alexsmobs\entity\EntityBananaSlug.java:306: error: method update in class WalkAnimationState cannot be applied to given types;
        this.walkAnimation.update(f2, 0.4F);
                          ^
  required: float,float,float
  found:    float,float
  reason: actual and formal argument lists differ in length
C:\Users\justi\Documents\GitHub\AlexsMobs-26.2\src\main\java\com\github\alexthe666\alexsmobs\entity\EntityBananaSlug.java:312: error: no suitable method found for create(Level)
        EntityBananaSlug slug = AMEntityRegistry.BANANA_SLUG.get().create(level());
                                                                  ^
    method EntityType.create(ServerLevel,@org.jspecify.annotations.Nullable PostSpawnProcessor<EntityBananaSlug>,BlockPos,EntitySpawnReason,boolean,boolean) is not applicable
      (actual and formal argument lists differ in length)
    method EntityType.create(Level,EntitySpawnReason) is not applicable
      (actual and formal argument lists differ in length)
    method EntityType.create(Level,EntitySpawnRequest) is not applicable
      (actual and formal argument lists differ in length)
    method EntityType.create(ValueInput,Level,EntitySpawnRequest) is not applicable
      (actual and formal argument lists differ in length)
    method EntityType.create(EntityType<?>,ValueInput,Level,EntitySpawnReason) is not applicable
      (actual and formal argument lists differ in length)
C:\Users\justi\Documents\GitHub\AlexsMobs-26.2\src\main\java\com\github\alexthe666\alexsmobs\entity\EntityBananaSlug.java:325: error: cannot find symbol
        if (compound.contains("SlimeTime")) {
                    ^
  symbol:   method contains(String)
  location: variable compound of type ValueInput
C:\Users\justi\Documents\GitHub\AlexsMobs-26.2\src\main\java\com\github\alexthe666\alexsmobs\entity\EntityBison.java:59: error: EntityBison is not abstract and does not override abstract method shear(ServerLevel,SoundSource,ItemStack) in Shearable
public class EntityBison extends Animal implements IAnimatedEntity, Shearable, net.neoforged.neoforge.common.IShearable {
       ^
C:\Users\justi\Documents\GitHub\AlexsMobs-26.2\src\main\java\com\github\alexthe666\alexsmobs\entity\EntityBison.java:96: error: method finalizeSpawn in class AgeableMob cannot be applied to given types;
        return super.finalizeSpawn(worldIn, difficultyIn, reason, spawnDataIn, dataTag);
                    ^
  required: ServerLevelAccessor,DifficultyInstance,EntitySpawnReason,SpawnGroupData
  found:    ServerLevelAccessor,DifficultyInstance,EntitySpawnReason,SpawnGroupData,CompoundTag
  reason: actual and formal argument lists differ in length
C:\Users\justi\Documents\GitHub\AlexsMobs-26.2\src\main\java\com\github\alexthe666\alexsmobs\entity\EntityBison.java:112: error: cannot find symbol
        this.playSound(SoundEvents.COW_STEP, 0.1F, 1.0F);
                                  ^
  symbol:   variable COW_STEP
  location: class SoundEvents
C:\Users\justi\Documents\GitHub\AlexsMobs-26.2\src\main\java\com\github\alexthe666\alexsmobs\entity\EntityBison.java:129: error: no suitable method found for of(TagKey<Item>)
        this.goalSelector.addGoal(4, new TemptGoal(this, 1.0D, Ingredient.of(AMTagRegistry.BISON_BREEDABLES), false));
                                                                         ^
    method Ingredient.of(ItemLike) is not applicable
      (argument mismatch; TagKey<Item> cannot be converted to ItemLike)
    method Ingredient.of(ItemLike...) is not applicable
      (varargs mismatch; TagKey<Item> cannot be converted to ItemLike)
    method Ingredient.of(Stream<? extends ItemLike>) is not applicable
      (argument mismatch; TagKey<Item> cannot be converted to Stream<? extends ItemLike>)
    method Ingredient.of(HolderSet<Item>) is not applicable
      (argument mismatch; TagKey<Item> cannot be converted to HolderSet<Item>)
C:\Users\justi\Documents\GitHub\AlexsMobs-26.2\src\main\java\com\github\alexthe666\alexsmobs\entity\EntityBison.java:156: error: no suitable method found for create(Level)
        return AMEntityRegistry.BISON.get().create(level());
                                           ^
    method EntityType.create(ServerLevel,@org.jspecify.annotations.Nullable PostSpawnProcessor<EntityBison>,BlockPos,EntitySpawnReason,boolean,boolean) is not applicable
      (actual and formal argument lists differ in length)
    method EntityType.create(Level,EntitySpawnReason) is not applicable
      (actual and formal argument lists differ in length)
    method EntityType.create(Level,EntitySpawnRequest) is not applicable
      (actual and formal argument lists differ in length)
    method EntityType.create(ValueInput,Level,EntitySpawnRequest) is not applicable
      (actual and formal argument lists differ in length)
    method EntityType.create(EntityType<?>,ValueInput,Level,EntitySpawnReason) is not applicable
      (actual and formal argument lists differ in length)
C:\Users\justi\Documents\GitHub\AlexsMobs-26.2\src\main\java\com\github\alexthe666\alexsmobs\entity\EntityBison.java:299: error: cannot find symbol
        launch.hasImpulse = true;
              ^
  symbol:   variable hasImpulse
  location: variable launch of type Entity
C:\Users\justi\Documents\GitHub\AlexsMobs-26.2\src\main\java\com\github\alexthe666\alexsmobs\entity\EntityBison.java:310: error: no suitable method found for knockback(float,float,float)
            entity.knockback(strength, Mth.sin(rot * Mth.DEG_TO_RAD), -Mth.cos(rot * Mth.DEG_TO_RAD));
                  ^
    method LivingEntity.knockback(double,double,double,DamageSource,float,boolean) is not applicable
      (actual and formal argument lists differ in length)
    method LivingEntity.knockback(double,double,double,DamageSource,float) is not applicable
      (actual and formal argument lists differ in length)
C:\Users\justi\Documents\GitHub\AlexsMobs-26.2\src\main\java\com\github\alexthe666\alexsmobs\entity\EntityBison.java:331: error: cannot find symbol
                    itemstack.hurt(1, this.getRandom(), player instanceof ServerPlayer ? (ServerPlayer) player : null);
                             ^
  symbol:   method hurt(int,RandomSource,player ins[...] null)
  location: variable itemstack of type ItemStack
C:\Users\justi\Documents\GitHub\AlexsMobs-26.2\src\main\java\com\github\alexthe666\alexsmobs\entity\EntityBison.java:343: error: method customServerAiStep in class Animal cannot be applied to given types;
        super.customServerAiStep();
             ^
  required: ServerLevel
  found:    no arguments
  reason: actual and formal argument lists differ in length
C:\Users\justi\Documents\GitHub\AlexsMobs-26.2\src\main\java\com\github\alexthe666\alexsmobs\entity\EntityBison.java:353: error: cannot find symbol
        if (!this.level().isClientSide() && this.blockBreakCounter == 0 && net.neoforged.neoforge.event.ForgeEventFactory.getMobGriefingEvent(level(), this)) {
                                                                                                       ^
  symbol:   class ForgeEventFactory
  location: package net.neoforged.neoforge.event
C:\Users\justi\Documents\GitHub\AlexsMobs-26.2\src\main\java\com\github\alexthe666\alexsmobs\entity\EntityBison.java:399: error: method does not override or implement a method from a supertype
    @Override
    ^
C:\Users\justi\Documents\GitHub\AlexsMobs-26.2\src\main\java\com\github\alexthe666\alexsmobs\entity\EntityBison.java:404: error: method does not override or implement a method from a supertype
    @Override
    ^
C:\Users\justi\Documents\GitHub\AlexsMobs-26.2\src\main\java\com\github\alexthe666\alexsmobs\entity\EntityBison.java:411: error: no suitable method found for spawnAtLocation(Item)
            this.spawnAtLocation(AMItemRegistry.BISON_FUR.get());
                ^
    method Entity.spawnAtLocation(ServerLevel,ItemLike) is not applicable
      (actual and formal argument lists differ in length)
    method Entity.spawnAtLocation(ServerLevel,ItemStack) is not applicable
      (actual and formal argument lists differ in length)
    method Entity.spawnAtLocation(ServerLevel,ItemStack,Vec3) is not applicable
      (actual and formal argument lists differ in length)
    method Entity.spawnAtLocation(ServerLevel,ItemStack,float) is not applicable
      (actual and formal argument lists differ in length)
C:\Users\justi\Documents\GitHub\AlexsMobs-26.2\src\main\java\com\github\alexthe666\alexsmobs\entity\EntityBison.java:429: error: method does not override or implement a method from a supertype
    @Override
    ^
C:\Users\justi\Documents\GitHub\AlexsMobs-26.2\src\main\java\com\github\alexthe666\alexsmobs\entity\EntityBison.java:452: error: cannot find symbol
        net.neoforged.neoforge.event.entity.living.LivingKnockBackEvent event = net.neoforged.neoforge.common.ForgeHooks.onLivingKnockBack(this, strength, ratioX, ratioZ);
                                                                                                             ^
  symbol:   class ForgeHooks
  location: package net.neoforged.neoforge.common
C:\Users\justi\Documents\GitHub\AlexsMobs-26.2\src\main\java\com\github\alexthe666\alexsmobs\entity\EntityBison.java:458: error: cannot find symbol
            this.hasImpulse = true;
                ^
  symbol: variable hasImpulse
C:\Users\justi\Documents\GitHub\AlexsMobs-26.2\src\main\java\com\github\alexthe666\alexsmobs\entity\EntityBlobfish.java:92: error: height has private access in EntityDimensions
        return p_213348_2_.height * 0.65F;
                          ^
C:\Users\justi\Documents\GitHub\AlexsMobs-26.2\src\main\java\com\github\alexthe666\alexsmobs\entity\EntityBlobfish.java:115: error: getDimensions(Pose) in EntityBlobfish cannot override getDimensions(Pose) in LivingEntity
    public EntityDimensions getDimensions(Pose poseIn) {
                            ^
  overridden method is final
C:\Users\justi\Documents\GitHub\AlexsMobs-26.2\src\main\java\com\github\alexthe666\alexsmobs\entity\EntityBlobfish.java:219: error: no suitable constructor found for ItemParticleOption(ParticleType<ItemParticleOption>,ItemStack)
                this.level().addParticle(new ItemParticleOption(ParticleTypes.ITEM, lvt_3_1_), this.getX() + (double) (this.random.nextFloat() * this.getBbWidth()) - (double) this.getBbWidth() * 0.5F, this.getY() + this.getBbHeight() * 0.5F + (double) (this.random.nextFloat() * this.getBbHeight() * 0.5F), this.getZ() + (double) (this.random.nextFloat() * this.getBbWidth()) - (double) this.getBbWidth() * 0.5F, d0, d1, d2);
                                         ^
    constructor ItemParticleOption.ItemParticleOption(ParticleType<ItemParticleOption>,Item) is not applicable
      (argument mismatch; ItemStack cannot be converted to Item)
    constructor ItemParticleOption.ItemParticleOption(ParticleType<ItemParticleOption>,ItemStackTemplate) is not applicable
      (argument mismatch; ItemStack cannot be converted to ItemStackTemplate)
C:\Users\justi\Documents\GitHub\AlexsMobs-26.2\src\main\java\com\github\alexthe666\alexsmobs\entity\EntityBlobfish.java:222: error: cannot find symbol
            return InteractionResult.sidedSuccess(this.level().isClientSide());
                                    ^
  symbol:   method sidedSuccess(boolean)
  location: interface InteractionResult
C:\Users\justi\Documents\GitHub\AlexsMobs-26.2\src\main\java\com\github\alexthe666\alexsmobs\entity\EntityBlobfish.java:239: error: cannot find symbol
            stack.setCustomName(this.getCustomName());
                 ^
  symbol:   method setCustomName(Component)
  location: variable stack of type ItemStack
C:\Users\justi\Documents\GitHub\AlexsMobs-26.2\src\main\java\com\github\alexthe666\alexsmobs\entity\EntityBlobfish.java:247: error: cannot find symbol
            bucket.setCustomName(this.getCustomName());
                  ^
  symbol:   method setCustomName(Component)
  location: variable bucket of type ItemStack
C:\Users\justi\Documents\GitHub\AlexsMobs-26.2\src\main\java\com\github\alexthe666\alexsmobs\entity\EntityBlobfish.java:250: error: cannot find symbol
        CompoundTag compound = bucket.getOrCreateTag();
                                     ^
  symbol:   method getOrCreateTag()
  location: variable bucket of type ItemStack
C:\Users\justi\Documents\GitHub\AlexsMobs-26.2\src\main\java\com\github\alexthe666\alexsmobs\entity\EntityBlobfish.java:269: error: method finalizeSpawn in class Mob cannot be applied to given types;
        return super.finalizeSpawn(worldIn, difficultyIn, reason, spawnDataIn, dataTag);
                    ^
  required: ServerLevelAccessor,DifficultyInstance,EntitySpawnReason,SpawnGroupData
  found:    ServerLevelAccessor,DifficultyInstance,EntitySpawnReason,SpawnGroupData,CompoundTag
  reason: actual and formal argument lists differ in length
C:\Users\justi\Documents\GitHub\AlexsMobs-26.2\src\main\java\com\github\alexthe666\alexsmobs\entity\EntityBlobfish.java:317: error: method does not override or implement a method from a supertype
    @Override
    ^
C:\Users\justi\Documents\GitHub\AlexsMobs-26.2\src\main\java\com\github\alexthe666\alexsmobs\client\model\ModelBlueJay.java:150: error: method does not override or implement a method from a supertype
    @Override
    ^
C:\Users\justi\Documents\GitHub\AlexsMobs-26.2\src\main\java\com\github\alexthe666\alexsmobs\client\model\ModelBlueJay.java:152: error: cannot find symbol
        if (this.young) {
                ^
  symbol: variable young
C:\Users\justi\Documents\GitHub\AlexsMobs-26.2\src\main\java\com\github\alexthe666\alexsmobs\client\model\ModelBlueJay.java:160: error: no suitable method found for render(PoseStack,VertexConsumer,int,int,float,float,float,float)
                p_228292_8_.render(matrixStackIn, buffer, packedLight, packedOverlay, red, green, blue, alpha);
                           ^
    method BasicModelPart.render(PoseStack,VertexConsumer,int,int) is not applicable
      (actual and formal argument lists differ in length)
    method BasicModelPart.render(PoseStack,VertexConsumer,int,int,int) is not applicable
      (actual and formal argument lists differ in length)
C:\Users\justi\Documents\GitHub\AlexsMobs-26.2\src\main\java\com\github\alexthe666\alexsmobs\client\model\ModelBlueJay.java:168: error: no suitable method found for render(PoseStack,VertexConsumer,int,int,float,float,float,float)
                p_228290_8_.render(matrixStackIn, buffer, packedLight, packedOverlay, red, green, blue, alpha);
                           ^
    method BasicModelPart.render(PoseStack,VertexConsumer,int,int) is not applicable
      (actual and formal argument lists differ in length)
    method BasicModelPart.render(PoseStack,VertexConsumer,int,int,int) is not applicable
      (actual and formal argument lists differ in length)
C:\Users\justi\Documents\GitHub\AlexsMobs-26.2\src\main\java\com\github\alexthe666\alexsmobs\entity\EntityBlueJay.java:64: error: cannot find symbol
    private static final EntityDataAccessor<Optional<UUID>> LAST_FEEDER_UUID = SynchedEntityData.defineId(EntityBlueJay.class, EntityDataSerializers.OPTIONAL_UUID);
                                                                                                                                                    ^
  symbol:   variable OPTIONAL_UUID
  location: class EntityDataSerializers
C:\Users\justi\Documents\GitHub\AlexsMobs-26.2\src\main\java\com\github\alexthe666\alexsmobs\entity\EntityBlueJay.java:66: error: cannot find symbol
    private static final EntityDataAccessor<Optional<UUID>> RACCOON_UUID = SynchedEntityData.defineId(EntityBlueJay.class, EntityDataSerializers.OPTIONAL_UUID);
                                                                                                                                                ^
  symbol:   variable OPTIONAL_UUID
  location: class EntityDataSerializers
C:\Users\justi\Documents\GitHub\AlexsMobs-26.2\src\main\java\com\github\alexthe666\alexsmobs\entity\EntityBlueJay.java:95: error: cannot find symbol
        this.setPathfindingMalus(PathType.DANGER_FIRE, -1.0F);
                                         ^
  symbol:   variable DANGER_FIRE
  location: class PathType
C:\Users\justi\Documents\GitHub\AlexsMobs-26.2\src\main\java\com\github\alexthe666\alexsmobs\entity\EntityBlueJay.java:109: error: no suitable method found for of(TagKey<Item>)
        this.goalSelector.addGoal(4, new FlyingAITempt(this, 1.0D, Ingredient.of(AMTagRegistry.BLUE_JAY_FOODSTUFFS), false));
                                                                             ^
    method Ingredient.of(ItemLike) is not applicable
      (argument mismatch; TagKey<Item> cannot be converted to ItemLike)
    method Ingredient.of(ItemLike...) is not applicable
      (varargs mismatch; TagKey<Item> cannot be converted to ItemLike)
    method Ingredient.of(Stream<? extends ItemLike>) is not applicable
      (argument mismatch; TagKey<Item> cannot be converted to Stream<? extends ItemLike>)
    method Ingredient.of(HolderSet<Item>) is not applicable
      (argument mismatch; TagKey<Item> cannot be converted to HolderSet<Item>)
C:\Users\justi\Documents\GitHub\AlexsMobs-26.2\src\main\java\com\github\alexthe666\alexsmobs\entity\EntityBlueJay.java:328: error: method does not override or implement a method from a supertype
    @Override
    ^
C:\Users\justi\Documents\GitHub\AlexsMobs-26.2\src\main\java\com\github\alexthe666\alexsmobs\entity\EntityBlueJay.java:330: error: method isInvulnerableTo in class LivingEntity cannot be applied to given types;
        return source.is(DamageTypes.IN_WALL)  || super.isInvulnerableTo(source);
                                                       ^
  required: ServerLevel,DamageSource
  found:    DamageSource
  reason: actual and formal argument lists differ in length
C:\Users\justi\Documents\GitHub\AlexsMobs-26.2\src\main\java\com\github\alexthe666\alexsmobs\entity\EntityBlueJay.java:351: error: isAlliedTo(Entity) in EntityBlueJay cannot override isAlliedTo(@org.jspecify.annotations.Nullable Entity) in Entity
    public boolean isAlliedTo(Entity entityIn) {
                   ^
  overridden method is final
C:\Users\justi\Documents\GitHub\AlexsMobs-26.2\src\main\java\com\github\alexthe666\alexsmobs\entity\EntityBlueJay.java:555: error: no suitable method found for create(Level)
        return AMEntityRegistry.BLUE_JAY.get().create(level());
                                              ^
    method EntityType.create(ServerLevel,@org.jspecify.annotations.Nullable PostSpawnProcessor<EntityBlueJay>,BlockPos,EntitySpawnReason,boolean,boolean) is not applicable
      (actual and formal argument lists differ in length)
    method EntityType.create(Level,EntitySpawnReason) is not applicable
      (actual and formal argument lists differ in length)
    method EntityType.create(Level,EntitySpawnRequest) is not applicable
      (actual and formal argument lists differ in length)
    method EntityType.create(ValueInput,Level,EntitySpawnRequest) is not applicable
      (actual and formal argument lists differ in length)
    method EntityType.create(EntityType<?>,ValueInput,Level,EntitySpawnReason) is not applicable
      (actual and formal argument lists differ in length)
C:\Users\justi\Documents\GitHub\AlexsMobs-26.2\src\main\java\com\github\alexthe666\alexsmobs\entity\EntityBlueJay.java:561: error: cannot find symbol
        return stack.getItem().isEdible() || stack.is(AMTagRegistry.BLUE_JAY_FOODSTUFFS);
                              ^
  symbol:   method isEdible()
  location: class Item
C:\Users\justi\Documents\GitHub\AlexsMobs-26.2\src\main\java\com\github\alexthe666\alexsmobs\entity\EntityBlueJay.java:571: error: no suitable method found for spawnAtLocation(ItemStack,float)
            this.spawnAtLocation(this.getItemInHand(InteractionHand.MAIN_HAND), 0.0F);
                ^
    method Entity.spawnAtLocation(ServerLevel,ItemLike) is not applicable
      (argument mismatch; ItemStack cannot be converted to ServerLevel)
    method Entity.spawnAtLocation(ServerLevel,ItemStack) is not applicable
      (argument mismatch; ItemStack cannot be converted to ServerLevel)
C:\Users\justi\Documents\GitHub\AlexsMobs-26.2\src\main\java\com\github\alexthe666\alexsmobs\entity\EntityBlueJay.java:730: error: cannot find symbol
                    return e.isAlive() && e.getType().is(AMTagRegistry.SCATTERS_CROWS) || e instanceof Player && !((Player) e).isCreative();
                                                     ^
  symbol:   method is(TagKey<EntityType<?>>)
  location: class EntityType<CAP#1>
  where CAP#1 is a fresh type-variable:
    CAP#1 extends Entity from capture of ?
C:\Users\justi\Documents\GitHub\AlexsMobs-26.2\src\main\java\com\github\alexthe666\alexsmobs\entity\EntityBlueJay.java:932: error: no suitable method found for startRiding(EntityRaccoon,boolean)
                    EntityBlueJay.this.startRiding(raccoon, false);
                                      ^
    method Entity.startRiding(Entity) is not applicable
      (actual and formal argument lists differ in length)
    method Mob.startRiding(Entity,boolean,boolean) is not applicable
      (actual and formal argument lists differ in length)
C:\Users\justi\Documents\GitHub\AlexsMobs-26.2\src\main\java\com\github\alexthe666\alexsmobs\entity\EntityBoneSerpentPart.java:37: error: cannot find symbol
    private static final EntityDataAccessor<Optional<UUID>> PARENT_UUID = SynchedEntityData.defineId(EntityBoneSerpentPart.class, EntityDataSerializers.OPTIONAL_UUID);
                                                                                                                                                       ^
  symbol:   variable OPTIONAL_UUID
  location: class EntityDataSerializers
C:\Users\justi\Documents\GitHub\AlexsMobs-26.2\src\main\java\com\github\alexthe666\alexsmobs\entity\EntityBoneSerpentPart.java:57: error: startRiding(Entity) in EntityBoneSerpentPart cannot override startRiding(Entity) in Entity
    public boolean startRiding(Entity entityIn) {
                   ^
  overridden method is final
C:\Users\justi\Documents\GitHub\AlexsMobs-26.2\src\main\java\com\github\alexthe666\alexsmobs\entity\EntityBoneSerpentPart.java:119: error: cannot find symbol
        isInsidePortal = false;
        ^
  symbol:   variable isInsidePortal
  location: class EntityBoneSerpentPart
C:\Users\justi\Documents\GitHub\AlexsMobs-26.2\src\main\java\com\github\alexthe666\alexsmobs\entity\EntityBoneSerpentPart.java:180: error: method does not override or implement a method from a supertype
    @Override
    ^
C:\Users\justi\Documents\GitHub\AlexsMobs-26.2\src\main\java\com\github\alexthe666\alexsmobs\entity\EntityBoneSerpentPart.java:182: error: method getAddEntityPacket in class Entity cannot be applied to given types;
        return super.getAddEntityPacket();
                    ^
  required: ServerEntity
  found:    no arguments
  reason: actual and formal argument lists differ in length
C:\Users\justi\Documents\GitHub\AlexsMobs-26.2\src\main\java\com\github\alexthe666\alexsmobs\entity\EntityBoneSerpentPart.java:196: error: method interact in class Entity cannot be applied to given types;
        return parent != null ? parent.interact(player, hand) : InteractionResult.PASS;
                                      ^
  required: Player,InteractionHand,Vec3
  found:    Player,InteractionHand
  reason: actual and formal argument lists differ in length
C:\Users\justi\Documents\GitHub\AlexsMobs-26.2\src\main\java\com\github\alexthe666\alexsmobs\entity\EntityBoneSerpentPart.java:200: error: hurt(DamageSource,float) in EntityBoneSerpentPart cannot override hurt(DamageSource,float) in Entity
    public boolean hurt(DamageSource source, float damage) {
                   ^
  overridden method is final
C:\Users\justi\Documents\GitHub\AlexsMobs-26.2\src\main\java\com\github\alexthe666\alexsmobs\entity\EntityBoneSerpentPart.java:199: error: method does not override or implement a method from a supertype
    @Override
    ^
C:\Users\justi\Documents\GitHub\AlexsMobs-26.2\src\main\java\com\github\alexthe666\alexsmobs\entity\EntityBoneSerpentPart.java:202: error: 'void' type not allowed here
        final boolean prev = parent != null && parent.hurt(source, damage * this.damageMultiplier);
                                                          ^
C:\Users\justi\Documents\GitHub\AlexsMobs-26.2\src\main\java\com\github\alexthe666\alexsmobs\entity\EntityBoneSerpentPart.java:209: error: method does not override or implement a method from a supertype
    @Override
    ^
C:\Users\justi\Documents\GitHub\AlexsMobs-26.2\src\main\java\com\github\alexthe666\alexsmobs\entity\EntityBoneSerpentPart.java:256: error: cannot find symbol
        return isAddedToWorld() || this.isRemoved();
               ^
  symbol:   method isAddedToWorld()
  location: class EntityBoneSerpentPart
C:\Users\justi\Documents\GitHub\AlexsMobs-26.2\src\main\java\com\github\alexthe666\alexsmobs\entity\EntityBoneSerpent.java:48: error: cannot find symbol
    private static final EntityDataAccessor<Optional<UUID>> CHILD_UUID = SynchedEntityData.defineId(EntityBoneSerpent.class, EntityDataSerializers.OPTIONAL_UUID);
                                                                                                                                                  ^
  symbol:   variable OPTIONAL_UUID
  location: class EntityDataSerializers
C:\Users\justi\Documents\GitHub\AlexsMobs-26.2\src\main\java\com\github\alexthe666\alexsmobs\entity\EntityBoneSerpent.java:195: error: method does not override or implement a method from a supertype
    @Override
    ^
C:\Users\justi\Documents\GitHub\AlexsMobs-26.2\src\main\java\com\github\alexthe666\alexsmobs\entity\EntityBoneSerpent.java:197: error: method isInvulnerableTo in class LivingEntity cannot be applied to given types;
        return source.is(DamageTypes.FALL) || source.is(DamageTypes.DROWN) || source.is(DamageTypes.IN_WALL)  || source.is(DamageTypes.LAVA) || source.is(DamageTypeTags.IS_FIRE) || super.isInvulnerableTo(source);
                                                                                                                                                                                          ^
  required: ServerLevel,DamageSource
  found:    DamageSource
  reason: actual and formal argument lists differ in length
C:\Users\justi\Documents\GitHub\AlexsMobs-26.2\src\main\java\com\github\alexthe666\alexsmobs\entity\EntityBoneSerpent.java:232: error: cannot find symbol
        isInsidePortal = false;
        ^
  symbol:   variable isInsidePortal
  location: class EntityBoneSerpent
C:\Users\justi\Documents\GitHub\AlexsMobs-26.2\src\main\java\com\github\alexthe666\alexsmobs\entity\EntityStraddleboard.java:35: error: EntityStraddleboard is not abstract and does not override abstract method hurtServer(ServerLevel,DamageSource,float) in Entity
public class EntityStraddleboard extends Entity implements PlayerRideableJumping {
       ^
C:\Users\justi\Documents\GitHub\AlexsMobs-26.2\src\main\java\com\github\alexthe666\alexsmobs\entity\EntityStraddleboard.java:81: error: method canBeCollidedWith in class Entity cannot be applied to given types;
        return (entity.canBeCollidedWith() || entity.isPushable()) && !p_242378_0_.isPassengerOfSameVehicle(entity);
                      ^
  required: Entity
  found:    no arguments
  reason: actual and formal argument lists differ in length
C:\Users\justi\Documents\GitHub\AlexsMobs-26.2\src\main\java\com\github\alexthe666\alexsmobs\entity\EntityStraddleboard.java:85: error: height has private access in EntityDimensions
        return sizeIn.height;
                     ^
C:\Users\justi\Documents\GitHub\AlexsMobs-26.2\src\main\java\com\github\alexthe666\alexsmobs\entity\EntityStraddleboard.java:105: error: getRelativePortalPosition(Axis,FoundRectangle) in EntityStraddleboard cannot override getRelativePortalPosition(Axis,FoundRectangle) in Entity
    protected Vec3 getRelativePortalPosition(Direction.Axis axis, BlockUtil.FoundRectangle result) {
                   ^
  attempting to assign weaker access privileges; was public
C:\Users\justi\Documents\GitHub\AlexsMobs-26.2\src\main\java\com\github\alexthe666\alexsmobs\entity\EntityStraddleboard.java:121: error: hurt(DamageSource,float) in EntityStraddleboard cannot override hurt(DamageSource,float) in Entity
    public boolean hurt(DamageSource source, float amount) {
                   ^
  overridden method is final
C:\Users\justi\Documents\GitHub\AlexsMobs-26.2\src\main\java\com\github\alexthe666\alexsmobs\entity\EntityStraddleboard.java:122: error: cannot find symbol
        if (this.isInvulnerableTo(source)) {
                ^
  symbol: method isInvulnerableTo(DamageSource)
C:\Users\justi\Documents\GitHub\AlexsMobs-26.2\src\main\java\com\github\alexthe666\alexsmobs\entity\EntityStraddleboard.java:208: error: cannot find symbol
                if(this.getEnchant(AMEnchantmentRegistry.STRADDLE_BOARDRETURN.get()) > 0){
                                                                             ^
  symbol:   method get()
  location: variable STRADDLE_BOARDRETURN of type ResourceKey<Enchantment>
C:\Users\justi\Documents\GitHub\AlexsMobs-26.2\src\main\java\com\github\alexthe666\alexsmobs\entity\EntityStraddleboard.java:214: error: no suitable method found for spawnAtLocation(ItemStack)
                    spawnAtLocation(this.getItemStack().copy());
                    ^
    method Entity.spawnAtLocation(ServerLevel,ItemLike) is not applicable
      (actual and formal argument lists differ in length)
    method Entity.spawnAtLocation(ServerLevel,ItemStack) is not applicable
      (actual and formal argument lists differ in length)
    method Entity.spawnAtLocation(ServerLevel,ItemStack,Vec3) is not applicable
      (actual and formal argument lists differ in length)
    method Entity.spawnAtLocation(ServerLevel,ItemStack,float) is not applicable
      (actual and formal argument lists differ in length)
C:\Users\justi\Documents\GitHub\AlexsMobs-26.2\src\main\java\com\github\alexthe666\alexsmobs\entity\EntityStraddleboard.java:235: error: cannot find symbol
            this.checkInsideBlocks();
                ^
  symbol: method checkInsideBlocks()
C:\Users\justi\Documents\GitHub\AlexsMobs-26.2\src\main\java\com\github\alexthe666\alexsmobs\entity\EntityStraddleboard.java:247: error: cannot find symbol
                    if (getEnchant(AMEnchantmentRegistry.STRADDLE_LAVAWAX.get()) > 0) {
                                                                         ^
  symbol:   method get()
  location: variable STRADDLE_LAVAWAX of type ResourceKey<Enchantment>
C:\Users\justi\Documents\GitHub\AlexsMobs-26.2\src\main\java\com\github\alexthe666\alexsmobs\entity\EntityStraddleboard.java:301: error: cannot find symbol
        this.hasImpulse = true;
            ^
  symbol: variable hasImpulse
C:\Users\justi\Documents\GitHub\AlexsMobs-26.2\src\main\java\com\github\alexthe666\alexsmobs\entity\EntityStraddleboard.java:324: error: method does not override or implement a method from a supertype
    @Override
    ^
C:\Users\justi\Documents\GitHub\AlexsMobs-26.2\src\main\java\com\github\alexthe666\alexsmobs\entity\EntityStraddleboard.java:335: error: method does not override or implement a method from a supertype
    @Override
    ^
C:\Users\justi\Documents\GitHub\AlexsMobs-26.2\src\main\java\com\github\alexthe666\alexsmobs\entity\EntityStraddleboard.java:372: error: cannot find symbol
            this.absMoveTo(this.lx, this.ly, this.lz, (float) this.lyr, (float) this.lxr);
                ^
  symbol: method absMoveTo(double,double,double,float,float)
C:\Users\justi\Documents\GitHub\AlexsMobs-26.2\src\main\java\com\github\alexthe666\alexsmobs\entity\EntityStraddleboard.java:383: error: method does not override or implement a method from a supertype
    @Override
    ^
C:\Users\justi\Documents\GitHub\AlexsMobs-26.2\src\main\java\com\github\alexthe666\alexsmobs\entity\EntityStraddleboard.java:416: error: method does not override or implement a method from a supertype
    @Override
    ^
C:\Users\justi\Documents\GitHub\AlexsMobs-26.2\src\main\java\com\github\alexthe666\alexsmobs\entity\EntityStraddleboard.java:418: error: method getAddEntityPacket in class Entity cannot be applied to given types;
        return super.getAddEntityPacket();
                    ^
  required: ServerEntity
  found:    no arguments
  reason: actual and formal argument lists differ in length
C:\Users\justi\Documents\GitHub\AlexsMobs-26.2\src\main\java\com\github\alexthe666\alexsmobs\entity\EntityStraddleboard.java:430: error: cannot find symbol
        if (compound.contains("BoardStack")) {
                    ^
  symbol:   method contains(String)
  location: variable compound of type ValueInput
C:\Users\justi\Documents\GitHub\AlexsMobs-26.2\src\main\java\com\github\alexthe666\alexsmobs\entity\EntityStraddleboard.java:431: error: cannot find symbol
            this.setItemStack(ItemStack.of(compound.getCompound("BoardStack")));
                                                   ^
  symbol:   method getCompound(String)
  location: variable compound of type ValueInput
C:\Users\justi\Documents\GitHub\AlexsMobs-26.2\src\main\java\com\github\alexthe666\alexsmobs\entity\EntityStraddleboard.java:442: error: cannot find symbol
            this.getItemStack().save(stackTag);
                               ^
  symbol:   method save(CompoundTag)
  location: class ItemStack
C:\Users\justi\Documents\GitHub\AlexsMobs-26.2\src\main\java\com\github\alexthe666\alexsmobs\entity\EntityStraddleboard.java:443: error: cannot find symbol
            compound.put("BoardStack", stackTag);
                    ^
  symbol:   method put(String,CompoundTag)
  location: variable compound of type ValueOutput
C:\Users\justi\Documents\GitHub\AlexsMobs-26.2\src\main\java\com\github\alexthe666\alexsmobs\entity\EntityStraddleboard.java:460: error: cannot find symbol
        this.hasImpulse = true;
            ^
  symbol: variable hasImpulse
C:\Users\justi\Documents\GitHub\AlexsMobs-26.2\src\main\java\com\github\alexthe666\alexsmobs\entity\EntityStraddleboard.java:462: error: cannot find symbol
            float f = 0.075F + getEnchant(AMEnchantmentRegistry.STRADDLE_JUMP.get()) * 0.05F;
                                                                             ^
  symbol:   method get()
  location: variable STRADDLE_JUMP of type ResourceKey<Enchantment>
C:\Users\justi\Documents\GitHub\AlexsMobs-26.2\src\main\java\com\github\alexthe666\alexsmobs\entity\EntityStraddleboard.java:468: error: incompatible types: Enchantment cannot be converted to Holder<Enchantment>
        return EnchantmentHelper.getItemEnchantmentLevel(enchantment, this.getItemBoard());
                                                         ^
C:\Users\justi\Documents\GitHub\AlexsMobs-26.2\src\main\java\com\github\alexthe666\alexsmobs\entity\EntityStraddleboard.java:472: error: cannot find symbol
        return getEnchant(AMEnchantmentRegistry.STRADDLE_SERPENTFRIEND.get()) > 0;
                                                                      ^
  symbol:   method get()
  location: variable STRADDLE_SERPENTFRIEND of type ResourceKey<Enchantment>
C:\Users\justi\Documents\GitHub\AlexsMobs-26.2\src\main\java\com\github\alexthe666\alexsmobs\entity\EntityBunfungus.java:138: error: cannot infer type arguments for NearestAttackableTargetGoal<>
        this.targetSelector.addGoal(3, new NearestAttackableTargetGoal<>(this, Mob.class, 5, false, false, (mob) -> {
                                       ^
C:\Users\justi\Documents\GitHub\AlexsMobs-26.2\src\main\java\com\github\alexthe666\alexsmobs\entity\EntityBunfungus.java:139: error: cannot find symbol
            return mob instanceof Enemy && !(mob instanceof Creeper) && !(mob.getMobType() == MobType.WATER && mob.isInWater()) && !mob.getType().is(AMTagRegistry.BUNFUNGUS_IGNORES);
                                                                                              ^
  symbol:   variable MobType
  location: class EntityBunfungus
C:\Users\justi\Documents\GitHub\AlexsMobs-26.2\src\main\java\com\github\alexthe666\alexsmobs\entity\EntityBunfungus.java:228: error: cannot find symbol
                            if ((entity == target || entity instanceof Monster) && !entity.getType().is(AMTagRegistry.BUNFUNGUS_IGNORE_AOE_ATTACKS)) {
                                                                                                    ^
  symbol:   method is(TagKey<EntityType<?>>)
  location: class EntityType<CAP#1>
  where CAP#1 is a fresh type-variable:
    CAP#1 extends Entity from capture of ?
C:\Users\justi\Documents\GitHub\AlexsMobs-26.2\src\main\java\com\github\alexthe666\alexsmobs\entity\EntityBunfungus.java:236: error: cannot find symbol
                            if ((entity == target || entity instanceof Monster) && !entity.getType().is(AMTagRegistry.BUNFUNGUS_IGNORE_AOE_ATTACKS)) {
                                                                                                    ^
  symbol:   method is(TagKey<EntityType<?>>)
  location: class EntityType<CAP#1>
  where CAP#1 is a fresh type-variable:
    CAP#1 extends Entity from capture of ?
C:\Users\justi\Documents\GitHub\AlexsMobs-26.2\src\main\java\com\github\alexthe666\alexsmobs\entity\EntityBunfungus.java:238: error: no suitable method found for knockback(float,double,double)
                                entity.knockback(0.2F, entity.getX() - this.getX(), entity.getZ() - this.getZ());
                                      ^
    method LivingEntity.knockback(double,double,double,DamageSource,float,boolean) is not applicable
      (actual and formal argument lists differ in length)
    method LivingEntity.knockback(double,double,double,DamageSource,float) is not applicable
      (actual and formal argument lists differ in length)
C:\Users\justi\Documents\GitHub\AlexsMobs-26.2\src\main\java\com\github\alexthe666\alexsmobs\entity\EntityBunfungus.java:258: error: incompatible types: Reference<SoundEvent> cannot be converted to SoundEvent
                this.playSound(SoundEvents.GENERIC_EAT, this.getSoundVolume(), this.getVoicePitch());
                                          ^
C:\Users\justi\Documents\GitHub\AlexsMobs-26.2\src\main\java\com\github\alexthe666\alexsmobs\entity\EntityBunfungus.java:265: error: cannot find symbol
                    this.addEffect(new MobEffectInstance(MobEffects.DAMAGE_BOOST, 1000));
                                                                   ^
  symbol:   variable DAMAGE_BOOST
  location: class MobEffects
C:\Users\justi\Documents\GitHub\AlexsMobs-26.2\src\main\java\com\github\alexthe666\alexsmobs\entity\EntityBunfungus.java:274: error: no suitable constructor found for ItemParticleOption(ParticleType<ItemParticleOption>,ItemStack)
                    this.level().addParticle(new ItemParticleOption(ParticleTypes.ITEM, this.getItemInHand(InteractionHand.MAIN_HAND)), this.getX() + (double) (this.random.nextFloat() * this.getBbWidth()) - (double) this.getBbWidth() * 0.5F, this.getY() + this.getBbHeight() * 0.5F + (double) (this.random.nextFloat() * this.getBbHeight() * 0.5F), this.getZ() + (double) (this.random.nextFloat() * this.getBbWidth()) - (double) this.getBbWidth() * 0.5F, d0, d1, d2);
                                             ^
    constructor ItemParticleOption.ItemParticleOption(ParticleType<ItemParticleOption>,Item) is not applicable
      (argument mismatch; ItemStack cannot be converted to Item)
    constructor ItemParticleOption.ItemParticleOption(ParticleType<ItemParticleOption>,ItemStackTemplate) is not applicable
      (argument mismatch; ItemStack cannot be converted to ItemStackTemplate)
C:\Users\justi\Documents\GitHub\AlexsMobs-26.2\src\main\java\com\github\alexthe666\alexsmobs\entity\EntityBunfungus.java:306: error: cannot find symbol
            if (this.level().isDay() && this.getTarget() == null && !this.isBegging() && !this.isInWater()) {
                            ^
  symbol:   method isDay()
  location: class Level
C:\Users\justi\Documents\GitHub\AlexsMobs-26.2\src\main\java\com\github\alexthe666\alexsmobs\client\model\ModelCachalotWhale.java:156: error: method does not override or implement a method from a supertype
	@Override
	^
C:\Users\justi\Documents\GitHub\AlexsMobs-26.2\src\main\java\com\github\alexthe666\alexsmobs\client\model\ModelCachalotWhale.java:158: error: cannot find symbol
		if (this.young) {
		        ^
  symbol: variable young
C:\Users\justi\Documents\GitHub\AlexsMobs-26.2\src\main\java\com\github\alexthe666\alexsmobs\client\model\ModelCachalotWhale.java:166: error: no suitable method found for render(PoseStack,VertexConsumer,int,int,float,float,float,float)
				p_228292_8_.render(matrixStackIn, bufferIn, packedLightIn, packedOverlayIn, red, green, blue, alpha);
				           ^
    method BasicModelPart.render(PoseStack,VertexConsumer,int,int) is not applicable
      (actual and formal argument lists differ in length)
    method BasicModelPart.render(PoseStack,VertexConsumer,int,int,int) is not applicable
      (actual and formal argument lists differ in length)
C:\Users\justi\Documents\GitHub\AlexsMobs-26.2\src\main\java\com\github\alexthe666\alexsmobs\client\model\ModelCachalotWhale.java:173: error: no suitable method found for render(PoseStack,VertexConsumer,int,int,float,float,float,float)
				p_228290_8_.render(matrixStackIn, bufferIn, packedLightIn, packedOverlayIn, red, green, blue, alpha);
				           ^
    method BasicModelPart.render(PoseStack,VertexConsumer,int,int) is not applicable
      (actual and formal argument lists differ in length)
    method BasicModelPart.render(PoseStack,VertexConsumer,int,int,int) is not applicable
      (actual and formal argument lists differ in length)
C:\Users\justi\Documents\GitHub\AlexsMobs-26.2\src\main\java\com\github\alexthe666\alexsmobs\entity\EntityCachalotWhale.java:60: error: EntityCachalotWhale is not abstract and does not override abstract method isFood(ItemStack) in Animal
public class EntityCachalotWhale extends Animal {
       ^
C:\Users\justi\Documents\GitHub\AlexsMobs-26.2\src\main\java\com\github\alexthe666\alexsmobs\entity\EntityCachalotWhale.java:142: error: method dropLeash in interface Leashable cannot be applied to given types;
                this.dropLeash(true, false);
                    ^
  required: no arguments
  found:    boolean,boolean
  reason: actual and formal argument lists differ in length
C:\Users\justi\Documents\GitHub\AlexsMobs-26.2\src\main\java\com\github\alexthe666\alexsmobs\entity\EntityCachalotWhale.java:195: error: cannot find symbol
        if (compound.contains("DespawnDelay")) {
                    ^
  symbol:   method contains(String)
  location: variable compound of type ValueInput
C:\Users\justi\Documents\GitHub\AlexsMobs-26.2\src\main\java\com\github\alexthe666\alexsmobs\entity\ai\AnimalAIRandomSwimming.java:62: error: cannot find symbol
        if(this.mob.hasRestriction() && this.mob.distanceToSqr(Vec3.atCenterOf(this.mob.getRestrictCenter())) > this.mob.getRestrictRadius() * this.mob.getRestrictRadius()){
                   ^
  symbol:   method hasRestriction()
  location: variable mob of type PathfinderMob
C:\Users\justi\Documents\GitHub\AlexsMobs-26.2\src\main\java\com\github\alexthe666\alexsmobs\entity\ai\AnimalAIRandomSwimming.java:62: error: cannot find symbol
        if(this.mob.hasRestriction() && this.mob.distanceToSqr(Vec3.atCenterOf(this.mob.getRestrictCenter())) > this.mob.getRestrictRadius() * this.mob.getRestrictRadius()){
                                                                                       ^
  symbol:   method getRestrictCenter()
  location: variable mob of type PathfinderMob
C:\Users\justi\Documents\GitHub\AlexsMobs-26.2\src\main\java\com\github\alexthe666\alexsmobs\entity\ai\AnimalAIRandomSwimming.java:62: error: cannot find symbol
        if(this.mob.hasRestriction() && this.mob.distanceToSqr(Vec3.atCenterOf(this.mob.getRestrictCenter())) > this.mob.getRestrictRadius() * this.mob.getRestrictRadius()){
                                                                                                                        ^
  symbol:   method getRestrictRadius()
  location: variable mob of type PathfinderMob
C:\Users\justi\Documents\GitHub\AlexsMobs-26.2\src\main\java\com\github\alexthe666\alexsmobs\entity\ai\AnimalAIRandomSwimming.java:62: error: cannot find symbol
        if(this.mob.hasRestriction() && this.mob.distanceToSqr(Vec3.atCenterOf(this.mob.getRestrictCenter())) > this.mob.getRestrictRadius() * this.mob.getRestrictRadius()){
                                                                                                                                                       ^
  symbol:   method getRestrictRadius()
  location: variable mob of type PathfinderMob
C:\Users\justi\Documents\GitHub\AlexsMobs-26.2\src\main\java\com\github\alexthe666\alexsmobs\entity\ai\AnimalAIRandomSwimming.java:63: error: cannot find symbol
            return DefaultRandomPos.getPosTowards(this.mob, xzSpread, 3, Vec3.atBottomCenterOf(this.mob.getRestrictCenter()), 3);
                                                                                                       ^
  symbol:   method getRestrictCenter()
  location: variable mob of type PathfinderMob
C:\Users\justi\Documents\GitHub\AlexsMobs-26.2\src\main\java\com\github\alexthe666\alexsmobs\entity\ai\AnimalAIRandomSwimming.java:73: error: method isPathfindable in class BlockStateBase cannot be applied to given types;
        for(int i = 0; vector3d != null && !this.mob.level().getBlockState(AMBlockPos.fromVec3(vector3d)).isPathfindable(this.mob.level(), AMBlockPos.fromVec3(vector3d), PathComputationType.WATER) && i++ < 15; vector3d = DefaultRandomPos.getPos(this.mob, 10, ySpread)) {
                                                                                                         ^
  required: PathComputationType
  found:    Level,BlockPos,PathComputationType
  reason: actual and formal argument lists differ in length
C:\Users\justi\Documents\GitHub\AlexsMobs-26.2\src\main\java\com\github\alexthe666\alexsmobs\entity\EntityCachalotWhale.java:244: error: cannot find symbol
        this.goalSelector.addGoal(7, new FollowBoatGoal(this));
                                         ^
  symbol:   class FollowBoatGoal
  location: class EntityCachalotWhale
C:\Users\justi\Documents\GitHub\AlexsMobs-26.2\src\main\java\com\github\alexthe666\alexsmobs\entity\EntityCachalotWhale.java:258: error: method customServerAiStep in class Animal cannot be applied to given types;
        super.customServerAiStep();
             ^
  required: ServerLevel
  found:    no arguments
  reason: actual and formal argument lists differ in length
C:\Users\justi\Documents\GitHub\AlexsMobs-26.2\src\main\java\com\github\alexthe666\alexsmobs\entity\EntityCachalotWhale.java:268: error: cannot find symbol
        if (!this.level().isClientSide() && this.blockBreakCounter == 0 && net.neoforged.neoforge.event.ForgeEventFactory.getMobGriefingEvent(level(), this)) {
                                                                                                       ^
  symbol:   class ForgeEventFactory
  location: package net.neoforged.neoforge.event
C:\Users\justi\Documents\GitHub\AlexsMobs-26.2\src\main\java\com\github\alexthe666\alexsmobs\entity\EntityCachalotWhale.java:435: error: incompatible types: TargetingConditions cannot be converted to Entity
                Player entity = this.level().getNearestPlayer(REWARD_PLAYER_PREDICATE, this);
                                                              ^
C:\Users\justi\Documents\GitHub\AlexsMobs-26.2\src\main\java\com\github\alexthe666\alexsmobs\entity\EntityCachalotWhale.java:625: error: cannot find symbol
                                this.gameEvent(GameEvent.ENTITY_ROAR);
                                                        ^
  symbol:   variable ENTITY_ROAR
  location: class GameEvent
C:\Users\justi\Documents\GitHub\AlexsMobs-26.2\src\main\java\com\github\alexthe666\alexsmobs\entity\EntityCachalotWhale.java:686: error: cannot find symbol
                                            this.spawnAtLocation(boat.getVariant().getPlanks());
                                                                     ^
  symbol:   method getVariant()
  location: variable boat of type Boat
C:\Users\justi\Documents\GitHub\AlexsMobs-26.2\src\main\java\com\github\alexthe666\alexsmobs\entity\EntityCachalotWhale.java:689: error: no suitable method found for spawnAtLocation(Item)
                                            this.spawnAtLocation(Items.STICK);
                                                ^
    method Entity.spawnAtLocation(ServerLevel,ItemLike) is not applicable
      (actual and formal argument lists differ in length)
    method Entity.spawnAtLocation(ServerLevel,ItemStack) is not applicable
      (actual and formal argument lists differ in length)
    method Entity.spawnAtLocation(ServerLevel,ItemStack,Vec3) is not applicable
      (actual and formal argument lists differ in length)
    method Entity.spawnAtLocation(ServerLevel,ItemStack,float) is not applicable
      (actual and formal argument lists differ in length)
C:\Users\justi\Documents\GitHub\AlexsMobs-26.2\src\main\java\com\github\alexthe666\alexsmobs\entity\EntityCachalotWhale.java:755: error: cannot find symbol
        final long time = level().getDayTime();
                                 ^
  symbol:   method getDayTime()
  location: class Level
C:\Users\justi\Documents\GitHub\AlexsMobs-26.2\src\main\java\com\github\alexthe666\alexsmobs\entity\EntityCachalotWhale.java:827: error: no suitable method found for create(ServerLevel)
        EntityCachalotWhale whale = AMEntityRegistry.CACHALOT_WHALE.get().create(serverWorld);
                                                                         ^
    method EntityType.create(ServerLevel,@org.jspecify.annotations.Nullable PostSpawnProcessor<EntityCachalotWhale>,BlockPos,EntitySpawnReason,boolean,boolean) is not applicable
      (actual and formal argument lists differ in length)
    method EntityType.create(Level,EntitySpawnReason) is not applicable
      (actual and formal argument lists differ in length)
    method EntityType.create(Level,EntitySpawnRequest) is not applicable
      (actual and formal argument lists differ in length)
    method EntityType.create(ValueInput,Level,EntitySpawnRequest) is not applicable
      (actual and formal argument lists differ in length)
    method EntityType.create(EntityType<?>,ValueInput,Level,EntitySpawnReason) is not applicable
      (actual and formal argument lists differ in length)
C:\Users\justi\Documents\GitHub\AlexsMobs-26.2\src\main\java\com\github\alexthe666\alexsmobs\entity\EntityCachalotWhale.java:833: error: incompatible types: void cannot be converted to boolean
        return this.hurt(source, amount);
                        ^
C:\Users\justi\Documents\GitHub\AlexsMobs-26.2\src\main\java\com\github\alexthe666\alexsmobs\entity\EntityCachalotWhale.java:844: error: method finalizeSpawn in class AgeableMob cannot be applied to given types;
        return super.finalizeSpawn(worldIn, difficultyIn, reason, spawnDataIn, dataTag);
                    ^
  required: ServerLevelAccessor,DifficultyInstance,EntitySpawnReason,SpawnGroupData
  found:    ServerLevelAccessor,DifficultyInstance,EntitySpawnReason,SpawnGroupData,CompoundTag
  reason: actual and formal argument lists differ in length
C:\Users\justi\Documents\GitHub\AlexsMobs-26.2\src\main\java\com\github\alexthe666\alexsmobs\entity\EntityCachalotWhale.java:963: error: method isPathfindable in class BlockStateBase cannot be applied to given types;
            return (p_205140_1_.getFluidState(p_205140_2_).isEmpty() || lvt_3_1_.is(Blocks.BUBBLE_COLUMN)) && lvt_3_1_.isPathfindable(p_205140_1_, p_205140_2_, PathComputationType.LAND);
                                                                                                                      ^
  required: PathComputationType
  found:    LevelReader,BlockPos,PathComputationType
  reason: actual and formal argument lists differ in length
C:\Users\justi\Documents\GitHub\AlexsMobs-26.2\src\main\java\com\github\alexthe666\alexsmobs\entity\EntityCachalotPart.java:24: error: EntityCachalotPart is not abstract and does not override abstract method hurtServer(ServerLevel,DamageSource,float) in Entity
public class EntityCachalotPart extends PartEntity<EntityCachalotWhale> {
       ^
C:\Users\justi\Documents\GitHub\AlexsMobs-26.2\src\main\java\com\github\alexthe666\alexsmobs\entity\EntityCachalotPart.java:48: error: method does not override or implement a method from a supertype
    @Override
    ^
C:\Users\justi\Documents\GitHub\AlexsMobs-26.2\src\main\java\com\github\alexthe666\alexsmobs\entity\EntityCachalotPart.java:71: error: hurt(DamageSource,float) in EntityCachalotPart cannot override hurt(DamageSource,float) in Entity
    public boolean hurt(DamageSource source, float amount) {
                   ^
  overridden method is final
C:\Users\justi\Documents\GitHub\AlexsMobs-26.2\src\main\java\com\github\alexthe666\alexsmobs\entity\EntityCachalotPart.java:72: error: method isInvulnerableTo in class LivingEntity cannot be applied to given types;
        if(this.level().isClientSide() && this.getParent() != null && !this.getParent().isInvulnerableTo(source)){
                                                                                       ^
  required: ServerLevel,DamageSource
  found:    DamageSource
  reason: actual and formal argument lists differ in length
C:\Users\justi\Documents\GitHub\AlexsMobs-26.2\src\main\java\com\github\alexthe666\alexsmobs\entity\EntityCachalotPart.java:73: error: cannot find symbol
            Identifier key = this.level().registryAccess().registry(Registries.DAMAGE_TYPE).get().getKey(source.type());
                                                          ^
  symbol:   method registry(ResourceKey<Registry<DamageType>>)
  location: interface RegistryAccess
C:\Users\justi\Documents\GitHub\AlexsMobs-26.2\src\main\java\com\github\alexthe666\alexsmobs\entity\EntityCachalotPart.java:78: error: cannot find symbol
        return !this.isInvulnerableTo(source) && this.getParent().attackEntityPartFrom(this, source, amount);
                    ^
  symbol: method isInvulnerableTo(DamageSource)
C:\Users\justi\Documents\GitHub\AlexsMobs-26.2\src\main\java\com\github\alexthe666\alexsmobs\client\model\ModelCaiman.java:224: error: cannot find symbol
        if (this.young) {
                ^
  symbol: variable young
C:\Users\justi\Documents\GitHub\AlexsMobs-26.2\src\main\java\com\github\alexthe666\alexsmobs\client\model\ModelCaiman.java:232: error: no suitable method found for render(PoseStack,VertexConsumer,int,int,float,float,float,float)
                p_228292_8_.render(matrixStackIn, bufferIn, packedLightIn, packedOverlayIn, red, green, blue, alpha);
                           ^
    method BasicModelPart.render(PoseStack,VertexConsumer,int,int) is not applicable
      (actual and formal argument lists differ in length)
    method BasicModelPart.render(PoseStack,VertexConsumer,int,int,int) is not applicable
      (actual and formal argument lists differ in length)
C:\Users\justi\Documents\GitHub\AlexsMobs-26.2\src\main\java\com\github\alexthe666\alexsmobs\client\model\ModelCaiman.java:239: error: no suitable method found for render(PoseStack,VertexConsumer,int,int,float,float,float,float)
                p_228290_8_.render(matrixStackIn, bufferIn, packedLightIn, packedOverlayIn, red, green, blue, alpha);
                           ^
    method BasicModelPart.render(PoseStack,VertexConsumer,int,int) is not applicable
      (actual and formal argument lists differ in length)
    method BasicModelPart.render(PoseStack,VertexConsumer,int,int,int) is not applicable
      (actual and formal argument lists differ in length)
C:\Users\justi\Documents\GitHub\AlexsMobs-26.2\src\main\java\com\github\alexthe666\alexsmobs\entity\EntityCaiman.java:99: error: no suitable method found for of(TagKey<Item>)
        this.goalSelector.addGoal(6, new TemptGoal(this, 1.1D, Ingredient.of(AMTagRegistry.CAIMAN_BREEDABLES), false));
                                                                         ^
    method Ingredient.of(ItemLike) is not applicable
      (argument mismatch; TagKey<Item> cannot be converted to ItemLike)
    method Ingredient.of(ItemLike...) is not applicable
      (varargs mismatch; TagKey<Item> cannot be converted to ItemLike)
    method Ingredient.of(Stream<? extends ItemLike>) is not applicable
      (argument mismatch; TagKey<Item> cannot be converted to Stream<? extends ItemLike>)
    method Ingredient.of(HolderSet<Item>) is not applicable
      (argument mismatch; TagKey<Item> cannot be converted to HolderSet<Item>)
C:\Users\justi\Documents\GitHub\AlexsMobs-26.2\src\main\java\com\github\alexthe666\alexsmobs\entity\EntityCaiman.java:240: error: incompatible types: CompoundTag cannot be converted to ValueOutput
                fish.addAdditionalSaveData(fishNbt);
                                           ^
C:\Users\justi\Documents\GitHub\AlexsMobs-26.2\src\main\java\com\github\alexthe666\alexsmobs\entity\EntityCaiman.java:241: error: cannot find symbol
                fishNbt.putString("DeathLootTable", BuiltInLootTables.EMPTY.toString());
                                                                     ^
  symbol:   variable EMPTY
  location: class BuiltInLootTables
C:\Users\justi\Documents\GitHub\AlexsMobs-26.2\src\main\java\com\github\alexthe666\alexsmobs\entity\EntityCaiman.java:242: error: incompatible types: CompoundTag cannot be converted to ValueInput
                fish.readAdditionalSaveData(fishNbt);
                                            ^
C:\Users\justi\Documents\GitHub\AlexsMobs-26.2\src\main\java\com\github\alexthe666\alexsmobs\entity\EntityCaiman.java:249: error: cannot find symbol
                    double particleY = this.getBoundingBox().minY + getFluidTypeHeight(NeoForgeMod.WATER_TYPE.get());
                                                                                                             ^
  symbol:   method get()
  location: variable WATER_TYPE of type Holder<FluidType>
C:\Users\justi\Documents\GitHub\AlexsMobs-26.2\src\main\java\com\github\alexthe666\alexsmobs\entity\EntityCaiman.java:265: error: cannot find symbol
            this.playSound(SoundEvents.CAT_EAT, this.getSoundVolume(), this.getVoicePitch());
                                      ^
  symbol:   variable CAT_EAT
  location: class SoundEvents
C:\Users\justi\Documents\GitHub\AlexsMobs-26.2\src\main\java\com\github\alexthe666\alexsmobs\entity\EntityCaiman.java:275: error: cannot find symbol
            player.displayClientMessage(Component.translatable("entity.alexsmobs.all.command_" + this.getCommand(), this.getName()), true);
                  ^
  symbol:   method displayClientMessage(MutableComponent,boolean)
  location: variable player of type Player
C:\Users\justi\Documents\GitHub\AlexsMobs-26.2\src\main\java\com\github\alexthe666\alexsmobs\entity\EntityCaiman.java:363: error: method update in class WalkAnimationState cannot be applied to given types;
        this.walkAnimation.update(f2, 0.4F);
                          ^
  required: float,float,float
  found:    float,float
  reason: actual and formal argument lists differ in length
C:\Users\justi\Documents\GitHub\AlexsMobs-26.2\src\main\java\com\github\alexthe666\alexsmobs\entity\EntityCaiman.java:397: error: no suitable method found for create(ServerLevel)
        return AMEntityRegistry.CAIMAN.get().create(serverLevel);
                                            ^
    method EntityType.create(ServerLevel,@org.jspecify.annotations.Nullable PostSpawnProcessor<EntityCaiman>,BlockPos,EntitySpawnReason,boolean,boolean) is not applicable
      (actual and formal argument lists differ in length)
    method EntityType.create(Level,EntitySpawnReason) is not applicable
      (actual and formal argument lists differ in length)
    method EntityType.create(Level,EntitySpawnRequest) is not applicable
      (actual and formal argument lists differ in length)
    method EntityType.create(ValueInput,Level,EntitySpawnRequest) is not applicable
      (actual and formal argument lists differ in length)
    method EntityType.create(EntityType<?>,ValueInput,Level,EntitySpawnReason) is not applicable
      (actual and formal argument lists differ in length)
C:\Users\justi\Documents\GitHub\AlexsMobs-26.2\src\main\java\com\github\alexthe666\alexsmobs\entity\EntityCaiman.java:463: error: cannot find symbol
            if (this.level.getGameRules().getBoolean(GameRules.RULE_DOMOBLOOT)) {
                                                     ^
  symbol:   variable GameRules
  location: class MateGoal
C:\Users\justi\Documents\GitHub\AlexsMobs-26.2\src\main\java\com\github\alexthe666\alexsmobs\client\model\ModelCapuchinMonkey.java:248: error: cannot find symbol
		if (this.young) {
		        ^
  symbol: variable young
C:\Users\justi\Documents\GitHub\AlexsMobs-26.2\src\main\java\com\github\alexthe666\alexsmobs\client\model\ModelCapuchinMonkey.java:256: error: no suitable method found for render(PoseStack,VertexConsumer,int,int,float,float,float,float)
				p_228292_8_.render(matrixStackIn, bufferIn, packedLightIn, packedOverlayIn, red, green, blue, alpha);
				           ^
    method BasicModelPart.render(PoseStack,VertexConsumer,int,int) is not applicable
      (actual and formal argument lists differ in length)
    method BasicModelPart.render(PoseStack,VertexConsumer,int,int,int) is not applicable
      (actual and formal argument lists differ in length)
C:\Users\justi\Documents\GitHub\AlexsMobs-26.2\src\main\java\com\github\alexthe666\alexsmobs\client\model\ModelCapuchinMonkey.java:263: error: no suitable method found for render(PoseStack,VertexConsumer,int,int,float,float,float,float)
				p_228290_8_.render(matrixStackIn, bufferIn, packedLightIn, packedOverlayIn, red, green, blue, alpha);
				           ^
    method BasicModelPart.render(PoseStack,VertexConsumer,int,int) is not applicable
      (actual and formal argument lists differ in length)
    method BasicModelPart.render(PoseStack,VertexConsumer,int,int,int) is not applicable
      (actual and formal argument lists differ in length)
C:\Users\justi\Documents\GitHub\AlexsMobs-26.2\src\main\java\com\github\alexthe666\alexsmobs\entity\EntityCapuchinMonkey.java:112: error: cannot find symbol
            temptItems = Ingredient.fromValues(Stream.of(new Ingredient.TagValue(AMTagRegistry.CAPUCHIN_MONKEY_BREEDABLES), new Ingredient.TagValue(AMTagRegistry.CAPUCHIN_MONKEY_FOODSTUFFS)));
                                                                       ^
  symbol:   class TagValue
  location: class Ingredient
C:\Users\justi\Documents\GitHub\AlexsMobs-26.2\src\main\java\com\github\alexthe666\alexsmobs\entity\EntityCapuchinMonkey.java:112: error: cannot find symbol
            temptItems = Ingredient.fromValues(Stream.of(new Ingredient.TagValue(AMTagRegistry.CAPUCHIN_MONKEY_BREEDABLES), new Ingredient.TagValue(AMTagRegistry.CAPUCHIN_MONKEY_FOODSTUFFS)));
                                                                                                                                          ^
  symbol:   class TagValue
  location: class Ingredient
C:\Users\justi\Documents\GitHub\AlexsMobs-26.2\src\main\java\com\github\alexthe666\alexsmobs\entity\EntityCapuchinMonkey.java:117: error: hurt(DamageSource,float) in EntityCapuchinMonkey cannot override hurt(DamageSource,float) in Entity
    public boolean hurt(DamageSource source, float amount) {
                   ^
  overridden method is final
C:\Users\justi\Documents\GitHub\AlexsMobs-26.2\src\main\java\com\github\alexthe666\alexsmobs\entity\EntityCapuchinMonkey.java:125: error: incompatible types: void cannot be converted to boolean
            return super.hurt(source, amount);
                             ^
C:\Users\justi\Documents\GitHub\AlexsMobs-26.2\src\main\java\com\github\alexthe666\alexsmobs\entity\EntityCapuchinMonkey.java:135: error: no suitable method found for of(TagKey<Item>)
        this.goalSelector.addGoal(4, new TemptGoal(this, 1.1D, Ingredient.of(AMTagRegistry.CAPUCHIN_MONKEY_TAMEABLES), true) {
                                                                         ^
    method Ingredient.of(ItemLike) is not applicable
      (argument mismatch; TagKey<Item> cannot be converted to ItemLike)
    method Ingredient.of(ItemLike...) is not applicable
      (varargs mismatch; TagKey<Item> cannot be converted to ItemLike)
    method Ingredient.of(Stream<? extends ItemLike>) is not applicable
      (argument mismatch; TagKey<Item> cannot be converted to Stream<? extends ItemLike>)
    method Ingredient.of(HolderSet<Item>) is not applicable
      (argument mismatch; TagKey<Item> cannot be converted to HolderSet<Item>)
C:\Users\justi\Documents\GitHub\AlexsMobs-26.2\src\main\java\com\github\alexthe666\alexsmobs\entity\EntityCapuchinMonkey.java:166: error: isAlliedTo(Entity) in EntityCapuchinMonkey cannot override isAlliedTo(@org.jspecify.annotations.Nullable Entity) in Entity
    public boolean isAlliedTo(Entity entityIn) {
                   ^
  overridden method is final
C:\Users\justi\Documents\GitHub\AlexsMobs-26.2\src\main\java\com\github\alexthe666\alexsmobs\entity\EntityCapuchinMonkey.java:230: error: no suitable method found for knockback(float,double,double)
                getTarget().knockback(1F, getTarget().getX() - this.getX(), getTarget().getZ() - this.getZ());
                           ^
    method LivingEntity.knockback(double,double,double,DamageSource,float,boolean) is not applicable
      (actual and formal argument lists differ in length)
    method LivingEntity.knockback(double,double,double,DamageSource,float) is not applicable
      (actual and formal argument lists differ in length)
C:\Users\justi\Documents\GitHub\AlexsMobs-26.2\src\main\java\com\github\alexthe666\alexsmobs\entity\EntityCapuchinMonkey.java:289: error: method dropEquipment in class LivingEntity cannot be applied to given types;
        super.dropEquipment();
             ^
  required: ServerLevel
  found:    no arguments
  reason: actual and formal argument lists differ in length
C:\Users\justi\Documents\GitHub\AlexsMobs-26.2\src\main\java\com\github\alexthe666\alexsmobs\entity\EntityCapuchinMonkey.java:291: error: no suitable method found for spawnAtLocation(Item)
            this.spawnAtLocation(AMItemRegistry.ANCIENT_DART.get());
                ^
    method Entity.spawnAtLocation(ServerLevel,ItemLike) is not applicable
      (actual and formal argument lists differ in length)
    method Entity.spawnAtLocation(ServerLevel,ItemStack) is not applicable
      (actual and formal argument lists differ in length)
    method Entity.spawnAtLocation(ServerLevel,ItemStack,Vec3) is not applicable
      (actual and formal argument lists differ in length)
    method Entity.spawnAtLocation(ServerLevel,ItemStack,float) is not applicable
      (actual and formal argument lists differ in length)
C:\Users\justi\Documents\GitHub\AlexsMobs-26.2\src\main\java\com\github\alexthe666\alexsmobs\entity\EntityCapuchinMonkey.java:407: error: no suitable method found for create(ServerLevel)
        EntityCapuchinMonkey monkey = AMEntityRegistry.CAPUCHIN_MONKEY.get().create(p_241840_1_);
                                                                            ^
    method EntityType.create(ServerLevel,@org.jspecify.annotations.Nullable PostSpawnProcessor<EntityCapuchinMonkey>,BlockPos,EntitySpawnReason,boolean,boolean) is not applicable
      (actual and formal argument lists differ in length)
    method EntityType.create(Level,EntitySpawnReason) is not applicable
      (actual and formal argument lists differ in length)
    method EntityType.create(Level,EntitySpawnRequest) is not applicable
      (actual and formal argument lists differ in length)
    method EntityType.create(ValueInput,Level,EntitySpawnRequest) is not applicable
      (actual and formal argument lists differ in length)
    method EntityType.create(EntityType<?>,ValueInput,Level,EntitySpawnReason) is not applicable
      (actual and formal argument lists differ in length)
C:\Users\justi\Documents\GitHub\AlexsMobs-26.2\src\main\java\com\github\alexthe666\alexsmobs\entity\EntityCapuchinMonkey.java:432: error: method does not override or implement a method from a supertype
    @Override
    ^
C:\Users\justi\Documents\GitHub\AlexsMobs-26.2\src\main\java\com\github\alexthe666\alexsmobs\entity\EntityCapuchinMonkey.java:434: error: method isInvulnerableTo in class LivingEntity cannot be applied to given types;
        return source.is(DamageTypes.IN_WALL)  || super.isInvulnerableTo(source);
                                                       ^
  required: ServerLevel,DamageSource
  found:    DamageSource
  reason: actual and formal argument lists differ in length
C:\Users\justi\Documents\GitHub\AlexsMobs-26.2\src\main\java\com\github\alexthe666\alexsmobs\entity\EntityCapuchinMonkey.java:453: error: cannot find symbol
                this.playSound(SoundEvents.CAT_EAT, this.getSoundVolume(), this.getVoicePitch());
                                          ^
  symbol:   variable CAT_EAT
  location: class SoundEvents
C:\Users\justi\Documents\GitHub\AlexsMobs-26.2\src\main\java\com\github\alexthe666\alexsmobs\entity\EntityCapuchinMonkey.java:467: error: cannot find symbol
            if (this.hasDart() && itemstack.is(Tags.Items.SHEARS)) {
                                                         ^
  symbol:   variable SHEARS
  location: class Items
C:\Users\justi\Documents\GitHub\AlexsMobs-26.2\src\main\java\com\github\alexthe666\alexsmobs\entity\EntityCapuchinMonkey.java:469: error: no suitable method found for hurtAndBreak(int,EntityCapuchinMonkey,(p_233654_0_)->{ })
                itemstack.hurtAndBreak(1, this, (p_233654_0_) -> {
                         ^
    method ItemStack.hurtAndBreak(int,LivingEntity,InteractionHand) is not applicable
      (argument mismatch; InteractionHand is not a functional interface)
    method ItemStack.hurtAndBreak(int,LivingEntity,EquipmentSlot) is not applicable
      (argument mismatch; EquipmentSlot is not a functional interface)
C:\Users\justi\Documents\GitHub\AlexsMobs-26.2\src\main\java\com\github\alexthe666\alexsmobs\entity\EntityCapuchinMonkey.java:482: error: cannot find symbol
                player.displayClientMessage(Component.translatable("entity.alexsmobs.all.command_" + this.getCommand(), this.getName()), true);
                      ^
  symbol:   method displayClientMessage(MutableComponent,boolean)
  location: variable player of type Player
C:\Users\justi\Documents\GitHub\AlexsMobs-26.2\src\main\java\com\github\alexthe666\alexsmobs\entity\EntityCapuchinMonkey.java:521: error: cannot find symbol
        this.playSound(SoundEvents.CAT_EAT, this.getSoundVolume(), this.getVoicePitch());
                                  ^
  symbol:   variable CAT_EAT
  location: class SoundEvents
C:\Users\justi\Documents\GitHub\AlexsMobs-26.2\src\main\java\com\github\alexthe666\alexsmobs\entity\EntityCapuchinMonkey.java:524: error: no suitable method found for spawnAtLocation(ItemStack)
                this.spawnAtLocation(new ItemStack(AMBlockRegistry.BANANA_PEEL.get()));
                    ^
    method Entity.spawnAtLocation(ServerLevel,ItemLike) is not applicable
      (actual and formal argument lists differ in length)
    method Entity.spawnAtLocation(ServerLevel,ItemStack) is not applicable
      (actual and formal argument lists differ in length)
    method Entity.spawnAtLocation(ServerLevel,ItemStack,Vec3) is not applicable
      (actual and formal argument lists differ in length)
    method Entity.spawnAtLocation(ServerLevel,ItemStack,float) is not applicable
      (actual and formal argument lists differ in length)
C:\Users\justi\Documents\GitHub\AlexsMobs-26.2\src\main\java\com\github\alexthe666\alexsmobs\entity\EntityCapuchinMonkey.java:531: error: method setTame in class TamableAnimal cannot be applied to given types;
                this.setTame(true);
                    ^
  required: boolean,boolean
  found:    boolean
  reason: actual and formal argument lists differ in length
C:\Users\justi\Documents\GitHub\AlexsMobs-26.2\src\main\java\com\github\alexthe666\alexsmobs\entity\EntityCapuchinMonkey.java:532: error: cannot find symbol
                this.setOwnerUUID(itemThrower.getUUID());
                    ^
  symbol: method setOwnerUUID(UUID)
C:\Users\justi\Documents\GitHub\AlexsMobs-26.2\src\main\java\com\github\alexthe666\alexsmobs\entity\EntityCapuchinMonkey.java:551: error: method finalizeSpawn in class AgeableMob cannot be applied to given types;
        return super.finalizeSpawn(world, diff, spawnType, data, tag);
                    ^
  required: ServerLevelAccessor,DifficultyInstance,EntitySpawnReason,SpawnGroupData
  found:    ServerLevelAccessor,DifficultyInstance,EntitySpawnReason,SpawnGroupData,CompoundTag
  reason: actual and formal argument lists differ in length
C:\Users\justi\Documents\GitHub\AlexsMobs-26.2\src\main\java\com\github\alexthe666\alexsmobs\entity\EntityCatfish.java:62: error: EntityCatfish is not abstract and does not override abstract method dataChanged(AbstractContainerMenu,int,int) in ContainerListener
public class EntityCatfish extends WaterAnimal implements Bucketable, ContainerListener {
       ^
C:\Users\justi\Documents\GitHub\AlexsMobs-26.2\src\main\java\com\github\alexthe666\alexsmobs\entity\EntityCatfish.java:69: error: cannot find symbol
    private static final EntityDataAccessor<CompoundTag> SWALLOWED_ENTITY_DATA = SynchedEntityData.defineId(EntityCatfish.class, EntityDataSerializers.COMPOUND_TAG);
                                                                                                                                                      ^
  symbol:   variable COMPOUND_TAG
  location: class EntityDataSerializers
C:\Users\justi\Documents\GitHub\AlexsMobs-26.2\src\main\java\com\github\alexthe666\alexsmobs\entity\EntityCatfish.java:101: error: no suitable method found for of(TagKey<Item>)
        this.goalSelector.addGoal(4, new TemptGoal(this, 1.0D, Ingredient.of(AMTagRegistry.CATFISH_ITEM_FASCINATIONS), false));
                                                                         ^
    method Ingredient.of(ItemLike) is not applicable
      (argument mismatch; TagKey<Item> cannot be converted to ItemLike)
    method Ingredient.of(ItemLike...) is not applicable
      (varargs mismatch; TagKey<Item> cannot be converted to ItemLike)
    method Ingredient.of(Stream<? extends ItemLike>) is not applicable
      (argument mismatch; TagKey<Item> cannot be converted to Stream<? extends ItemLike>)
    method Ingredient.of(HolderSet<Item>) is not applicable
      (argument mismatch; TagKey<Item> cannot be converted to HolderSet<Item>)
C:\Users\justi\Documents\GitHub\AlexsMobs-26.2\src\main\java\com\github\alexthe666\alexsmobs\entity\EntityCatfish.java:116: error: cannot find symbol
                return EntityCatfish.this.isAlive() && !EntityCatfish.this.isInsidePortal;
                                                                          ^
  symbol: variable isInsidePortal
C:\Users\justi\Documents\GitHub\AlexsMobs-26.2\src\main\java\com\github\alexthe666\alexsmobs\entity\EntityCatfish.java:119: error: cannot find symbol
        catfishInventory.addListener(this);
                        ^
  symbol:   method addListener(EntityCatfish)
  location: variable catfishInventory of type SimpleContainer
C:\Users\justi\Documents\GitHub\AlexsMobs-26.2\src\main\java\com\github\alexthe666\alexsmobs\entity\EntityCatfish.java:132: error: method dropEquipment in class LivingEntity cannot be applied to given types;
        super.dropEquipment();
             ^
  required: ServerLevel
  found:    no arguments
  reason: actual and formal argument lists differ in length
C:\Users\justi\Documents\GitHub\AlexsMobs-26.2\src\main\java\com\github\alexthe666\alexsmobs\entity\EntityCatfish.java:135: error: no suitable method found for spawnAtLocation(ItemStack)
                this.spawnAtLocation(catfishInventory.getItem(i));
                    ^
    method Entity.spawnAtLocation(ServerLevel,ItemLike) is not applicable
      (actual and formal argument lists differ in length)
    method Entity.spawnAtLocation(ServerLevel,ItemStack) is not applicable
      (actual and formal argument lists differ in length)
    method Entity.spawnAtLocation(ServerLevel,ItemStack,Vec3) is not applicable
      (actual and formal argument lists differ in length)
    method Entity.spawnAtLocation(ServerLevel,ItemStack,float) is not applicable
      (actual and formal argument lists differ in length)
C:\Users\justi\Documents\GitHub\AlexsMobs-26.2\src\main\java\com\github\alexthe666\alexsmobs\entity\EntityCatfish.java:223: error: cannot find symbol
        return this.getCatfishSize() == 1 ? MEDIUM_LOOT : super.getDefaultLootTable();
                                                               ^
  symbol: method getDefaultLootTable()
C:\Users\justi\Documents\GitHub\AlexsMobs-26.2\src\main\java\com\github\alexthe666\alexsmobs\entity\EntityCatfish.java:246: error: cannot find symbol
            bucket.setCustomName(this.getCustomName());
                  ^
  symbol:   method setCustomName(Component)
  location: variable bucket of type ItemStack
C:\Users\justi\Documents\GitHub\AlexsMobs-26.2\src\main\java\com\github\alexthe666\alexsmobs\entity\EntityCatfish.java:249: error: cannot find symbol
        CompoundTag compound = bucket.getOrCreateTag();
                                     ^
  symbol:   method getOrCreateTag()
  location: variable bucket of type ItemStack
C:\Users\justi\Documents\GitHub\AlexsMobs-26.2\src\main\java\com\github\alexthe666\alexsmobs\entity\EntityCatfish.java:250: error: incompatible types: CompoundTag cannot be converted to ValueOutput
        addAdditionalSaveData(compound);
                              ^
C:\Users\justi\Documents\GitHub\AlexsMobs-26.2\src\main\java\com\github\alexthe666\alexsmobs\entity\EntityCatfish.java:256: error: incompatible types: CompoundTag cannot be converted to ValueInput
        readAdditionalSaveData(compound);
                               ^
C:\Users\justi\Documents\GitHub\AlexsMobs-26.2\src\main\java\com\github\alexthe666\alexsmobs\entity\EntityCatfish.java:320: error: getDimensions(Pose) in EntityCatfish cannot override getDimensions(Pose) in LivingEntity
    public EntityDimensions getDimensions(Pose poseIn) {
                            ^
  overridden method is final
C:\Users\justi\Documents\GitHub\AlexsMobs-26.2\src\main\java\com\github\alexthe666\alexsmobs\entity\EntityCatfish.java:324: error: hurt(DamageSource,float) in EntityCatfish cannot override hurt(DamageSource,float) in Entity
    public boolean hurt(DamageSource source, float f) {
                   ^
  overridden method is final
C:\Users\justi\Documents\GitHub\AlexsMobs-26.2\src\main\java\com\github\alexthe666\alexsmobs\entity\EntityCatfish.java:325: error: incompatible types: void cannot be converted to boolean
        if(super.hurt(source, f)){
                     ^
C:\Users\justi\Documents\GitHub\AlexsMobs-26.2\src\main\java\com\github\alexthe666\alexsmobs\entity\EntityCatfish.java:339: error: cannot find symbol
            return InteractionResult.sidedSuccess(this.level().isClientSide());
                                    ^
  symbol:   method sidedSuccess(boolean)
  location: interface InteractionResult
C:\Users\justi\Documents\GitHub\AlexsMobs-26.2\src\main\java\com\github\alexthe666\alexsmobs\entity\EntityCatfish.java:355: error: cannot find symbol
                    itemstack.save(CompoundNBT);
                             ^
  symbol:   method save(CompoundTag)
  location: variable itemstack of type ItemStack
C:\Users\justi\Documents\GitHub\AlexsMobs-26.2\src\main\java\com\github\alexthe666\alexsmobs\entity\EntityCatfish.java:359: error: cannot find symbol
            compound.put("Items", nbttaglist);
                    ^
  symbol:   method put(String,ListTag)
  location: variable compound of type ValueOutput
C:\Users\justi\Documents\GitHub\AlexsMobs-26.2\src\main\java\com\github\alexthe666\alexsmobs\entity\EntityCatfish.java:362: error: cannot find symbol
        compound.put("ContainedData", this.getSwallowedData());
                ^
  symbol:   method put(String,CompoundTag)
  location: variable compound of type ValueOutput
C:\Users\justi\Documents\GitHub\AlexsMobs-26.2\src\main\java\com\github\alexthe666\alexsmobs\entity\EntityCatfish.java:371: error: cannot find symbol
            final ListTag nbttaglist = compound.getListOrEmpty("Items");
                                               ^
  symbol:   method getListOrEmpty(String)
  location: variable compound of type ValueInput
C:\Users\justi\Documents\GitHub\AlexsMobs-26.2\src\main\java\com\github\alexthe666\alexsmobs\entity\EntityCatfish.java:375: error: bad operand types for binary operator '&'
                final int j = CompoundNBT.getByte("Slot") & 255;
                                                          ^
  first type:  Optional<Byte>
  second type: int
C:\Users\justi\Documents\GitHub\AlexsMobs-26.2\src\main\java\com\github\alexthe666\alexsmobs\entity\EntityCatfish.java:376: error: cannot find symbol
                this.catfishInventory.setItem(j, ItemStack.of(CompoundNBT));
                                                          ^
  symbol:   method of(CompoundTag)
  location: class ItemStack
C:\Users\justi\Documents\GitHub\AlexsMobs-26.2\src\main\java\com\github\alexthe666\alexsmobs\entity\EntityCatfish.java:380: error: cannot find symbol
        if (!compound.getCompound("ContainedData").isEmpty()) {
                     ^
  symbol:   method getCompound(String)
  location: variable compound of type ValueInput
C:\Users\justi\Documents\GitHub\AlexsMobs-26.2\src\main\java\com\github\alexthe666\alexsmobs\entity\EntityCatfish.java:381: error: cannot find symbol
            this.setSwallowedData(compound.getCompoundOrEmpty("ContainedData"));
                                          ^
  symbol:   method getCompoundOrEmpty(String)
  location: variable compound of type ValueInput
C:\Users\justi\Documents\GitHub\AlexsMobs-26.2\src\main\java\com\github\alexthe666\alexsmobs\entity\EntityCatfish.java:399: error: cannot find symbol
            if (holder.is(AMTagRegistry.SPAWNS_HUGE_CATFISH) || reason == EntitySpawnReason.SPAWN_EGG) {
                                                                                           ^
  symbol:   variable SPAWN_EGG
  location: class EntitySpawnReason
C:\Users\justi\Documents\GitHub\AlexsMobs-26.2\src\main\java\com\github\alexthe666\alexsmobs\entity\EntityCatfish.java:403: error: method finalizeSpawn in class Mob cannot be applied to given types;
        return super.finalizeSpawn(worldIn, difficultyIn, reason, spawnDataIn, dataTag);
                    ^
  required: ServerLevelAccessor,DifficultyInstance,EntitySpawnReason,SpawnGroupData
  found:    ServerLevelAccessor,DifficultyInstance,EntitySpawnReason,SpawnGroupData,CompoundTag
  reason: actual and formal argument lists differ in length
C:\Users\justi\Documents\GitHub\AlexsMobs-26.2\src\main\java\com\github\alexthe666\alexsmobs\entity\EntityCatfish.java:422: error: method does not override or implement a method from a supertype
    @Override
    ^
C:\Users\justi\Documents\GitHub\AlexsMobs-26.2\src\main\java\com\github\alexthe666\alexsmobs\entity\EntityCatfish.java:427: error: method does not override or implement a method from a supertype
    @Override
    ^
C:\Users\justi\Documents\GitHub\AlexsMobs-26.2\src\main\java\com\github\alexthe666\alexsmobs\entity\EntityCatfish.java:435: error: incompatible types: Reference<SoundEvent> cannot be converted to SoundEvent
            this.playSound(SoundEvents.GENERIC_EAT, this.getSoundVolume(), this.getVoicePitch());
                                      ^
C:\Users\justi\Documents\GitHub\AlexsMobs-26.2\src\main\java\com\github\alexthe666\alexsmobs\entity\EntityCatfish.java:465: error: incompatible types: CompoundTag cannot be converted to ValueOutput
            mob.addAdditionalSaveData(tag);
                                      ^
C:\Users\justi\Documents\GitHub\AlexsMobs-26.2\src\main\java\com\github\alexthe666\alexsmobs\entity\EntityCatfish.java:468: error: incompatible types: Reference<SoundEvent> cannot be converted to SoundEvent
            this.playSound(SoundEvents.GENERIC_EAT, this.getSoundVolume(), this.getVoicePitch());
                                      ^
C:\Users\justi\Documents\GitHub\AlexsMobs-26.2\src\main\java\com\github\alexthe666\alexsmobs\entity\EntityCatfish.java:488: error: no suitable method found for create(Level)
                    Entity entity = type.create(level());
                                        ^
    method EntityType.create(ServerLevel,PostSpawnProcessor,BlockPos,EntitySpawnReason,boolean,boolean) is not applicable
      (actual and formal argument lists differ in length)
    method EntityType.create(Level,EntitySpawnReason) is not applicable
      (actual and formal argument lists differ in length)
    method EntityType.create(Level,EntitySpawnRequest) is not applicable
      (actual and formal argument lists differ in length)
    method EntityType.create(ValueInput,Level,EntitySpawnRequest) is not applicable
      (actual and formal argument lists differ in length)
    method EntityType.create(EntityType<?>,ValueInput,Level,EntitySpawnReason) is not applicable
      (actual and formal argument lists differ in length)
C:\Users\justi\Documents\GitHub\AlexsMobs-26.2\src\main\java\com\github\alexthe666\alexsmobs\entity\EntityCatfish.java:490: error: incompatible types: CompoundTag cannot be converted to ValueInput
                        alive.readAdditionalSaveData(this.getSwallowedData());
                                                                          ^
C:\Users\justi\Documents\GitHub\AlexsMobs-26.2\src\main\java\com\github\alexthe666\alexsmobs\entity\EntityCatfish.java:534: error: cannot find symbol
            return !entity.getType().is(AMTagRegistry.CATFISH_IGNORE_EATING) && entity instanceof Mob && !(entity instanceof EntityCatfish) && entity.getBbHeight() <= 1.0F;
                                    ^
  symbol:   method is(TagKey<EntityType<?>>)
  location: class EntityType<CAP#1>
  where CAP#1 is a fresh type-variable:
    CAP#1 extends Entity from capture of ?
C:\Users\justi\Documents\GitHub\AlexsMobs-26.2\src\main\java\com\github\alexthe666\alexsmobs\entity\EntityCatfish.java:555: error: method does not override or implement a method from a supertype
    @Override
    ^
C:\Users\justi\Documents\GitHub\AlexsMobs-26.2\src\main\java\com\github\alexthe666\alexsmobs\entity\EntityCatfish.java:612: error: incompatible types: Reference<SoundEvent> cannot be converted to SoundEvent
                        catfish.playSound(SoundEvents.GENERIC_EAT, catfish.getSoundVolume(), catfish.getVoicePitch());
                                                     ^
C:\Users\justi\Documents\GitHub\AlexsMobs-26.2\src\main\java\com\github\alexthe666\alexsmobs\client\model\ModelCockroach.java:193: error: cannot find symbol
        if (this.young) {
                ^
  symbol: variable young
C:\Users\justi\Documents\GitHub\AlexsMobs-26.2\src\main\java\com\github\alexthe666\alexsmobs\client\model\ModelCockroach.java:199: error: no suitable method found for render(PoseStack,VertexConsumer,int,int,float,float,float,float)
                p_228292_8_.render(matrixStackIn, bufferIn, packedLightIn, packedOverlayIn, red, green, blue, alpha);
                           ^
    method BasicModelPart.render(PoseStack,VertexConsumer,int,int) is not applicable
      (actual and formal argument lists differ in length)
    method BasicModelPart.render(PoseStack,VertexConsumer,int,int,int) is not applicable
      (actual and formal argument lists differ in length)
C:\Users\justi\Documents\GitHub\AlexsMobs-26.2\src\main\java\com\github\alexthe666\alexsmobs\client\model\ModelCockroach.java:206: error: no suitable method found for render(PoseStack,VertexConsumer,int,int,float,float,float,float)
                p_228290_8_.render(matrixStackIn, bufferIn, packedLightIn, packedOverlayIn, red, green, blue, alpha);
                           ^
    method BasicModelPart.render(PoseStack,VertexConsumer,int,int) is not applicable
      (actual and formal argument lists differ in length)
    method BasicModelPart.render(PoseStack,VertexConsumer,int,int,int) is not applicable
      (actual and formal argument lists differ in length)
C:\Users\justi\Documents\GitHub\AlexsMobs-26.2\src\main\java\com\github\alexthe666\alexsmobs\entity\EntityCockroach.java:50: error: EntityCockroach is not abstract and does not override abstract method shear(ServerLevel,SoundSource,ItemStack) in Shearable
public class EntityCockroach extends Animal implements Shearable, net.neoforged.neoforge.common.IShearable, ITargetsDroppedItems {
       ^
C:\Users\justi\Documents\GitHub\AlexsMobs-26.2\src\main\java\com\github\alexthe666\alexsmobs\entity\EntityCockroach.java:58: error: cannot find symbol
    private static final EntityDataAccessor<Optional<UUID>> NEAREST_MUSICIAN = SynchedEntityData.defineId(EntityCockroach.class, EntityDataSerializers.OPTIONAL_UUID);
                                                                                                                                                      ^
  symbol:   variable OPTIONAL_UUID
  location: class EntityDataSerializers
C:\Users\justi\Documents\GitHub\AlexsMobs-26.2\src\main\java\com\github\alexthe666\alexsmobs\entity\EntityCockroach.java:118: error: no suitable method found for of(TagKey<Item>)
        this.goalSelector.addGoal(3, new TemptGoal(this, 1.0D, Ingredient.of(AMTagRegistry.COCKROACH_FOODSTUFFS), false));
                                                                         ^
    method Ingredient.of(ItemLike) is not applicable
      (argument mismatch; TagKey<Item> cannot be converted to ItemLike)
    method Ingredient.of(ItemLike...) is not applicable
      (varargs mismatch; TagKey<Item> cannot be converted to ItemLike)
    method Ingredient.of(Stream<? extends ItemLike>) is not applicable
      (argument mismatch; TagKey<Item> cannot be converted to Stream<? extends ItemLike>)
    method Ingredient.of(HolderSet<Item>) is not applicable
      (argument mismatch; TagKey<Item> cannot be converted to HolderSet<Item>)
C:\Users\justi\Documents\GitHub\AlexsMobs-26.2\src\main\java\com\github\alexthe666\alexsmobs\entity\EntityCockroach.java:136: error: hurt(DamageSource,float) in EntityCockroach cannot override hurt(DamageSource,float) in Entity
    public boolean hurt(DamageSource source, float amount) {
                   ^
  overridden method is final
C:\Users\justi\Documents\GitHub\AlexsMobs-26.2\src\main\java\com\github\alexthe666\alexsmobs\entity\EntityCockroach.java:137: error: incompatible types: void cannot be converted to boolean
        boolean prev = super.hurt(source, amount);
                                 ^
C:\Users\justi\Documents\GitHub\AlexsMobs-26.2\src\main\java\com\github\alexthe666\alexsmobs\entity\EntityCockroach.java:170: error: cannot find symbol
        if (compound.contains("EggTime")) {
                    ^
  symbol:   method contains(String)
  location: variable compound of type ValueInput
C:\Users\justi\Documents\GitHub\AlexsMobs-26.2\src\main\java\com\github\alexthe666\alexsmobs\entity\EntityCockroach.java:177: error: cannot find symbol
        return this.hasMaracas() ? this.isHeadless() ? MARACA_HEADLESS_LOOT : MARACA_LOOT : super.getDefaultLootTable();
                                                                                                 ^
  symbol: method getDefaultLootTable()
C:\Users\justi\Documents\GitHub\AlexsMobs-26.2\src\main\java\com\github\alexthe666\alexsmobs\entity\EntityCockroach.java:184: error: getDimensions(Pose) in EntityCockroach cannot override getDimensions(Pose) in LivingEntity
    public EntityDimensions getDimensions(Pose poseIn) {
                            ^
  overridden method is final
C:\Users\justi\Documents\GitHub\AlexsMobs-26.2\src\main\java\com\github\alexthe666\alexsmobs\entity\EntityCockroach.java:188: error: method does not override or implement a method from a supertype
    @Override
    ^
C:\Users\justi\Documents\GitHub\AlexsMobs-26.2\src\main\java\com\github\alexthe666\alexsmobs\entity\EntityCockroach.java:190: error: method isInvulnerableTo in class LivingEntity cannot be applied to given types;
        return source.is(DamageTypes.FALL) || source.is(DamageTypes.DROWN) || source.is(DamageTypes.IN_WALL)  || source.is(DamageTypeTags.IS_EXPLOSION) || source.getMsgId().equals("anvil") || super.isInvulnerableTo(source);
                                                                                                                                                                                                     ^
  required: ServerLevel,DamageSource
  found:    DamageSource
  reason: actual and formal argument lists differ in length
C:\Users\justi\Documents\GitHub\AlexsMobs-26.2\src\main\java\com\github\alexthe666\alexsmobs\entity\EntityCockroach.java:198: error: cannot find symbol
            return InteractionResult.sidedSuccess(this.level().isClientSide());
                                    ^
  symbol:   method sidedSuccess(boolean)
  location: interface InteractionResult
C:\Users\justi\Documents\GitHub\AlexsMobs-26.2\src\main\java\com\github\alexthe666\alexsmobs\entity\EntityCockroach.java:202: error: no suitable method found for spawnAtLocation(ItemStack)
            this.spawnAtLocation(new ItemStack(AMItemRegistry.MARACA.get()));
                ^
    method Entity.spawnAtLocation(ServerLevel,ItemLike) is not applicable
      (actual and formal argument lists differ in length)
    method Entity.spawnAtLocation(ServerLevel,ItemStack) is not applicable
      (actual and formal argument lists differ in length)
    method Entity.spawnAtLocation(ServerLevel,ItemStack,Vec3) is not applicable
      (actual and formal argument lists differ in length)
    method Entity.spawnAtLocation(ServerLevel,ItemStack,float) is not applicable
      (actual and formal argument lists differ in length)
C:\Users\justi\Documents\GitHub\AlexsMobs-26.2\src\main\java\com\github\alexthe666\alexsmobs\entity\EntityCockroach.java:312: error: no suitable method found for spawnAtLocation(Item)
           ItemEntity dropped = this.spawnAtLocation(AMItemRegistry.COCKROACH_OOTHECA.get());
                                    ^
    method Entity.spawnAtLocation(ServerLevel,ItemLike) is not applicable
      (actual and formal argument lists differ in length)
    method Entity.spawnAtLocation(ServerLevel,ItemStack) is not applicable
      (actual and formal argument lists differ in length)
    method Entity.spawnAtLocation(ServerLevel,ItemStack,Vec3) is not applicable
      (actual and formal argument lists differ in length)
    method Entity.spawnAtLocation(ServerLevel,ItemStack,float) is not applicable
      (actual and formal argument lists differ in length)
C:\Users\justi\Documents\GitHub\AlexsMobs-26.2\src\main\java\com\github\alexthe666\alexsmobs\entity\EntityCockroach.java:365: error: no suitable method found for create(ServerLevel)
        final EntityCockroach roach = AMEntityRegistry.COCKROACH.get().create(serverWorld);
                                                                      ^
    method EntityType.create(ServerLevel,@org.jspecify.annotations.Nullable PostSpawnProcessor<EntityCockroach>,BlockPos,EntitySpawnReason,boolean,boolean) is not applicable
      (actual and formal argument lists differ in length)
    method EntityType.create(Level,EntitySpawnReason) is not applicable
      (actual and formal argument lists differ in length)
    method EntityType.create(Level,EntitySpawnRequest) is not applicable
      (actual and formal argument lists differ in length)
    method EntityType.create(ValueInput,Level,EntitySpawnRequest) is not applicable
      (actual and formal argument lists differ in length)
    method EntityType.create(EntityType<?>,ValueInput,Level,EntitySpawnReason) is not applicable
      (actual and formal argument lists differ in length)
C:\Users\justi\Documents\GitHub\AlexsMobs-26.2\src\main\java\com\github\alexthe666\alexsmobs\entity\EntityCockroach.java:374: error: method does not override or implement a method from a supertype
    @Override
    ^
C:\Users\justi\Documents\GitHub\AlexsMobs-26.2\src\main\java\com\github\alexthe666\alexsmobs\entity\EntityCockroach.java:379: error: method does not override or implement a method from a supertype
    @Override
    ^
C:\Users\justi\Documents\GitHub\AlexsMobs-26.2\src\main\java\com\github\alexthe666\alexsmobs\entity\EntityCockroach.java:388: error: method does not override or implement a method from a supertype
    @Override
    ^
C:\Users\justi\Documents\GitHub\AlexsMobs-26.2\src\main\java\com\github\alexthe666\alexsmobs\entity\EntityCockroach.java:404: error: cannot find symbol
        return stack.getItem().isEdible() || stack.is(AMTagRegistry.COCKROACH_BREEDABLES);
                              ^
  symbol:   method isEdible()
  location: class Item
C:\Users\justi\Documents\GitHub\AlexsMobs-26.2\src\main\java\com\github\alexthe666\alexsmobs\entity\EntityCockroach.java:423: error: cannot find symbol
            if (e.getItem().hasCraftingRemainingItem()) {
                           ^
  symbol:   method hasCraftingRemainingItem()
  location: class ItemStack
C:\Users\justi\Documents\GitHub\AlexsMobs-26.2\src\main\java\com\github\alexthe666\alexsmobs\entity\EntityCockroach.java:424: error: cannot find symbol
                this.spawnAtLocation(e.getItem().getCraftingRemainingItem().copy());
                                                ^
  symbol:   method getCraftingRemainingItem()
  location: class ItemStack
C:\Users\justi\Documents\GitHub\AlexsMobs-26.2\src\main\java\com\github\alexthe666\alexsmobs\entity\EntityCombJelly.java:74: error: cannot find symbol
        float time = iServerWorld.getTimeOfDay(1.0F);
                                 ^
  symbol:   method getTimeOfDay(float)
  location: variable iServerWorld of type ServerLevelAccessor
C:\Users\justi\Documents\GitHub\AlexsMobs-26.2\src\main\java\com\github\alexthe666\alexsmobs\entity\EntityCombJelly.java:145: error: cannot find symbol
            stack.setCustomName(this.getCustomName());
                 ^
  symbol:   method setCustomName(Component)
  location: variable stack of type ItemStack
C:\Users\justi\Documents\GitHub\AlexsMobs-26.2\src\main\java\com\github\alexthe666\alexsmobs\entity\EntityCombJelly.java:249: error: cannot find symbol
            bucket.setCustomName(this.getCustomName());
                  ^
  symbol:   method setCustomName(Component)
  location: variable bucket of type ItemStack
C:\Users\justi\Documents\GitHub\AlexsMobs-26.2\src\main\java\com\github\alexthe666\alexsmobs\entity\EntityCombJelly.java:252: error: cannot find symbol
        CompoundTag compoundnbt = bucket.getOrCreateTag();
                                        ^
  symbol:   method getOrCreateTag()
  location: variable bucket of type ItemStack
C:\Users\justi\Documents\GitHub\AlexsMobs-26.2\src\main\java\com\github\alexthe666\alexsmobs\entity\EntityCombJelly.java:272: error: method finalizeSpawn in class Mob cannot be applied to given types;
        return super.finalizeSpawn(worldIn, difficultyIn, reason, spawnDataIn, dataTag);
                    ^
  required: ServerLevelAccessor,DifficultyInstance,EntitySpawnReason,SpawnGroupData
  found:    ServerLevelAccessor,DifficultyInstance,EntitySpawnReason,SpawnGroupData,CompoundTag
  reason: actual and formal argument lists differ in length
C:\Users\justi\Documents\GitHub\AlexsMobs-26.2\src\main\java\com\github\alexthe666\alexsmobs\client\model\ModelCosmaw.java:215: error: method does not override or implement a method from a supertype
    @Override
    ^
C:\Users\justi\Documents\GitHub\AlexsMobs-26.2\src\main\java\com\github\alexthe666\alexsmobs\client\model\ModelCosmaw.java:217: error: cannot find symbol
        if (this.young) {
                ^
  symbol: variable young
C:\Users\justi\Documents\GitHub\AlexsMobs-26.2\src\main\java\com\github\alexthe666\alexsmobs\client\model\ModelCosmaw.java:225: error: no suitable method found for render(PoseStack,VertexConsumer,int,int,float,float,float,float)
                p_228292_8_.render(matrixStackIn, bufferIn, packedLightIn, packedOverlayIn, red, green, blue, alpha);
                           ^
    method BasicModelPart.render(PoseStack,VertexConsumer,int,int) is not applicable
      (actual and formal argument lists differ in length)
    method BasicModelPart.render(PoseStack,VertexConsumer,int,int,int) is not applicable
      (actual and formal argument lists differ in length)
C:\Users\justi\Documents\GitHub\AlexsMobs-26.2\src\main\java\com\github\alexthe666\alexsmobs\client\model\ModelCosmaw.java:232: error: no suitable method found for render(PoseStack,VertexConsumer,int,int,float,float,float,float)
                p_228290_8_.render(matrixStackIn, bufferIn, packedLightIn, packedOverlayIn, red, green, blue, alpha);
                           ^
    method BasicModelPart.render(PoseStack,VertexConsumer,int,int) is not applicable
      (actual and formal argument lists differ in length)
    method BasicModelPart.render(PoseStack,VertexConsumer,int,int,int) is not applicable
      (actual and formal argument lists differ in length)
C:\Users\justi\Documents\GitHub\AlexsMobs-26.2\src\main\java\com\github\alexthe666\alexsmobs\entity\ai\AnimalAITemptDistance.java:33: error: incompatible types: invalid method reference
        this.targetingConditions = TargetingConditions.forNonCombat().range(distance).ignoreLineOfSight().copy().selector(this::shouldFollow);
                                                                                                                          ^
    method shouldFollow in class AnimalAITemptDistance cannot be applied to given types
      required: LivingEntity
      found:    LivingEntity,ServerLevel
      reason: actual and formal argument lists differ in length
C:\Users\justi\Documents\GitHub\AlexsMobs-26.2\src\main\java\com\github\alexthe666\alexsmobs\entity\ai\AnimalAITemptDistance.java:41: error: incompatible types: TargetingConditions cannot be converted to Entity
            this.player = this.mob.level().getNearestPlayer(this.targetingConditions, this.mob);
                                                                ^
C:\Users\justi\Documents\GitHub\AlexsMobs-26.2\src\main\java\com\github\alexthe666\alexsmobs\entity\EntityCosmaw.java:114: error: no suitable method found for of(TagKey<Item>)
        this.goalSelector.addGoal(6, new AnimalAITemptDistance(this, 1.1D, Ingredient.of(AMTagRegistry.COSMAW_FOODSTUFFS), false, 25) {
                                                                                     ^
    method Ingredient.of(ItemLike) is not applicable
      (argument mismatch; TagKey<Item> cannot be converted to ItemLike)
    method Ingredient.of(ItemLike...) is not applicable
      (varargs mismatch; TagKey<Item> cannot be converted to ItemLike)
    method Ingredient.of(Stream<? extends ItemLike>) is not applicable
      (argument mismatch; TagKey<Item> cannot be converted to Stream<? extends ItemLike>)
    method Ingredient.of(HolderSet<Item>) is not applicable
      (argument mismatch; TagKey<Item> cannot be converted to HolderSet<Item>)
C:\Users\justi\Documents\GitHub\AlexsMobs-26.2\src\main\java\com\github\alexthe666\alexsmobs\entity\EntityCosmaw.java:204: error: cannot find symbol
            passenger.setPos(this.getX(), this.getY() - bob + 0.3F - this.getPassengersRidingOffset(), this.getZ());
                                                                         ^
  symbol: method getPassengersRidingOffset()
C:\Users\justi\Documents\GitHub\AlexsMobs-26.2\src\main\java\com\github\alexthe666\alexsmobs\entity\EntityCosmaw.java:256: error: incompatible types: CompoundTag cannot be converted to ValueOutput
                        fish.addAdditionalSaveData(fishNbt);
                                                   ^
C:\Users\justi\Documents\GitHub\AlexsMobs-26.2\src\main\java\com\github\alexthe666\alexsmobs\entity\EntityCosmaw.java:257: error: cannot find symbol
                        fishNbt.putString("DeathLootTable", BuiltInLootTables.EMPTY.toString());
                                                                             ^
  symbol:   variable EMPTY
  location: class BuiltInLootTables
C:\Users\justi\Documents\GitHub\AlexsMobs-26.2\src\main\java\com\github\alexthe666\alexsmobs\entity\EntityCosmaw.java:258: error: incompatible types: CompoundTag cannot be converted to ValueInput
                        fish.readAdditionalSaveData(fishNbt);
                                                    ^
C:\Users\justi\Documents\GitHub\AlexsMobs-26.2\src\main\java\com\github\alexthe666\alexsmobs\entity\EntityCosmaw.java:278: error: method setTame in class TamableAnimal cannot be applied to given types;
                        this.setTame(true);
                            ^
  required: boolean,boolean
  found:    boolean
  reason: actual and formal argument lists differ in length
C:\Users\justi\Documents\GitHub\AlexsMobs-26.2\src\main\java\com\github\alexthe666\alexsmobs\entity\EntityCosmaw.java:280: error: cannot find symbol
                        this.setOwnerUUID(this.fishThrowerID);
                            ^
  symbol: method setOwnerUUID(UUID)
C:\Users\justi\Documents\GitHub\AlexsMobs-26.2\src\main\java\com\github\alexthe666\alexsmobs\entity\EntityCosmaw.java:290: error: cannot find symbol
                if (this.getMainHandItem().hasCraftingRemainingItem()) {
                                          ^
  symbol:   method hasCraftingRemainingItem()
  location: class ItemStack
C:\Users\justi\Documents\GitHub\AlexsMobs-26.2\src\main\java\com\github\alexthe666\alexsmobs\entity\EntityCosmaw.java:291: error: cannot find symbol
                    this.spawnAtLocation(this.getMainHandItem().getCraftingRemainingItem());
                                                               ^
  symbol:   method getCraftingRemainingItem()
  location: class ItemStack
C:\Users\justi\Documents\GitHub\AlexsMobs-26.2\src\main\java\com\github\alexthe666\alexsmobs\entity\EntityCosmaw.java:362: error: cannot find symbol
            player.displayClientMessage(Component.translatable("entity.alexsmobs.all.command_" + this.getCommand(), this.getName()), true);
                  ^
  symbol:   method displayClientMessage(MutableComponent,boolean)
  location: variable player of type Player
C:\Users\justi\Documents\GitHub\AlexsMobs-26.2\src\main\java\com\github\alexthe666\alexsmobs\entity\EntityCosmaw.java:392: error: isAlliedTo(Entity) in EntityCosmaw cannot override isAlliedTo(@org.jspecify.annotations.Nullable Entity) in Entity
    public boolean isAlliedTo(Entity entityIn) {
                   ^
  overridden method is final
C:\Users\justi\Documents\GitHub\AlexsMobs-26.2\src\main\java\com\github\alexthe666\alexsmobs\entity\EntityCosmaw.java:411: error: no suitable method found for create(Level)
        return AMEntityRegistry.COSMAW.get().create(level());
                                            ^
    method EntityType.create(ServerLevel,@org.jspecify.annotations.Nullable PostSpawnProcessor<EntityCosmaw>,BlockPos,EntitySpawnReason,boolean,boolean) is not applicable
      (actual and formal argument lists differ in length)
    method EntityType.create(Level,EntitySpawnReason) is not applicable
      (actual and formal argument lists differ in length)
    method EntityType.create(Level,EntitySpawnRequest) is not applicable
      (actual and formal argument lists differ in length)
    method EntityType.create(ValueInput,Level,EntitySpawnRequest) is not applicable
      (actual and formal argument lists differ in length)
    method EntityType.create(EntityType<?>,ValueInput,Level,EntitySpawnReason) is not applicable
      (actual and formal argument lists differ in length)
C:\Users\justi\Documents\GitHub\AlexsMobs-26.2\src\main\java\com\github\alexthe666\alexsmobs\entity\EntityCosmaw.java:435: error: no suitable method found for spawnAtLocation(ItemStack,float)
            this.spawnAtLocation(this.getItemInHand(InteractionHand.MAIN_HAND), 0.0F);
                ^
    method Entity.spawnAtLocation(ServerLevel,ItemLike) is not applicable
      (argument mismatch; ItemStack cannot be converted to ServerLevel)
    method Entity.spawnAtLocation(ServerLevel,ItemStack) is not applicable
      (argument mismatch; ItemStack cannot be converted to ServerLevel)
C:\Users\justi\Documents\GitHub\AlexsMobs-26.2\src\main\java\com\github\alexthe666\alexsmobs\entity\EntityCosmicCod.java:120: error: cannot find symbol
            stack.setCustomName(this.getCustomName());
                 ^
  symbol:   method setCustomName(Component)
  location: variable stack of type ItemStack
C:\Users\justi\Documents\GitHub\AlexsMobs-26.2\src\main\java\com\github\alexthe666\alexsmobs\entity\EntityCosmicCod.java:128: error: cannot find symbol
            bucket.setCustomName(this.getCustomName());
                  ^
  symbol:   method setCustomName(Component)
  location: variable bucket of type ItemStack
C:\Users\justi\Documents\GitHub\AlexsMobs-26.2\src\main\java\com\github\alexthe666\alexsmobs\entity\EntityCosmicCod.java:131: error: incompatible types: CompoundTag cannot be converted to ValueOutput
        this.addAdditionalSaveData(platTag);
                                   ^
C:\Users\justi\Documents\GitHub\AlexsMobs-26.2\src\main\java\com\github\alexthe666\alexsmobs\entity\EntityCosmicCod.java:132: error: cannot find symbol
        CompoundTag compound = bucket.getOrCreateTag();
                                     ^
  symbol:   method getOrCreateTag()
  location: variable bucket of type ItemStack
C:\Users\justi\Documents\GitHub\AlexsMobs-26.2\src\main\java\com\github\alexthe666\alexsmobs\entity\EntityCosmicCod.java:139: error: incompatible types: Optional<CompoundTag> cannot be converted to ValueInput
            this.readAdditionalSaveData(compound.getCompound("CosmicCodData"));
                                                            ^
C:\Users\justi\Documents\GitHub\AlexsMobs-26.2\src\main\java\com\github\alexthe666\alexsmobs\entity\EntityCosmicCod.java:240: error: hurt(DamageSource,float) in EntityCosmicCod cannot override hurt(DamageSource,float) in Entity
    public boolean hurt(DamageSource source, float amount) {
                   ^
  overridden method is final
C:\Users\justi\Documents\GitHub\AlexsMobs-26.2\src\main\java\com\github\alexthe666\alexsmobs\entity\EntityCosmicCod.java:241: error: incompatible types: void cannot be converted to boolean
        boolean prev = super.hurt(source, amount);
                                 ^
C:\Users\justi\Documents\GitHub\AlexsMobs-26.2\src\main\java\com\github\alexthe666\alexsmobs\entity\EntityCosmicCod.java:316: error: cannot find symbol
            net.neoforged.neoforge.event.entity.EntityTeleportEvent.EnderEntity event = net.neoforged.neoforge.event.ForgeEventFactory.onEnderTeleport(this, x, y, z);
                                                                                                                    ^
  symbol:   class ForgeEventFactory
  location: package net.neoforged.neoforge.event
C:\Users\justi\Documents\GitHub\AlexsMobs-26.2\src\main\java\com\github\alexthe666\alexsmobs\entity\EntityCosmicCod.java:405: error: method finalizeSpawn in class Mob cannot be applied to given types;
        return super.finalizeSpawn(worldIn, difficultyIn, reason, spawnDataIn, dataTag);
                    ^
  required: ServerLevelAccessor,DifficultyInstance,EntitySpawnReason,SpawnGroupData
  found:    ServerLevelAccessor,DifficultyInstance,EntitySpawnReason,SpawnGroupData,CompoundTag
  reason: actual and formal argument lists differ in length
C:\Users\justi\Documents\GitHub\AlexsMobs-26.2\src\main\java\com\github\alexthe666\alexsmobs\entity\EntityCosmicCod.java:429: error: cannot find symbol
            return InteractionResult.sidedSuccess(this.level().isClientSide());
                                    ^
  symbol:   method sidedSuccess(boolean)
  location: interface InteractionResult
C:\Users\justi\Documents\GitHub\AlexsMobs-26.2\src\main\java\com\github\alexthe666\alexsmobs\entity\EntityCrimsonMosquito.java:80: error: cannot find symbol
        return mob.hasEffect(AMEffectRegistry.MOSQUITO_REPELLENT.get()) || mob instanceof EntityTriops;
                                             ^
  symbol:   variable MOSQUITO_REPELLENT
  location: class AMEffectRegistry
C:\Users\justi\Documents\GitHub\AlexsMobs-26.2\src\main\java\com\github\alexthe666\alexsmobs\entity\EntityCrimsonMosquito.java:83: error: cannot find symbol
        return !mob.hasEffect(AMEffectRegistry.MOSQUITO_REPELLENT.get());
                                              ^
  symbol:   variable MOSQUITO_REPELLENT
  location: class AMEffectRegistry
C:\Users\justi\Documents\GitHub\AlexsMobs-26.2\src\main\java\com\github\alexthe666\alexsmobs\entity\EntityCrimsonMosquito.java:105: error: cannot find symbol
        this.setPathfindingMalus(PathType.DANGER_FIRE, 0.0F);
                                         ^
  symbol:   variable DANGER_FIRE
  location: class PathType
C:\Users\justi\Documents\GitHub\AlexsMobs-26.2\src\main\java\com\github\alexthe666\alexsmobs\entity\EntityCrimsonMosquito.java:106: error: cannot find symbol
        this.setPathfindingMalus(PathType.DAMAGE_FIRE, 0.0F);
                                         ^
  symbol:   variable DAMAGE_FIRE
  location: class PathType
C:\Users\justi\Documents\GitHub\AlexsMobs-26.2\src\main\java\com\github\alexthe666\alexsmobs\entity\EntityCrimsonMosquito.java:119: error: incompatible types: ParticleType<ColorParticleOption> cannot be converted to ParticleOptions
            this.level().addParticle(ParticleTypes.ENTITY_EFFECT, this.getX() + this.random.nextDouble() / 2.0D, this.getY(0.5D), this.getZ() + this.random.nextDouble() / 2.0D, this.random.nextDouble() * 0.5F + 0.5F, 0, 0.0D);
                                                  ^
C:\Users\justi\Documents\GitHub\AlexsMobs-26.2\src\main\java\com\github\alexthe666\alexsmobs\entity\EntityCrimsonMosquito.java:144: error: cannot find symbol
        return this.isFromFly() ? FROM_FLY_LOOT : super.getDefaultLootTable();
                                                       ^
  symbol: method getDefaultLootTable()
C:\Users\justi\Documents\GitHub\AlexsMobs-26.2\src\main\java\com\github\alexthe666\alexsmobs\entity\EntityCrimsonMosquito.java:213: error: method does not override or implement a method from a supertype
    @Override
    ^
C:\Users\justi\Documents\GitHub\AlexsMobs-26.2\src\main\java\com\github\alexthe666\alexsmobs\entity\EntityCrimsonMosquito.java:215: error: method isInvulnerableTo in class LivingEntity cannot be applied to given types;
        return source.is(DamageTypes.FALL) || source.is(DamageTypes.DROWN) || source.is(DamageTypes.IN_WALL) || source.is(DamageTypes.LAVA) || source.is(DamageTypeTags.IS_FIRE) || super.isInvulnerableTo(source);
                                                                                                                                                                                         ^
  required: ServerLevel,DamageSource
  found:    DamageSource
  reason: actual and formal argument lists differ in length
C:\Users\justi\Documents\GitHub\AlexsMobs-26.2\src\main\java\com\github\alexthe666\alexsmobs\entity\EntityCrimsonMosquito.java:218: error: hurt(DamageSource,float) in EntityCrimsonMosquito cannot override hurt(DamageSource,float) in Entity
    public boolean hurt(DamageSource source, float amount) {
                   ^
  overridden method is final
C:\Users\justi\Documents\GitHub\AlexsMobs-26.2\src\main\java\com\github\alexthe666\alexsmobs\entity\EntityCrimsonMosquito.java:220: error: incompatible types: void cannot be converted to boolean
            return super.hurt(source, amount * 0.333F);
                             ^
C:\Users\justi\Documents\GitHub\AlexsMobs-26.2\src\main\java\com\github\alexthe666\alexsmobs\entity\EntityCrimsonMosquito.java:225: error: incompatible types: void cannot be converted to boolean
        return super.hurt(source, amount);
                         ^
C:\Users\justi\Documents\GitHub\AlexsMobs-26.2\src\main\java\com\github\alexthe666\alexsmobs\entity\EntityCrimsonMosquito.java:253: error: incompatible types: void cannot be converted to boolean
                            if (mount.hurt(this.damageSources().mobAttack(this), mungus ? 7F : 2.0F)) {
                                          ^
C:\Users\justi\Documents\GitHub\AlexsMobs-26.2\src\main\java\com\github\alexthe666\alexsmobs\entity\EntityCrimsonMosquito.java:269: error: incompatible types: Reference<SoundEvent> cannot be converted to SoundEvent
                                this.playSound(SoundEvents.HONEY_DRINK, this.getSoundVolume(), this.getVoicePitch());
                                                          ^
C:\Users\justi\Documents\GitHub\AlexsMobs-26.2\src\main\java\com\github\alexthe666\alexsmobs\entity\EntityCrimsonMosquito.java:473: error: cannot find symbol
            this.hasImpulse = true;
                ^
  symbol: variable hasImpulse
C:\Users\justi\Documents\GitHub\AlexsMobs-26.2\src\main\java\com\github\alexthe666\alexsmobs\entity\EntityCrimsonMosquito.java:512: error: cannot find symbol
                this.gameEvent(GameEvent.ENTITY_ROAR);
                                        ^
  symbol:   variable ENTITY_ROAR
  location: class GameEvent
C:\Users\justi\Documents\GitHub\AlexsMobs-26.2\src\main\java\com\github\alexthe666\alexsmobs\entity\EntityCrimsonMosquito.java:541: error: no suitable method found for create(Level)
                    EntityWarpedMosco mosco = AMEntityRegistry.WARPED_MOSCO.get().create(level());
                                                                                 ^
    method EntityType.create(ServerLevel,@org.jspecify.annotations.Nullable PostSpawnProcessor<EntityWarpedMosco>,BlockPos,EntitySpawnReason,boolean,boolean) is not applicable
      (actual and formal argument lists differ in length)
    method EntityType.create(Level,EntitySpawnReason) is not applicable
      (actual and formal argument lists differ in length)
    method EntityType.create(Level,EntitySpawnRequest) is not applicable
      (actual and formal argument lists differ in length)
    method EntityType.create(ValueInput,Level,EntitySpawnRequest) is not applicable
      (actual and formal argument lists differ in length)
    method EntityType.create(EntityType<?>,ValueInput,Level,EntitySpawnReason) is not applicable
      (actual and formal argument lists differ in length)
C:\Users\justi\Documents\GitHub\AlexsMobs-26.2\src\main\java\com\github\alexthe666\alexsmobs\entity\EntityCrimsonMosquito.java:544: error: cannot find symbol
                        mosco.finalizeSpawn((ServerLevelAccessor) level(), level().getCurrentDifficultyAt(this.blockPosition()), EntitySpawnReason.CONVERSION, null, null);
                                                                                  ^
  symbol:   method getCurrentDifficultyAt(BlockPos)
  location: class Level
C:\Users\justi\Documents\GitHub\AlexsMobs-26.2\src\main\java\com\github\alexthe666\alexsmobs\entity\EntityCrimsonMosquito.java:580: error: getDimensions(Pose) in EntityCrimsonMosquito cannot override getDimensions(Pose) in LivingEntity
    public EntityDimensions getDimensions(Pose poseIn) {
                            ^
  overridden method is final
C:\Users\justi\Documents\GitHub\AlexsMobs-26.2\src\main\java\com\github\alexthe666\alexsmobs\entity\EntityCrimsonMosquito.java:599: error: cannot find symbol
            this.spawnAtLocation(item.getCraftingRemainingItem(itemstack));
                                     ^
  symbol:   method getCraftingRemainingItem(ItemStack)
  location: variable item of type Item
C:\Users\justi\Documents\GitHub\AlexsMobs-26.2\src\main\java\com\github\alexthe666\alexsmobs\entity\EntityCrimsonMosquito.java:790: error: no suitable method found for startRiding(LivingEntity,boolean)
                    parentEntity.startRiding(parentEntity.getTarget(), true);
                                ^
    method Entity.startRiding(Entity) is not applicable
      (actual and formal argument lists differ in length)
    method Mob.startRiding(Entity,boolean,boolean) is not applicable
      (actual and formal argument lists differ in length)
C:\Users\justi\Documents\GitHub\AlexsMobs-26.2\src\main\java\com\github\alexthe666\alexsmobs\client\model\ModelCrocodile.java:296: error: cannot find symbol
        if (this.young) {
                ^
  symbol: variable young
C:\Users\justi\Documents\GitHub\AlexsMobs-26.2\src\main\java\com\github\alexthe666\alexsmobs\client\model\ModelCrocodile.java:304: error: no suitable method found for render(PoseStack,VertexConsumer,int,int,float,float,float,float)
                p_228292_8_.render(matrixStackIn, bufferIn, packedLightIn, packedOverlayIn, red, green, blue, alpha);
                           ^
    method BasicModelPart.render(PoseStack,VertexConsumer,int,int) is not applicable
      (actual and formal argument lists differ in length)
    method BasicModelPart.render(PoseStack,VertexConsumer,int,int,int) is not applicable
      (actual and formal argument lists differ in length)
C:\Users\justi\Documents\GitHub\AlexsMobs-26.2\src\main\java\com\github\alexthe666\alexsmobs\client\model\ModelCrocodile.java:311: error: no suitable method found for render(PoseStack,VertexConsumer,int,int,float,float,float,float)
                p_228290_8_.render(matrixStackIn, bufferIn, packedLightIn, packedOverlayIn, red, green, blue, alpha);
                           ^
    method BasicModelPart.render(PoseStack,VertexConsumer,int,int) is not applicable
      (actual and formal argument lists differ in length)
    method BasicModelPart.render(PoseStack,VertexConsumer,int,int,int) is not applicable
      (actual and formal argument lists differ in length)
C:\Users\justi\Documents\GitHub\AlexsMobs-26.2\src\main\java\com\github\alexthe666\alexsmobs\entity\EntityCrocodile.java:123: error: cannot find symbol
        if (!this.isBaby() && this.level().getGameRules().getBoolean(GameRules.RULE_DOMOBLOOT)) {
                                                                     ^
  symbol:   variable GameRules
  location: class EntityCrocodile
C:\Users\justi\Documents\GitHub\AlexsMobs-26.2\src\main\java\com\github\alexthe666\alexsmobs\entity\EntityCrocodile.java:123: error: cannot find symbol
        if (!this.isBaby() && this.level().getGameRules().getBoolean(GameRules.RULE_DOMOBLOOT)) {
                                          ^
  symbol:   method getGameRules()
  location: class Level
C:\Users\justi\Documents\GitHub\AlexsMobs-26.2\src\main\java\com\github\alexthe666\alexsmobs\entity\EntityCrocodile.java:124: error: no suitable method found for spawnAtLocation(ItemStack,int)
            this.spawnAtLocation(new ItemStack(AMItemRegistry.CROCODILE_SCUTE.get(), random.nextInt(1) + 1), 1);
                ^
    method Entity.spawnAtLocation(ServerLevel,ItemLike) is not applicable
      (argument mismatch; ItemStack cannot be converted to ServerLevel)
    method Entity.spawnAtLocation(ServerLevel,ItemStack) is not applicable
      (argument mismatch; ItemStack cannot be converted to ServerLevel)
C:\Users\justi\Documents\GitHub\AlexsMobs-26.2\src\main\java\com\github\alexthe666\alexsmobs\entity\EntityCrocodile.java:131: error: method finalizeSpawn in class AgeableMob cannot be applied to given types;
        return super.finalizeSpawn(worldIn, difficultyIn, reason, spawnDataIn, dataTag);
                    ^
  required: ServerLevelAccessor,DifficultyInstance,EntitySpawnReason,SpawnGroupData
  found:    ServerLevelAccessor,DifficultyInstance,EntitySpawnReason,SpawnGroupData,CompoundTag
  reason: actual and formal argument lists differ in length
C:\Users\justi\Documents\GitHub\AlexsMobs-26.2\src\main\java\com\github\alexthe666\alexsmobs\entity\EntityCrocodile.java:314: error: no suitable method found for startRiding(EntityCrocodile,boolean)
                            this.getTarget().startRiding(this, true);
                                            ^
    method Entity.startRiding(Entity) is not applicable
      (actual and formal argument lists differ in length)
    method Entity.startRiding(Entity,boolean,boolean) is not applicable
      (actual and formal argument lists differ in length)
C:\Users\justi\Documents\GitHub\AlexsMobs-26.2\src\main\java\com\github\alexthe666\alexsmobs\entity\EntityCrocodile.java:358: error: no suitable method found for addParticle(SimpleParticleType,boolean,double,double,double,int,int,int)
                    level().addParticle(ParticleTypes.CRIT, true, this.getX() + headX + extraX, this.getEyeY() + 0.5F, this.getZ() + headZ + extraZ, 0, 0, 0);
                           ^
    method Level.addParticle(ParticleOptions,double,double,double,double,double,double) is not applicable
      (actual and formal argument lists differ in length)
    method Level.addParticle(ParticleOptions,boolean,boolean,double,double,double,double,double,double) is not applicable
      (actual and formal argument lists differ in length)
C:\Users\justi\Documents\GitHub\AlexsMobs-26.2\src\main\java\com\github\alexthe666\alexsmobs\entity\EntityCrocodile.java:366: error: cannot find symbol
        if (holder.getUseItem().canPerformAction(ItemAbilities.SHIELD_BLOCK)) {
                                                              ^
  symbol:   variable SHIELD_BLOCK
  location: class ItemAbilities
C:\Users\justi\Documents\GitHub\AlexsMobs-26.2\src\main\java\com\github\alexthe666\alexsmobs\entity\EntityCrocodile.java:374: error: no suitable method found for hurtAndBreak(int,Player,(p_213833_[...]d); })
                holder.getUseItem().hurtAndBreak(i, holder, (p_213833_1_) -> {
                                   ^
    method ItemStack.hurtAndBreak(int,LivingEntity,InteractionHand) is not applicable
      (argument mismatch; InteractionHand is not a functional interface)
    method ItemStack.hurtAndBreak(int,LivingEntity,EquipmentSlot) is not applicable
      (argument mismatch; EquipmentSlot is not a functional interface)
C:\Users\justi\Documents\GitHub\AlexsMobs-26.2\src\main\java\com\github\alexthe666\alexsmobs\entity\EntityCrocodile.java:376: error: cannot find symbol
                    net.neoforged.neoforge.event.ForgeEventFactory.onPlayerDestroyItem(holder, holder.getUseItem(), hand);
                                                ^
  symbol:   class ForgeEventFactory
  location: package net.neoforged.neoforge.event
C:\Users\justi\Documents\GitHub\AlexsMobs-26.2\src\main\java\com\github\alexthe666\alexsmobs\entity\EntityCrocodile.java:384: error: incompatible types: Reference<SoundEvent> cannot be converted to SoundEvent
                    holder.playSound(SoundEvents.SHIELD_BREAK, 0.8F, 0.8F + this.level().getRandom().nextFloat() * 0.4F);
                                                ^
C:\Users\justi\Documents\GitHub\AlexsMobs-26.2\src\main\java\com\github\alexthe666\alexsmobs\entity\EntityCrocodile.java:404: error: isAlliedTo(Entity) in EntityCrocodile cannot override isAlliedTo(@org.jspecify.annotations.Nullable Entity) in Entity
    public boolean isAlliedTo(Entity entityIn) {
                   ^
  overridden method is final
C:\Users\justi\Documents\GitHub\AlexsMobs-26.2\src\main\java\com\github\alexthe666\alexsmobs\entity\EntityCrocodile.java:478: error: method does not override or implement a method from a supertype
    @Override
    ^
C:\Users\justi\Documents\GitHub\AlexsMobs-26.2\src\main\java\com\github\alexthe666\alexsmobs\entity\EntityCrocodile.java:480: error: method isInvulnerableTo in class LivingEntity cannot be applied to given types;
        return source.is(DamageTypes.DROWN) || source.is(DamageTypes.IN_WALL)  || super.isInvulnerableTo(source);
                                                                                       ^
  required: ServerLevel,DamageSource
  found:    DamageSource
  reason: actual and formal argument lists differ in length
C:\Users\justi\Documents\GitHub\AlexsMobs-26.2\src\main\java\com\github\alexthe666\alexsmobs\entity\EntityCrocodile.java:583: error: hurt(DamageSource,float) in EntityCrocodile cannot override hurt(DamageSource,float) in Entity
    public boolean hurt(DamageSource source, float amount) {
                   ^
  overridden method is final
C:\Users\justi\Documents\GitHub\AlexsMobs-26.2\src\main\java\com\github\alexthe666\alexsmobs\entity\EntityCrocodile.java:592: error: incompatible types: void cannot be converted to boolean
            return super.hurt(source, amount);
                             ^
C:\Users\justi\Documents\GitHub\AlexsMobs-26.2\src\main\java\com\github\alexthe666\alexsmobs\entity\EntityCrocodile.java:599: error: no suitable method found for create(ServerLevel)
        return AMEntityRegistry.CROCODILE.get().create(p_241840_1_);
                                               ^
    method EntityType.create(ServerLevel,@org.jspecify.annotations.Nullable PostSpawnProcessor<EntityCrocodile>,BlockPos,EntitySpawnReason,boolean,boolean) is not applicable
      (actual and formal argument lists differ in length)
    method EntityType.create(Level,EntitySpawnReason) is not applicable
      (actual and formal argument lists differ in length)
    method EntityType.create(Level,EntitySpawnRequest) is not applicable
      (actual and formal argument lists differ in length)
    method EntityType.create(ValueInput,Level,EntitySpawnRequest) is not applicable
      (actual and formal argument lists differ in length)
    method EntityType.create(EntityType<?>,ValueInput,Level,EntitySpawnReason) is not applicable
      (actual and formal argument lists differ in length)
C:\Users\justi\Documents\GitHub\AlexsMobs-26.2\src\main\java\com\github\alexthe666\alexsmobs\entity\EntityCrocodile.java:608: error: cannot find symbol
        if (isTame() && item.isEdible() && item.getFoodProperties() != null && item.getFoodProperties().isMeat() && this.getHealth() < this.getMaxHealth()) {
                            ^
  symbol:   method isEdible()
  location: variable item of type Item
C:\Users\justi\Documents\GitHub\AlexsMobs-26.2\src\main\java\com\github\alexthe666\alexsmobs\entity\EntityCrocodile.java:608: error: cannot find symbol
        if (isTame() && item.isEdible() && item.getFoodProperties() != null && item.getFoodProperties().isMeat() && this.getHealth() < this.getMaxHealth()) {
                                               ^
  symbol:   method getFoodProperties()
  location: variable item of type Item
C:\Users\justi\Documents\GitHub\AlexsMobs-26.2\src\main\java\com\github\alexthe666\alexsmobs\entity\EntityCrocodile.java:608: error: cannot find symbol
        if (isTame() && item.isEdible() && item.getFoodProperties() != null && item.getFoodProperties().isMeat() && this.getHealth() < this.getMaxHealth()) {
                                                                                   ^
  symbol:   method getFoodProperties()
  location: variable item of type Item
C:\Users\justi\Documents\GitHub\AlexsMobs-26.2\src\main\java\com\github\alexthe666\alexsmobs\entity\EntityCrocodile.java:612: error: incompatible types: Reference<SoundEvent> cannot be converted to SoundEvent
            this.playSound(SoundEvents.GENERIC_EAT, this.getSoundVolume(), this.getVoicePitch());
                                      ^
C:\Users\justi\Documents\GitHub\AlexsMobs-26.2\src\main\java\com\github\alexthe666\alexsmobs\entity\EntityCrocodile.java:707: error: cannot find symbol
            if (this.level.getGameRules().getBoolean(GameRules.RULE_DOMOBLOOT)) {
                                                     ^
  symbol:   variable GameRules
  location: class MateGoal
C:\Users\justi\Documents\GitHub\AlexsMobs-26.2\src\main\java\com\github\alexthe666\alexsmobs\client\model\ModelCrow.java:141: error: method does not override or implement a method from a supertype
	@Override
	^
C:\Users\justi\Documents\GitHub\AlexsMobs-26.2\src\main\java\com\github\alexthe666\alexsmobs\client\model\ModelCrow.java:143: error: cannot find symbol
		if (this.young) {
		        ^
  symbol: variable young
C:\Users\justi\Documents\GitHub\AlexsMobs-26.2\src\main\java\com\github\alexthe666\alexsmobs\client\model\ModelCrow.java:151: error: no suitable method found for render(PoseStack,VertexConsumer,int,int,float,float,float,float)
				p_228292_8_.render(matrixStackIn, buffer, packedLight, packedOverlay, red, green, blue, alpha);
				           ^
    method BasicModelPart.render(PoseStack,VertexConsumer,int,int) is not applicable
      (actual and formal argument lists differ in length)
    method BasicModelPart.render(PoseStack,VertexConsumer,int,int,int) is not applicable
      (actual and formal argument lists differ in length)
C:\Users\justi\Documents\GitHub\AlexsMobs-26.2\src\main\java\com\github\alexthe666\alexsmobs\client\model\ModelCrow.java:159: error: no suitable method found for render(PoseStack,VertexConsumer,int,int,float,float,float,float)
				p_228290_8_.render(matrixStackIn, buffer, packedLight, packedOverlay, red, green, blue, alpha);
				           ^
    method BasicModelPart.render(PoseStack,VertexConsumer,int,int) is not applicable
      (actual and formal argument lists differ in length)
    method BasicModelPart.render(PoseStack,VertexConsumer,int,int,int) is not applicable
      (actual and formal argument lists differ in length)
C:\Users\justi\Documents\GitHub\AlexsMobs-26.2\src\main\java\com\github\alexthe666\alexsmobs\entity\EntityCrow.java:93: error: cannot find symbol
        this.setPathfindingMalus(PathType.DANGER_FIRE, -1.0F);
                                         ^
  symbol:   variable DANGER_FIRE
  location: class PathType
C:\Users\justi\Documents\GitHub\AlexsMobs-26.2\src\main\java\com\github\alexthe666\alexsmobs\entity\EntityCrow.java:136: error: isAlliedTo(Entity) in EntityCrow cannot override isAlliedTo(@org.jspecify.annotations.Nullable Entity) in Entity
    public boolean isAlliedTo(Entity entityIn) {
                   ^
  overridden method is final
C:\Users\justi\Documents\GitHub\AlexsMobs-26.2\src\main\java\com\github\alexthe666\alexsmobs\entity\EntityCrow.java:176: error: hurt(DamageSource,float) in EntityCrow cannot override hurt(DamageSource,float) in Entity
    public boolean hurt(DamageSource source, float amount) {
                   ^
  overridden method is final
C:\Users\justi\Documents\GitHub\AlexsMobs-26.2\src\main\java\com\github\alexthe666\alexsmobs\entity\EntityCrow.java:189: error: incompatible types: void cannot be converted to boolean
            final boolean prev = super.hurt(source, amount);
                                           ^
C:\Users\justi\Documents\GitHub\AlexsMobs-26.2\src\main\java\com\github\alexthe666\alexsmobs\entity\EntityCrow.java:192: error: no suitable method found for spawnAtLocation(ItemStack)
                    this.spawnAtLocation(this.getMainHandItem().copy());
                        ^
    method Entity.spawnAtLocation(ServerLevel,ItemLike) is not applicable
      (actual and formal argument lists differ in length)
    method Entity.spawnAtLocation(ServerLevel,ItemStack) is not applicable
      (actual and formal argument lists differ in length)
    method Entity.spawnAtLocation(ServerLevel,ItemStack,Vec3) is not applicable
      (actual and formal argument lists differ in length)
    method Entity.spawnAtLocation(ServerLevel,ItemStack,float) is not applicable
      (actual and formal argument lists differ in length)
C:\Users\justi\Documents\GitHub\AlexsMobs-26.2\src\main\java\com\github\alexthe666\alexsmobs\entity\EntityCrow.java:249: error: no suitable method found for spawnAtLocation(ItemStack)
            this.spawnAtLocation(this.getMainHandItem().copy());
                ^
    method Entity.spawnAtLocation(ServerLevel,ItemLike) is not applicable
      (actual and formal argument lists differ in length)
    method Entity.spawnAtLocation(ServerLevel,ItemStack) is not applicable
      (actual and formal argument lists differ in length)
    method Entity.spawnAtLocation(ServerLevel,ItemStack,Vec3) is not applicable
      (actual and formal argument lists differ in length)
    method Entity.spawnAtLocation(ServerLevel,ItemStack,float) is not applicable
      (actual and formal argument lists differ in length)
C:\Users\justi\Documents\GitHub\AlexsMobs-26.2\src\main\java\com\github\alexthe666\alexsmobs\entity\EntityCrow.java:266: error: cannot find symbol
                    player.displayClientMessage(Component.translatable("entity.alexsmobs.crow.command_3", this.getName()), true);
                          ^
  symbol:   method displayClientMessage(MutableComponent,boolean)
  location: variable player of type Player
C:\Users\justi\Documents\GitHub\AlexsMobs-26.2\src\main\java\com\github\alexthe666\alexsmobs\entity\EntityCrow.java:268: error: cannot find symbol
                    player.displayClientMessage(Component.translatable("entity.alexsmobs.all.command_" + this.getCommand(), this.getName()), true);
                          ^
  symbol:   method displayClientMessage(MutableComponent,boolean)
  location: variable player of type Player
C:\Users\justi\Documents\GitHub\AlexsMobs-26.2\src\main\java\com\github\alexthe666\alexsmobs\entity\EntityCrow.java:334: error: method setTame in class TamableAnimal cannot be applied to given types;
                        this.setTame(true);
                            ^
  required: boolean,boolean
  found:    boolean
  reason: actual and formal argument lists differ in length
C:\Users\justi\Documents\GitHub\AlexsMobs-26.2\src\main\java\com\github\alexthe666\alexsmobs\entity\EntityCrow.java:336: error: cannot find symbol
                        this.setOwnerUUID(this.seedThrowerID);
                            ^
  symbol: method setOwnerUUID(UUID)
C:\Users\justi\Documents\GitHub\AlexsMobs-26.2\src\main\java\com\github\alexthe666\alexsmobs\entity\EntityCrow.java:346: error: cannot find symbol
                if (this.getMainHandItem().hasCraftingRemainingItem()) {
                                          ^
  symbol:   method hasCraftingRemainingItem()
  location: class ItemStack
C:\Users\justi\Documents\GitHub\AlexsMobs-26.2\src\main\java\com\github\alexthe666\alexsmobs\entity\EntityCrow.java:347: error: cannot find symbol
                    this.spawnAtLocation(this.getMainHandItem().getCraftingRemainingItem());
                                                               ^
  symbol:   method getCraftingRemainingItem()
  location: class ItemStack
C:\Users\justi\Documents\GitHub\AlexsMobs-26.2\src\main\java\com\github\alexthe666\alexsmobs\entity\EntityCrow.java:446: error: cannot find symbol
        if (compound.contains("PerchX") && compound.contains("PerchY") && compound.contains("PerchZ")) {
                    ^
  symbol:   method contains(String)
  location: variable compound of type ValueInput
C:\Users\justi\Documents\GitHub\AlexsMobs-26.2\src\main\java\com\github\alexthe666\alexsmobs\entity\EntityCrow.java:446: error: cannot find symbol
        if (compound.contains("PerchX") && compound.contains("PerchY") && compound.contains("PerchZ")) {
                                                   ^
  symbol:   method contains(String)
  location: variable compound of type ValueInput
C:\Users\justi\Documents\GitHub\AlexsMobs-26.2\src\main\java\com\github\alexthe666\alexsmobs\entity\EntityCrow.java:446: error: cannot find symbol
        if (compound.contains("PerchX") && compound.contains("PerchY") && compound.contains("PerchZ")) {
                                                                                  ^
  symbol:   method contains(String)
  location: variable compound of type ValueInput
C:\Users\justi\Documents\GitHub\AlexsMobs-26.2\src\main\java\com\github\alexthe666\alexsmobs\entity\EntityCrow.java:488: error: method does not override or implement a method from a supertype
    @Override
    ^
C:\Users\justi\Documents\GitHub\AlexsMobs-26.2\src\main\java\com\github\alexthe666\alexsmobs\entity\EntityCrow.java:490: error: method isInvulnerableTo in class LivingEntity cannot be applied to given types;
        return source.is(DamageTypes.IN_WALL)  || source.is(DamageTypes.FALL) || source.is(DamageTypes.CACTUS) || super.isInvulnerableTo(source);
                                                                                                                       ^
  required: ServerLevel,DamageSource
  found:    DamageSource
  reason: actual and formal argument lists differ in length
C:\Users\justi\Documents\GitHub\AlexsMobs-26.2\src\main\java\com\github\alexthe666\alexsmobs\entity\EntityCrow.java:496: error: no suitable method found for create(ServerLevel)
        return AMEntityRegistry.CROW.get().create(serverWorld);
                                          ^
    method EntityType.create(ServerLevel,@org.jspecify.annotations.Nullable PostSpawnProcessor<EntityCrow>,BlockPos,EntitySpawnReason,boolean,boolean) is not applicable
      (actual and formal argument lists differ in length)
    method EntityType.create(Level,EntitySpawnReason) is not applicable
      (actual and formal argument lists differ in length)
    method EntityType.create(Level,EntitySpawnRequest) is not applicable
      (actual and formal argument lists differ in length)
    method EntityType.create(ValueInput,Level,EntitySpawnRequest) is not applicable
      (actual and formal argument lists differ in length)
    method EntityType.create(EntityType<?>,ValueInput,Level,EntitySpawnReason) is not applicable
      (actual and formal argument lists differ in length)
C:\Users\justi\Documents\GitHub\AlexsMobs-26.2\src\main\java\com\github\alexthe666\alexsmobs\entity\EntityCrow.java:597: error: cannot find symbol
        return stack.getItem().isEdible() || stack.is(AMTagRegistry.CROW_FOODSTUFFS);
                              ^
  symbol:   method isEdible()
  location: class Item
C:\Users\justi\Documents\GitHub\AlexsMobs-26.2\src\main\java\com\github\alexthe666\alexsmobs\entity\EntityCrow.java:609: error: no suitable method found for spawnAtLocation(ItemStack,float)
            this.spawnAtLocation(this.getItemInHand(InteractionHand.MAIN_HAND), 0.0F);
                ^
    method Entity.spawnAtLocation(ServerLevel,ItemLike) is not applicable
      (argument mismatch; ItemStack cannot be converted to ServerLevel)
    method Entity.spawnAtLocation(ServerLevel,ItemStack) is not applicable
      (argument mismatch; ItemStack cannot be converted to ServerLevel)
C:\Users\justi\Documents\GitHub\AlexsMobs-26.2\src\main\java\com\github\alexthe666\alexsmobs\entity\EntityCrow.java:763: error: cannot find symbol
                    return e.isAlive() && e.getType().is(AMTagRegistry.SCATTERS_CROWS) || e instanceof Player && !((Player) e).isCreative();
                                                     ^
  symbol:   method is(TagKey<EntityType<?>>)
  location: class EntityType<CAP#1>
  where CAP#1 is a fresh type-variable:
    CAP#1 extends Entity from capture of ?
C:\Users\justi\Documents\GitHub\AlexsMobs-26.2\src\main\java\com\github\alexthe666\alexsmobs\entity\EntityCrow.java:1019: error: cannot find symbol
                        LazyOptional<IItemHandler> handler = entity.getCapability(Capabilities.ItemHandler.BLOCK, e.getDirection().getOpposite());
                        ^
  symbol: class LazyOptional
C:\Users\justi\Documents\GitHub\AlexsMobs-26.2\src\main\java\com\github\alexthe666\alexsmobs\entity\EntityCrow.java:1019: warning: [removal] IItemHandler in net.neoforged.neoforge.items has been deprecated and marked for removal
                        LazyOptional<IItemHandler> handler = entity.getCapability(Capabilities.ItemHandler.BLOCK, e.getDirection().getOpposite());
                                     ^
C:\Users\justi\Documents\GitHub\AlexsMobs-26.2\src\main\java\com\github\alexthe666\alexsmobs\entity\EntityCrow.java:1019: error: cannot find symbol
                        LazyOptional<IItemHandler> handler = entity.getCapability(Capabilities.ItemHandler.BLOCK, e.getDirection().getOpposite());
                                                                                              ^
  symbol:   variable ItemHandler
  location: class Capabilities
C:\Users\justi\Documents\GitHub\AlexsMobs-26.2\src\main\java\com\github\alexthe666\alexsmobs\entity\EntityCrow.java:1092: error: cannot find symbol
                        final LazyOptional<IItemHandler> handler = entity.getCapability(Capabilities.ItemHandler.BLOCK, deposit);
                              ^
  symbol:   class LazyOptional
  location: class EntityCrow.AIDepositChests
C:\Users\justi\Documents\GitHub\AlexsMobs-26.2\src\main\java\com\github\alexthe666\alexsmobs\entity\EntityCrow.java:1092: warning: [removal] IItemHandler in net.neoforged.neoforge.items has been deprecated and marked for removal
                        final LazyOptional<IItemHandler> handler = entity.getCapability(Capabilities.ItemHandler.BLOCK, deposit);
                                           ^
C:\Users\justi\Documents\GitHub\AlexsMobs-26.2\src\main\java\com\github\alexthe666\alexsmobs\entity\EntityCrow.java:1092: error: cannot find symbol
                        final LazyOptional<IItemHandler> handler = entity.getCapability(Capabilities.ItemHandler.BLOCK, deposit);
                                                                                                    ^
  symbol:   variable ItemHandler
  location: class Capabilities
C:\Users\justi\Documents\GitHub\AlexsMobs-26.2\src\main\java\com\github\alexthe666\alexsmobs\entity\EntityCrow.java:1095: warning: [removal] ItemHandlerHelper in net.neoforged.neoforge.items has been deprecated and marked for removal
                            ItemStack insertSimulate = ItemHandlerHelper.insertItem(handler.orElse(null), duplicate, true);
                                                       ^
C:\Users\justi\Documents\GitHub\AlexsMobs-26.2\src\main\java\com\github\alexthe666\alexsmobs\entity\EntityCrow.java:1095: warning: [removal] insertItem(IItemHandler,ItemStack,boolean) in ItemHandlerHelper has been deprecated and marked for removal
                            ItemStack insertSimulate = ItemHandlerHelper.insertItem(handler.orElse(null), duplicate, true);
                                                                        ^
C:\Users\justi\Documents\GitHub\AlexsMobs-26.2\src\main\java\com\github\alexthe666\alexsmobs\entity\EntityCrow.java:1097: warning: [removal] ItemHandlerHelper in net.neoforged.neoforge.items has been deprecated and marked for removal
                                ItemStack shrunkenStack = ItemHandlerHelper.insertItem(handler.orElse(null), duplicate, false);
                                                          ^
C:\Users\justi\Documents\GitHub\AlexsMobs-26.2\src\main\java\com\github\alexthe666\alexsmobs\entity\EntityCrow.java:1097: warning: [removal] insertItem(IItemHandler,ItemStack,boolean) in ItemHandlerHelper has been deprecated and marked for removal
                                ItemStack shrunkenStack = ItemHandlerHelper.insertItem(handler.orElse(null), duplicate, false);
                                                                           ^
C:\Users\justi\Documents\GitHub\AlexsMobs-26.2\src\main\java\com\github\alexthe666\alexsmobs\entity\EntityDevilsHolePupfish.java:210: error: getDimensions(Pose) in EntityDevilsHolePupfish cannot override getDimensions(Pose) in LivingEntity
    public EntityDimensions getDimensions(Pose poseIn) {
                            ^
  overridden method is final
C:\Users\justi\Documents\GitHub\AlexsMobs-26.2\src\main\java\com\github\alexthe666\alexsmobs\entity\EntityDevilsHolePupfish.java:225: error: cannot find symbol
            bucket.setCustomName(this.getCustomName());
                  ^
  symbol:   method setCustomName(Component)
  location: variable bucket of type ItemStack
C:\Users\justi\Documents\GitHub\AlexsMobs-26.2\src\main\java\com\github\alexthe666\alexsmobs\entity\EntityDevilsHolePupfish.java:228: error: cannot find symbol
        CompoundTag compound = bucket.getOrCreateTag();
                                     ^
  symbol:   method getOrCreateTag()
  location: variable bucket of type ItemStack
C:\Users\justi\Documents\GitHub\AlexsMobs-26.2\src\main\java\com\github\alexthe666\alexsmobs\entity\EntityDevilsHolePupfish.java:249: error: cannot find symbol
            stack.setCustomName(this.getCustomName());
                 ^
  symbol:   method setCustomName(Component)
  location: variable stack of type ItemStack
C:\Users\justi\Documents\GitHub\AlexsMobs-26.2\src\main\java\com\github\alexthe666\alexsmobs\entity\EntityDevilsHolePupfish.java:306: error: method finalizeSpawn in class Mob cannot be applied to given types;
        return super.finalizeSpawn(worldIn, difficultyIn, reason, spawnDataIn, dataTag);
                    ^
  required: ServerLevelAccessor,DifficultyInstance,EntitySpawnReason,SpawnGroupData
  found:    ServerLevelAccessor,DifficultyInstance,EntitySpawnReason,SpawnGroupData,CompoundTag
  reason: actual and formal argument lists differ in length
C:\Users\justi\Documents\GitHub\AlexsMobs-26.2\src\main\java\com\github\alexthe666\alexsmobs\entity\EntityDevilsHolePupfish.java:353: error: method does not override or implement a method from a supertype
    @Override
    ^
C:\Users\justi\Documents\GitHub\AlexsMobs-26.2\src\main\java\com\github\alexthe666\alexsmobs\entity\EntityDevilsHolePupfish.java:366: error: cannot find symbol
        LootTable loottable = pupfish.level().getServer().getLootData().getLootTable(PUPFISH_REWARD);
                                                         ^
  symbol:   method getLootData()
  location: class MinecraftServer
C:\Users\justi\Documents\GitHub\AlexsMobs-26.2\src\main\java\com\github\alexthe666\alexsmobs\entity\EntityDevilsHolePupfish.java:462: error: no suitable method found for create(Level)
        EntityDevilsHolePupfish baby = AMEntityRegistry.DEVILS_HOLE_PUPFISH.get().create(level());
                                                                                 ^
    method EntityType.create(ServerLevel,@org.jspecify.annotations.Nullable PostSpawnProcessor<EntityDevilsHolePupfish>,BlockPos,EntitySpawnReason,boolean,boolean) is not applicable
      (actual and formal argument lists differ in length)
    method EntityType.create(Level,EntitySpawnReason) is not applicable
      (actual and formal argument lists differ in length)
    method EntityType.create(Level,EntitySpawnRequest) is not applicable
      (actual and formal argument lists differ in length)
    method EntityType.create(ValueInput,Level,EntitySpawnRequest) is not applicable
      (actual and formal argument lists differ in length)
    method EntityType.create(EntityType<?>,ValueInput,Level,EntitySpawnReason) is not applicable
      (actual and formal argument lists differ in length)
C:\Users\justi\Documents\GitHub\AlexsMobs-26.2\src\main\java\com\github\alexthe666\alexsmobs\entity\EntityDevilsHolePupfish.java:525: error: no suitable method found for spawnAtLocation(ItemStack)
                                    ItemEntity e = pupfish.spawnAtLocation(stack.copy());
                                                          ^
    method Entity.spawnAtLocation(ServerLevel,ItemLike) is not applicable
      (actual and formal argument lists differ in length)
    method Entity.spawnAtLocation(ServerLevel,ItemStack) is not applicable
      (actual and formal argument lists differ in length)
    method Entity.spawnAtLocation(ServerLevel,ItemStack,Vec3) is not applicable
      (actual and formal argument lists differ in length)
    method Entity.spawnAtLocation(ServerLevel,ItemStack,float) is not applicable
      (actual and formal argument lists differ in length)
C:\Users\justi\Documents\GitHub\AlexsMobs-26.2\src\main\java\com\github\alexthe666\alexsmobs\entity\EntityDevilsHolePupfish.java:526: error: cannot find symbol
                                    e.hasImpulse = true;
                                     ^
  symbol:   variable hasImpulse
  location: variable e of type ItemEntity
C:\Users\justi\Documents\GitHub\AlexsMobs-26.2\src\main\java\com\github\alexthe666\alexsmobs\entity\EntityDropBear.java:131: error: method isInvulnerableTo in class LivingEntity cannot be applied to given types;
        return super.isInvulnerableTo(source) || source.is(DamageTypeTags.IS_FALL) || source.is(DamageTypes.IN_WALL);
                    ^
  required: ServerLevel,DamageSource
  found:    DamageSource
  reason: actual and formal argument lists differ in length
C:\Users\justi\Documents\GitHub\AlexsMobs-26.2\src\main\java\com\github\alexthe666\alexsmobs\entity\EntityDropBear.java:177: error: no suitable method found for knockback(float,float,float)
                        attackTarget.knockback(0.5F, Mth.sin(yRotRad), -Mth.cos(yRotRad));
                                    ^
    method LivingEntity.knockback(double,double,double,DamageSource,float,boolean) is not applicable
      (actual and formal argument lists differ in length)
    method LivingEntity.knockback(double,double,double,DamageSource,float) is not applicable
      (actual and formal argument lists differ in length)
C:\Users\justi\Documents\GitHub\AlexsMobs-26.2\src\main\java\com\github\alexthe666\alexsmobs\entity\EntityDropBear.java:184: error: no suitable method found for knockback(float,float,float)
                        attackTarget.knockback(0.5F, Mth.sin(rotRad), -Mth.cos(rotRad));
                                    ^
    method LivingEntity.knockback(double,double,double,DamageSource,float,boolean) is not applicable
      (actual and formal argument lists differ in length)
    method LivingEntity.knockback(double,double,double,DamageSource,float) is not applicable
      (actual and formal argument lists differ in length)
C:\Users\justi\Documents\GitHub\AlexsMobs-26.2\src\main\java\com\github\alexthe666\alexsmobs\entity\EntityDropBear.java:189: error: no suitable method found for knockback(float,float,float)
                        attackTarget.knockback(0.5F, Mth.sin(rotRad), -Mth.cos(rotRad));
                                    ^
    method LivingEntity.knockback(double,double,double,DamageSource,float,boolean) is not applicable
      (actual and formal argument lists differ in length)
    method LivingEntity.knockback(double,double,double,DamageSource,float) is not applicable
      (actual and formal argument lists differ in length)
C:\Users\justi\Documents\GitHub\AlexsMobs-26.2\src\main\java\com\github\alexthe666\alexsmobs\entity\EntityDropBear.java:308: error: method finalizeSpawn in class Mob cannot be applied to given types;
        return super.finalizeSpawn(worldIn, difficultyIn, reason, spawnDataIn, dataTag);
                    ^
  required: ServerLevelAccessor,DifficultyInstance,EntitySpawnReason,SpawnGroupData
  found:    ServerLevelAccessor,DifficultyInstance,EntitySpawnReason,SpawnGroupData,CompoundTag
  reason: actual and formal argument lists differ in length
C:\Users\justi\Documents\GitHub\AlexsMobs-26.2\src\main\java\com\github\alexthe666\alexsmobs\entity\EntityDropBear.java:357: error: no suitable method found for addParticle(BlockParticleOption,boolean,double,double,double,double,double,double)
                    level().addParticle(new BlockParticleOption(ParticleTypes.BLOCK, state), true, this.getX() + extraX, ground.getY() + extraY, this.getZ() + extraZ, motionX, motionY, motionZ);
                           ^
    method Level.addParticle(ParticleOptions,double,double,double,double,double,double) is not applicable
      (actual and formal argument lists differ in length)
    method Level.addParticle(ParticleOptions,boolean,boolean,double,double,double,double,double,double) is not applicable
      (actual and formal argument lists differ in length)
C:\Users\justi\Documents\GitHub\AlexsMobs-26.2\src\main\java\com\github\alexthe666\alexsmobs\client\model\ModelElephant.java:294: error: cannot find symbol
        if (this.young) {
                ^
  symbol: variable young
C:\Users\justi\Documents\GitHub\AlexsMobs-26.2\src\main\java\com\github\alexthe666\alexsmobs\client\model\ModelElephant.java:307: error: no suitable method found for render(PoseStack,VertexConsumer,int,int,float,float,float,float)
                p_228292_8_.render(matrixStackIn, bufferIn, packedLightIn, packedOverlayIn, red, green, blue, alpha);
                           ^
    method BasicModelPart.render(PoseStack,VertexConsumer,int,int) is not applicable
      (actual and formal argument lists differ in length)
    method BasicModelPart.render(PoseStack,VertexConsumer,int,int,int) is not applicable
      (actual and formal argument lists differ in length)
C:\Users\justi\Documents\GitHub\AlexsMobs-26.2\src\main\java\com\github\alexthe666\alexsmobs\client\model\ModelElephant.java:317: error: no suitable method found for render(PoseStack,VertexConsumer,int,int,float,float,float,float)
                p_228290_8_.render(matrixStackIn, bufferIn, packedLightIn, packedOverlayIn, red, green, blue, alpha);
                           ^
    method BasicModelPart.render(PoseStack,VertexConsumer,int,int) is not applicable
      (actual and formal argument lists differ in length)
    method BasicModelPart.render(PoseStack,VertexConsumer,int,int,int) is not applicable
      (actual and formal argument lists differ in length)
C:\Users\justi\Documents\GitHub\AlexsMobs-26.2\src\main\java\com\github\alexthe666\alexsmobs\entity\EntityElephant.java:92: error: cannot find symbol
        map.put(DyeColor.WHITE, Items.WHITE_CARPET);
                                     ^
  symbol:   variable WHITE_CARPET
  location: class Items
C:\Users\justi\Documents\GitHub\AlexsMobs-26.2\src\main\java\com\github\alexthe666\alexsmobs\entity\EntityElephant.java:93: error: cannot find symbol
        map.put(DyeColor.ORANGE, Items.ORANGE_CARPET);
                                      ^
  symbol:   variable ORANGE_CARPET
  location: class Items
C:\Users\justi\Documents\GitHub\AlexsMobs-26.2\src\main\java\com\github\alexthe666\alexsmobs\entity\EntityElephant.java:94: error: cannot find symbol
        map.put(DyeColor.MAGENTA, Items.MAGENTA_CARPET);
                                       ^
  symbol:   variable MAGENTA_CARPET
  location: class Items
C:\Users\justi\Documents\GitHub\AlexsMobs-26.2\src\main\java\com\github\alexthe666\alexsmobs\entity\EntityElephant.java:95: error: cannot find symbol
        map.put(DyeColor.LIGHT_BLUE, Items.LIGHT_BLUE_CARPET);
                                          ^
  symbol:   variable LIGHT_BLUE_CARPET
  location: class Items
C:\Users\justi\Documents\GitHub\AlexsMobs-26.2\src\main\java\com\github\alexthe666\alexsmobs\entity\EntityElephant.java:96: error: cannot find symbol
        map.put(DyeColor.YELLOW, Items.YELLOW_CARPET);
                                      ^
  symbol:   variable YELLOW_CARPET
  location: class Items
C:\Users\justi\Documents\GitHub\AlexsMobs-26.2\src\main\java\com\github\alexthe666\alexsmobs\entity\EntityElephant.java:97: error: cannot find symbol
        map.put(DyeColor.LIME, Items.LIME_CARPET);
                                    ^
  symbol:   variable LIME_CARPET
  location: class Items
C:\Users\justi\Documents\GitHub\AlexsMobs-26.2\src\main\java\com\github\alexthe666\alexsmobs\entity\EntityElephant.java:98: error: cannot find symbol
        map.put(DyeColor.PINK, Items.PINK_CARPET);
                                    ^
  symbol:   variable PINK_CARPET
  location: class Items
C:\Users\justi\Documents\GitHub\AlexsMobs-26.2\src\main\java\com\github\alexthe666\alexsmobs\entity\EntityElephant.java:99: error: cannot find symbol
        map.put(DyeColor.GRAY, Items.GRAY_CARPET);
                                    ^
  symbol:   variable GRAY_CARPET
  location: class Items
C:\Users\justi\Documents\GitHub\AlexsMobs-26.2\src\main\java\com\github\alexthe666\alexsmobs\entity\EntityElephant.java:100: error: cannot find symbol
        map.put(DyeColor.LIGHT_GRAY, Items.LIGHT_GRAY_CARPET);
                                          ^
  symbol:   variable LIGHT_GRAY_CARPET
  location: class Items
C:\Users\justi\Documents\GitHub\AlexsMobs-26.2\src\main\java\com\github\alexthe666\alexsmobs\entity\EntityElephant.java:101: error: cannot find symbol
        map.put(DyeColor.CYAN, Items.CYAN_CARPET);
                                    ^
  symbol:   variable CYAN_CARPET
  location: class Items
C:\Users\justi\Documents\GitHub\AlexsMobs-26.2\src\main\java\com\github\alexthe666\alexsmobs\entity\EntityElephant.java:102: error: cannot find symbol
        map.put(DyeColor.PURPLE, Items.PURPLE_CARPET);
                                      ^
  symbol:   variable PURPLE_CARPET
  location: class Items
C:\Users\justi\Documents\GitHub\AlexsMobs-26.2\src\main\java\com\github\alexthe666\alexsmobs\entity\EntityElephant.java:103: error: cannot find symbol
        map.put(DyeColor.BLUE, Items.BLUE_CARPET);
                                    ^
  symbol:   variable BLUE_CARPET
  location: class Items
C:\Users\justi\Documents\GitHub\AlexsMobs-26.2\src\main\java\com\github\alexthe666\alexsmobs\entity\EntityElephant.java:104: error: cannot find symbol
        map.put(DyeColor.BROWN, Items.BROWN_CARPET);
                                     ^
  symbol:   variable BROWN_CARPET
  location: class Items
C:\Users\justi\Documents\GitHub\AlexsMobs-26.2\src\main\java\com\github\alexthe666\alexsmobs\entity\EntityElephant.java:105: error: cannot find symbol
        map.put(DyeColor.GREEN, Items.GREEN_CARPET);
                                     ^
  symbol:   variable GREEN_CARPET
  location: class Items
C:\Users\justi\Documents\GitHub\AlexsMobs-26.2\src\main\java\com\github\alexthe666\alexsmobs\entity\EntityElephant.java:106: error: cannot find symbol
        map.put(DyeColor.RED, Items.RED_CARPET);
                                   ^
  symbol:   variable RED_CARPET
  location: class Items
C:\Users\justi\Documents\GitHub\AlexsMobs-26.2\src\main\java\com\github\alexthe666\alexsmobs\entity\EntityElephant.java:107: error: cannot find symbol
        map.put(DyeColor.BLACK, Items.BLACK_CARPET);
                                     ^
  symbol:   variable BLACK_CARPET
  location: class Items
C:\Users\justi\Documents\GitHub\AlexsMobs-26.2\src\main\java\com\github\alexthe666\alexsmobs\entity\EntityElephant.java:172: error: cannot find symbol
                return EntityElephant.this.isAlive() && !EntityElephant.this.isInsidePortal;
                                                                            ^
  symbol: variable isInsidePortal
C:\Users\justi\Documents\GitHub\AlexsMobs-26.2\src\main\java\com\github\alexthe666\alexsmobs\entity\EntityElephant.java:206: error: no suitable method found for of(TagKey<Item>)
        this.goalSelector.addGoal(4, new TemptGoal(this, 1.0D, Ingredient.of(AMTagRegistry.ELEPHANT_TAMEABLES), false));
                                                                         ^
    method Ingredient.of(ItemLike) is not applicable
      (argument mismatch; TagKey<Item> cannot be converted to ItemLike)
    method Ingredient.of(ItemLike...) is not applicable
      (varargs mismatch; TagKey<Item> cannot be converted to ItemLike)
    method Ingredient.of(Stream<? extends ItemLike>) is not applicable
      (argument mismatch; TagKey<Item> cannot be converted to Stream<? extends ItemLike>)
    method Ingredient.of(HolderSet<Item>) is not applicable
      (argument mismatch; TagKey<Item> cannot be converted to HolderSet<Item>)
C:\Users\justi\Documents\GitHub\AlexsMobs-26.2\src\main\java\com\github\alexthe666\alexsmobs\entity\EntityElephant.java:295: error: no suitable method found for spawnAtLocation(ItemStack,int)
                        this.spawnAtLocation(elephantInventory.getItem(i), 1);
                            ^
    method Entity.spawnAtLocation(ServerLevel,ItemLike) is not applicable
      (argument mismatch; ItemStack cannot be converted to ServerLevel)
    method Entity.spawnAtLocation(ServerLevel,ItemStack) is not applicable
      (argument mismatch; ItemStack cannot be converted to ServerLevel)
C:\Users\justi\Documents\GitHub\AlexsMobs-26.2\src\main\java\com\github\alexthe666\alexsmobs\entity\EntityElephant.java:319: error: method setTame in class TamableAnimal cannot be applied to given types;
                        this.setTame(true);
                            ^
  required: boolean,boolean
  found:    boolean
  reason: actual and formal argument lists differ in length
C:\Users\justi\Documents\GitHub\AlexsMobs-26.2\src\main\java\com\github\alexthe666\alexsmobs\entity\EntityElephant.java:320: error: cannot find symbol
                        this.setOwnerUUID(blossomThrowerUUID);
                            ^
  symbol: method setOwnerUUID(UUID)
C:\Users\justi\Documents\GitHub\AlexsMobs-26.2\src\main\java\com\github\alexthe666\alexsmobs\entity\EntityElephant.java:382: error: no suitable method found for knockback(float,double,double)
                target.knockback(1F, target.getX() - this.getX(), target.getZ() - this.getZ());
                      ^
    method LivingEntity.knockback(double,double,double,DamageSource,float,boolean) is not applicable
      (actual and formal argument lists differ in length)
    method LivingEntity.knockback(double,double,double,DamageSource,float) is not applicable
      (actual and formal argument lists differ in length)
C:\Users\justi\Documents\GitHub\AlexsMobs-26.2\src\main\java\com\github\alexthe666\alexsmobs\entity\EntityElephant.java:383: error: cannot find symbol
                target.hasImpulse = true;
                      ^
  symbol:   variable hasImpulse
  location: variable target of type LivingEntity
C:\Users\justi\Documents\GitHub\AlexsMobs-26.2\src\main\java\com\github\alexthe666\alexsmobs\entity\EntityElephant.java:392: error: no suitable method found for knockback(float,double,double)
                target.knockback(1F, target.getX() - this.getX(), target.getZ() - this.getZ());
                      ^
    method LivingEntity.knockback(double,double,double,DamageSource,float,boolean) is not applicable
      (actual and formal argument lists differ in length)
    method LivingEntity.knockback(double,double,double,DamageSource,float) is not applicable
      (actual and formal argument lists differ in length)
C:\Users\justi\Documents\GitHub\AlexsMobs-26.2\src\main\java\com\github\alexthe666\alexsmobs\entity\EntityElephant.java:398: error: no suitable method found for knockback(float,double,double)
                target.knockback(0.3F, target.getX() - this.getX(), target.getZ() - this.getZ());
                      ^
    method LivingEntity.knockback(double,double,double,DamageSource,float,boolean) is not applicable
      (actual and formal argument lists differ in length)
    method LivingEntity.knockback(double,double,double,DamageSource,float) is not applicable
      (actual and formal argument lists differ in length)
C:\Users\justi\Documents\GitHub\AlexsMobs-26.2\src\main\java\com\github\alexthe666\alexsmobs\entity\EntityElephant.java:417: error: cannot find symbol
            this.gameEvent(GameEvent.ENTITY_ROAR);
                                    ^
  symbol:   variable ENTITY_ROAR
  location: class GameEvent
C:\Users\justi\Documents\GitHub\AlexsMobs-26.2\src\main\java\com\github\alexthe666\alexsmobs\entity\EntityElephant.java:463: error: method dropLeash in interface Leashable cannot be applied to given types;
                this.dropLeash(true, false);
                    ^
  required: no arguments
  found:    boolean,boolean
  reason: actual and formal argument lists differ in length
C:\Users\justi\Documents\GitHub\AlexsMobs-26.2\src\main\java\com\github\alexthe666\alexsmobs\entity\EntityElephant.java:494: error: no suitable constructor found for ItemParticleOption(ParticleType<ItemParticleOption>,ItemStack)
            ParticleOptions data = new ItemParticleOption(ParticleTypes.ITEM, heldItemMainhand);
                                   ^
    constructor ItemParticleOption.ItemParticleOption(ParticleType<ItemParticleOption>,Item) is not applicable
      (argument mismatch; ItemStack cannot be converted to Item)
    constructor ItemParticleOption.ItemParticleOption(ParticleType<ItemParticleOption>,ItemStackTemplate) is not applicable
      (argument mismatch; ItemStack cannot be converted to ItemStackTemplate)
C:\Users\justi\Documents\GitHub\AlexsMobs-26.2\src\main\java\com\github\alexthe666\alexsmobs\entity\EntityElephant.java:534: error: no suitable method found for spawnAtLocation(Item)
                    this.spawnAtLocation(this.getCarpetItemBeingWorn());
                        ^
    method Entity.spawnAtLocation(ServerLevel,ItemLike) is not applicable
      (actual and formal argument lists differ in length)
    method Entity.spawnAtLocation(ServerLevel,ItemStack) is not applicable
      (actual and formal argument lists differ in length)
    method Entity.spawnAtLocation(ServerLevel,ItemStack,Vec3) is not applicable
      (actual and formal argument lists differ in length)
    method Entity.spawnAtLocation(ServerLevel,ItemStack,float) is not applicable
      (actual and formal argument lists differ in length)
C:\Users\justi\Documents\GitHub\AlexsMobs-26.2\src\main\java\com\github\alexthe666\alexsmobs\entity\EntityElephant.java:537: error: incompatible types: Reference<SoundEvent> cannot be converted to SoundEvent
                this.playSound(SoundEvents.LLAMA_SWAG, 1.0F, (this.random.nextFloat() - this.random.nextFloat()) * 0.2F + 1.0F);
                                          ^
C:\Users\justi\Documents\GitHub\AlexsMobs-26.2\src\main\java\com\github\alexthe666\alexsmobs\entity\EntityElephant.java:546: error: cannot find symbol
        } else if (owner && this.getColor() != null && stack.is(Tags.Items.SHEARS)) {
                                                                          ^
  symbol:   variable SHEARS
  location: class Items
C:\Users\justi\Documents\GitHub\AlexsMobs-26.2\src\main\java\com\github\alexthe666\alexsmobs\entity\EntityElephant.java:550: error: no suitable method found for spawnAtLocation(Item)
                this.spawnAtLocation(this.getCarpetItemBeingWorn());
                    ^
    method Entity.spawnAtLocation(ServerLevel,ItemLike) is not applicable
      (actual and formal argument lists differ in length)
    method Entity.spawnAtLocation(ServerLevel,ItemStack) is not applicable
      (actual and formal argument lists differ in length)
    method Entity.spawnAtLocation(ServerLevel,ItemStack,Vec3) is not applicable
      (actual and formal argument lists differ in length)
    method Entity.spawnAtLocation(ServerLevel,ItemStack,float) is not applicable
      (actual and formal argument lists differ in length)
C:\Users\justi\Documents\GitHub\AlexsMobs-26.2\src\main\java\com\github\alexthe666\alexsmobs\entity\EntityElephant.java:561: error: cannot find symbol
            return InteractionResult.sidedSuccess(this.level().isClientSide());
                                    ^
  symbol:   method sidedSuccess(boolean)
  location: interface InteractionResult
C:\Users\justi\Documents\GitHub\AlexsMobs-26.2\src\main\java\com\github\alexthe666\alexsmobs\entity\EntityElephant.java:562: error: cannot find symbol
        } else if (owner && isChested() && stack.is(Tags.Items.SHEARS)) {
                                                              ^
  symbol:   variable SHEARS
  location: class Items
C:\Users\justi\Documents\GitHub\AlexsMobs-26.2\src\main\java\com\github\alexthe666\alexsmobs\entity\EntityElephant.java:565: error: no suitable method found for spawnAtLocation(Block)
            this.spawnAtLocation(Blocks.CHEST);
                ^
    method Entity.spawnAtLocation(ServerLevel,ItemLike) is not applicable
      (actual and formal argument lists differ in length)
    method Entity.spawnAtLocation(ServerLevel,ItemStack) is not applicable
      (actual and formal argument lists differ in length)
    method Entity.spawnAtLocation(ServerLevel,ItemStack,Vec3) is not applicable
      (actual and formal argument lists differ in length)
    method Entity.spawnAtLocation(ServerLevel,ItemStack,float) is not applicable
      (actual and formal argument lists differ in length)
C:\Users\justi\Documents\GitHub\AlexsMobs-26.2\src\main\java\com\github\alexthe666\alexsmobs\entity\EntityElephant.java:567: error: no suitable method found for spawnAtLocation(ItemStack)
                this.spawnAtLocation(elephantInventory.getItem(i));
                    ^
    method Entity.spawnAtLocation(ServerLevel,ItemLike) is not applicable
      (actual and formal argument lists differ in length)
    method Entity.spawnAtLocation(ServerLevel,ItemStack) is not applicable
      (actual and formal argument lists differ in length)
    method Entity.spawnAtLocation(ServerLevel,ItemStack,Vec3) is not applicable
      (actual and formal argument lists differ in length)
    method Entity.spawnAtLocation(ServerLevel,ItemStack,float) is not applicable
      (actual and formal argument lists differ in length)
C:\Users\justi\Documents\GitHub\AlexsMobs-26.2\src\main\java\com\github\alexthe666\alexsmobs\entity\EntityElephant.java:581: error: getDimensions(Pose) in EntityElephant cannot override getDimensions(Pose) in LivingEntity
    public EntityDimensions getDimensions(Pose poseIn) {
                            ^
  overridden method is final
C:\Users\justi\Documents\GitHub\AlexsMobs-26.2\src\main\java\com\github\alexthe666\alexsmobs\entity\EntityElephant.java:619: error: method dropEquipment in class LivingEntity cannot be applied to given types;
        super.dropEquipment();
             ^
  required: ServerLevel
  found:    no arguments
  reason: actual and formal argument lists differ in length
C:\Users\justi\Documents\GitHub\AlexsMobs-26.2\src\main\java\com\github\alexthe666\alexsmobs\entity\EntityElephant.java:622: error: no suitable method found for spawnAtLocation(Block)
                this.spawnAtLocation(Blocks.CHEST);
                    ^
    method Entity.spawnAtLocation(ServerLevel,ItemLike) is not applicable
      (actual and formal argument lists differ in length)
    method Entity.spawnAtLocation(ServerLevel,ItemStack) is not applicable
      (actual and formal argument lists differ in length)
    method Entity.spawnAtLocation(ServerLevel,ItemStack,Vec3) is not applicable
      (actual and formal argument lists differ in length)
    method Entity.spawnAtLocation(ServerLevel,ItemStack,float) is not applicable
      (actual and formal argument lists differ in length)
C:\Users\justi\Documents\GitHub\AlexsMobs-26.2\src\main\java\com\github\alexthe666\alexsmobs\entity\EntityElephant.java:625: error: no suitable method found for spawnAtLocation(ItemStack)
                this.spawnAtLocation(elephantInventory.getItem(i));
                    ^
    method Entity.spawnAtLocation(ServerLevel,ItemLike) is not applicable
      (actual and formal argument lists differ in length)
    method Entity.spawnAtLocation(ServerLevel,ItemStack) is not applicable
      (actual and formal argument lists differ in length)
    method Entity.spawnAtLocation(ServerLevel,ItemStack,Vec3) is not applicable
      (actual and formal argument lists differ in length)
    method Entity.spawnAtLocation(ServerLevel,ItemStack,float) is not applicable
      (actual and formal argument lists differ in length)
C:\Users\justi\Documents\GitHub\AlexsMobs-26.2\src\main\java\com\github\alexthe666\alexsmobs\entity\EntityElephant.java:632: error: no suitable method found for spawnAtLocation(Item)
                this.spawnAtLocation(this.getCarpetItemBeingWorn());
                    ^
    method Entity.spawnAtLocation(ServerLevel,ItemLike) is not applicable
      (actual and formal argument lists differ in length)
    method Entity.spawnAtLocation(ServerLevel,ItemStack) is not applicable
      (actual and formal argument lists differ in length)
    method Entity.spawnAtLocation(ServerLevel,ItemStack,Vec3) is not applicable
      (actual and formal argument lists differ in length)
    method Entity.spawnAtLocation(ServerLevel,ItemStack,float) is not applicable
      (actual and formal argument lists differ in length)
C:\Users\justi\Documents\GitHub\AlexsMobs-26.2\src\main\java\com\github\alexthe666\alexsmobs\entity\EntityElephant.java:642: error: no suitable method found for create(ServerLevel)
        EntityElephant baby = AMEntityRegistry.ELEPHANT.get().create(serverWorld);
                                                             ^
    method EntityType.create(ServerLevel,@org.jspecify.annotations.Nullable PostSpawnProcessor<EntityElephant>,BlockPos,EntitySpawnReason,boolean,boolean) is not applicable
      (actual and formal argument lists differ in length)
    method EntityType.create(Level,EntitySpawnReason) is not applicable
      (actual and formal argument lists differ in length)
    method EntityType.create(Level,EntitySpawnRequest) is not applicable
      (actual and formal argument lists differ in length)
    method EntityType.create(ValueInput,Level,EntitySpawnRequest) is not applicable
      (actual and formal argument lists differ in length)
    method EntityType.create(EntityType<?>,ValueInput,Level,EntitySpawnReason) is not applicable
      (actual and formal argument lists differ in length)
C:\Users\justi\Documents\GitHub\AlexsMobs-26.2\src\main\java\com\github\alexthe666\alexsmobs\entity\EntityElephant.java:666: error: cannot find symbol
                    itemstack.save(CompoundNBT);
                             ^
  symbol:   method save(CompoundTag)
  location: variable itemstack of type ItemStack
C:\Users\justi\Documents\GitHub\AlexsMobs-26.2\src\main\java\com\github\alexthe666\alexsmobs\entity\EntityElephant.java:670: error: cannot find symbol
            compound.put("Items", nbttaglist);
                    ^
  symbol:   method put(String,ListTag)
  location: variable compound of type ValueOutput
C:\Users\justi\Documents\GitHub\AlexsMobs-26.2\src\main\java\com\github\alexthe666\alexsmobs\entity\EntityElephant.java:683: error: method setTame in class TamableAnimal cannot be applied to given types;
        this.setTame(compound.getBooleanOr("Tamed", false));
            ^
  required: boolean,boolean
  found:    boolean
  reason: actual and formal argument lists differ in length
C:\Users\justi\Documents\GitHub\AlexsMobs-26.2\src\main\java\com\github\alexthe666\alexsmobs\entity\EntityElephant.java:691: error: no suitable method found for set(EntityDataAccessor<Integer>,Optional<Integer>)
        this.entityData.set(CARPET_COLOR, compound.getInt("Carpet"));
                       ^
    method SynchedEntityData.<T#1>set(EntityDataAccessor<T#1>,T#1) is not applicable
      (inference variable T#1 has incompatible bounds
        equality constraints: Integer
        lower bounds: Optional<Integer>)
    method SynchedEntityData.<T#2>set(EntityDataAccessor<T#2>,T#2,boolean) is not applicable
      (cannot infer type-variable(s) T#2
        (actual and formal argument lists differ in length))
  where T#1,T#2 are type-variables:
    T#1 extends Object declared in method <T#1>set(EntityDataAccessor<T#1>,T#1)
    T#2 extends Object declared in method <T#2>set(EntityDataAccessor<T#2>,T#2,boolean)
C:\Users\justi\Documents\GitHub\AlexsMobs-26.2\src\main\java\com\github\alexthe666\alexsmobs\entity\EntityElephant.java:693: error: cannot find symbol
            ListTag nbttaglist = compound.getListOrEmpty("Items");
                                         ^
  symbol:   method getListOrEmpty(String)
  location: variable compound of type ValueInput
C:\Users\justi\Documents\GitHub\AlexsMobs-26.2\src\main\java\com\github\alexthe666\alexsmobs\entity\EntityElephant.java:697: error: bad operand types for binary operator '&'
                int j = CompoundNBT.getByte("Slot") & 255;
                                                    ^
  first type:  Optional<Byte>
  second type: int
C:\Users\justi\Documents\GitHub\AlexsMobs-26.2\src\main\java\com\github\alexthe666\alexsmobs\entity\EntityElephant.java:698: error: cannot find symbol
                this.elephantInventory.setItem(j, ItemStack.of(CompoundNBT));
                                                           ^
  symbol:   method of(CompoundTag)
  location: class ItemStack
C:\Users\justi\Documents\GitHub\AlexsMobs-26.2\src\main\java\com\github\alexthe666\alexsmobs\entity\EntityElephant.java:701: error: cannot find symbol
            ListTag nbttaglist = compound.getListOrEmpty("Items");
                                         ^
  symbol:   method getListOrEmpty(String)
  location: variable compound of type ValueInput
C:\Users\justi\Documents\GitHub\AlexsMobs-26.2\src\main\java\com\github\alexthe666\alexsmobs\entity\EntityElephant.java:705: error: bad operand types for binary operator '&'
                int j = CompoundNBT.getByte("Slot") & 255;
                                                    ^
  first type:  Optional<Byte>
  second type: int
C:\Users\justi\Documents\GitHub\AlexsMobs-26.2\src\main\java\com\github\alexthe666\alexsmobs\entity\EntityElephant.java:707: error: cannot find symbol
                this.elephantInventory.setItem(j, ItemStack.of(CompoundNBT));
                                                           ^
  symbol:   method of(CompoundTag)
  location: class ItemStack
C:\Users\justi\Documents\GitHub\AlexsMobs-26.2\src\main\java\com\github\alexthe666\alexsmobs\entity\EntityElephant.java:710: error: cannot find symbol
        if (compound.contains("DespawnDelay")) {
                    ^
  symbol:   method contains(String)
  location: variable compound of type ValueInput
C:\Users\justi\Documents\GitHub\AlexsMobs-26.2\src\main\java\com\github\alexthe666\alexsmobs\entity\EntityElephant.java:741: error: no suitable method found for spawnAtLocation(ItemStack,float)
                    this.spawnAtLocation(itemstack, 0.0F);
                        ^
    method Entity.spawnAtLocation(ServerLevel,ItemLike) is not applicable
      (argument mismatch; ItemStack cannot be converted to ServerLevel)
    method Entity.spawnAtLocation(ServerLevel,ItemStack) is not applicable
      (argument mismatch; ItemStack cannot be converted to ServerLevel)
C:\Users\justi\Documents\GitHub\AlexsMobs-26.2\src\main\java\com\github\alexthe666\alexsmobs\entity\EntityElephant.java:785: error: method finalizeSpawn in class AgeableMob cannot be applied to given types;
        return super.finalizeSpawn(worldIn, difficultyIn, reason, spawnDataIn, dataTag);
                    ^
  required: ServerLevelAccessor,DifficultyInstance,EntitySpawnReason,SpawnGroupData
  found:    ServerLevelAccessor,DifficultyInstance,EntitySpawnReason,SpawnGroupData,CompoundTag
  reason: actual and formal argument lists differ in length
C:\Users\justi\Documents\GitHub\AlexsMobs-26.2\src\main\java\com\github\alexthe666\alexsmobs\entity\EntityElephant.java:835: error: no suitable method found for spawnAtLocation(ItemStack,float)
            this.spawnAtLocation(this.getItemInHand(InteractionHand.MAIN_HAND), 0.0F);
                ^
    method Entity.spawnAtLocation(ServerLevel,ItemLike) is not applicable
      (argument mismatch; ItemStack cannot be converted to ServerLevel)
    method Entity.spawnAtLocation(ServerLevel,ItemStack) is not applicable
      (argument mismatch; ItemStack cannot be converted to ServerLevel)
C:\Users\justi\Documents\GitHub\AlexsMobs-26.2\src\main\java\com\github\alexthe666\alexsmobs\entity\EntityElephant.java:854: error: cannot find symbol
            LootTable loottable = this.level().getServer().getLootData().getLootTable(TRADER_LOOT);
                                                          ^
  symbol:   method getLootData()
  location: class MinecraftServer
C:\Users\justi\Documents\GitHub\AlexsMobs-26.2\src\main\java\com\github\alexthe666\alexsmobs\entity\EntityElephant.java:917: error: cannot find symbol
            passenger.setPos(this.getX() + extraX, this.getY() + this.getPassengersRidingOffset() + scaleY + passenger.getMyRidingOffset(), this.getZ() + extraZ);
                                                                                                                      ^
  symbol:   method getMyRidingOffset()
  location: variable passenger of type Entity
C:\Users\justi\Documents\GitHub\AlexsMobs-26.2\src\main\java\com\github\alexthe666\alexsmobs\entity\EntityElephant.java:956: error: isAlliedTo(Entity) in EntityElephant cannot override isAlliedTo(@org.jspecify.annotations.Nullable Entity) in Entity
    public boolean isAlliedTo(Entity entityIn) {
                   ^
  overridden method is final
C:\Users\justi\Documents\GitHub\AlexsMobs-26.2\src\main\java\com\github\alexthe666\alexsmobs\client\model\ModelEmu.java:303: error: cannot find symbol
        if (this.young) {
                ^
  symbol: variable young
C:\Users\justi\Documents\GitHub\AlexsMobs-26.2\src\main\java\com\github\alexthe666\alexsmobs\client\model\ModelEmu.java:311: error: no suitable method found for render(PoseStack,VertexConsumer,int,int,float,float,float,float)
                p_228292_8_.render(matrixStackIn, bufferIn, packedLightIn, packedOverlayIn, red, green, blue, alpha);
                           ^
    method BasicModelPart.render(PoseStack,VertexConsumer,int,int) is not applicable
      (actual and formal argument lists differ in length)
    method BasicModelPart.render(PoseStack,VertexConsumer,int,int,int) is not applicable
      (actual and formal argument lists differ in length)
C:\Users\justi\Documents\GitHub\AlexsMobs-26.2\src\main\java\com\github\alexthe666\alexsmobs\client\model\ModelEmu.java:318: error: no suitable method found for render(PoseStack,VertexConsumer,int,int,float,float,float,float)
                p_228290_8_.render(matrixStackIn, bufferIn, packedLightIn, packedOverlayIn, red, green, blue, alpha);
                           ^
    method BasicModelPart.render(PoseStack,VertexConsumer,int,int) is not applicable
      (actual and formal argument lists differ in length)
    method BasicModelPart.render(PoseStack,VertexConsumer,int,int,int) is not applicable
      (actual and formal argument lists differ in length)
C:\Users\justi\Documents\GitHub\AlexsMobs-26.2\src\main\java\com\github\alexthe666\alexsmobs\entity\EntityEmu.java:107: error: cannot find symbol
                return super.getAttackReachSqr(attackTarget) + 2.5D;
                            ^
  symbol: method getAttackReachSqr(LivingEntity)
C:\Users\justi\Documents\GitHub\AlexsMobs-26.2\src\main\java\com\github\alexthe666\alexsmobs\entity\EntityEmu.java:123: error: no suitable method found for of(TagKey<Item>)
        this.goalSelector.addGoal(4, new TemptGoal(this, 1.1D, Ingredient.of(AMTagRegistry.EMU_BREEDABLES), false));
                                                                         ^
    method Ingredient.of(ItemLike) is not applicable
      (argument mismatch; TagKey<Item> cannot be converted to ItemLike)
    method Ingredient.of(ItemLike...) is not applicable
      (varargs mismatch; TagKey<Item> cannot be converted to ItemLike)
    method Ingredient.of(Stream<? extends ItemLike>) is not applicable
      (argument mismatch; TagKey<Item> cannot be converted to Stream<? extends ItemLike>)
    method Ingredient.of(HolderSet<Item>) is not applicable
      (argument mismatch; TagKey<Item> cannot be converted to HolderSet<Item>)
C:\Users\justi\Documents\GitHub\AlexsMobs-26.2\src\main\java\com\github\alexthe666\alexsmobs\entity\EntityEmu.java:142: error: hurt(DamageSource,float) in EntityEmu cannot override hurt(DamageSource,float) in Entity
    public boolean hurt(DamageSource source, float amount) {
                   ^
  overridden method is final
C:\Users\justi\Documents\GitHub\AlexsMobs-26.2\src\main\java\com\github\alexthe666\alexsmobs\entity\EntityEmu.java:143: error: incompatible types: void cannot be converted to boolean
        boolean prev = super.hurt(source, amount);
                                 ^
C:\Users\justi\Documents\GitHub\AlexsMobs-26.2\src\main\java\com\github\alexthe666\alexsmobs\entity\EntityEmu.java:190: error: no suitable method found for knockback(float,double,double)
                target.knockback(0.4F, target.getX() - this.getX(), target.getZ() - this.getZ());
                      ^
    method LivingEntity.knockback(double,double,double,DamageSource,float,boolean) is not applicable
      (actual and formal argument lists differ in length)
    method LivingEntity.knockback(double,double,double,DamageSource,float) is not applicable
      (actual and formal argument lists differ in length)
C:\Users\justi\Documents\GitHub\AlexsMobs-26.2\src\main\java\com\github\alexthe666\alexsmobs\entity\EntityEmu.java:196: error: no suitable method found for spawnAtLocation(Item)
            this.spawnAtLocation(AMItemRegistry.EMU_EGG.get());
                ^
    method Entity.spawnAtLocation(ServerLevel,ItemLike) is not applicable
      (actual and formal argument lists differ in length)
    method Entity.spawnAtLocation(ServerLevel,ItemStack) is not applicable
      (actual and formal argument lists differ in length)
    method Entity.spawnAtLocation(ServerLevel,ItemStack,Vec3) is not applicable
      (actual and formal argument lists differ in length)
    method Entity.spawnAtLocation(ServerLevel,ItemStack,float) is not applicable
      (actual and formal argument lists differ in length)
C:\Users\justi\Documents\GitHub\AlexsMobs-26.2\src\main\java\com\github\alexthe666\alexsmobs\entity\EntityEmu.java:231: error: no suitable method found for create(ServerLevel)
        EntityEmu emu = AMEntityRegistry.EMU.get().create(serverWorld);
                                                  ^
    method EntityType.create(ServerLevel,@org.jspecify.annotations.Nullable PostSpawnProcessor<EntityEmu>,BlockPos,EntitySpawnReason,boolean,boolean) is not applicable
      (actual and formal argument lists differ in length)
    method EntityType.create(Level,EntitySpawnReason) is not applicable
      (actual and formal argument lists differ in length)
    method EntityType.create(Level,EntitySpawnRequest) is not applicable
      (actual and formal argument lists differ in length)
    method EntityType.create(ValueInput,Level,EntitySpawnRequest) is not applicable
      (actual and formal argument lists differ in length)
    method EntityType.create(EntityType<?>,ValueInput,Level,EntitySpawnReason) is not applicable
      (actual and formal argument lists differ in length)
C:\Users\justi\Documents\GitHub\AlexsMobs-26.2\src\main\java\com\github\alexthe666\alexsmobs\entity\EntityEmu.java:246: error: cannot find symbol
        if (compound.contains("EggLayTime")) {
                    ^
  symbol:   method contains(String)
  location: variable compound of type ValueInput
C:\Users\justi\Documents\GitHub\AlexsMobs-26.2\src\main\java\com\github\alexthe666\alexsmobs\entity\EntityEmu.java:264: error: method finalizeSpawn in class AgeableMob cannot be applied to given types;
        return super.finalizeSpawn(worldIn, difficultyIn, reason, spawnDataIn, dataTag);
                    ^
  required: ServerLevelAccessor,DifficultyInstance,EntitySpawnReason,SpawnGroupData
  found:    ServerLevelAccessor,DifficultyInstance,EntitySpawnReason,SpawnGroupData,CompoundTag
  reason: actual and formal argument lists differ in length
C:\Users\justi\Documents\GitHub\AlexsMobs-26.2\src\main\java\com\github\alexthe666\alexsmobs\client\model\ModelEndergrade.java:97: error: cannot find symbol
		if (this.young) {
		        ^
  symbol: variable young
C:\Users\justi\Documents\GitHub\AlexsMobs-26.2\src\main\java\com\github\alexthe666\alexsmobs\client\model\ModelEndergrade.java:105: error: no suitable method found for render(PoseStack,VertexConsumer,int,int,float,float,float,float)
				p_228292_8_.render(matrixStackIn, bufferIn, packedLightIn, packedOverlayIn, red, green, blue, alpha);
				           ^
    method BasicModelPart.render(PoseStack,VertexConsumer,int,int) is not applicable
      (actual and formal argument lists differ in length)
    method BasicModelPart.render(PoseStack,VertexConsumer,int,int,int) is not applicable
      (actual and formal argument lists differ in length)
C:\Users\justi\Documents\GitHub\AlexsMobs-26.2\src\main\java\com\github\alexthe666\alexsmobs\client\model\ModelEndergrade.java:112: error: no suitable method found for render(PoseStack,VertexConsumer,int,int,float,float,float,float)
				p_228290_8_.render(matrixStackIn, bufferIn, packedLightIn, packedOverlayIn, red, green, blue, alpha);
				           ^
    method BasicModelPart.render(PoseStack,VertexConsumer,int,int) is not applicable
      (actual and formal argument lists differ in length)
    method BasicModelPart.render(PoseStack,VertexConsumer,int,int,int) is not applicable
      (actual and formal argument lists differ in length)
C:\Users\justi\Documents\GitHub\AlexsMobs-26.2\src\main\java\com\github\alexthe666\alexsmobs\entity\EntityEndergrade.java:111: error: no suitable method found for of(TagKey<Item>)
        this.goalSelector.addGoal(3, new TemptGoal(this, 1.1D, Ingredient.of(AMTagRegistry.ENDERGRADE_BREEDABLES), false) {
                                                                         ^
    method Ingredient.of(ItemLike) is not applicable
      (argument mismatch; TagKey<Item> cannot be converted to ItemLike)
    method Ingredient.of(ItemLike...) is not applicable
      (varargs mismatch; TagKey<Item> cannot be converted to ItemLike)
    method Ingredient.of(Stream<? extends ItemLike>) is not applicable
      (argument mismatch; TagKey<Item> cannot be converted to Stream<? extends ItemLike>)
    method Ingredient.of(HolderSet<Item>) is not applicable
      (argument mismatch; TagKey<Item> cannot be converted to HolderSet<Item>)
C:\Users\justi\Documents\GitHub\AlexsMobs-26.2\src\main\java\com\github\alexthe666\alexsmobs\entity\EntityEndergrade.java:158: error: incompatible types: MobEffect cannot be converted to Holder<MobEffect>
        if (itemstack.is(AMTagRegistry.ENDERGRADE_BREEDABLES) && this.hasEffect(AMEffectRegistry.ENDER_FLU.get())) {
                                                                                                              ^
C:\Users\justi\Documents\GitHub\AlexsMobs-26.2\src\main\java\com\github\alexthe666\alexsmobs\entity\EntityEndergrade.java:163: error: incompatible types: MobEffect cannot be converted to Holder<MobEffect>
            this.removeEffect(AMEffectRegistry.ENDER_FLU.get());
                                                            ^
C:\Users\justi\Documents\GitHub\AlexsMobs-26.2\src\main\java\com\github\alexthe666\alexsmobs\entity\EntityEndergrade.java:186: error: cannot find symbol
            passenger.setPos(this.getX() + extraX, this.getY() + this.getPassengersRidingOffset() + passenger.getMyRidingOffset(), this.getZ() + extraZ);
                                                                                                             ^
  symbol:   method getMyRidingOffset()
  location: variable passenger of type Entity
C:\Users\justi\Documents\GitHub\AlexsMobs-26.2\src\main\java\com\github\alexthe666\alexsmobs\entity\EntityEndergrade.java:257: error: cannot find symbol
        this.playSound(SoundEvents.CAT_EAT, this.getSoundVolume(), this.getVoicePitch());
                                  ^
  symbol:   variable CAT_EAT
  location: class SoundEvents
C:\Users\justi\Documents\GitHub\AlexsMobs-26.2\src\main\java\com\github\alexthe666\alexsmobs\entity\EntityEndergrade.java:272: error: no suitable method found for create(ServerLevel)
        return AMEntityRegistry.ENDERGRADE.get().create(p_241840_1_);
                                                ^
    method EntityType.create(ServerLevel,@org.jspecify.annotations.Nullable PostSpawnProcessor<EntityEndergrade>,BlockPos,EntitySpawnReason,boolean,boolean) is not applicable
      (actual and formal argument lists differ in length)
    method EntityType.create(Level,EntitySpawnReason) is not applicable
      (actual and formal argument lists differ in length)
    method EntityType.create(Level,EntitySpawnRequest) is not applicable
      (actual and formal argument lists differ in length)
    method EntityType.create(ValueInput,Level,EntitySpawnRequest) is not applicable
      (actual and formal argument lists differ in length)
    method EntityType.create(EntityType<?>,ValueInput,Level,EntitySpawnReason) is not applicable
      (actual and formal argument lists differ in length)
C:\Users\justi\Documents\GitHub\AlexsMobs-26.2\src\main\java\com\github\alexthe666\alexsmobs\entity\EntityEndergrade.java:276: error: method dropEquipment in class LivingEntity cannot be applied to given types;
        super.dropEquipment();
             ^
  required: ServerLevel
  found:    no arguments
  reason: actual and formal argument lists differ in length
C:\Users\justi\Documents\GitHub\AlexsMobs-26.2\src\main\java\com\github\alexthe666\alexsmobs\entity\EntityEndergrade.java:279: error: no suitable method found for spawnAtLocation(Item)
                this.spawnAtLocation(Items.SADDLE);
                    ^
    method Entity.spawnAtLocation(ServerLevel,ItemLike) is not applicable
      (actual and formal argument lists differ in length)
    method Entity.spawnAtLocation(ServerLevel,ItemStack) is not applicable
      (actual and formal argument lists differ in length)
    method Entity.spawnAtLocation(ServerLevel,ItemStack,Vec3) is not applicable
      (actual and formal argument lists differ in length)
    method Entity.spawnAtLocation(ServerLevel,ItemStack,float) is not applicable
      (actual and formal argument lists differ in length)
C:\Users\justi\Documents\GitHub\AlexsMobs-26.2\src\main\java\com\github\alexthe666\alexsmobs\entity\EntityEndergrade.java:314: error: method does not override or implement a method from a supertype
    @Override
    ^
C:\Users\justi\Documents\GitHub\AlexsMobs-26.2\src\main\java\com\github\alexthe666\alexsmobs\client\model\ModelEnderiophage.java:229: error: method does not override or implement a method from a supertype
    @Override
    ^
C:\Users\justi\Documents\GitHub\AlexsMobs-26.2\src\main\java\com\github\alexthe666\alexsmobs\entity\EntityEnderiophage.java:57: error: EntityEnderiophage is not abstract and does not override abstract method isFood(ItemStack) in Animal
public class EntityEnderiophage extends Animal implements Enemy {
       ^
C:\Users\justi\Documents\GitHub\AlexsMobs-26.2\src\main\java\com\github\alexthe666\alexsmobs\entity\EntityEnderiophage.java:65: error: incompatible types: MobEffect cannot be converted to Holder<MobEffect>
        return entity instanceof EntityEndergrade || entity.hasEffect(AMEffectRegistry.ENDER_FLU.get());
                                                                                                    ^
C:\Users\justi\Documents\GitHub\AlexsMobs-26.2\src\main\java\com\github\alexthe666\alexsmobs\entity\EntityEnderiophage.java:116: error: method finalizeSpawn in class AgeableMob cannot be applied to given types;
        return super.finalizeSpawn(worldIn, difficultyIn, reason, spawnDataIn, dataTag);
                    ^
  required: ServerLevelAccessor,DifficultyInstance,EntitySpawnReason,SpawnGroupData
  found:    ServerLevelAccessor,DifficultyInstance,EntitySpawnReason,SpawnGroupData,CompoundTag
  reason: actual and formal argument lists differ in length
C:\Users\justi\Documents\GitHub\AlexsMobs-26.2\src\main\java\com\github\alexthe666\alexsmobs\entity\EntityEnderiophage.java:238: error: 'void' type not allowed here
                        if ((target.getHealth() < 1.5D || mount.hurt(this.damageSources().mobAttack(this), dmg)) && mount instanceof LivingEntity) {
                                                                    ^
C:\Users\justi\Documents\GitHub\AlexsMobs-26.2\src\main\java\com\github\alexthe666\alexsmobs\entity\EntityEnderiophage.java:252: error: incompatible types: MobEffect cannot be converted to Holder<MobEffect>
                                        if (target.getEffect(AMEffectRegistry.ENDER_FLU.get()) == null) {
                                                                                           ^
C:\Users\justi\Documents\GitHub\AlexsMobs-26.2\src\main\java\com\github\alexthe666\alexsmobs\entity\EntityEnderiophage.java:253: error: no suitable constructor found for MobEffectInstance(MobEffect,int)
                                            target.addEffect(new MobEffectInstance(AMEffectRegistry.ENDER_FLU.get(), 12000));
                                                             ^
    constructor MobEffectInstance.MobEffectInstance(Holder<MobEffect>,int) is not applicable
      (argument mismatch; MobEffect cannot be converted to Holder<MobEffect>)
    constructor MobEffectInstance.MobEffectInstance(Holder<MobEffect>,Details) is not applicable
      (argument mismatch; MobEffect cannot be converted to Holder<MobEffect>)
C:\Users\justi\Documents\GitHub\AlexsMobs-26.2\src\main\java\com\github\alexthe666\alexsmobs\entity\EntityEnderiophage.java:255: error: incompatible types: MobEffect cannot be converted to Holder<MobEffect>
                                            MobEffectInstance inst = target.getEffect(AMEffectRegistry.ENDER_FLU.get());
                                                                                                                    ^
C:\Users\justi\Documents\GitHub\AlexsMobs-26.2\src\main\java\com\github\alexthe666\alexsmobs\entity\EntityEnderiophage.java:262: error: incompatible types: MobEffect cannot be converted to Holder<MobEffect>
                                            target.removeEffect(AMEffectRegistry.ENDER_FLU.get());
                                                                                              ^
C:\Users\justi\Documents\GitHub\AlexsMobs-26.2\src\main\java\com\github\alexthe666\alexsmobs\entity\EntityEnderiophage.java:263: error: incompatible types: MobEffect cannot be converted to Holder<MobEffect>
                                            target.addEffect(new MobEffectInstance(AMEffectRegistry.ENDER_FLU.get(), duration, Math.min(level + 1, 4)));
                                                                                                                 ^
C:\Users\justi\Documents\GitHub\AlexsMobs-26.2\src\main\java\com\github\alexthe666\alexsmobs\entity\EntityEnderiophage.java:266: error: cannot find symbol
                                        this.gameEvent(GameEvent.ENTITY_ROAR);
                                                                ^
  symbol:   variable ENTITY_ROAR
  location: class GameEvent
C:\Users\justi\Documents\GitHub\AlexsMobs-26.2\src\main\java\com\github\alexthe666\alexsmobs\entity\EntityEnderiophage.java:267: error: incompatible types: Reference<SoundEvent> cannot be converted to SoundEvent
                                        this.playSound(SoundEvents.ITEM_BREAK, this.getSoundVolume(), this.getVoicePitch());
                                                                  ^
C:\Users\justi\Documents\GitHub\AlexsMobs-26.2\src\main\java\com\github\alexthe666\alexsmobs\entity\EntityEnderiophage.java:274: error: cannot find symbol
                                        this.goalSelector.getRunningGoals().forEach(Goal::stop);
                                                         ^
  symbol:   method getRunningGoals()
  location: variable goalSelector of type GoalSelector
C:\Users\justi\Documents\GitHub\AlexsMobs-26.2\src\main\java\com\github\alexthe666\alexsmobs\entity\EntityEnderiophage.java:275: error: cannot find symbol
                                        this.targetSelector.getRunningGoals().forEach(Goal::stop);
                                                           ^
  symbol:   method getRunningGoals()
  location: variable targetSelector of type GoalSelector
C:\Users\justi\Documents\GitHub\AlexsMobs-26.2\src\main\java\com\github\alexthe666\alexsmobs\entity\EntityEnderiophage.java:358: error: cannot find symbol
                            angryEnderman.goalSelector.getRunningGoals().forEach(Goal::stop);
                                                      ^
  symbol:   method getRunningGoals()
  location: variable goalSelector of type GoalSelector
C:\Users\justi\Documents\GitHub\AlexsMobs-26.2\src\main\java\com\github\alexthe666\alexsmobs\entity\EntityEnderiophage.java:359: error: cannot find symbol
                            angryEnderman.targetSelector.getRunningGoals().forEach(Goal::stop);
                                                        ^
  symbol:   method getRunningGoals()
  location: variable targetSelector of type GoalSelector
C:\Users\justi\Documents\GitHub\AlexsMobs-26.2\src\main\java\com\github\alexthe666\alexsmobs\entity\EntityEnderiophage.java:612: error: hurt(DamageSource,float) in EntityEnderiophage cannot override hurt(DamageSource,float) in Entity
    public boolean hurt(DamageSource source, float amount) {
                   ^
  overridden method is final
C:\Users\justi\Documents\GitHub\AlexsMobs-26.2\src\main\java\com\github\alexthe666\alexsmobs\entity\EntityEnderiophage.java:613: error: method isInvulnerableTo in class LivingEntity cannot be applied to given types;
        if (this.isInvulnerableTo(source)) {
                ^
  required: ServerLevel,DamageSource
  found:    DamageSource
  reason: actual and formal argument lists differ in length
C:\Users\justi\Documents\GitHub\AlexsMobs-26.2\src\main\java\com\github\alexthe666\alexsmobs\entity\EntityEnderiophage.java:621: error: incompatible types: void cannot be converted to boolean
            return super.hurt(source, amount);
                             ^
C:\Users\justi\Documents\GitHub\AlexsMobs-26.2\src\main\java\com\github\alexthe666\alexsmobs\entity\EntityEnderiophage.java:764: error: no suitable method found for startRiding(LivingEntity,boolean)
                    parentEntity.startRiding(parentEntity.getTarget(), true);
                                ^
    method Entity.startRiding(Entity) is not applicable
      (actual and formal argument lists differ in length)
    method Mob.startRiding(Entity,boolean,boolean) is not applicable
      (actual and formal argument lists differ in length)
C:\Users\justi\Documents\GitHub\AlexsMobs-26.2\src\main\java\com\github\alexthe666\alexsmobs\tileentity\TileEntityEndPirateAnchor.java:47: error: incompatible types: BlockPos cannot be converted to Vec3
        return new AABB(worldPosition.offset(-1, 0, -1), worldPosition.offset(1, 3, 1));
                                            ^
C:\Users\justi\Documents\GitHub\AlexsMobs-26.2\src\main\java\com\github\alexthe666\alexsmobs\tileentity\TileEntityEndPirateAnchorWinch.java:138: error: cannot find symbol
        return INFINITE_EXTENT_AABB;
               ^
  symbol:   variable INFINITE_EXTENT_AABB
  location: class TileEntityEndPirateAnchorWinch
C:\Users\justi\Documents\GitHub\AlexsMobs-26.2\src\main\java\com\github\alexthe666\alexsmobs\tileentity\TileEntityEndPirateAnchorWinch.java:243: error: method does not override or implement a method from a supertype
    @Override
    ^
C:\Users\justi\Documents\GitHub\AlexsMobs-26.2\src\main\java\com\github\alexthe666\alexsmobs\tileentity\TileEntityEndPirateAnchorWinch.java:245: error: cannot find symbol
        super.load(compound);
             ^
  symbol: method load(CompoundTag)
C:\Users\justi\Documents\GitHub\AlexsMobs-26.2\src\main\java\com\github\alexthe666\alexsmobs\tileentity\TileEntityEndPirateFlag.java:25: error: incompatible types: BlockPos cannot be converted to Vec3
        return new AABB(worldPosition.offset(-2, -2, -2), worldPosition.offset(2, 2, 2));
                                            ^
C:\Users\justi\Documents\GitHub\AlexsMobs-26.2\src\main\java\com\github\alexthe666\alexsmobs\tileentity\TileEntityEndPirateShipWheel.java:30: error: incompatible types: BlockPos cannot be converted to Vec3
        return new AABB(worldPosition.offset(-2, -2, -2), worldPosition.offset(2, 2, 2));
                                            ^
C:\Users\justi\Documents\GitHub\AlexsMobs-26.2\src\main\java\com\github\alexthe666\alexsmobs\entity\EntityFarseer.java:106: error: method does not override or implement a method from a supertype
    @Override
    ^
C:\Users\justi\Documents\GitHub\AlexsMobs-26.2\src\main\java\com\github\alexthe666\alexsmobs\entity\EntityFarseer.java:108: error: height has private access in EntityDimensions
        return dimensions.height * 0.7F;
                         ^
C:\Users\justi\Documents\GitHub\AlexsMobs-26.2\src\main\java\com\github\alexthe666\alexsmobs\entity\EntityFarseer.java:116: error: cannot find symbol
        flyingpathnavigation.setCanPassDoors(true);
                            ^
  symbol:   method setCanPassDoors(boolean)
  location: variable flyingpathnavigation of type FlyingPathNavigation
C:\Users\justi\Documents\GitHub\AlexsMobs-26.2\src\main\java\com\github\alexthe666\alexsmobs\entity\EntityFarseer.java:493: error: cannot find symbol
        if (this.isEffectiveAi() || this.isControlledByLocalInstance()) {
                                        ^
  symbol: method isControlledByLocalInstance()
C:\Users\justi\Documents\GitHub\AlexsMobs-26.2\src\main\java\com\github\alexthe666\alexsmobs\entity\EntityFarseer.java:513: error: method isInvulnerableTo in class LivingEntity cannot be applied to given types;
        return super.isInvulnerableTo(dmg) || this.getAnimation() == ANIMATION_EMERGE;
                    ^
  required: ServerLevel,DamageSource
  found:    DamageSource
  reason: actual and formal argument lists differ in length
C:\Users\justi\Documents\GitHub\AlexsMobs-26.2\src\main\java\com\github\alexthe666\alexsmobs\entity\EntityFarseer.java:639: error: 'void' type not allowed here
                            if(target.hurt(AMDamageTypes.causeFarseerDamage(EntityFarseer.this), random.nextInt(2) + Math.max(6, healthTenth)) && !target.isAlive()){
                                          ^
C:\Users\justi\Documents\GitHub\AlexsMobs-26.2\src\main\java\com\github\alexthe666\alexsmobs\entity\EntityFart.java:29: error: EntityFart is not abstract and does not override abstract method hurtServer(ServerLevel,DamageSource,float) in Entity
public class EntityFart extends Entity {
       ^
C:\Users\justi\Documents\GitHub\AlexsMobs-26.2\src\main\java\com\github\alexthe666\alexsmobs\entity\EntityFart.java:80: error: cannot find symbol
            living.addEffect(new MobEffectInstance(MobEffects.CONFUSION, 300, 0));
                                                             ^
  symbol:   variable CONFUSION
  location: class MobEffects
C:\Users\justi\Documents\GitHub\AlexsMobs-26.2\src\main\java\com\github\alexthe666\alexsmobs\entity\EntityFart.java:136: error: cannot find symbol
            this.moveTo(this.getX(), this.getY(), this.getZ(), this.getYRot(), this.getXRot());
                ^
  symbol: method moveTo(double,double,double,float,float)
C:\Users\justi\Documents\GitHub\AlexsMobs-26.2\src\main\java\com\github\alexthe666\alexsmobs\entity\EntityFart.java:151: error: method does not override or implement a method from a supertype
    @Override
    ^
C:\Users\justi\Documents\GitHub\AlexsMobs-26.2\src\main\java\com\github\alexthe666\alexsmobs\entity\EntityFart.java:153: error: method getAddEntityPacket in class Entity cannot be applied to given types;
        return super.getAddEntityPacket();
                    ^
  required: ServerEntity
  found:    no arguments
  reason: actual and formal argument lists differ in length
C:\Users\justi\Documents\GitHub\AlexsMobs-26.2\src\main\java\com\github\alexthe666\alexsmobs\entity\ai\TameableAITempt.java:22: error: incompatible types: invalid method reference
        this.targetingConditions = DEF.copy().selector(this::shouldFollowAM);
                                                       ^
    method shouldFollowAM in class TameableAITempt cannot be applied to given types
      required: LivingEntity
      found:    LivingEntity,ServerLevel
      reason: actual and formal argument lists differ in length
C:\Users\justi\Documents\GitHub\AlexsMobs-26.2\src\main\java\com\github\alexthe666\alexsmobs\entity\ai\TameableAITempt.java:35: error: incompatible types: TargetingConditions cannot be converted to Entity
            this.player = this.mob.level().getNearestPlayer(this.targetingConditions, this.mob);
                                                                ^
C:\Users\justi\Documents\GitHub\AlexsMobs-26.2\src\main\java\com\github\alexthe666\alexsmobs\entity\EntityFlutter.java:122: error: no suitable method found for of(TagKey<Item>)
        this.goalSelector.addGoal(2, new TameableAITempt(this, 1.1D, Ingredient.of(AMTagRegistry.FLUTTER_BREEDABLES), false) {
                                                                               ^
    method Ingredient.of(ItemLike) is not applicable
      (argument mismatch; TagKey<Item> cannot be converted to ItemLike)
    method Ingredient.of(ItemLike...) is not applicable
      (varargs mismatch; TagKey<Item> cannot be converted to ItemLike)
    method Ingredient.of(Stream<? extends ItemLike>) is not applicable
      (argument mismatch; TagKey<Item> cannot be converted to Stream<? extends ItemLike>)
    method Ingredient.of(HolderSet<Item>) is not applicable
      (argument mismatch; TagKey<Item> cannot be converted to HolderSet<Item>)
C:\Users\justi\Documents\GitHub\AlexsMobs-26.2\src\main\java\com\github\alexthe666\alexsmobs\entity\EntityFlutter.java:289: error: cannot find symbol
                    this.gameEvent(GameEvent.ENTITY_ROAR);
                                            ^
  symbol:   variable ENTITY_ROAR
  location: class GameEvent
C:\Users\justi\Documents\GitHub\AlexsMobs-26.2\src\main\java\com\github\alexthe666\alexsmobs\entity\EntityFlutter.java:406: error: cannot find symbol
        } else if (!isTame() && itemstack.is(ItemTags.FLOWERS)) {
                                                     ^
  symbol:   variable FLOWERS
  location: class ItemTags
C:\Users\justi\Documents\GitHub\AlexsMobs-26.2\src\main\java\com\github\alexthe666\alexsmobs\entity\EntityFlutter.java:411: error: cannot find symbol
        if (isTame() && itemstack.is(ItemTags.FLOWERS) && this.getHealth() < this.getMaxHealth()) {
                                             ^
  symbol:   variable FLOWERS
  location: class ItemTags
C:\Users\justi\Documents\GitHub\AlexsMobs-26.2\src\main\java\com\github\alexthe666\alexsmobs\entity\EntityFlutter.java:414: error: cannot find symbol
            this.playSound(SoundEvents.CAT_EAT, this.getSoundVolume(), this.getVoicePitch());
                                      ^
  symbol:   variable CAT_EAT
  location: class SoundEvents
C:\Users\justi\Documents\GitHub\AlexsMobs-26.2\src\main\java\com\github\alexthe666\alexsmobs\entity\EntityFlutter.java:419: error: cannot find symbol
        if (interactionresult != InteractionResult.SUCCESS && type != InteractionResult.SUCCESS && isTame() && isOwnedBy(player) && !isFood(itemstack) && !itemstack.is(ItemTags.FLOWERS)) {
                                                                                                                                                                                ^
  symbol:   variable FLOWERS
  location: class ItemTags
C:\Users\justi\Documents\GitHub\AlexsMobs-26.2\src\main\java\com\github\alexthe666\alexsmobs\entity\EntityFlutter.java:423: error: cannot find symbol
            } else if (itemstack.is(Tags.Items.SHEARS) && this.isPotted()) {
                                              ^
  symbol:   variable SHEARS
  location: class Items
C:\Users\justi\Documents\GitHub\AlexsMobs-26.2\src\main\java\com\github\alexthe666\alexsmobs\entity\EntityFlutter.java:425: error: no suitable method found for spawnAtLocation(Item)
                this.spawnAtLocation(Items.FLOWER_POT);
                    ^
    method Entity.spawnAtLocation(ServerLevel,ItemLike) is not applicable
      (actual and formal argument lists differ in length)
    method Entity.spawnAtLocation(ServerLevel,ItemStack) is not applicable
      (actual and formal argument lists differ in length)
    method Entity.spawnAtLocation(ServerLevel,ItemStack,Vec3) is not applicable
      (actual and formal argument lists differ in length)
    method Entity.spawnAtLocation(ServerLevel,ItemStack,float) is not applicable
      (actual and formal argument lists differ in length)
C:\Users\justi\Documents\GitHub\AlexsMobs-26.2\src\main\java\com\github\alexthe666\alexsmobs\entity\EntityFlutter.java:433: error: cannot find symbol
                return InteractionResult.sidedSuccess(this.level().isClientSide());
                                        ^
  symbol:   method sidedSuccess(boolean)
  location: interface InteractionResult
C:\Users\justi\Documents\GitHub\AlexsMobs-26.2\src\main\java\com\github\alexthe666\alexsmobs\entity\EntityFlutter.java:439: error: cannot find symbol
                player.displayClientMessage(Component.translatable("entity.alexsmobs.all.command_" + this.getCommand(), this.getName()), true);
                      ^
  symbol:   method displayClientMessage(MutableComponent,boolean)
  location: variable player of type Player
C:\Users\justi\Documents\GitHub\AlexsMobs-26.2\src\main\java\com\github\alexthe666\alexsmobs\entity\EntityFlutter.java:478: error: method dropEquipment in class LivingEntity cannot be applied to given types;
        super.dropEquipment();
             ^
  required: ServerLevel
  found:    no arguments
  reason: actual and formal argument lists differ in length
C:\Users\justi\Documents\GitHub\AlexsMobs-26.2\src\main\java\com\github\alexthe666\alexsmobs\entity\EntityFlutter.java:481: error: no suitable method found for spawnAtLocation(Item)
                this.spawnAtLocation(Items.FLOWER_POT);
                    ^
    method Entity.spawnAtLocation(ServerLevel,ItemLike) is not applicable
      (actual and formal argument lists differ in length)
    method Entity.spawnAtLocation(ServerLevel,ItemStack) is not applicable
      (actual and formal argument lists differ in length)
    method Entity.spawnAtLocation(ServerLevel,ItemStack,Vec3) is not applicable
      (actual and formal argument lists differ in length)
    method Entity.spawnAtLocation(ServerLevel,ItemStack,float) is not applicable
      (actual and formal argument lists differ in length)
C:\Users\justi\Documents\GitHub\AlexsMobs-26.2\src\main\java\com\github\alexthe666\alexsmobs\entity\EntityFlutter.java:486: error: isAlliedTo(Entity) in EntityFlutter cannot override isAlliedTo(@org.jspecify.annotations.Nullable Entity) in Entity
    public boolean isAlliedTo(Entity entityIn) {
                   ^
  overridden method is final
C:\Users\justi\Documents\GitHub\AlexsMobs-26.2\src\main\java\com\github\alexthe666\alexsmobs\entity\EntityFlutter.java:602: error: incompatible types: CompoundTag cannot be converted to ValueOutput
        this.addAdditionalSaveData(platTag);
                                   ^
C:\Users\justi\Documents\GitHub\AlexsMobs-26.2\src\main\java\com\github\alexthe666\alexsmobs\entity\EntityFlutter.java:603: error: cannot find symbol
        stack.getOrCreateTag().put("FlutterData", platTag);
             ^
  symbol:   method getOrCreateTag()
  location: variable stack of type ItemStack
C:\Users\justi\Documents\GitHub\AlexsMobs-26.2\src\main\java\com\github\alexthe666\alexsmobs\entity\EntityFlutter.java:605: error: cannot find symbol
            stack.setCustomName(this.getCustomName());
                 ^
  symbol:   method setCustomName(Component)
  location: variable stack of type ItemStack
C:\Users\justi\Documents\GitHub\AlexsMobs-26.2\src\main\java\com\github\alexthe666\alexsmobs\entity\EntityFlutter.java:613: error: no suitable method found for create(Level)
        EntityFlutter baby = AMEntityRegistry.FLUTTER.get().create(level());
                                                           ^
    method EntityType.create(ServerLevel,@org.jspecify.annotations.Nullable PostSpawnProcessor<EntityFlutter>,BlockPos,EntitySpawnReason,boolean,boolean) is not applicable
      (actual and formal argument lists differ in length)
    method EntityType.create(Level,EntitySpawnReason) is not applicable
      (actual and formal argument lists differ in length)
    method EntityType.create(Level,EntitySpawnRequest) is not applicable
      (actual and formal argument lists differ in length)
    method EntityType.create(ValueInput,Level,EntitySpawnRequest) is not applicable
      (actual and formal argument lists differ in length)
    method EntityType.create(EntityType<?>,ValueInput,Level,EntitySpawnReason) is not applicable
      (actual and formal argument lists differ in length)
C:\Users\justi\Documents\GitHub\AlexsMobs-26.2\src\main\java\com\github\alexthe666\alexsmobs\entity\EntityFlutter.java:623: error: cannot find symbol
        return !hasEatenFlower(stack) && stack.is(ItemTags.FLOWERS);
                                                          ^
  symbol:   variable FLOWERS
  location: class ItemTags
C:\Users\justi\Documents\GitHub\AlexsMobs-26.2\src\main\java\com\github\alexthe666\alexsmobs\client\model\ModelFly.java:55: error: cannot find symbol
        if (this.young) {
                ^
  symbol: variable young
C:\Users\justi\Documents\GitHub\AlexsMobs-26.2\src\main\java\com\github\alexthe666\alexsmobs\client\model\ModelFly.java:60: error: no suitable method found for render(PoseStack,VertexConsumer,int,int,float,float,float,float)
                p_228292_8_.render(matrixStackIn, bufferIn, packedLightIn, packedOverlayIn, red, green, blue, alpha);
                           ^
    method BasicModelPart.render(PoseStack,VertexConsumer,int,int) is not applicable
      (actual and formal argument lists differ in length)
    method BasicModelPart.render(PoseStack,VertexConsumer,int,int,int) is not applicable
      (actual and formal argument lists differ in length)
C:\Users\justi\Documents\GitHub\AlexsMobs-26.2\src\main\java\com\github\alexthe666\alexsmobs\client\model\ModelFly.java:66: error: no suitable method found for render(PoseStack,VertexConsumer,int,int,float,float,float,float)
                p_228290_8_.render(matrixStackIn, bufferIn, packedLightIn, packedOverlayIn, red, green, blue, alpha);
                           ^
    method BasicModelPart.render(PoseStack,VertexConsumer,int,int) is not applicable
      (actual and formal argument lists differ in length)
    method BasicModelPart.render(PoseStack,VertexConsumer,int,int,int) is not applicable
      (actual and formal argument lists differ in length)
C:\Users\justi\Documents\GitHub\AlexsMobs-26.2\src\main\java\com\github\alexthe666\alexsmobs\entity\EntityFly.java:61: error: cannot find symbol
        this.setPathfindingMalus(PathType.DANGER_FIRE, -1.0F);
                                         ^
  symbol:   variable DANGER_FIRE
  location: class PathType
C:\Users\justi\Documents\GitHub\AlexsMobs-26.2\src\main\java\com\github\alexthe666\alexsmobs\entity\EntityFly.java:150: error: cannot find symbol
        this.goalSelector.addGoal(2, new TemptGoal(this, 1.25D, Ingredient.fromValues(Stream.of(new Ingredient.TagValue(AMTagRegistry.FLY_BREEDABLES), new Ingredient.TagValue(AMTagRegistry.FLY_FOODSTUFFS))), false));
                                                                                                              ^
  symbol:   class TagValue
  location: class Ingredient
C:\Users\justi\Documents\GitHub\AlexsMobs-26.2\src\main\java\com\github\alexthe666\alexsmobs\entity\EntityFly.java:150: error: cannot find symbol
        this.goalSelector.addGoal(2, new TemptGoal(this, 1.25D, Ingredient.fromValues(Stream.of(new Ingredient.TagValue(AMTagRegistry.FLY_BREEDABLES), new Ingredient.TagValue(AMTagRegistry.FLY_FOODSTUFFS))), false));
                                                                                                                                                                     ^
  symbol:   class TagValue
  location: class Ingredient
C:\Users\justi\Documents\GitHub\AlexsMobs-26.2\src\main\java\com\github\alexthe666\alexsmobs\entity\EntityFly.java:166: error: cannot find symbol
        flyingpathnavigator.setCanPassDoors(true);
                           ^
  symbol:   method setCanPassDoors(boolean)
  location: variable flyingpathnavigator of type FlyingPathNavigation
C:\Users\justi\Documents\GitHub\AlexsMobs-26.2\src\main\java\com\github\alexthe666\alexsmobs\entity\EntityFly.java:171: error: height has private access in EntityDimensions
        return this.isBaby() ? sizeIn.height * 0.5F : sizeIn.height * 0.5F;
                                     ^
C:\Users\justi\Documents\GitHub\AlexsMobs-26.2\src\main\java\com\github\alexthe666\alexsmobs\entity\EntityFly.java:171: error: height has private access in EntityDimensions
        return this.isBaby() ? sizeIn.height * 0.5F : sizeIn.height * 0.5F;
                                                            ^
C:\Users\justi\Documents\GitHub\AlexsMobs-26.2\src\main\java\com\github\alexthe666\alexsmobs\entity\EntityFly.java:195: error: no suitable method found for create(Level)
                EntityCrimsonMosquito mosquito = AMEntityRegistry.CRIMSON_MOSQUITO.get().create(level());
                                                                                        ^
    method EntityType.create(ServerLevel,@org.jspecify.annotations.Nullable PostSpawnProcessor<EntityCrimsonMosquito>,BlockPos,EntitySpawnReason,boolean,boolean) is not applicable
      (actual and formal argument lists differ in length)
    method EntityType.create(Level,EntitySpawnReason) is not applicable
      (actual and formal argument lists differ in length)
    method EntityType.create(Level,EntitySpawnRequest) is not applicable
      (actual and formal argument lists differ in length)
    method EntityType.create(ValueInput,Level,EntitySpawnRequest) is not applicable
      (actual and formal argument lists differ in length)
    method EntityType.create(EntityType<?>,ValueInput,Level,EntitySpawnReason) is not applicable
      (actual and formal argument lists differ in length)
C:\Users\justi\Documents\GitHub\AlexsMobs-26.2\src\main\java\com\github\alexthe666\alexsmobs\entity\EntityFly.java:198: error: cannot find symbol
                    mosquito.finalizeSpawn((ServerLevelAccessor)level(), level().getCurrentDifficultyAt(this.blockPosition()), EntitySpawnReason.CONVERSION, null, null);
                                                                                ^
  symbol:   method getCurrentDifficultyAt(BlockPos)
  location: class Level
C:\Users\justi\Documents\GitHub\AlexsMobs-26.2\src\main\java\com\github\alexthe666\alexsmobs\entity\EntityFly.java:241: error: no suitable method found for create(Level)
        EntityFly fly = AMEntityRegistry.FLY.get().create(level());
                                                  ^
    method EntityType.create(ServerLevel,@org.jspecify.annotations.Nullable PostSpawnProcessor<EntityFly>,BlockPos,EntitySpawnReason,boolean,boolean) is not applicable
      (actual and formal argument lists differ in length)
    method EntityType.create(Level,EntitySpawnReason) is not applicable
      (actual and formal argument lists differ in length)
    method EntityType.create(Level,EntitySpawnRequest) is not applicable
      (actual and formal argument lists differ in length)
    method EntityType.create(ValueInput,Level,EntitySpawnRequest) is not applicable
      (actual and formal argument lists differ in length)
    method EntityType.create(EntityType<?>,ValueInput,Level,EntitySpawnReason) is not applicable
      (actual and formal argument lists differ in length)
C:\Users\justi\Documents\GitHub\AlexsMobs-26.2\src\main\java\com\github\alexthe666\alexsmobs\entity\EntityFly.java:246: error: method does not override or implement a method from a supertype
    @Override
    ^
C:\Users\justi\Documents\GitHub\AlexsMobs-26.2\src\main\java\com\github\alexthe666\alexsmobs\entity\EntityFly.java:305: error: cannot find symbol
                    return e.isAlive() && e.getType().is(AMTagRegistry.FLY_TARGETS) && (!(e instanceof LivingEntity) || ((LivingEntity) e).getHealth() >= 2D);
                                                     ^
  symbol:   method is(TagKey<EntityType<?>>)
  location: class EntityType<CAP#1>
  where CAP#1 is a fresh type-variable:
    CAP#1 extends Entity from capture of ?
C:\Users\justi\Documents\GitHub\AlexsMobs-26.2\src\main\java\com\github\alexthe666\alexsmobs\entity\EntityFlyingFish.java:114: error: hurt(DamageSource,float) in EntityFlyingFish cannot override hurt(DamageSource,float) in Entity
    public boolean hurt(DamageSource source, float amount) {
                   ^
  overridden method is final
C:\Users\justi\Documents\GitHub\AlexsMobs-26.2\src\main\java\com\github\alexthe666\alexsmobs\entity\EntityFlyingFish.java:115: error: incompatible types: void cannot be converted to boolean
        boolean prev = super.hurt(source, amount);
                                 ^
C:\Users\justi\Documents\GitHub\AlexsMobs-26.2\src\main\java\com\github\alexthe666\alexsmobs\entity\EntityFlyingFish.java:240: error: method does not override or implement a method from a supertype
    @Override
    ^
C:\Users\justi\Documents\GitHub\AlexsMobs-26.2\src\main\java\com\github\alexthe666\alexsmobs\entity\EntityFlyingFish.java:277: error: cannot find symbol
            stack.setCustomName(this.getCustomName());
                 ^
  symbol:   method setCustomName(Component)
  location: variable stack of type ItemStack
C:\Users\justi\Documents\GitHub\AlexsMobs-26.2\src\main\java\com\github\alexthe666\alexsmobs\entity\EntityFlyingFish.java:285: error: cannot find symbol
            bucket.setCustomName(this.getCustomName());
                  ^
  symbol:   method setCustomName(Component)
  location: variable bucket of type ItemStack
C:\Users\justi\Documents\GitHub\AlexsMobs-26.2\src\main\java\com\github\alexthe666\alexsmobs\entity\EntityFlyingFish.java:288: error: cannot find symbol
        CompoundTag compound = bucket.getOrCreateTag();
                                     ^
  symbol:   method getOrCreateTag()
  location: variable bucket of type ItemStack
C:\Users\justi\Documents\GitHub\AlexsMobs-26.2\src\main\java\com\github\alexthe666\alexsmobs\entity\EntityFlyingFish.java:311: error: method finalizeSpawn in class Mob cannot be applied to given types;
        return super.finalizeSpawn(world, diff, spawnType, data, tag);
                    ^
  required: ServerLevelAccessor,DifficultyInstance,EntitySpawnReason,SpawnGroupData
  found:    ServerLevelAccessor,DifficultyInstance,EntitySpawnReason,SpawnGroupData,CompoundTag
  reason: actual and formal argument lists differ in length
C:\Users\justi\Documents\GitHub\AlexsMobs-26.2\src\main\java\com\github\alexthe666\alexsmobs\entity\EntityFrilledShark.java:89: error: cannot find symbol
        this.goalSelector.addGoal(6, new FollowBoatGoal(this));
                                         ^
  symbol:   class FollowBoatGoal
  location: class EntityFrilledShark
C:\Users\justi\Documents\GitHub\AlexsMobs-26.2\src\main\java\com\github\alexthe666\alexsmobs\entity\EntityFrilledShark.java:155: error: method finalizeSpawn in class Mob cannot be applied to given types;
        return super.finalizeSpawn(worldIn, difficultyIn, reason, spawnDataIn, dataTag);
                    ^
  required: ServerLevelAccessor,DifficultyInstance,EntitySpawnReason,SpawnGroupData
  found:    ServerLevelAccessor,DifficultyInstance,EntitySpawnReason,SpawnGroupData,CompoundTag
  reason: actual and formal argument lists differ in length
C:\Users\justi\Documents\GitHub\AlexsMobs-26.2\src\main\java\com\github\alexthe666\alexsmobs\entity\EntityFrilledShark.java:187: error: cannot find symbol
            stack.setCustomName(this.getCustomName());
                 ^
  symbol:   method setCustomName(Component)
  location: variable stack of type ItemStack
C:\Users\justi\Documents\GitHub\AlexsMobs-26.2\src\main\java\com\github\alexthe666\alexsmobs\entity\EntityFrilledShark.java:195: error: cannot find symbol
            bucket.setCustomName(this.getCustomName());
                  ^
  symbol:   method setCustomName(Component)
  location: variable bucket of type ItemStack
C:\Users\justi\Documents\GitHub\AlexsMobs-26.2\src\main\java\com\github\alexthe666\alexsmobs\entity\EntityFrilledShark.java:198: error: incompatible types: CompoundTag cannot be converted to ValueOutput
        this.addAdditionalSaveData(platTag);
                                   ^
C:\Users\justi\Documents\GitHub\AlexsMobs-26.2\src\main\java\com\github\alexthe666\alexsmobs\entity\EntityFrilledShark.java:199: error: cannot find symbol
        CompoundTag compound = bucket.getOrCreateTag();
                                     ^
  symbol:   method getOrCreateTag()
  location: variable bucket of type ItemStack
C:\Users\justi\Documents\GitHub\AlexsMobs-26.2\src\main\java\com\github\alexthe666\alexsmobs\entity\EntityFrilledShark.java:206: error: incompatible types: Optional<CompoundTag> cannot be converted to ValueInput
            this.readAdditionalSaveData(compound.getCompound("FrilledSharkData"));
                                                            ^
C:\Users\justi\Documents\GitHub\AlexsMobs-26.2\src\main\java\com\github\alexthe666\alexsmobs\entity\EntityFrilledShark.java:234: error: method update in class WalkAnimationState cannot be applied to given types;
        this.walkAnimation.update(f2, 0.4F);
                          ^
  required: float,float,float
  found:    float,float
  reason: actual and formal argument lists differ in length
C:\Users\justi\Documents\GitHub\AlexsMobs-26.2\src\main\java\com\github\alexthe666\alexsmobs\entity\EntityFrilledShark.java:259: error: incompatible types: void cannot be converted to boolean
            if (this.getTarget().hurt(this.damageSources().mobAttack(this), (float) this.getAttribute(Attributes.ATTACK_DAMAGE).getBaseValue())){
                                     ^
C:\Users\justi\Documents\GitHub\AlexsMobs-26.2\src\main\java\com\github\alexthe666\alexsmobs\entity\EntityFrilledShark.java:260: error: incompatible types: MobEffect cannot be converted to Holder<MobEffect>
                this.getTarget().addEffect(new MobEffectInstance(AMEffectRegistry.EXSANGUINATION.get(), 60, 2));
                                                                                                    ^
C:\Users\justi\Documents\GitHub\AlexsMobs-26.2\src\main\java\com\github\alexthe666\alexsmobs\entity\EntityFrilledShark.java:262: error: no suitable method found for spawnAtLocation(Item)
                    this.spawnAtLocation(AMItemRegistry.SERRATED_SHARK_TOOTH.get());
                        ^
    method Entity.spawnAtLocation(ServerLevel,ItemLike) is not applicable
      (actual and formal argument lists differ in length)
    method Entity.spawnAtLocation(ServerLevel,ItemStack) is not applicable
      (actual and formal argument lists differ in length)
    method Entity.spawnAtLocation(ServerLevel,ItemStack,Vec3) is not applicable
      (actual and formal argument lists differ in length)
    method Entity.spawnAtLocation(ServerLevel,ItemStack,float) is not applicable
      (actual and formal argument lists differ in length)
C:\Users\justi\Documents\GitHub\AlexsMobs-26.2\src\main\java\com\github\alexthe666\alexsmobs\entity\EntityFrilledShark.java:270: error: hurt(DamageSource,float) in EntityFrilledShark cannot override hurt(DamageSource,float) in Entity
    public boolean hurt(DamageSource source, float amount) {
                   ^
  overridden method is final
C:\Users\justi\Documents\GitHub\AlexsMobs-26.2\src\main\java\com\github\alexthe666\alexsmobs\entity\EntityFrilledShark.java:274: error: incompatible types: void cannot be converted to boolean
        return super.hurt(source, amount);
                         ^
C:\Users\justi\Documents\GitHub\AlexsMobs-26.2\src\main\java\com\github\alexthe666\alexsmobs\entity\EntityFrilledShark.java:369: error: cannot find symbol
                        ((Squid) target).setMovementVector((float) (mouth.x - target.getX()) * squidSpeed, (float) (mouth.y - target.getEyeY()) * squidSpeed, (float) (mouth.z - target.getZ()) * squidSpeed);
                                        ^
  symbol:   method setMovementVector(float,float,float)
  location: class Squid
C:\Users\justi\Documents\GitHub\AlexsMobs-26.2\src\main\java\com\github\alexthe666\alexsmobs\client\model\ModelFroststalker.java:119: error: cannot find symbol
        if (this.young) {
                ^
  symbol: variable young
C:\Users\justi\Documents\GitHub\AlexsMobs-26.2\src\main\java\com\github\alexthe666\alexsmobs\client\model\ModelFroststalker.java:128: error: no suitable method found for render(PoseStack,VertexConsumer,int,int,float,float,float,float)
                p_228292_8_.render(matrixStackIn, bufferIn, packedLightIn, packedOverlayIn, red, green, blue, alpha);
                           ^
    method BasicModelPart.render(PoseStack,VertexConsumer,int,int) is not applicable
      (actual and formal argument lists differ in length)
    method BasicModelPart.render(PoseStack,VertexConsumer,int,int,int) is not applicable
      (actual and formal argument lists differ in length)
C:\Users\justi\Documents\GitHub\AlexsMobs-26.2\src\main\java\com\github\alexthe666\alexsmobs\client\model\ModelFroststalker.java:136: error: no suitable method found for render(PoseStack,VertexConsumer,int,int,float,float,float,float)
                p_228290_8_.render(matrixStackIn, bufferIn, packedLightIn, packedOverlayIn, red, green, blue, alpha);
                           ^
    method BasicModelPart.render(PoseStack,VertexConsumer,int,int) is not applicable
      (actual and formal argument lists differ in length)
    method BasicModelPart.render(PoseStack,VertexConsumer,int,int,int) is not applicable
      (actual and formal argument lists differ in length)
C:\Users\justi\Documents\GitHub\AlexsMobs-26.2\src\main\java\com\github\alexthe666\alexsmobs\entity\EntityFroststalker.java:92: error: cannot find symbol
        this.setPathfindingMalus(PathType.DANGER_FIRE, -1.0F);
                                         ^
  symbol:   variable DANGER_FIRE
  location: class PathType
C:\Users\justi\Documents\GitHub\AlexsMobs-26.2\src\main\java\com\github\alexthe666\alexsmobs\entity\EntityFroststalker.java:93: error: cannot find symbol
        this.setPathfindingMalus(PathType.DAMAGE_FIRE, -1.0F);
                                         ^
  symbol:   variable DAMAGE_FIRE
  location: class PathType
C:\Users\justi\Documents\GitHub\AlexsMobs-26.2\src\main\java\com\github\alexthe666\alexsmobs\entity\EntityFroststalker.java:118: error: cannot find symbol
        return this.hasSpikes() ? SPIKED_LOOT : super.getDefaultLootTable();
                                                     ^
  symbol: method getDefaultLootTable()
C:\Users\justi\Documents\GitHub\AlexsMobs-26.2\src\main\java\com\github\alexthe666\alexsmobs\entity\EntityFroststalker.java:132: error: hurt(DamageSource,float) in EntityFroststalker cannot override hurt(DamageSource,float) in Entity
    public boolean hurt(DamageSource source, float amount) {
                   ^
  overridden method is final
C:\Users\justi\Documents\GitHub\AlexsMobs-26.2\src\main\java\com\github\alexthe666\alexsmobs\entity\EntityFroststalker.java:136: error: incompatible types: void cannot be converted to boolean
        boolean prev = super.hurt(source, amount);
                                 ^
C:\Users\justi\Documents\GitHub\AlexsMobs-26.2\src\main\java\com\github\alexthe666\alexsmobs\entity\EntityFroststalker.java:169: error: cannot infer type arguments for NearestAttackableTargetGoal<>
        this.targetSelector.addGoal(2, new NearestAttackableTargetGoal<>(this, LivingEntity.class, 40, false, true, AMEntityRegistry.buildPredicateFromTag(AMTagRegistry.FROSTSTALKER_TARGETS)));
                                       ^
C:\Users\justi\Documents\GitHub\AlexsMobs-26.2\src\main\java\com\github\alexthe666\alexsmobs\entity\EntityFroststalker.java:170: error: cannot infer type arguments for NearestAttackableTargetGoal<>
        this.targetSelector.addGoal(3, new NearestAttackableTargetGoal<>(this, Player.class, 80, false, true, (livingEntity -> {
                                       ^
C:\Users\justi\Documents\GitHub\AlexsMobs-26.2\src\main\java\com\github\alexthe666\alexsmobs\entity\EntityFroststalker.java:221: error: cannot find symbol
        return this.leader == null ? super.getRestrictCenter() : this.leader.getOnPos();
                                          ^
  symbol: method getRestrictCenter()
C:\Users\justi\Documents\GitHub\AlexsMobs-26.2\src\main\java\com\github\alexthe666\alexsmobs\entity\EntityFroststalker.java:378: error: no suitable method found for knockback(float,double,double)
                getTarget().knockback(0.2F, getTarget().getX() - this.getX(), getTarget().getZ() - this.getZ());
                           ^
    method LivingEntity.knockback(double,double,double,DamageSource,float,boolean) is not applicable
      (actual and formal argument lists differ in length)
    method LivingEntity.knockback(double,double,double,DamageSource,float) is not applicable
      (actual and formal argument lists differ in length)
C:\Users\justi\Documents\GitHub\AlexsMobs-26.2\src\main\java\com\github\alexthe666\alexsmobs\entity\EntityFroststalker.java:426: error: cannot find symbol
            return this.level().getBiome(new BlockPos(i, 0, k)).is(BiomeTags.SNOW_GOLEM_MELTS);
                                                                            ^
  symbol:   variable SNOW_GOLEM_MELTS
  location: class BiomeTags
C:\Users\justi\Documents\GitHub\AlexsMobs-26.2\src\main\java\com\github\alexthe666\alexsmobs\entity\EntityFroststalker.java:441: error: jumpFromGround() in EntityFroststalker cannot override jumpFromGround() in LivingEntity
    protected void jumpFromGround() {
                   ^
  attempting to assign weaker access privileges; was public
C:\Users\justi\Documents\GitHub\AlexsMobs-26.2\src\main\java\com\github\alexthe666\alexsmobs\entity\EntityFroststalker.java:447: error: cannot find symbol
        this.hasImpulse = true;
            ^
  symbol: variable hasImpulse
C:\Users\justi\Documents\GitHub\AlexsMobs-26.2\src\main\java\com\github\alexthe666\alexsmobs\entity\EntityFroststalker.java:448: error: cannot find symbol
        net.neoforged.neoforge.common.ForgeHooks.onLivingJump(this);
                                     ^
  symbol:   class ForgeHooks
  location: package net.neoforged.neoforge.common
C:\Users\justi\Documents\GitHub\AlexsMobs-26.2\src\main\java\com\github\alexthe666\alexsmobs\entity\EntityFroststalker.java:616: error: method does not override or implement a method from a supertype
    @Override
    ^
C:\Users\justi\Documents\GitHub\AlexsMobs-26.2\src\main\java\com\github\alexthe666\alexsmobs\entity\EntityFroststalker.java:618: error: incompatible types: ResourceKey<Enchantment> cannot be converted to Holder<Enchantment>
        int i = EnchantmentHelper.getEnchantmentLevel(Enchantments.FROST_WALKER, this);
                                                                  ^
C:\Users\justi\Documents\GitHub\AlexsMobs-26.2\src\main\java\com\github\alexthe666\alexsmobs\entity\EntityFroststalker.java:620: error: cannot find symbol
            FrostWalkerEnchantment.onEntityMoved(this, this.level(), pos, i == 0 ? -1 : i);
            ^
  symbol:   variable FrostWalkerEnchantment
  location: class EntityFroststalker
C:\Users\justi\Documents\GitHub\AlexsMobs-26.2\src\main\java\com\github\alexthe666\alexsmobs\entity\EntityFroststalker.java:622: error: cannot find symbol
        if (this.shouldRemoveSoulSpeed(this.getBlockStateOn())) {
                ^
  symbol: method shouldRemoveSoulSpeed(BlockState)
C:\Users\justi\Documents\GitHub\AlexsMobs-26.2\src\main\java\com\github\alexthe666\alexsmobs\entity\EntityFroststalker.java:623: error: cannot find symbol
            this.removeSoulSpeed();
                ^
  symbol: method removeSoulSpeed()
C:\Users\justi\Documents\GitHub\AlexsMobs-26.2\src\main\java\com\github\alexthe666\alexsmobs\entity\EntityFroststalker.java:625: error: cannot find symbol
        this.tryAddSoulSpeed();
            ^
  symbol: method tryAddSoulSpeed()
C:\Users\justi\Documents\GitHub\AlexsMobs-26.2\src\main\java\com\github\alexthe666\alexsmobs\entity\EntityFroststalker.java:631: error: cannot find symbol
        this.getAttribute(Attributes.FOLLOW_RANGE).addPermanentModifier(new AttributeModifier("Random spawn bonus", this.random.nextGaussian() * 0.05D, AttributeModifier.Operation.MULTIPLY_BASE));
                                                                                                                                                                                   ^
  symbol:   variable MULTIPLY_BASE
  location: class Operation
C:\Users\justi\Documents\GitHub\AlexsMobs-26.2\src\main\java\com\github\alexthe666\alexsmobs\entity\EntityFroststalker.java:644: error: no suitable method found for create(ServerLevel)
        return AMEntityRegistry.FROSTSTALKER.get().create(p_146743_);
                                                  ^
    method EntityType.create(ServerLevel,@org.jspecify.annotations.Nullable PostSpawnProcessor<EntityFroststalker>,BlockPos,EntitySpawnReason,boolean,boolean) is not applicable
      (actual and formal argument lists differ in length)
    method EntityType.create(Level,EntitySpawnReason) is not applicable
      (actual and formal argument lists differ in length)
    method EntityType.create(Level,EntitySpawnRequest) is not applicable
      (actual and formal argument lists differ in length)
    method EntityType.create(ValueInput,Level,EntitySpawnRequest) is not applicable
      (actual and formal argument lists differ in length)
    method EntityType.create(EntityType<?>,ValueInput,Level,EntitySpawnReason) is not applicable
      (actual and formal argument lists differ in length)
C:\Users\justi\Documents\GitHub\AlexsMobs-26.2\src\main\java\com\github\alexthe666\alexsmobs\client\model\ModelGazelle.java:262: error: cannot find symbol
        if (this.young) {
                ^
  symbol: variable young
C:\Users\justi\Documents\GitHub\AlexsMobs-26.2\src\main\java\com\github\alexthe666\alexsmobs\client\model\ModelGazelle.java:272: error: no suitable method found for render(PoseStack,VertexConsumer,int,int,float,float,float,float)
                p_228292_8_.render(matrixStackIn, bufferIn, packedLightIn, packedOverlayIn, red, green, blue, alpha);
                           ^
    method BasicModelPart.render(PoseStack,VertexConsumer,int,int) is not applicable
      (actual and formal argument lists differ in length)
    method BasicModelPart.render(PoseStack,VertexConsumer,int,int,int) is not applicable
      (actual and formal argument lists differ in length)
C:\Users\justi\Documents\GitHub\AlexsMobs-26.2\src\main\java\com\github\alexthe666\alexsmobs\client\model\ModelGazelle.java:281: error: no suitable method found for render(PoseStack,VertexConsumer,int,int,float,float,float,float)
                p_228290_8_.render(matrixStackIn, bufferIn, packedLightIn, packedOverlayIn, red, green, blue, alpha);
                           ^
    method BasicModelPart.render(PoseStack,VertexConsumer,int,int) is not applicable
      (actual and formal argument lists differ in length)
    method BasicModelPart.render(PoseStack,VertexConsumer,int,int,int) is not applicable
      (actual and formal argument lists differ in length)
C:\Users\justi\Documents\GitHub\AlexsMobs-26.2\src\main\java\com\github\alexthe666\alexsmobs\entity\EntityGazelle.java:56: error: no suitable method found for of(TagKey<Item>)
        this.goalSelector.addGoal(4, new TemptGoal(this, 1.1D, Ingredient.of(AMTagRegistry.GAZELLE_BREEDABLES), false));
                                                                         ^
    method Ingredient.of(ItemLike) is not applicable
      (argument mismatch; TagKey<Item> cannot be converted to ItemLike)
    method Ingredient.of(ItemLike...) is not applicable
      (varargs mismatch; TagKey<Item> cannot be converted to ItemLike)
    method Ingredient.of(Stream<? extends ItemLike>) is not applicable
      (argument mismatch; TagKey<Item> cannot be converted to Stream<? extends ItemLike>)
    method Ingredient.of(HolderSet<Item>) is not applicable
      (argument mismatch; TagKey<Item> cannot be converted to HolderSet<Item>)
C:\Users\justi\Documents\GitHub\AlexsMobs-26.2\src\main\java\com\github\alexthe666\alexsmobs\entity\EntityGazelle.java:82: error: hurt(DamageSource,float) in EntityGazelle cannot override hurt(DamageSource,float) in Entity
    public boolean hurt(DamageSource source, float amount) {
                   ^
  overridden method is final
C:\Users\justi\Documents\GitHub\AlexsMobs-26.2\src\main\java\com\github\alexthe666\alexsmobs\entity\EntityGazelle.java:83: error: incompatible types: void cannot be converted to boolean
        boolean prev = super.hurt(source, amount);
                                 ^
C:\Users\justi\Documents\GitHub\AlexsMobs-26.2\src\main\java\com\github\alexthe666\alexsmobs\entity\EntityGazelle.java:188: error: no suitable method found for create(ServerLevel)
        return AMEntityRegistry.GAZELLE.get().create(p_241840_1_);
                                             ^
    method EntityType.create(ServerLevel,@org.jspecify.annotations.Nullable PostSpawnProcessor<EntityGazelle>,BlockPos,EntitySpawnReason,boolean,boolean) is not applicable
      (actual and formal argument lists differ in length)
    method EntityType.create(Level,EntitySpawnReason) is not applicable
      (actual and formal argument lists differ in length)
    method EntityType.create(Level,EntitySpawnRequest) is not applicable
      (actual and formal argument lists differ in length)
    method EntityType.create(ValueInput,Level,EntitySpawnRequest) is not applicable
      (actual and formal argument lists differ in length)
    method EntityType.create(EntityType<?>,ValueInput,Level,EntitySpawnReason) is not applicable
      (actual and formal argument lists differ in length)
C:\Users\justi\Documents\GitHub\AlexsMobs-26.2\src\main\java\com\github\alexthe666\alexsmobs\entity\EntityGeladaMonkey.java:102: error: cannot find symbol
                return super.getAttackReachSqr(attackTarget) + 1.5D;
                            ^
  symbol: method getAttackReachSqr(LivingEntity)
C:\Users\justi\Documents\GitHub\AlexsMobs-26.2\src\main\java\com\github\alexthe666\alexsmobs\entity\EntityGeladaMonkey.java:119: error: cannot find symbol
        this.goalSelector.addGoal(6, new TemptGoal(this, 1.0D, Ingredient.fromValues(Stream.of(new Ingredient.TagValue(AMTagRegistry.GELADA_MONKEY_BREEDABLES), new Ingredient.TagValue(AMTagRegistry.GELADA_MONKEY_LAND_CLEARING_FOODS))), false));
                                                                                                             ^
  symbol:   class TagValue
  location: class Ingredient
C:\Users\justi\Documents\GitHub\AlexsMobs-26.2\src\main\java\com\github\alexthe666\alexsmobs\entity\EntityGeladaMonkey.java:119: error: cannot find symbol
        this.goalSelector.addGoal(6, new TemptGoal(this, 1.0D, Ingredient.fromValues(Stream.of(new Ingredient.TagValue(AMTagRegistry.GELADA_MONKEY_BREEDABLES), new Ingredient.TagValue(AMTagRegistry.GELADA_MONKEY_LAND_CLEARING_FOODS))), false));
                                                                                                                                                                              ^
  symbol:   class TagValue
  location: class Ingredient
C:\Users\justi\Documents\GitHub\AlexsMobs-26.2\src\main\java\com\github\alexthe666\alexsmobs\entity\EntityGeladaMonkey.java:125: error: incompatible types: incompatible parameter types in lambda expression
        this.targetSelector.addGoal(2, leaderFightGoal = new NearestAttackableTargetGoal<EntityGeladaMonkey>(this, EntityGeladaMonkey.class, 70, false, false, (monkey) -> {
                                                                                                                                                               ^
C:\Users\justi\Documents\GitHub\AlexsMobs-26.2\src\main\java\com\github\alexthe666\alexsmobs\entity\EntityGeladaMonkey.java:218: error: no suitable method found for knockback(float,double,double)
                getTarget().knockback(0.4F, getTarget().getX() - this.getX(), getTarget().getZ() - this.getZ());
                           ^
    method LivingEntity.knockback(double,double,double,DamageSource,float,boolean) is not applicable
      (actual and formal argument lists differ in length)
    method LivingEntity.knockback(double,double,double,DamageSource,float) is not applicable
      (actual and formal argument lists differ in length)
C:\Users\justi\Documents\GitHub\AlexsMobs-26.2\src\main\java\com\github\alexthe666\alexsmobs\entity\EntityGeladaMonkey.java:323: error: hurt(DamageSource,float) in EntityGeladaMonkey cannot override hurt(DamageSource,float) in Entity
    public boolean hurt(DamageSource source, float amount) {
                   ^
  overridden method is final
C:\Users\justi\Documents\GitHub\AlexsMobs-26.2\src\main\java\com\github\alexthe666\alexsmobs\entity\EntityGeladaMonkey.java:324: error: incompatible types: void cannot be converted to boolean
        boolean prev = super.hurt(source, amount);
                                 ^
C:\Users\justi\Documents\GitHub\AlexsMobs-26.2\src\main\java\com\github\alexthe666\alexsmobs\entity\EntityGeladaMonkey.java:350: error: no suitable method found for create(ServerLevel)
        EntityGeladaMonkey baby = AMEntityRegistry.GELADA_MONKEY.get().create(lvl);
                                                                      ^
    method EntityType.create(ServerLevel,@org.jspecify.annotations.Nullable PostSpawnProcessor<EntityGeladaMonkey>,BlockPos,EntitySpawnReason,boolean,boolean) is not applicable
      (actual and formal argument lists differ in length)
    method EntityType.create(Level,EntitySpawnReason) is not applicable
      (actual and formal argument lists differ in length)
    method EntityType.create(Level,EntitySpawnRequest) is not applicable
      (actual and formal argument lists differ in length)
    method EntityType.create(ValueInput,Level,EntitySpawnRequest) is not applicable
      (actual and formal argument lists differ in length)
    method EntityType.create(EntityType<?>,ValueInput,Level,EntitySpawnReason) is not applicable
      (actual and formal argument lists differ in length)
C:\Users\justi\Documents\GitHub\AlexsMobs-26.2\src\main\java\com\github\alexthe666\alexsmobs\entity\EntityGeladaMonkey.java:399: error: method finalizeSpawn in class AgeableMob cannot be applied to given types;
        return super.finalizeSpawn(worldIn, difficultyIn, reason, spawnDataIn, dataTag);
                    ^
  required: ServerLevelAccessor,DifficultyInstance,EntitySpawnReason,SpawnGroupData
  found:    ServerLevelAccessor,DifficultyInstance,EntitySpawnReason,SpawnGroupData,CompoundTag
  reason: actual and formal argument lists differ in length
C:\Users\justi\Documents\GitHub\AlexsMobs-26.2\src\main\java\com\github\alexthe666\alexsmobs\entity\EntityGiantSquid.java:128: error: method finalizeSpawn in class Mob cannot be applied to given types;
        return super.finalizeSpawn(worldIn, difficultyIn, reason, spawnDataIn, dataTag);
                    ^
  required: ServerLevelAccessor,DifficultyInstance,EntitySpawnReason,SpawnGroupData
  found:    ServerLevelAccessor,DifficultyInstance,EntitySpawnReason,SpawnGroupData,CompoundTag
  reason: actual and formal argument lists differ in length
C:\Users\justi\Documents\GitHub\AlexsMobs-26.2\src\main\java\com\github\alexthe666\alexsmobs\entity\EntityGiantSquid.java:490: error: method update in class WalkAnimationState cannot be applied to given types;
        this.walkAnimation.update(f2, 0.4F);
                          ^
  required: float,float,float
  found:    float,float
  reason: actual and formal argument lists differ in length
C:\Users\justi\Documents\GitHub\AlexsMobs-26.2\src\main\java\com\github\alexthe666\alexsmobs\entity\EntityGiantSquid.java:499: error: cannot find symbol
            return super.collide(movement);
                        ^
  symbol: method collide(Vec3)
C:\Users\justi\Documents\GitHub\AlexsMobs-26.2\src\main\java\com\github\alexthe666\alexsmobs\entity\EntityGiantSquid.java:508: error: cannot find symbol
            if (this.getStepHeight() > 0.0F && flag3 && (flag || flag2)) {
                    ^
  symbol: method getStepHeight()
C:\Users\justi\Documents\GitHub\AlexsMobs-26.2\src\main\java\com\github\alexthe666\alexsmobs\entity\EntityGiantSquid.java:509: error: cannot find symbol
                Vec3 vec31 = collideBoundingBox(this, new Vec3(movement.x, this.getStepHeight(), movement.z), aabb, this.level(), list);
                                                                               ^
  symbol: method getStepHeight()
C:\Users\justi\Documents\GitHub\AlexsMobs-26.2\src\main\java\com\github\alexthe666\alexsmobs\entity\EntityGiantSquid.java:510: error: cannot find symbol
                Vec3 vec32 = collideBoundingBox(this, new Vec3(0.0D, this.getStepHeight(), 0.0D), aabb.expandTowards(movement.x, 0.0D, movement.z), this.level(), list);
                                                                         ^
  symbol: method getStepHeight()
C:\Users\justi\Documents\GitHub\AlexsMobs-26.2\src\main\java\com\github\alexthe666\alexsmobs\entity\EntityGiantSquid.java:511: error: cannot find symbol
                if (vec32.y < (double) this.getStepHeight()) {
                                           ^
  symbol: method getStepHeight()
C:\Users\justi\Documents\GitHub\AlexsMobs-26.2\src\main\java\com\github\alexthe666\alexsmobs\entity\EntityGiantSquid.java:546: error: method isInvulnerableTo in class LivingEntity cannot be applied to given types;
        return source.is(DamageTypes.IN_WALL) || super.isInvulnerableTo(source);
                                                      ^
  required: ServerLevel,DamageSource
  found:    DamageSource
  reason: actual and formal argument lists differ in length
C:\Users\justi\Documents\GitHub\AlexsMobs-26.2\src\main\java\com\github\alexthe666\alexsmobs\entity\EntityGiantSquid.java:611: error: no suitable method found for spawnAtLocation(Item)
                    this.spawnAtLocation(AMItemRegistry.LOST_TENTACLE.get());
                        ^
    method Entity.spawnAtLocation(ServerLevel,ItemLike) is not applicable
      (actual and formal argument lists differ in length)
    method Entity.spawnAtLocation(ServerLevel,ItemStack) is not applicable
      (actual and formal argument lists differ in length)
    method Entity.spawnAtLocation(ServerLevel,ItemStack,Vec3) is not applicable
      (actual and formal argument lists differ in length)
    method Entity.spawnAtLocation(ServerLevel,ItemStack,float) is not applicable
      (actual and formal argument lists differ in length)
C:\Users\justi\Documents\GitHub\AlexsMobs-26.2\src\main\java\com\github\alexthe666\alexsmobs\entity\EntityGiantSquid.java:627: error: hurt(DamageSource,float) in EntityGiantSquid cannot override hurt(DamageSource,float) in Entity
    public boolean hurt(DamageSource src, float f) {
                   ^
  overridden method is final
C:\Users\justi\Documents\GitHub\AlexsMobs-26.2\src\main\java\com\github\alexthe666\alexsmobs\entity\EntityGiantSquid.java:628: error: 'void' type not allowed here
        if (super.hurt(src, f) && this.getLastHurtByMob() != null && !this.isCaptured() && random.nextBoolean()) {
                      ^
C:\Users\justi\Documents\GitHub\AlexsMobs-26.2\src\main\java\com\github\alexthe666\alexsmobs\entity\EntityGiantSquidPart.java:23: error: EntityGiantSquidPart is not abstract and does not override abstract method hurtServer(ServerLevel,DamageSource,float) in Entity
public class EntityGiantSquidPart extends PartEntity<EntityGiantSquid> implements IHurtableMultipart {
       ^
C:\Users\justi\Documents\GitHub\AlexsMobs-26.2\src\main\java\com\github\alexthe666\alexsmobs\entity\EntityGiantSquidPart.java:44: error: method does not override or implement a method from a supertype
    @Override
    ^
C:\Users\justi\Documents\GitHub\AlexsMobs-26.2\src\main\java\com\github\alexthe666\alexsmobs\entity\EntityGiantSquidPart.java:80: error: hurt(DamageSource,float) in EntityGiantSquidPart cannot override hurt(DamageSource,float) in Entity
    public boolean hurt(DamageSource source, float amount) {
                   ^
  overridden method is final
C:\Users\justi\Documents\GitHub\AlexsMobs-26.2\src\main\java\com\github\alexthe666\alexsmobs\entity\EntityGiantSquidPart.java:84: error: cannot find symbol
        return !collisionOnly && !this.isInvulnerableTo(source) && this.getParent().attackEntityPartFrom(this, source, amount);
                                      ^
  symbol: method isInvulnerableTo(DamageSource)
C:\Users\justi\Documents\GitHub\AlexsMobs-26.2\src\main\java\com\github\alexthe666\alexsmobs\client\model\ModelGorilla.java:173: error: cannot find symbol
		if (this.young) {
		        ^
  symbol: variable young
C:\Users\justi\Documents\GitHub\AlexsMobs-26.2\src\main\java\com\github\alexthe666\alexsmobs\client\model\ModelGorilla.java:179: error: no suitable method found for render(PoseStack,VertexConsumer,int,int,float,float,float,float)
				p_228292_8_.render(matrixStackIn, bufferIn, packedLightIn, packedOverlayIn, red, green, blue, alpha);
				           ^
    method BasicModelPart.render(PoseStack,VertexConsumer,int,int) is not applicable
      (actual and formal argument lists differ in length)
    method BasicModelPart.render(PoseStack,VertexConsumer,int,int,int) is not applicable
      (actual and formal argument lists differ in length)
C:\Users\justi\Documents\GitHub\AlexsMobs-26.2\src\main\java\com\github\alexthe666\alexsmobs\client\model\ModelGorilla.java:186: error: no suitable method found for render(PoseStack,VertexConsumer,int,int,float,float,float,float)
				p_228290_8_.render(matrixStackIn, bufferIn, packedLightIn, packedOverlayIn, red, green, blue, alpha);
				           ^
    method BasicModelPart.render(PoseStack,VertexConsumer,int,int) is not applicable
      (actual and formal argument lists differ in length)
    method BasicModelPart.render(PoseStack,VertexConsumer,int,int,int) is not applicable
      (actual and formal argument lists differ in length)
C:\Users\justi\Documents\GitHub\AlexsMobs-26.2\src\main\java\com\github\alexthe666\alexsmobs\entity\EntityGorilla.java:133: error: hurt(DamageSource,float) in EntityGorilla cannot override hurt(DamageSource,float) in Entity
    public boolean hurt(DamageSource source, float amount) {
                   ^
  overridden method is final
C:\Users\justi\Documents\GitHub\AlexsMobs-26.2\src\main\java\com\github\alexthe666\alexsmobs\entity\EntityGorilla.java:134: error: method isInvulnerableTo in class LivingEntity cannot be applied to given types;
        if (this.isInvulnerableTo(source)) {
                ^
  required: ServerLevel,DamageSource
  found:    DamageSource
  reason: actual and formal argument lists differ in length
C:\Users\justi\Documents\GitHub\AlexsMobs-26.2\src\main\java\com\github\alexthe666\alexsmobs\entity\EntityGorilla.java:142: error: incompatible types: void cannot be converted to boolean
            return super.hurt(source, amount);
                             ^
C:\Users\justi\Documents\GitHub\AlexsMobs-26.2\src\main\java\com\github\alexthe666\alexsmobs\entity\EntityGorilla.java:153: error: no suitable method found for of(TagKey<Item>)
        this.goalSelector.addGoal(4, new TameableAITempt(this, 1.1D, Ingredient.of(AMTagRegistry.GORILLA_TAMEABLES), false));
                                                                               ^
    method Ingredient.of(ItemLike) is not applicable
      (argument mismatch; TagKey<Item> cannot be converted to ItemLike)
    method Ingredient.of(ItemLike...) is not applicable
      (varargs mismatch; TagKey<Item> cannot be converted to ItemLike)
    method Ingredient.of(Stream<? extends ItemLike>) is not applicable
      (argument mismatch; TagKey<Item> cannot be converted to Stream<? extends ItemLike>)
    method Ingredient.of(HolderSet<Item>) is not applicable
      (argument mismatch; TagKey<Item> cannot be converted to HolderSet<Item>)
C:\Users\justi\Documents\GitHub\AlexsMobs-26.2\src\main\java\com\github\alexthe666\alexsmobs\entity\EntityGorilla.java:206: error: method finalizeSpawn in class AgeableMob cannot be applied to given types;
        return super.finalizeSpawn(worldIn, difficultyIn, reason, spawnDataIn, dataTag);
                    ^
  required: ServerLevelAccessor,DifficultyInstance,EntitySpawnReason,SpawnGroupData
  found:    ServerLevelAccessor,DifficultyInstance,EntitySpawnReason,SpawnGroupData,CompoundTag
  reason: actual and formal argument lists differ in length
C:\Users\justi\Documents\GitHub\AlexsMobs-26.2\src\main\java\com\github\alexthe666\alexsmobs\entity\EntityGorilla.java:229: error: getDimensions(Pose) in EntityGorilla cannot override getDimensions(Pose) in LivingEntity
    public EntityDimensions getDimensions(Pose poseIn) {
                            ^
  overridden method is final
C:\Users\justi\Documents\GitHub\AlexsMobs-26.2\src\main\java\com\github\alexthe666\alexsmobs\entity\EntityGorilla.java:248: error: cannot find symbol
            passenger.setPos(this.getX() + extraX, this.getY() + this.getPassengersRidingOffset() + passenger.getMyRidingOffset(), this.getZ() + extraZ);
                                                                                                             ^
  symbol:   method getMyRidingOffset()
  location: variable passenger of type Entity
C:\Users\justi\Documents\GitHub\AlexsMobs-26.2\src\main\java\com\github\alexthe666\alexsmobs\entity\EntityGorilla.java:323: error: incompatible types: Reference<SoundEvent> cannot be converted to SoundEvent
            this.playSound(SoundEvents.GENERIC_EAT, this.getSoundVolume(), this.getVoicePitch());
                                      ^
C:\Users\justi\Documents\GitHub\AlexsMobs-26.2\src\main\java\com\github\alexthe666\alexsmobs\entity\EntityGorilla.java:381: error: no suitable constructor found for ItemParticleOption(ParticleType<ItemParticleOption>,ItemStack)
                    this.level().addParticle(new ItemParticleOption(ParticleTypes.ITEM, this.getItemInHand(InteractionHand.MAIN_HAND)), this.getX() + (double) (this.random.nextFloat() * this.getBbWidth()) - (double) this.getBbWidth() * 0.5F, this.getY() + this.getBbHeight() * 0.5F + (double) (this.random.nextFloat() * this.getBbHeight() * 0.5F), this.getZ() + (double) (this.random.nextFloat() * this.getBbWidth()) - (double) this.getBbWidth() * 0.5F, d0, d1, d2);
                                             ^
    constructor ItemParticleOption.ItemParticleOption(ParticleType<ItemParticleOption>,Item) is not applicable
      (argument mismatch; ItemStack cannot be converted to Item)
    constructor ItemParticleOption.ItemParticleOption(ParticleType<ItemParticleOption>,ItemStackTemplate) is not applicable
      (argument mismatch; ItemStack cannot be converted to ItemStackTemplate)
C:\Users\justi\Documents\GitHub\AlexsMobs-26.2\src\main\java\com\github\alexthe666\alexsmobs\entity\EntityGorilla.java:394: error: method setTame in class TamableAnimal cannot be applied to given types;
                            this.setTame(true);
                                ^
  required: boolean,boolean
  found:    boolean
  reason: actual and formal argument lists differ in length
C:\Users\justi\Documents\GitHub\AlexsMobs-26.2\src\main\java\com\github\alexthe666\alexsmobs\entity\EntityGorilla.java:395: error: cannot find symbol
                            this.setOwnerUUID(this.bananaThrowerID);
                                ^
  symbol: method setOwnerUUID(UUID)
C:\Users\justi\Documents\GitHub\AlexsMobs-26.2\src\main\java\com\github\alexthe666\alexsmobs\entity\EntityGorilla.java:405: error: cannot find symbol
                    if (stack.hasCraftingRemainingItem()) {
                             ^
  symbol:   method hasCraftingRemainingItem()
  location: variable stack of type ItemStack
C:\Users\justi\Documents\GitHub\AlexsMobs-26.2\src\main\java\com\github\alexthe666\alexsmobs\entity\EntityGorilla.java:406: error: cannot find symbol
                        this.spawnAtLocation(stack.getCraftingRemainingItem());
                                                  ^
  symbol:   method getCraftingRemainingItem()
  location: variable stack of type ItemStack
C:\Users\justi\Documents\GitHub\AlexsMobs-26.2\src\main\java\com\github\alexthe666\alexsmobs\entity\EntityGorilla.java:468: error: no suitable method found for knockback(float,double,double)
            getTarget().knockback(1F, getTarget().getX() - this.getX(), getTarget().getZ() - this.getZ());
                       ^
    method LivingEntity.knockback(double,double,double,DamageSource,float,boolean) is not applicable
      (actual and formal argument lists differ in length)
    method LivingEntity.knockback(double,double,double,DamageSource,float) is not applicable
      (actual and formal argument lists differ in length)
C:\Users\justi\Documents\GitHub\AlexsMobs-26.2\src\main\java\com\github\alexthe666\alexsmobs\entity\EntityGorilla.java:524: error: no suitable method found for spawnAtLocation(ItemStack,float)
            this.spawnAtLocation(this.getItemInHand(InteractionHand.MAIN_HAND), 0.0F);
                ^
    method Entity.spawnAtLocation(ServerLevel,ItemLike) is not applicable
      (argument mismatch; ItemStack cannot be converted to ServerLevel)
    method Entity.spawnAtLocation(ServerLevel,ItemStack) is not applicable
      (argument mismatch; ItemStack cannot be converted to ServerLevel)
C:\Users\justi\Documents\GitHub\AlexsMobs-26.2\src\main\java\com\github\alexthe666\alexsmobs\entity\EntityGorilla.java:541: error: no suitable method found for create(ServerLevel)
        return AMEntityRegistry.GORILLA.get().create(p_241840_1_);
                                             ^
    method EntityType.create(ServerLevel,@org.jspecify.annotations.Nullable PostSpawnProcessor<EntityGorilla>,BlockPos,EntitySpawnReason,boolean,boolean) is not applicable
      (actual and formal argument lists differ in length)
    method EntityType.create(Level,EntitySpawnReason) is not applicable
      (actual and formal argument lists differ in length)
    method EntityType.create(Level,EntitySpawnRequest) is not applicable
      (actual and formal argument lists differ in length)
    method EntityType.create(ValueInput,Level,EntitySpawnRequest) is not applicable
      (actual and formal argument lists differ in length)
    method EntityType.create(EntityType<?>,ValueInput,Level,EntitySpawnReason) is not applicable
      (actual and formal argument lists differ in length)
C:\Users\justi\Documents\GitHub\AlexsMobs-26.2\src\main\java\com\github\alexthe666\alexsmobs\client\model\ModelGrizzlyBear.java:182: error: cannot find symbol
        if (this.young) {
                ^
  symbol: variable young
C:\Users\justi\Documents\GitHub\AlexsMobs-26.2\src\main\java\com\github\alexthe666\alexsmobs\client\model\ModelGrizzlyBear.java:190: error: no suitable method found for render(PoseStack,VertexConsumer,int,int,float,float,float,float)
                p_228292_8_.render(matrixStackIn, bufferIn, packedLightIn, packedOverlayIn, red, green, blue, alpha);
                           ^
    method BasicModelPart.render(PoseStack,VertexConsumer,int,int) is not applicable
      (actual and formal argument lists differ in length)
    method BasicModelPart.render(PoseStack,VertexConsumer,int,int,int) is not applicable
      (actual and formal argument lists differ in length)
C:\Users\justi\Documents\GitHub\AlexsMobs-26.2\src\main\java\com\github\alexthe666\alexsmobs\client\model\ModelGrizzlyBear.java:197: error: no suitable method found for render(PoseStack,VertexConsumer,int,int,float,float,float,float)
                p_228290_8_.render(matrixStackIn, bufferIn, packedLightIn, packedOverlayIn, red, green, blue, alpha);
                           ^
    method BasicModelPart.render(PoseStack,VertexConsumer,int,int) is not applicable
      (actual and formal argument lists differ in length)
    method BasicModelPart.render(PoseStack,VertexConsumer,int,int,int) is not applicable
      (actual and formal argument lists differ in length)
C:\Users\justi\Documents\GitHub\AlexsMobs-26.2\src\main\java\com\github\alexthe666\alexsmobs\entity\EntityGrizzlyBear.java:64: error: EntityGrizzlyBear is not abstract and does not override abstract method setPersistentAngerTarget(@org.jspecify.annotations.Nullable EntityReference<LivingEntity>) in NeutralMob
public class EntityGrizzlyBear extends TamableAnimal implements NeutralMob, IAnimatedEntity, ITargetsDroppedItems, IFollower {
       ^
C:\Users\justi\Documents\GitHub\AlexsMobs-26.2\src\main\java\com\github\alexthe666\alexsmobs\entity\EntityGrizzlyBear.java:185: error: getPersistentAngerTarget() in EntityGrizzlyBear cannot implement getPersistentAngerTarget() in NeutralMob
    public UUID getPersistentAngerTarget() {
                ^
  return type UUID is not compatible with EntityReference<LivingEntity>
C:\Users\justi\Documents\GitHub\AlexsMobs-26.2\src\main\java\com\github\alexthe666\alexsmobs\entity\EntityGrizzlyBear.java:95: error: no suitable method found for of(TagKey<Item>)
    private static final Ingredient TEMPTATION_ITEMS = Ingredient.of(AMTagRegistry.GORILLA_FOODSTUFFS);
                                                                 ^
    method Ingredient.of(ItemLike) is not applicable
      (argument mismatch; TagKey<Item> cannot be converted to ItemLike)
    method Ingredient.of(ItemLike...) is not applicable
      (varargs mismatch; TagKey<Item> cannot be converted to ItemLike)
    method Ingredient.of(Stream<? extends ItemLike>) is not applicable
      (argument mismatch; TagKey<Item> cannot be converted to Stream<? extends ItemLike>)
    method Ingredient.of(HolderSet<Item>) is not applicable
      (argument mismatch; TagKey<Item> cannot be converted to HolderSet<Item>)
C:\Users\justi\Documents\GitHub\AlexsMobs-26.2\src\main\java\com\github\alexthe666\alexsmobs\entity\EntityGrizzlyBear.java:110: error: getDimensions(Pose) in EntityGrizzlyBear cannot override getDimensions(Pose) in LivingEntity
    public EntityDimensions getDimensions(Pose poseIn) {
                            ^
  overridden method is final
C:\Users\justi\Documents\GitHub\AlexsMobs-26.2\src\main\java\com\github\alexthe666\alexsmobs\entity\EntityGrizzlyBear.java:118: error: hurt(DamageSource,float) in EntityGrizzlyBear cannot override hurt(DamageSource,float) in Entity
    public boolean hurt(DamageSource source, float amount) {
                   ^
  overridden method is final
C:\Users\justi\Documents\GitHub\AlexsMobs-26.2\src\main\java\com\github\alexthe666\alexsmobs\entity\EntityGrizzlyBear.java:127: error: incompatible types: void cannot be converted to boolean
            return super.hurt(source, amount);
                             ^
C:\Users\justi\Documents\GitHub\AlexsMobs-26.2\src\main\java\com\github\alexthe666\alexsmobs\entity\EntityGrizzlyBear.java:151: error: cannot find symbol
            passenger.setPos(this.getX() + extraX, this.getY() + this.getPassengersRidingOffset() + passenger.getMyRidingOffset(), this.getZ() + extraZ);
                                                                                                             ^
  symbol:   method getMyRidingOffset()
  location: variable passenger of type Entity
C:\Users\justi\Documents\GitHub\AlexsMobs-26.2\src\main\java\com\github\alexthe666\alexsmobs\entity\EntityGrizzlyBear.java:193: error: method does not override or implement a method from a supertype
    @Override
    ^
C:\Users\justi\Documents\GitHub\AlexsMobs-26.2\src\main\java\com\github\alexthe666\alexsmobs\entity\EntityGrizzlyBear.java:195: error: method isInvulnerableTo in class LivingEntity cannot be applied to given types;
        return source.getMsgId() != null && source.getMsgId().equals("sting") || source.is(DamageTypes.IN_WALL) ||super.isInvulnerableTo(source);
                                                                                                                       ^
  required: ServerLevel,DamageSource
  found:    DamageSource
  reason: actual and formal argument lists differ in length
C:\Users\justi\Documents\GitHub\AlexsMobs-26.2\src\main\java\com\github\alexthe666\alexsmobs\entity\EntityGrizzlyBear.java:220: error: incompatible types: Predicate<LivingEntity> cannot be converted to Selector
        this.targetSelector.addGoal(7, new NonTameRandomTargetGoal<>(this, Fox.class, false, (Predicate<LivingEntity>)null));
                                                                                             ^
C:\Users\justi\Documents\GitHub\AlexsMobs-26.2\src\main\java\com\github\alexthe666\alexsmobs\entity\EntityGrizzlyBear.java:221: error: incompatible types: Predicate<LivingEntity> cannot be converted to Selector
        this.targetSelector.addGoal(8, new NonTameRandomTargetGoal<>(this, Wolf.class, false, (Predicate<LivingEntity>)null));
                                                                                              ^
C:\Users\justi\Documents\GitHub\AlexsMobs-26.2\src\main\java\com\github\alexthe666\alexsmobs\entity\EntityGrizzlyBear.java:293: error: cannot find symbol
                itemstack.hurt(1, this.getRandom(), player instanceof ServerPlayer ? (ServerPlayer)player : null);
                         ^
  symbol:   method hurt(int,RandomSource,player ins[...] null)
  location: variable itemstack of type ItemStack
C:\Users\justi\Documents\GitHub\AlexsMobs-26.2\src\main\java\com\github\alexthe666\alexsmobs\entity\EntityGrizzlyBear.java:311: error: cannot find symbol
                player.displayClientMessage(Component.translatable("entity.alexsmobs.all.command_" + this.getCommand(), this.getName()), true);
                      ^
  symbol:   method displayClientMessage(MutableComponent,boolean)
  location: variable player of type Player
C:\Users\justi\Documents\GitHub\AlexsMobs-26.2\src\main\java\com\github\alexthe666\alexsmobs\entity\EntityGrizzlyBear.java:412: error: no suitable constructor found for ItemParticleOption(ParticleType<ItemParticleOption>,ItemStack)
                this.level().addParticle(new ItemParticleOption(ParticleTypes.ITEM, this.getItemInHand(InteractionHand.MAIN_HAND)), this.getX() + (double) (this.random.nextFloat() * this.getBbWidth()) - (double) this.getBbWidth() * 0.5F, this.getY() + this.getBbHeight() * 0.5F + (double) (this.random.nextFloat() * this.getBbHeight() * 0.5F), this.getZ() + (double) (this.random.nextFloat() * this.getBbWidth()) - (double) this.getBbWidth() * 0.5F, d0, d1, d2);
                                         ^
    constructor ItemParticleOption.ItemParticleOption(ParticleType<ItemParticleOption>,Item) is not applicable
      (argument mismatch; ItemStack cannot be converted to Item)
    constructor ItemParticleOption.ItemParticleOption(ParticleType<ItemParticleOption>,ItemStackTemplate) is not applicable
      (argument mismatch; ItemStack cannot be converted to ItemStackTemplate)
C:\Users\justi\Documents\GitHub\AlexsMobs-26.2\src\main\java\com\github\alexthe666\alexsmobs\entity\EntityGrizzlyBear.java:416: error: incompatible types: Reference<SoundEvent> cannot be converted to SoundEvent
                this.playSound(SoundEvents.GENERIC_EAT, this.getSoundVolume(), this.getVoicePitch());
                                          ^
C:\Users\justi\Documents\GitHub\AlexsMobs-26.2\src\main\java\com\github\alexthe666\alexsmobs\entity\EntityGrizzlyBear.java:430: error: method setTame in class TamableAnimal cannot be applied to given types;
                           this.setTame(true);
                               ^
  required: boolean,boolean
  found:    boolean
  reason: actual and formal argument lists differ in length
C:\Users\justi\Documents\GitHub\AlexsMobs-26.2\src\main\java\com\github\alexthe666\alexsmobs\entity\EntityGrizzlyBear.java:431: error: cannot find symbol
                           this.setOwnerUUID(this.salmonThrowerID);
                               ^
  symbol: method setOwnerUUID(UUID)
C:\Users\justi\Documents\GitHub\AlexsMobs-26.2\src\main\java\com\github\alexthe666\alexsmobs\entity\EntityGrizzlyBear.java:441: error: cannot find symbol
                    if(stack.hasCraftingRemainingItem()){
                            ^
  symbol:   method hasCraftingRemainingItem()
  location: variable stack of type ItemStack
C:\Users\justi\Documents\GitHub\AlexsMobs-26.2\src\main\java\com\github\alexthe666\alexsmobs\entity\EntityGrizzlyBear.java:442: error: cannot find symbol
                        this.spawnAtLocation(stack.getCraftingRemainingItem());
                                                  ^
  symbol:   method getCraftingRemainingItem()
  location: variable stack of type ItemStack
C:\Users\justi\Documents\GitHub\AlexsMobs-26.2\src\main\java\com\github\alexthe666\alexsmobs\entity\EntityGrizzlyBear.java:497: error: method doHurtTarget in class Mob cannot be applied to given types;
                    doHurtTarget(attackTarget);
                    ^
  required: ServerLevel,Entity
  found:    LivingEntity
  reason: actual and formal argument lists differ in length
C:\Users\justi\Documents\GitHub\AlexsMobs-26.2\src\main\java\com\github\alexthe666\alexsmobs\entity\EntityGrizzlyBear.java:500: error: method doHurtTarget in class Mob cannot be applied to given types;
                    doHurtTarget(attackTarget);
                    ^
  required: ServerLevel,Entity
  found:    LivingEntity
  reason: actual and formal argument lists differ in length
C:\Users\justi\Documents\GitHub\AlexsMobs-26.2\src\main\java\com\github\alexthe666\alexsmobs\entity\EntityGrizzlyBear.java:502: error: no suitable method found for knockback(float,float,float)
                    attackTarget.knockback(0.5F, Mth.sin(rot * Mth.DEG_TO_RAD), -Mth.cos(rot * Mth.DEG_TO_RAD));
                                ^
    method LivingEntity.knockback(double,double,double,DamageSource,float,boolean) is not applicable
      (actual and formal argument lists differ in length)
    method LivingEntity.knockback(double,double,double,DamageSource,float) is not applicable
      (actual and formal argument lists differ in length)
C:\Users\justi\Documents\GitHub\AlexsMobs-26.2\src\main\java\com\github\alexthe666\alexsmobs\entity\EntityGrizzlyBear.java:505: error: method doHurtTarget in class Mob cannot be applied to given types;
                    doHurtTarget(attackTarget);
                    ^
  required: ServerLevel,Entity
  found:    LivingEntity
  reason: actual and formal argument lists differ in length
C:\Users\justi\Documents\GitHub\AlexsMobs-26.2\src\main\java\com\github\alexthe666\alexsmobs\entity\EntityGrizzlyBear.java:507: error: no suitable method found for knockback(float,float,float)
                    attackTarget.knockback(0.5F, Mth.sin(rot * Mth.DEG_TO_RAD), -Mth.cos(rot * Mth.DEG_TO_RAD));
                                ^
    method LivingEntity.knockback(double,double,double,DamageSource,float,boolean) is not applicable
      (actual and formal argument lists differ in length)
    method LivingEntity.knockback(double,double,double,DamageSource,float) is not applicable
      (actual and formal argument lists differ in length)
C:\Users\justi\Documents\GitHub\AlexsMobs-26.2\src\main\java\com\github\alexthe666\alexsmobs\entity\EntityGrizzlyBear.java:527: error: no suitable method found for spawnAtLocation(Item)
            this.spawnAtLocation(AMItemRegistry.BEAR_FUR.get());
                ^
    method Entity.spawnAtLocation(ServerLevel,ItemLike) is not applicable
      (actual and formal argument lists differ in length)
    method Entity.spawnAtLocation(ServerLevel,ItemStack) is not applicable
      (actual and formal argument lists differ in length)
    method Entity.spawnAtLocation(ServerLevel,ItemStack,Vec3) is not applicable
      (actual and formal argument lists differ in length)
    method Entity.spawnAtLocation(ServerLevel,ItemStack,float) is not applicable
      (actual and formal argument lists differ in length)
C:\Users\justi\Documents\GitHub\AlexsMobs-26.2\src\main\java\com\github\alexthe666\alexsmobs\entity\EntityGrizzlyBear.java:563: error: method getPrecipitationAt in class Biome cannot be applied to given types;
            return world.getBiome(position).value().getPrecipitationAt(position) == Biome.Precipitation.SNOW;
                                                   ^
  required: BlockPos,int
  found:    BlockPos
  reason: actual and formal argument lists differ in length
C:\Users\justi\Documents\GitHub\AlexsMobs-26.2\src\main\java\com\github\alexthe666\alexsmobs\entity\EntityGrizzlyBear.java:567: error: isAlliedTo(Entity) in EntityGrizzlyBear cannot override isAlliedTo(@org.jspecify.annotations.Nullable Entity) in Entity
    public boolean isAlliedTo(Entity entityIn) {
                   ^
  overridden method is final
C:\Users\justi\Documents\GitHub\AlexsMobs-26.2\src\main\java\com\github\alexthe666\alexsmobs\entity\EntityGrizzlyBear.java:664: error: no suitable method found for create(ServerLevel)
        return AMEntityRegistry.GRIZZLY_BEAR.get().create(world);
                                                  ^
    method EntityType.create(ServerLevel,@org.jspecify.annotations.Nullable PostSpawnProcessor<EntityGrizzlyBear>,BlockPos,EntitySpawnReason,boolean,boolean) is not applicable
      (actual and formal argument lists differ in length)
    method EntityType.create(Level,EntitySpawnReason) is not applicable
      (actual and formal argument lists differ in length)
    method EntityType.create(Level,EntitySpawnRequest) is not applicable
      (actual and formal argument lists differ in length)
    method EntityType.create(ValueInput,Level,EntitySpawnRequest) is not applicable
      (actual and formal argument lists differ in length)
    method EntityType.create(EntityType<?>,ValueInput,Level,EntitySpawnReason) is not applicable
      (actual and formal argument lists differ in length)
C:\Users\justi\Documents\GitHub\AlexsMobs-26.2\src\main\java\com\github\alexthe666\alexsmobs\entity\EntityGrizzlyBear.java:709: error: method finalizeSpawn in class AgeableMob cannot be applied to given types;
        return super.finalizeSpawn(worldIn, difficultyIn, reason, spawnDataIn, dataTag);
                    ^
  required: ServerLevelAccessor,DifficultyInstance,EntitySpawnReason,SpawnGroupData
  found:    ServerLevelAccessor,DifficultyInstance,EntitySpawnReason,SpawnGroupData,CompoundTag
  reason: actual and formal argument lists differ in length
C:\Users\justi\Documents\GitHub\AlexsMobs-26.2\src\main\java\com\github\alexthe666\alexsmobs\entity\EntityGrizzlyBear.java:720: error: no suitable method found for spawnAtLocation(ItemStack,float)
            this.spawnAtLocation(this.getItemInHand(InteractionHand.MAIN_HAND), 0.0F);
                ^
    method Entity.spawnAtLocation(ServerLevel,ItemLike) is not applicable
      (argument mismatch; ItemStack cannot be converted to ServerLevel)
    method Entity.spawnAtLocation(ServerLevel,ItemStack) is not applicable
      (argument mismatch; ItemStack cannot be converted to ServerLevel)
C:\Users\justi\Documents\GitHub\AlexsMobs-26.2\src\main\java\com\github\alexthe666\alexsmobs\client\model\ModelGuster.java:149: error: method does not override or implement a method from a supertype
    @Override
    ^
C:\Users\justi\Documents\GitHub\AlexsMobs-26.2\src\main\java\com\github\alexthe666\alexsmobs\entity\EntityGuster.java:88: error: cannot find symbol
        return this.getVariant() == 2 ? SOUL_LOOT : this.getVariant() == 1 ? RED_LOOT : super.getDefaultLootTable();
                                                                                             ^
  symbol: method getDefaultLootTable()
C:\Users\justi\Documents\GitHub\AlexsMobs-26.2\src\main\java\com\github\alexthe666\alexsmobs\entity\EntityGuster.java:97: error: cannot find symbol
        return spawnBlock && (!AMConfig.limitGusterSpawnsToWeather || worldIn.getLevelData() != null && (worldIn.getLevelData().isThundering() || worldIn.getLevelData().isRaining()) || isBiomeNether(worldIn, pos));
                                                                                                                               ^
  symbol:   method isThundering()
  location: interface LevelData
C:\Users\justi\Documents\GitHub\AlexsMobs-26.2\src\main\java\com\github\alexthe666\alexsmobs\entity\EntityGuster.java:97: error: cannot find symbol
        return spawnBlock && (!AMConfig.limitGusterSpawnsToWeather || worldIn.getLevelData() != null && (worldIn.getLevelData().isThundering() || worldIn.getLevelData().isRaining()) || isBiomeNether(worldIn, pos));
                                                                                                                                                                        ^
  symbol:   method isRaining()
  location: interface LevelData
C:\Users\justi\Documents\GitHub\AlexsMobs-26.2\src\main\java\com\github\alexthe666\alexsmobs\entity\EntityGuster.java:147: error: hurt(DamageSource,float) in EntityGuster cannot override hurt(DamageSource,float) in Entity
    public boolean hurt(DamageSource source, float amount) {
                   ^
  overridden method is final
C:\Users\justi\Documents\GitHub\AlexsMobs-26.2\src\main\java\com\github\alexthe666\alexsmobs\entity\EntityGuster.java:148: error: method isInvulnerableTo in class LivingEntity cannot be applied to given types;
        if (this.isInvulnerableTo(source)) {
                ^
  required: ServerLevel,DamageSource
  found:    DamageSource
  reason: actual and formal argument lists differ in length
C:\Users\justi\Documents\GitHub\AlexsMobs-26.2\src\main\java\com\github\alexthe666\alexsmobs\entity\EntityGuster.java:154: error: incompatible types: void cannot be converted to boolean
            return super.hurt(source, amount);
                             ^
C:\Users\justi\Documents\GitHub\AlexsMobs-26.2\src\main\java\com\github\alexthe666\alexsmobs\entity\EntityGuster.java:200: error: method finalizeSpawn in class Mob cannot be applied to given types;
        return super.finalizeSpawn(worldIn, difficultyIn, reason, spawnDataIn, dataTag);
                    ^
  required: ServerLevelAccessor,DifficultyInstance,EntitySpawnReason,SpawnGroupData
  found:    ServerLevelAccessor,DifficultyInstance,EntitySpawnReason,SpawnGroupData,CompoundTag
  reason: actual and formal argument lists differ in length
C:\Users\justi\Documents\GitHub\AlexsMobs-26.2\src\main\java\com\github\alexthe666\alexsmobs\entity\EntityGuster.java:257: error: cannot find symbol
            lifted.hasImpulse = true;
                  ^
  symbol:   variable hasImpulse
  location: variable lifted of type Entity
C:\Users\justi\Documents\GitHub\AlexsMobs-26.2\src\main\java\com\github\alexthe666\alexsmobs\entity\EntityGust.java:27: error: EntityGust is not abstract and does not override abstract method hurtServer(ServerLevel,DamageSource,float) in Entity
public class EntityGust extends Entity {
       ^
C:\Users\justi\Documents\GitHub\AlexsMobs-26.2\src\main\java\com\github\alexthe666\alexsmobs\entity\EntityGust.java:58: error: method does not override or implement a method from a supertype
    @Override
    ^
C:\Users\justi\Documents\GitHub\AlexsMobs-26.2\src\main\java\com\github\alexthe666\alexsmobs\entity\EntityGust.java:60: error: method getAddEntityPacket in class Entity cannot be applied to given types;
        return super.getAddEntityPacket();
                    ^
  required: ServerEntity
  found:    no arguments
  reason: actual and formal argument lists differ in length
C:\Users\justi\Documents\GitHub\AlexsMobs-26.2\src\main\java\com\github\alexthe666\alexsmobs\entity\EntityGust.java:170: error: cannot find symbol
        this.entityData.set(X_DIR, compound.getFloat("GustDirX"));
                                           ^
  symbol:   method getFloat(String)
  location: variable compound of type ValueInput
C:\Users\justi\Documents\GitHub\AlexsMobs-26.2\src\main\java\com\github\alexthe666\alexsmobs\entity\EntityGust.java:171: error: cannot find symbol
        this.entityData.set(Y_DIR, compound.getFloat("GustDirX"));
                                           ^
  symbol:   method getFloat(String)
  location: variable compound of type ValueInput
C:\Users\justi\Documents\GitHub\AlexsMobs-26.2\src\main\java\com\github\alexthe666\alexsmobs\entity\EntityGust.java:172: error: cannot find symbol
        this.entityData.set(Z_DIR, compound.getFloat("GustDirX"));
                                           ^
  symbol:   method getFloat(String)
  location: variable compound of type ValueInput
C:\Users\justi\Documents\GitHub\AlexsMobs-26.2\src\main\java\com\github\alexthe666\alexsmobs\entity\EntityGust.java:203: error: cannot find symbol
            this.moveTo(this.getX(), this.getY(), this.getZ(), this.getYRot(), this.getXRot());
                ^
  symbol: method moveTo(double,double,double,float,float)
C:\Users\justi\Documents\GitHub\AlexsMobs-26.2\src\main\java\com\github\alexthe666\alexsmobs\entity\EntityHammerheadShark.java:84: error: cannot find symbol
        this.goalSelector.addGoal(8, new FollowBoatGoal(this));
                                         ^
  symbol:   class FollowBoatGoal
  location: class EntityHammerheadShark
C:\Users\justi\Documents\GitHub\AlexsMobs-26.2\src\main\java\com\github\alexthe666\alexsmobs\entity\EntityHammerheadShark.java:157: error: method doHurtTarget in class Mob cannot be applied to given types;
                        shark.doHurtTarget(prey);
                             ^
  required: ServerLevel,Entity
  found:    LivingEntity
  reason: actual and formal argument lists differ in length
C:\Users\justi\Documents\GitHub\AlexsMobs-26.2\src\main\java\com\github\alexthe666\alexsmobs\entity\EntityHammerheadShark.java:159: error: no suitable method found for spawnAtLocation(ItemStack)
                            shark.spawnAtLocation(new ItemStack(AMItemRegistry.SHARK_TOOTH.get()));
                                 ^
    method Entity.spawnAtLocation(ServerLevel,ItemLike) is not applicable
      (actual and formal argument lists differ in length)
    method Entity.spawnAtLocation(ServerLevel,ItemStack) is not applicable
      (actual and formal argument lists differ in length)
    method Entity.spawnAtLocation(ServerLevel,ItemStack,Vec3) is not applicable
      (actual and formal argument lists differ in length)
    method Entity.spawnAtLocation(ServerLevel,ItemStack,float) is not applicable
      (actual and formal argument lists differ in length)
C:\Users\justi\Documents\GitHub\AlexsMobs-26.2\src\main\java\com\github\alexthe666\alexsmobs\client\model\ModelHummingbird.java:143: error: cannot find symbol
        if (this.young) {
                ^
  symbol: variable young
C:\Users\justi\Documents\GitHub\AlexsMobs-26.2\src\main\java\com\github\alexthe666\alexsmobs\client\model\ModelHummingbird.java:151: error: no suitable method found for render(PoseStack,VertexConsumer,int,int,float,float,float,float)
                p_228292_8_.render(matrixStackIn, bufferIn, packedLightIn, packedOverlayIn, red, green, blue, alpha);
                           ^
    method BasicModelPart.render(PoseStack,VertexConsumer,int,int) is not applicable
      (actual and formal argument lists differ in length)
    method BasicModelPart.render(PoseStack,VertexConsumer,int,int,int) is not applicable
      (actual and formal argument lists differ in length)
C:\Users\justi\Documents\GitHub\AlexsMobs-26.2\src\main\java\com\github\alexthe666\alexsmobs\client\model\ModelHummingbird.java:158: error: no suitable method found for render(PoseStack,VertexConsumer,int,int,float,float,float,float)
                p_228290_8_.render(matrixStackIn, bufferIn, packedLightIn, packedOverlayIn, red, green, blue, alpha);
                           ^
    method BasicModelPart.render(PoseStack,VertexConsumer,int,int) is not applicable
      (actual and formal argument lists differ in length)
    method BasicModelPart.render(PoseStack,VertexConsumer,int,int,int) is not applicable
      (actual and formal argument lists differ in length)
C:\Users\justi\Documents\GitHub\AlexsMobs-26.2\src\main\java\com\github\alexthe666\alexsmobs\entity\EntityHummingbird.java:73: error: cannot find symbol
        this.setPathfindingMalus(PathType.DANGER_FIRE, -1.0F);
                                         ^
  symbol:   variable DANGER_FIRE
  location: class PathType
C:\Users\justi\Documents\GitHub\AlexsMobs-26.2\src\main\java\com\github\alexthe666\alexsmobs\entity\EntityHummingbird.java:121: error: no suitable method found for of(TagKey<Item>)
        this.goalSelector.addGoal(2, new TemptGoal(this, 1, Ingredient.of(AMTagRegistry.HUMMINGBIRD_BREEDABLES), false));
                                                                      ^
    method Ingredient.of(ItemLike) is not applicable
      (argument mismatch; TagKey<Item> cannot be converted to ItemLike)
    method Ingredient.of(ItemLike...) is not applicable
      (varargs mismatch; TagKey<Item> cannot be converted to ItemLike)
    method Ingredient.of(Stream<? extends ItemLike>) is not applicable
      (argument mismatch; TagKey<Item> cannot be converted to Stream<? extends ItemLike>)
    method Ingredient.of(HolderSet<Item>) is not applicable
      (argument mismatch; TagKey<Item> cannot be converted to HolderSet<Item>)
C:\Users\justi\Documents\GitHub\AlexsMobs-26.2\src\main\java\com\github\alexthe666\alexsmobs\entity\EntityHummingbird.java:139: error: cannot find symbol
        flyingpathnavigator.setCanPassDoors(true);
                           ^
  symbol:   method setCanPassDoors(boolean)
  location: variable flyingpathnavigator of type FlyingPathNavigation
C:\Users\justi\Documents\GitHub\AlexsMobs-26.2\src\main\java\com\github\alexthe666\alexsmobs\entity\EntityHummingbird.java:155: error: height has private access in EntityDimensions
        return this.isBaby() ? sizeIn.height * 0.5F : sizeIn.height * 0.5F;
                                     ^
C:\Users\justi\Documents\GitHub\AlexsMobs-26.2\src\main\java\com\github\alexthe666\alexsmobs\entity\EntityHummingbird.java:155: error: height has private access in EntityDimensions
        return this.isBaby() ? sizeIn.height * 0.5F : sizeIn.height * 0.5F;
                                                            ^
C:\Users\justi\Documents\GitHub\AlexsMobs-26.2\src\main\java\com\github\alexthe666\alexsmobs\entity\EntityHummingbird.java:182: error: cannot find symbol
        if (compound.contains("HLPX")) {
                    ^
  symbol:   method contains(String)
  location: variable compound of type ValueInput
C:\Users\justi\Documents\GitHub\AlexsMobs-26.2\src\main\java\com\github\alexthe666\alexsmobs\entity\EntityHummingbird.java:212: error: method finalizeSpawn in class AgeableMob cannot be applied to given types;
        return super.finalizeSpawn(worldIn, difficultyIn, reason, spawnDataIn, dataTag);
                    ^
  required: ServerLevelAccessor,DifficultyInstance,EntitySpawnReason,SpawnGroupData
  found:    ServerLevelAccessor,DifficultyInstance,EntitySpawnReason,SpawnGroupData,CompoundTag
  reason: actual and formal argument lists differ in length
C:\Users\justi\Documents\GitHub\AlexsMobs-26.2\src\main\java\com\github\alexthe666\alexsmobs\entity\EntityHummingbird.java:319: error: no suitable method found for create(ServerLevel)
        return AMEntityRegistry.HUMMINGBIRD.get().create(serverWorld);
                                                 ^
    method EntityType.create(ServerLevel,@org.jspecify.annotations.Nullable PostSpawnProcessor<EntityHummingbird>,BlockPos,EntitySpawnReason,boolean,boolean) is not applicable
      (actual and formal argument lists differ in length)
    method EntityType.create(Level,EntitySpawnReason) is not applicable
      (actual and formal argument lists differ in length)
    method EntityType.create(Level,EntitySpawnRequest) is not applicable
      (actual and formal argument lists differ in length)
    method EntityType.create(ValueInput,Level,EntitySpawnRequest) is not applicable
      (actual and formal argument lists differ in length)
    method EntityType.create(EntityType<?>,ValueInput,Level,EntitySpawnReason) is not applicable
      (actual and formal argument lists differ in length)
C:\Users\justi\Documents\GitHub\AlexsMobs-26.2\src\main\java\com\github\alexthe666\alexsmobs\client\model\ModelJerboa.java:157: error: cannot find symbol
        if (this.young) {
                ^
  symbol: variable young
C:\Users\justi\Documents\GitHub\AlexsMobs-26.2\src\main\java\com\github\alexthe666\alexsmobs\client\model\ModelJerboa.java:163: error: no suitable method found for render(PoseStack,VertexConsumer,int,int,float,float,float,float)
                p_228292_8_.render(matrixStackIn, bufferIn, packedLightIn, packedOverlayIn, red, green, blue, alpha);
                           ^
    method BasicModelPart.render(PoseStack,VertexConsumer,int,int) is not applicable
      (actual and formal argument lists differ in length)
    method BasicModelPart.render(PoseStack,VertexConsumer,int,int,int) is not applicable
      (actual and formal argument lists differ in length)
C:\Users\justi\Documents\GitHub\AlexsMobs-26.2\src\main\java\com\github\alexthe666\alexsmobs\client\model\ModelJerboa.java:169: error: no suitable method found for render(PoseStack,VertexConsumer,int,int,float,float,float,float)
                p_228290_8_.render(matrixStackIn, bufferIn, packedLightIn, packedOverlayIn, red, green, blue, alpha);
                           ^
    method BasicModelPart.render(PoseStack,VertexConsumer,int,int) is not applicable
      (actual and formal argument lists differ in length)
    method BasicModelPart.render(PoseStack,VertexConsumer,int,int,int) is not applicable
      (actual and formal argument lists differ in length)
C:\Users\justi\Documents\GitHub\AlexsMobs-26.2\src\main\java\com\github\alexthe666\alexsmobs\entity\EntityJerboa.java:186: error: cannot find symbol
            if (this.level().isDay() && this.getLastHurtByMob() == null && !this.isBegging()) {
                            ^
  symbol:   method isDay()
  location: class Level
C:\Users\justi\Documents\GitHub\AlexsMobs-26.2\src\main\java\com\github\alexthe666\alexsmobs\entity\EntityJerboa.java:240: error: no suitable constructor found for ItemParticleOption(ParticleType<ItemParticleOption>,ItemStack)
                this.level().addParticle(new ItemParticleOption(ParticleTypes.ITEM, itemstack), this.getX() + (double) (this.random.nextFloat() * this.getBbWidth()) - (double) this.getBbWidth() * 0.5F, this.getY() + this.getBbHeight() * 0.5F + (double) (this.random.nextFloat() * this.getBbHeight() * 0.5F), this.getZ() + (double) (this.random.nextFloat() * this.getBbWidth()) - (double) this.getBbWidth() * 0.5F, d0, d1, d2);
                                         ^
    constructor ItemParticleOption.ItemParticleOption(ParticleType<ItemParticleOption>,Item) is not applicable
      (argument mismatch; ItemStack cannot be converted to Item)
    constructor ItemParticleOption.ItemParticleOption(ParticleType<ItemParticleOption>,ItemStackTemplate) is not applicable
      (argument mismatch; ItemStack cannot be converted to ItemStackTemplate)
C:\Users\justi\Documents\GitHub\AlexsMobs-26.2\src\main\java\com\github\alexthe666\alexsmobs\entity\EntityJerboa.java:243: error: no suitable constructor found for MobEffectInstance(MobEffect,int)
                player.addEffect(new MobEffectInstance(AMEffectRegistry.FLEET_FOOTED.get(), 12000));
                                 ^
    constructor MobEffectInstance.MobEffectInstance(Holder<MobEffect>,int) is not applicable
      (argument mismatch; MobEffect cannot be converted to Holder<MobEffect>)
    constructor MobEffectInstance.MobEffectInstance(Holder<MobEffect>,Details) is not applicable
      (argument mismatch; MobEffect cannot be converted to Holder<MobEffect>)
C:\Users\justi\Documents\GitHub\AlexsMobs-26.2\src\main\java\com\github\alexthe666\alexsmobs\entity\EntityJerboa.java:250: error: hurt(DamageSource,float) in EntityJerboa cannot override hurt(DamageSource,float) in Entity
    public boolean hurt(DamageSource source, float amount) {
                   ^
  overridden method is final
C:\Users\justi\Documents\GitHub\AlexsMobs-26.2\src\main\java\com\github\alexthe666\alexsmobs\entity\EntityJerboa.java:251: error: incompatible types: void cannot be converted to boolean
        boolean prev = super.hurt(source, amount);
                                 ^
C:\Users\justi\Documents\GitHub\AlexsMobs-26.2\src\main\java\com\github\alexthe666\alexsmobs\entity\EntityJerboa.java:257: error: incompatible types: MobEffect cannot be converted to Holder<MobEffect>
                    if (hurter.hasEffect(AMEffectRegistry.FLEET_FOOTED.get())) {
                                                                          ^
C:\Users\justi\Documents\GitHub\AlexsMobs-26.2\src\main\java\com\github\alexthe666\alexsmobs\entity\EntityJerboa.java:258: error: incompatible types: MobEffect cannot be converted to Holder<MobEffect>
                        hurter.removeEffect(AMEffectRegistry.FLEET_FOOTED.get());
                                                                             ^
C:\Users\justi\Documents\GitHub\AlexsMobs-26.2\src\main\java\com\github\alexthe666\alexsmobs\entity\EntityJerboa.java:309: error: jumpFromGround() in EntityJerboa cannot override jumpFromGround() in LivingEntity
    protected void jumpFromGround() {
                   ^
  attempting to assign weaker access privileges; was public
C:\Users\justi\Documents\GitHub\AlexsMobs-26.2\src\main\java\com\github\alexthe666\alexsmobs\entity\EntityJerboa.java:366: error: method customServerAiStep in class Animal cannot be applied to given types;
        super.customServerAiStep();
             ^
  required: ServerLevel
  found:    no arguments
  reason: actual and formal argument lists differ in length
C:\Users\justi\Documents\GitHub\AlexsMobs-26.2\src\main\java\com\github\alexthe666\alexsmobs\entity\EntityJerboa.java:438: error: no suitable method found for create(ServerLevel)
        EntityJerboa boa = AMEntityRegistry.JERBOA.get().create(p_146743_);
                                                        ^
    method EntityType.create(ServerLevel,@org.jspecify.annotations.Nullable PostSpawnProcessor<EntityJerboa>,BlockPos,EntitySpawnReason,boolean,boolean) is not applicable
      (actual and formal argument lists differ in length)
    method EntityType.create(Level,EntitySpawnReason) is not applicable
      (actual and formal argument lists differ in length)
    method EntityType.create(Level,EntitySpawnRequest) is not applicable
      (actual and formal argument lists differ in length)
    method EntityType.create(ValueInput,Level,EntitySpawnRequest) is not applicable
      (actual and formal argument lists differ in length)
    method EntityType.create(EntityType<?>,ValueInput,Level,EntitySpawnReason) is not applicable
      (actual and formal argument lists differ in length)
C:\Users\justi\Documents\GitHub\AlexsMobs-26.2\src\main\java\com\github\alexthe666\alexsmobs\client\model\ModelKangaroo.java:334: error: method does not override or implement a method from a supertype
	@Override
	^
C:\Users\justi\Documents\GitHub\AlexsMobs-26.2\src\main\java\com\github\alexthe666\alexsmobs\client\model\ModelKangaroo.java:336: error: cannot find symbol
		if (this.young) {
		        ^
  symbol: variable young
C:\Users\justi\Documents\GitHub\AlexsMobs-26.2\src\main\java\com\github\alexthe666\alexsmobs\client\model\ModelKangaroo.java:345: error: no suitable method found for render(PoseStack,VertexConsumer,int,int,float,float,float,float)
				this.neck.render(matrixStackIn, bufferIn, packedLightIn, packedOverlayIn, red, green, blue, alpha);
				         ^
    method BasicModelPart.render(PoseStack,VertexConsumer,int,int) is not applicable
      (actual and formal argument lists differ in length)
    method AdvancedModelBox.render(PoseStack,VertexConsumer,int,int,int) is not applicable
      (actual and formal argument lists differ in length)
C:\Users\justi\Documents\GitHub\AlexsMobs-26.2\src\main\java\com\github\alexthe666\alexsmobs\client\model\ModelKangaroo.java:349: error: no suitable method found for render(PoseStack,VertexConsumer,int,int,float,float,float,float)
					p_228292_8_.render(matrixStackIn, bufferIn, packedLightIn, packedOverlayIn, red, green, blue, alpha);
					           ^
    method BasicModelPart.render(PoseStack,VertexConsumer,int,int) is not applicable
      (actual and formal argument lists differ in length)
    method BasicModelPart.render(PoseStack,VertexConsumer,int,int,int) is not applicable
      (actual and formal argument lists differ in length)
C:\Users\justi\Documents\GitHub\AlexsMobs-26.2\src\main\java\com\github\alexthe666\alexsmobs\client\model\ModelKangaroo.java:357: error: no suitable method found for render(PoseStack,VertexConsumer,int,int,float,float,float,float)
				p_228290_8_.render(matrixStackIn, bufferIn, packedLightIn, packedOverlayIn, red, green, blue, alpha);
				           ^
    method BasicModelPart.render(PoseStack,VertexConsumer,int,int) is not applicable
      (actual and formal argument lists differ in length)
    method BasicModelPart.render(PoseStack,VertexConsumer,int,int,int) is not applicable
      (actual and formal argument lists differ in length)
C:\Users\justi\Documents\GitHub\AlexsMobs-26.2\src\main\java\com\github\alexthe666\alexsmobs\entity\EntityKangaroo.java:71: error: EntityKangaroo is not abstract and does not override abstract method dataChanged(AbstractContainerMenu,int,int) in ContainerListener
public class EntityKangaroo extends TamableAnimal implements ContainerListener, IAnimatedEntity, IFollower {
       ^
C:\Users\justi\Documents\GitHub\AlexsMobs-26.2\src\main\java\com\github\alexthe666\alexsmobs\entity\EntityKangaroo.java:131: error: cannot find symbol
        super.tickLeash();
             ^
  symbol: method tickLeash()
C:\Users\justi\Documents\GitHub\AlexsMobs-26.2\src\main\java\com\github\alexthe666\alexsmobs\entity\EntityKangaroo.java:134: error: cannot find symbol
            this.restrictTo(lvt_1_1_.blockPosition(), 5);
                ^
  symbol: method restrictTo(BlockPos,int)
C:\Users\justi\Documents\GitHub\AlexsMobs-26.2\src\main\java\com\github\alexthe666\alexsmobs\entity\EntityKangaroo.java:138: error: method dropLeash in interface Leashable cannot be applied to given types;
                    this.dropLeash(true, true);
                        ^
  required: no arguments
  found:    boolean,boolean
  reason: actual and formal argument lists differ in length
C:\Users\justi\Documents\GitHub\AlexsMobs-26.2\src\main\java\com\github\alexthe666\alexsmobs\entity\EntityKangaroo.java:144: error: cannot find symbol
            this.onLeashDistance(lvt_2_1_);
                ^
  symbol: method onLeashDistance(float)
C:\Users\justi\Documents\GitHub\AlexsMobs-26.2\src\main\java\com\github\alexthe666\alexsmobs\entity\EntityKangaroo.java:146: error: method dropLeash in interface Leashable cannot be applied to given types;
                this.dropLeash(true, true);
                    ^
  required: no arguments
  found:    boolean,boolean
  reason: actual and formal argument lists differ in length
C:\Users\justi\Documents\GitHub\AlexsMobs-26.2\src\main\java\com\github\alexthe666\alexsmobs\entity\EntityKangaroo.java:197: error: cannot find symbol
                return EntityKangaroo.this.isAlive() && !EntityKangaroo.this.isInsidePortal;
                                                                            ^
  symbol: variable isInsidePortal
C:\Users\justi\Documents\GitHub\AlexsMobs-26.2\src\main\java\com\github\alexthe666\alexsmobs\entity\EntityKangaroo.java:200: error: cannot find symbol
        kangarooInventory.addListener(this);
                         ^
  symbol:   method addListener(EntityKangaroo)
  location: variable kangarooInventory of type SimpleContainer
C:\Users\justi\Documents\GitHub\AlexsMobs-26.2\src\main\java\com\github\alexthe666\alexsmobs\entity\EntityKangaroo.java:216: error: method dropEquipment in class LivingEntity cannot be applied to given types;
        super.dropEquipment();
             ^
  required: ServerLevel
  found:    no arguments
  reason: actual and formal argument lists differ in length
C:\Users\justi\Documents\GitHub\AlexsMobs-26.2\src\main\java\com\github\alexthe666\alexsmobs\entity\EntityKangaroo.java:218: error: no suitable method found for spawnAtLocation(ItemStack)
            this.spawnAtLocation(kangarooInventory.getItem(i));
                ^
    method Entity.spawnAtLocation(ServerLevel,ItemLike) is not applicable
      (actual and formal argument lists differ in length)
    method Entity.spawnAtLocation(ServerLevel,ItemStack) is not applicable
      (actual and formal argument lists differ in length)
    method Entity.spawnAtLocation(ServerLevel,ItemStack,Vec3) is not applicable
      (actual and formal argument lists differ in length)
    method Entity.spawnAtLocation(ServerLevel,ItemStack,float) is not applicable
      (actual and formal argument lists differ in length)
C:\Users\justi\Documents\GitHub\AlexsMobs-26.2\src\main\java\com\github\alexthe666\alexsmobs\entity\EntityKangaroo.java:240: error: cannot find symbol
        if (isTame() && this.getHealth() < this.getMaxHealth() && item.isEdible() && item.getFoodProperties() != null && !item.getFoodProperties().isMeat()) {
                                                                      ^
  symbol:   method isEdible()
  location: variable item of type Item
C:\Users\justi\Documents\GitHub\AlexsMobs-26.2\src\main\java\com\github\alexthe666\alexsmobs\entity\EntityKangaroo.java:240: error: cannot find symbol
        if (isTame() && this.getHealth() < this.getMaxHealth() && item.isEdible() && item.getFoodProperties() != null && !item.getFoodProperties().isMeat()) {
                                                                                         ^
  symbol:   method getFoodProperties()
  location: variable item of type Item
C:\Users\justi\Documents\GitHub\AlexsMobs-26.2\src\main\java\com\github\alexthe666\alexsmobs\entity\EntityKangaroo.java:240: error: cannot find symbol
        if (isTame() && this.getHealth() < this.getMaxHealth() && item.isEdible() && item.getFoodProperties() != null && !item.getFoodProperties().isMeat()) {
                                                                                                                              ^
  symbol:   method getFoodProperties()
  location: variable item of type Item
C:\Users\justi\Documents\GitHub\AlexsMobs-26.2\src\main\java\com\github\alexthe666\alexsmobs\entity\EntityKangaroo.java:244: error: cannot find symbol
            this.heal(item.getFoodProperties().getNutrition());
                          ^
  symbol:   method getFoodProperties()
  location: variable item of type Item
C:\Users\justi\Documents\GitHub\AlexsMobs-26.2\src\main\java\com\github\alexthe666\alexsmobs\entity\EntityKangaroo.java:261: error: cannot find symbol
                player.displayClientMessage(Component.translatable("entity.alexsmobs.all.command_" + this.getCommand(), this.getName()), true);
                      ^
  symbol:   method displayClientMessage(MutableComponent,boolean)
  location: variable player of type Player
C:\Users\justi\Documents\GitHub\AlexsMobs-26.2\src\main\java\com\github\alexthe666\alexsmobs\entity\EntityKangaroo.java:295: error: cannot find symbol
                    itemstack.save(CompoundNBT);
                             ^
  symbol:   method save(CompoundTag)
  location: variable itemstack of type ItemStack
C:\Users\justi\Documents\GitHub\AlexsMobs-26.2\src\main\java\com\github\alexthe666\alexsmobs\entity\EntityKangaroo.java:299: error: cannot find symbol
            compound.put("Items", nbttaglist);
                    ^
  symbol:   method put(String,ListTag)
  location: variable compound of type ValueOutput
C:\Users\justi\Documents\GitHub\AlexsMobs-26.2\src\main\java\com\github\alexthe666\alexsmobs\entity\EntityKangaroo.java:306: error: cannot find symbol
        this.entityData.set(FORCED_SIT, compound.getBoolean("KangarooSittingForced"));
                                                ^
  symbol:   method getBoolean(String)
  location: variable compound of type ValueInput
C:\Users\justi\Documents\GitHub\AlexsMobs-26.2\src\main\java\com\github\alexthe666\alexsmobs\entity\EntityKangaroo.java:309: error: no suitable method found for set(EntityDataAccessor<Integer>,Optional<Integer>)
        this.entityData.set(HELMET_INDEX, compound.getInt("HelmetInvIndex"));
                       ^
    method SynchedEntityData.<T#1>set(EntityDataAccessor<T#1>,T#1) is not applicable
      (inference variable T#1 has incompatible bounds
        equality constraints: Integer
        lower bounds: Optional<Integer>)
    method SynchedEntityData.<T#2>set(EntityDataAccessor<T#2>,T#2,boolean) is not applicable
      (cannot infer type-variable(s) T#2
        (actual and formal argument lists differ in length))
  where T#1,T#2 are type-variables:
    T#1 extends Object declared in method <T#1>set(EntityDataAccessor<T#1>,T#1)
    T#2 extends Object declared in method <T#2>set(EntityDataAccessor<T#2>,T#2,boolean)
C:\Users\justi\Documents\GitHub\AlexsMobs-26.2\src\main\java\com\github\alexthe666\alexsmobs\entity\EntityKangaroo.java:310: error: no suitable method found for set(EntityDataAccessor<Integer>,Optional<Integer>)
        this.entityData.set(SWORD_INDEX, compound.getInt("SwordInvIndex"));
                       ^
    method SynchedEntityData.<T#1>set(EntityDataAccessor<T#1>,T#1) is not applicable
      (inference variable T#1 has incompatible bounds
        equality constraints: Integer
        lower bounds: Optional<Integer>)
    method SynchedEntityData.<T#2>set(EntityDataAccessor<T#2>,T#2,boolean) is not applicable
      (cannot infer type-variable(s) T#2
        (actual and formal argument lists differ in length))
  where T#1,T#2 are type-variables:
    T#1 extends Object declared in method <T#1>set(EntityDataAccessor<T#1>,T#1)
    T#2 extends Object declared in method <T#2>set(EntityDataAccessor<T#2>,T#2,boolean)
C:\Users\justi\Documents\GitHub\AlexsMobs-26.2\src\main\java\com\github\alexthe666\alexsmobs\entity\EntityKangaroo.java:311: error: no suitable method found for set(EntityDataAccessor<Integer>,Optional<Integer>)
        this.entityData.set(CHEST_INDEX, compound.getInt("ChestInvIndex"));
                       ^
    method SynchedEntityData.<T#1>set(EntityDataAccessor<T#1>,T#1) is not applicable
      (inference variable T#1 has incompatible bounds
        equality constraints: Integer
        lower bounds: Optional<Integer>)
    method SynchedEntityData.<T#2>set(EntityDataAccessor<T#2>,T#2,boolean) is not applicable
      (cannot infer type-variable(s) T#2
        (actual and formal argument lists differ in length))
  where T#1,T#2 are type-variables:
    T#1 extends Object declared in method <T#1>set(EntityDataAccessor<T#1>,T#1)
    T#2 extends Object declared in method <T#2>set(EntityDataAccessor<T#2>,T#2,boolean)
C:\Users\justi\Documents\GitHub\AlexsMobs-26.2\src\main\java\com\github\alexthe666\alexsmobs\entity\EntityKangaroo.java:313: error: cannot find symbol
            ListTag nbttaglist = compound.getListOrEmpty("Items");
                                         ^
  symbol:   method getListOrEmpty(String)
  location: variable compound of type ValueInput
C:\Users\justi\Documents\GitHub\AlexsMobs-26.2\src\main\java\com\github\alexthe666\alexsmobs\entity\EntityKangaroo.java:317: error: bad operand types for binary operator '&'
                int j = CompoundNBT.getByte("Slot") & 255;
                                                    ^
  first type:  Optional<Byte>
  second type: int
C:\Users\justi\Documents\GitHub\AlexsMobs-26.2\src\main\java\com\github\alexthe666\alexsmobs\entity\EntityKangaroo.java:318: error: cannot find symbol
                this.kangarooInventory.setItem(j, ItemStack.of(CompoundNBT));
                                                           ^
  symbol:   method of(CompoundTag)
  location: class ItemStack
C:\Users\justi\Documents\GitHub\AlexsMobs-26.2\src\main\java\com\github\alexthe666\alexsmobs\entity\EntityKangaroo.java:321: error: cannot find symbol
            ListTag nbttaglist = compound.getListOrEmpty("Items");
                                         ^
  symbol:   method getListOrEmpty(String)
  location: variable compound of type ValueInput
C:\Users\justi\Documents\GitHub\AlexsMobs-26.2\src\main\java\com\github\alexthe666\alexsmobs\entity\EntityKangaroo.java:325: error: bad operand types for binary operator '&'
                int j = CompoundNBT.getByte("Slot") & 255;
                                                    ^
  first type:  Optional<Byte>
  second type: int
C:\Users\justi\Documents\GitHub\AlexsMobs-26.2\src\main\java\com\github\alexthe666\alexsmobs\entity\EntityKangaroo.java:327: error: cannot find symbol
                this.kangarooInventory.setItem(j, ItemStack.of(CompoundNBT));
                                                           ^
  symbol:   method of(CompoundTag)
  location: class ItemStack
C:\Users\justi\Documents\GitHub\AlexsMobs-26.2\src\main\java\com\github\alexthe666\alexsmobs\entity\EntityKangaroo.java:407: error: no suitable method found for of(TagKey<Item>)
        this.goalSelector.addGoal(4, new TemptGoal(this, 1.2D, Ingredient.of(AMTagRegistry.KANGAROO_TAMEABLES), false));
                                                                         ^
    method Ingredient.of(ItemLike) is not applicable
      (argument mismatch; TagKey<Item> cannot be converted to ItemLike)
    method Ingredient.of(ItemLike...) is not applicable
      (varargs mismatch; TagKey<Item> cannot be converted to ItemLike)
    method Ingredient.of(Stream<? extends ItemLike>) is not applicable
      (argument mismatch; TagKey<Item> cannot be converted to Stream<? extends ItemLike>)
    method Ingredient.of(HolderSet<Item>) is not applicable
      (argument mismatch; TagKey<Item> cannot be converted to HolderSet<Item>)
C:\Users\justi\Documents\GitHub\AlexsMobs-26.2\src\main\java\com\github\alexthe666\alexsmobs\entity\EntityKangaroo.java:425: error: method does not override or implement a method from a supertype
    @Override
    ^
C:\Users\justi\Documents\GitHub\AlexsMobs-26.2\src\main\java\com\github\alexthe666\alexsmobs\entity\EntityKangaroo.java:427: error: cannot find symbol
        super.onAddedToWorld();
             ^
  symbol: method onAddedToWorld()
C:\Users\justi\Documents\GitHub\AlexsMobs-26.2\src\main\java\com\github\alexthe666\alexsmobs\entity\EntityKangaroo.java:524: error: cannot find symbol
                        if (stack.getItem().isEdible() && stack.getItem().getFoodProperties() != null && !stack.getItem().getFoodProperties().isMeat()) {
                                           ^
  symbol:   method isEdible()
  location: class Item
C:\Users\justi\Documents\GitHub\AlexsMobs-26.2\src\main\java\com\github\alexthe666\alexsmobs\entity\EntityKangaroo.java:524: error: cannot find symbol
                        if (stack.getItem().isEdible() && stack.getItem().getFoodProperties() != null && !stack.getItem().getFoodProperties().isMeat()) {
                                                                         ^
  symbol:   method getFoodProperties()
  location: class Item
C:\Users\justi\Documents\GitHub\AlexsMobs-26.2\src\main\java\com\github\alexthe666\alexsmobs\entity\EntityKangaroo.java:524: error: cannot find symbol
                        if (stack.getItem().isEdible() && stack.getItem().getFoodProperties() != null && !stack.getItem().getFoodProperties().isMeat()) {
                                                                                                                         ^
  symbol:   method getFoodProperties()
  location: class Item
C:\Users\justi\Documents\GitHub\AlexsMobs-26.2\src\main\java\com\github\alexthe666\alexsmobs\entity\EntityKangaroo.java:528: error: cannot find symbol
                    if (!foodStack.isEmpty() && foodStack.getItem().getFoodProperties() != null) {
                                                                   ^
  symbol:   method getFoodProperties()
  location: class Item
C:\Users\justi\Documents\GitHub\AlexsMobs-26.2\src\main\java\com\github\alexthe666\alexsmobs\entity\EntityKangaroo.java:530: error: cannot find symbol
                        this.heal(foodStack.getItem().getFoodProperties().getNutrition() * 2);
                                                     ^
  symbol:   method getFoodProperties()
  location: class Item
C:\Users\justi\Documents\GitHub\AlexsMobs-26.2\src\main\java\com\github\alexthe666\alexsmobs\entity\EntityKangaroo.java:533: error: incompatible types: Reference<SoundEvent> cannot be converted to SoundEvent
                        this.playSound(SoundEvents.GENERIC_EAT, this.getSoundVolume(), this.getVoicePitch());
                                                  ^
C:\Users\justi\Documents\GitHub\AlexsMobs-26.2\src\main\java\com\github\alexthe666\alexsmobs\entity\EntityKangaroo.java:549: error: no suitable method found for knockback(float,float,float)
                    attackTarget.knockback(1.3F, Mth.sin(this.getYRot() * Mth.DEG_TO_RAD), -Mth.cos(this.getYRot() * Mth.DEG_TO_RAD));
                                ^
    method LivingEntity.knockback(double,double,double,DamageSource,float,boolean) is not applicable
      (actual and formal argument lists differ in length)
    method LivingEntity.knockback(double,double,double,DamageSource,float) is not applicable
      (actual and formal argument lists differ in length)
C:\Users\justi\Documents\GitHub\AlexsMobs-26.2\src\main\java\com\github\alexthe666\alexsmobs\entity\EntityKangaroo.java:554: error: no suitable method found for knockback(float,float,float)
                    attackTarget.knockback(0.85F, Mth.sin(rot * Mth.DEG_TO_RAD), -Mth.cos(rot * Mth.DEG_TO_RAD));
                                ^
    method LivingEntity.knockback(double,double,double,DamageSource,float,boolean) is not applicable
      (actual and formal argument lists differ in length)
    method LivingEntity.knockback(double,double,double,DamageSource,float) is not applicable
      (actual and formal argument lists differ in length)
C:\Users\justi\Documents\GitHub\AlexsMobs-26.2\src\main\java\com\github\alexthe666\alexsmobs\entity\EntityKangaroo.java:559: error: no suitable method found for knockback(float,float,float)
                    attackTarget.knockback(0.85F, Mth.sin(rot * Mth.DEG_TO_RAD), -Mth.cos(rot * Mth.DEG_TO_RAD));
                                ^
    method LivingEntity.knockback(double,double,double,DamageSource,float,boolean) is not applicable
      (actual and formal argument lists differ in length)
    method LivingEntity.knockback(double,double,double,DamageSource,float) is not applicable
      (actual and formal argument lists differ in length)
C:\Users\justi\Documents\GitHub\AlexsMobs-26.2\src\main\java\com\github\alexthe666\alexsmobs\entity\EntityKangaroo.java:596: error: method doHurtTarget in class Mob cannot be applied to given types;
        boolean prev = super.doHurtTarget(entityIn);
                            ^
  required: ServerLevel,Entity
  found:    Entity
  reason: actual and formal argument lists differ in length
C:\Users\justi\Documents\GitHub\AlexsMobs-26.2\src\main\java\com\github\alexthe666\alexsmobs\entity\EntityKangaroo.java:605: error: hurt(DamageSource,float) in EntityKangaroo cannot override hurt(DamageSource,float) in Entity
    public boolean hurt(DamageSource src, float amount) {
                   ^
  overridden method is final
C:\Users\justi\Documents\GitHub\AlexsMobs-26.2\src\main\java\com\github\alexthe666\alexsmobs\entity\EntityKangaroo.java:606: error: incompatible types: void cannot be converted to boolean
        boolean prev = super.hurt(src, amount);
                                 ^
C:\Users\justi\Documents\GitHub\AlexsMobs-26.2\src\main\java\com\github\alexthe666\alexsmobs\entity\EntityKangaroo.java:620: error: cannot find symbol
            stack.hurt(1, this.getRandom(), null);
                 ^
  symbol:   method hurt(int,RandomSource,<null>)
  location: variable stack of type ItemStack
C:\Users\justi\Documents\GitHub\AlexsMobs-26.2\src\main\java\com\github\alexthe666\alexsmobs\entity\EntityKangaroo.java:628: error: method isInvulnerableTo in class LivingEntity cannot be applied to given types;
        return super.isInvulnerableTo(source) || source.is(DamageTypes.IN_WALL);
                    ^
  required: ServerLevel,DamageSource
  found:    DamageSource
  reason: actual and formal argument lists differ in length
C:\Users\justi\Documents\GitHub\AlexsMobs-26.2\src\main\java\com\github\alexthe666\alexsmobs\entity\EntityKangaroo.java:631: error: isAlliedTo(Entity) in EntityKangaroo cannot override isAlliedTo(@org.jspecify.annotations.Nullable Entity) in Entity
    public boolean isAlliedTo(Entity entityIn) {
                   ^
  overridden method is final
C:\Users\justi\Documents\GitHub\AlexsMobs-26.2\src\main\java\com\github\alexthe666\alexsmobs\entity\EntityKangaroo.java:706: error: method customServerAiStep in class Animal cannot be applied to given types;
        super.customServerAiStep();
             ^
  required: ServerLevel
  found:    no arguments
  reason: actual and formal argument lists differ in length
C:\Users\justi\Documents\GitHub\AlexsMobs-26.2\src\main\java\com\github\alexthe666\alexsmobs\entity\EntityKangaroo.java:790: error: no suitable method found for create(ServerLevel)
        return AMEntityRegistry.KANGAROO.get().create(serverWorld);
                                              ^
    method EntityType.create(ServerLevel,@org.jspecify.annotations.Nullable PostSpawnProcessor<EntityKangaroo>,BlockPos,EntitySpawnReason,boolean,boolean) is not applicable
      (actual and formal argument lists differ in length)
    method EntityType.create(Level,EntitySpawnReason) is not applicable
      (actual and formal argument lists differ in length)
    method EntityType.create(Level,EntitySpawnRequest) is not applicable
      (actual and formal argument lists differ in length)
    method EntityType.create(ValueInput,Level,EntitySpawnRequest) is not applicable
      (actual and formal argument lists differ in length)
    method EntityType.create(EntityType<?>,ValueInput,Level,EntitySpawnReason) is not applicable
      (actual and formal argument lists differ in length)
C:\Users\justi\Documents\GitHub\AlexsMobs-26.2\src\main\java\com\github\alexthe666\alexsmobs\entity\EntityKangaroo.java:833: error: cannot find symbol
                    if (stack.getItem() instanceof ArmorItem && !this.isBaby()) {
                                                   ^
  symbol:   class ArmorItem
  location: class EntityKangaroo
C:\Users\justi\Documents\GitHub\AlexsMobs-26.2\src\main\java\com\github\alexthe666\alexsmobs\entity\EntityKangaroo.java:834: error: cannot find symbol
                        ArmorItem armorItem = (ArmorItem) stack.getItem();
                        ^
  symbol:   class ArmorItem
  location: class EntityKangaroo
C:\Users\justi\Documents\GitHub\AlexsMobs-26.2\src\main\java\com\github\alexthe666\alexsmobs\entity\EntityKangaroo.java:834: error: cannot find symbol
                        ArmorItem armorItem = (ArmorItem) stack.getItem();
                                               ^
  symbol:   class ArmorItem
  location: class EntityKangaroo
C:\Users\justi\Documents\GitHub\AlexsMobs-26.2\src\main\java\com\github\alexthe666\alexsmobs\entity\EntityKangaroo.java:875: error: cannot find symbol
                case ARMOR -> itemstack = this.getArmorInSlot(equipmentslottype);
                     ^
  symbol:   variable ARMOR
  location: class EntityKangaroo
C:\Users\justi\Documents\GitHub\AlexsMobs-26.2\src\main\java\com\github\alexthe666\alexsmobs\entity\EntityKangaroo.java:890: error: method getAttributeModifiers in interface IItemStackExtension cannot be applied to given types;
                    this.getAttributes().removeAttributeModifiers(itemstack.getAttributeModifiers(equipmentslottype));
                                                                           ^
  required: no arguments
  found:    EquipmentSlot
  reason: actual and formal argument lists differ in length
C:\Users\justi\Documents\GitHub\AlexsMobs-26.2\src\main\java\com\github\alexthe666\alexsmobs\entity\EntityKangaroo.java:894: error: method getAttributeModifiers in interface IItemStackExtension cannot be applied to given types;
                    this.getAttributes().addTransientAttributeModifiers(itemstack1.getAttributeModifiers(equipmentslottype));
                                                                                  ^
  required: no arguments
  found:    EquipmentSlot
  reason: actual and formal argument lists differ in length
C:\Users\justi\Documents\GitHub\AlexsMobs-26.2\src\main\java\com\github\alexthe666\alexsmobs\entity\EntityKangaroo.java:905: error: cannot find symbol
            case ARMOR -> getArmorInSlot(slotIn);
                 ^
  symbol:   variable ARMOR
  location: class EntityKangaroo
C:\Users\justi\Documents\GitHub\AlexsMobs-26.2\src\main\java\com\github\alexthe666\alexsmobs\entity\EntityKangaroo.java:922: error: method getAttributeModifiers in interface IItemStackExtension cannot be applied to given types;
        Multimap<Attribute, AttributeModifier> map = itemStack.getAttributeModifiers(EquipmentSlot.MAINHAND);
                                                              ^
  required: no arguments
  found:    EquipmentSlot
  reason: actual and formal argument lists differ in length
C:\Users\justi\Documents\GitHub\AlexsMobs-26.2\src\main\java\com\github\alexthe666\alexsmobs\entity\EntityKangaroo.java:925: error: incompatible types: Holder<Attribute> cannot be converted to Attribute
            for (AttributeModifier mod : map.get(Attributes.ATTACK_DAMAGE)) {
                                                           ^
C:\Users\justi\Documents\GitHub\AlexsMobs-26.2\src\main\java\com\github\alexthe666\alexsmobs\entity\EntityKangaroo.java:926: error: cannot find symbol
                d += mod.getAmount();
                        ^
  symbol:   method getAmount()
  location: variable mod of type AttributeModifier
C:\Users\justi\Documents\GitHub\AlexsMobs-26.2\src\main\java\com\github\alexthe666\alexsmobs\entity\EntityKangaroo.java:935: error: method getAttributeModifiers in interface IItemStackExtension cannot be applied to given types;
        Multimap<Attribute, AttributeModifier> map = itemStack.getAttributeModifiers(type);
                                                              ^
  required: no arguments
  found:    EquipmentSlot
  reason: actual and formal argument lists differ in length
C:\Users\justi\Documents\GitHub\AlexsMobs-26.2\src\main\java\com\github\alexthe666\alexsmobs\entity\EntityKangaroo.java:938: error: incompatible types: Holder<Attribute> cannot be converted to Attribute
            for (AttributeModifier mod : map.get(Attributes.ARMOR)) {
                                                           ^
C:\Users\justi\Documents\GitHub\AlexsMobs-26.2\src\main\java\com\github\alexthe666\alexsmobs\entity\EntityKangaroo.java:939: error: cannot find symbol
                d += mod.getAmount();
                        ^
  symbol:   method getAmount()
  location: variable mod of type AttributeModifier
C:\Users\justi\Documents\GitHub\AlexsMobs-26.2\src\main\java\com\github\alexthe666\alexsmobs\entity\EntityKangaroo.java:946: error: jumpFromGround() in EntityKangaroo cannot override jumpFromGround() in LivingEntity
    protected void jumpFromGround() {
                   ^
  attempting to assign weaker access privileges; was public
C:\Users\justi\Documents\GitHub\AlexsMobs-26.2\src\main\java\com\github\alexthe666\alexsmobs\entity\EntityKangaroo.java:990: error: method does not override or implement a method from a supertype
    @Override
    ^
C:\Users\justi\Documents\GitHub\AlexsMobs-26.2\src\main\java\com\github\alexthe666\alexsmobs\client\model\ModelKomodoDragon.java:200: error: cannot find symbol
		if (this.young) {
		        ^
  symbol: variable young
C:\Users\justi\Documents\GitHub\AlexsMobs-26.2\src\main\java\com\github\alexthe666\alexsmobs\client\model\ModelKomodoDragon.java:208: error: no suitable method found for render(PoseStack,VertexConsumer,int,int,float,float,float,float)
				p_228292_8_.render(matrixStackIn, bufferIn, packedLightIn, packedOverlayIn, red, green, blue, alpha);
				           ^
    method BasicModelPart.render(PoseStack,VertexConsumer,int,int) is not applicable
      (actual and formal argument lists differ in length)
    method BasicModelPart.render(PoseStack,VertexConsumer,int,int,int) is not applicable
      (actual and formal argument lists differ in length)
C:\Users\justi\Documents\GitHub\AlexsMobs-26.2\src\main\java\com\github\alexthe666\alexsmobs\client\model\ModelKomodoDragon.java:215: error: no suitable method found for render(PoseStack,VertexConsumer,int,int,float,float,float,float)
				p_228290_8_.render(matrixStackIn, bufferIn, packedLightIn, packedOverlayIn, red, green, blue, alpha);
				           ^
    method BasicModelPart.render(PoseStack,VertexConsumer,int,int) is not applicable
      (actual and formal argument lists differ in length)
    method BasicModelPart.render(PoseStack,VertexConsumer,int,int,int) is not applicable
      (actual and formal argument lists differ in length)
C:\Users\justi\Documents\GitHub\AlexsMobs-26.2\src\main\java\com\github\alexthe666\alexsmobs\entity\EntityKomodoDragon.java:55: error: no suitable method found for of(TagKey<Item>)
    private static final Ingredient TEMPTATION_ITEMS = Ingredient.of(AMTagRegistry.KOMODO_DRAGON_TAMEABLES);
                                                                 ^
    method Ingredient.of(ItemLike) is not applicable
      (argument mismatch; TagKey<Item> cannot be converted to ItemLike)
    method Ingredient.of(ItemLike...) is not applicable
      (varargs mismatch; TagKey<Item> cannot be converted to ItemLike)
    method Ingredient.of(Stream<? extends ItemLike>) is not applicable
      (argument mismatch; TagKey<Item> cannot be converted to Stream<? extends ItemLike>)
    method Ingredient.of(HolderSet<Item>) is not applicable
      (argument mismatch; TagKey<Item> cannot be converted to HolderSet<Item>)
C:\Users\justi\Documents\GitHub\AlexsMobs-26.2\src\main\java\com\github\alexthe666\alexsmobs\entity\EntityKomodoDragon.java:67: error: cannot find symbol
    private static final EntityDataAccessor<Optional<UUID>> JOSTLER_UUID = SynchedEntityData.defineId(EntityKomodoDragon.class, EntityDataSerializers.OPTIONAL_UUID);
                                                                                                                                                     ^
  symbol:   variable OPTIONAL_UUID
  location: class EntityDataSerializers
C:\Users\justi\Documents\GitHub\AlexsMobs-26.2\src\main\java\com\github\alexthe666\alexsmobs\entity\EntityKomodoDragon.java:124: error: incompatible types: Predicate<EntityKomodoDragon> cannot be converted to Selector
        this.targetSelector.addGoal(6, new NearestAttackableTargetGoal(this, EntityKomodoDragon.class, 50, true, false, HURT_OR_BABY));
                                                                                                                        ^
C:\Users\justi\Documents\GitHub\AlexsMobs-26.2\src\main\java\com\github\alexthe666\alexsmobs\entity\EntityKomodoDragon.java:155: error: hurt(DamageSource,float) in EntityKomodoDragon cannot override hurt(DamageSource,float) in Entity
    public boolean hurt(DamageSource source, float amount) {
                   ^
  overridden method is final
C:\Users\justi\Documents\GitHub\AlexsMobs-26.2\src\main\java\com\github\alexthe666\alexsmobs\entity\EntityKomodoDragon.java:156: error: method isInvulnerableTo in class LivingEntity cannot be applied to given types;
        if (this.isInvulnerableTo(source)) {
                ^
  required: ServerLevel,DamageSource
  found:    DamageSource
  reason: actual and formal argument lists differ in length
C:\Users\justi\Documents\GitHub\AlexsMobs-26.2\src\main\java\com\github\alexthe666\alexsmobs\entity\EntityKomodoDragon.java:164: error: incompatible types: void cannot be converted to boolean
            return super.hurt(source, amount);
                             ^
C:\Users\justi\Documents\GitHub\AlexsMobs-26.2\src\main\java\com\github\alexthe666\alexsmobs\entity\EntityKomodoDragon.java:182: error: cannot find symbol
        if (compound.contains("SpitTime")) {
                    ^
  symbol:   method contains(String)
  location: variable compound of type ValueInput
C:\Users\justi\Documents\GitHub\AlexsMobs-26.2\src\main\java\com\github\alexthe666\alexsmobs\entity\EntityKomodoDragon.java:214: error: no suitable method found for spawnAtLocation(Item)
            this.spawnAtLocation(AMItemRegistry.KOMODO_SPIT.get());
                ^
    method Entity.spawnAtLocation(ServerLevel,ItemLike) is not applicable
      (actual and formal argument lists differ in length)
    method Entity.spawnAtLocation(ServerLevel,ItemStack) is not applicable
      (actual and formal argument lists differ in length)
    method Entity.spawnAtLocation(ServerLevel,ItemStack,Vec3) is not applicable
      (actual and formal argument lists differ in length)
    method Entity.spawnAtLocation(ServerLevel,ItemStack,float) is not applicable
      (actual and formal argument lists differ in length)
C:\Users\justi\Documents\GitHub\AlexsMobs-26.2\src\main\java\com\github\alexthe666\alexsmobs\entity\EntityKomodoDragon.java:276: error: getDimensions(Pose) in EntityKomodoDragon cannot override getDimensions(Pose) in LivingEntity
    public EntityDimensions getDimensions(Pose poseIn) {
                            ^
  overridden method is final
C:\Users\justi\Documents\GitHub\AlexsMobs-26.2\src\main\java\com\github\alexthe666\alexsmobs\entity\EntityKomodoDragon.java:280: error: isAlliedTo(Entity) in EntityKomodoDragon cannot override isAlliedTo(@org.jspecify.annotations.Nullable Entity) in Entity
    public boolean isAlliedTo(Entity entityIn) {
                   ^
  overridden method is final
C:\Users\justi\Documents\GitHub\AlexsMobs-26.2\src\main\java\com\github\alexthe666\alexsmobs\entity\EntityKomodoDragon.java:298: error: method doHurtTarget in class Mob cannot be applied to given types;
        if (super.doHurtTarget(entityIn)) {
                 ^
  required: ServerLevel,Entity
  found:    Entity
  reason: actual and formal argument lists differ in length
C:\Users\justi\Documents\GitHub\AlexsMobs-26.2\src\main\java\com\github\alexthe666\alexsmobs\entity\EntityKomodoDragon.java:339: error: cannot find symbol
            passenger.setPos(this.getX() + extraX, this.getY() + this.getPassengersRidingOffset() + passenger.getMyRidingOffset(), this.getZ() + extraZ);
                                                                                                             ^
  symbol:   method getMyRidingOffset()
  location: variable passenger of type Entity
C:\Users\justi\Documents\GitHub\AlexsMobs-26.2\src\main\java\com\github\alexthe666\alexsmobs\entity\EntityKomodoDragon.java:380: error: cannot find symbol
            }else if(itemstack.is(Tags.Items.SHEARS) && this.isSaddled()){
                                            ^
  symbol:   variable SHEARS
  location: class Items
C:\Users\justi\Documents\GitHub\AlexsMobs-26.2\src\main\java\com\github\alexthe666\alexsmobs\entity\EntityKomodoDragon.java:382: error: no suitable method found for spawnAtLocation(Item)
                this.spawnAtLocation(Items.SADDLE);
                    ^
    method Entity.spawnAtLocation(ServerLevel,ItemLike) is not applicable
      (actual and formal argument lists differ in length)
    method Entity.spawnAtLocation(ServerLevel,ItemStack) is not applicable
      (actual and formal argument lists differ in length)
    method Entity.spawnAtLocation(ServerLevel,ItemStack,Vec3) is not applicable
      (actual and formal argument lists differ in length)
    method Entity.spawnAtLocation(ServerLevel,ItemStack,float) is not applicable
      (actual and formal argument lists differ in length)
C:\Users\justi\Documents\GitHub\AlexsMobs-26.2\src\main\java\com\github\alexthe666\alexsmobs\entity\EntityKomodoDragon.java:394: error: cannot find symbol
                    player.displayClientMessage(Component.translatable("entity.alexsmobs.all.command_" + this.getCommand(), this.getName()), true);
                          ^
  symbol:   method displayClientMessage(MutableComponent,boolean)
  location: variable player of type Player
C:\Users\justi\Documents\GitHub\AlexsMobs-26.2\src\main\java\com\github\alexthe666\alexsmobs\entity\EntityKomodoDragon.java:429: error: no suitable method found for create(ServerLevel)
        return AMEntityRegistry.KOMODO_DRAGON.get().create(p_241840_1_);
                                                   ^
    method EntityType.create(ServerLevel,@org.jspecify.annotations.Nullable PostSpawnProcessor<EntityKomodoDragon>,BlockPos,EntitySpawnReason,boolean,boolean) is not applicable
      (actual and formal argument lists differ in length)
    method EntityType.create(Level,EntitySpawnReason) is not applicable
      (actual and formal argument lists differ in length)
    method EntityType.create(Level,EntitySpawnRequest) is not applicable
      (actual and formal argument lists differ in length)
    method EntityType.create(ValueInput,Level,EntitySpawnRequest) is not applicable
      (actual and formal argument lists differ in length)
    method EntityType.create(EntityType<?>,ValueInput,Level,EntitySpawnReason) is not applicable
      (actual and formal argument lists differ in length)
C:\Users\justi\Documents\GitHub\AlexsMobs-26.2\src\main\java\com\github\alexthe666\alexsmobs\entity\EntityKomodoDragon.java:434: error: cannot find symbol
        return stack.is(AMTagRegistry.KOMODO_DRAGON_TAMEABLES) || stack.getItem().getFoodProperties() != null && stack.getItem().getFoodProperties().isMeat();
                                                                                 ^
  symbol:   method getFoodProperties()
  location: class Item
C:\Users\justi\Documents\GitHub\AlexsMobs-26.2\src\main\java\com\github\alexthe666\alexsmobs\entity\EntityKomodoDragon.java:434: error: cannot find symbol
        return stack.is(AMTagRegistry.KOMODO_DRAGON_TAMEABLES) || stack.getItem().getFoodProperties() != null && stack.getItem().getFoodProperties().isMeat();
                                                                                                                                ^
  symbol:   method getFoodProperties()
  location: class Item
C:\Users\justi\Documents\GitHub\AlexsMobs-26.2\src\main\java\com\github\alexthe666\alexsmobs\entity\EntityKomodoDragon.java:492: error: cannot find symbol
        net.neoforged.neoforge.event.entity.living.LivingKnockBackEvent event = net.neoforged.neoforge.common.ForgeHooks.onLivingKnockBack(this, strength, ratioX, ratioZ);
                                                                                                             ^
  symbol:   class ForgeHooks
  location: package net.neoforged.neoforge.common
C:\Users\justi\Documents\GitHub\AlexsMobs-26.2\src\main\java\com\github\alexthe666\alexsmobs\entity\EntityKomodoDragon.java:498: error: cannot find symbol
            this.hasImpulse = true;
                ^
  symbol: variable hasImpulse
C:\Users\justi\Documents\GitHub\AlexsMobs-26.2\src\main\java\com\github\alexthe666\alexsmobs\entity\EntityKomodoDragon.java:513: error: method dropEquipment in class LivingEntity cannot be applied to given types;
        super.dropEquipment();
             ^
  required: ServerLevel
  found:    no arguments
  reason: actual and formal argument lists differ in length
C:\Users\justi\Documents\GitHub\AlexsMobs-26.2\src\main\java\com\github\alexthe666\alexsmobs\entity\EntityKomodoDragon.java:516: error: no suitable method found for spawnAtLocation(Item)
                this.spawnAtLocation(Items.SADDLE);
                    ^
    method Entity.spawnAtLocation(ServerLevel,ItemLike) is not applicable
      (actual and formal argument lists differ in length)
    method Entity.spawnAtLocation(ServerLevel,ItemStack) is not applicable
      (actual and formal argument lists differ in length)
    method Entity.spawnAtLocation(ServerLevel,ItemStack,Vec3) is not applicable
      (actual and formal argument lists differ in length)
    method Entity.spawnAtLocation(ServerLevel,ItemStack,float) is not applicable
      (actual and formal argument lists differ in length)
C:\Users\justi\Documents\GitHub\AlexsMobs-26.2\src\main\java\com\github\alexthe666\alexsmobs\client\model\ModelLaviathan.java:221: error: method does not override or implement a method from a supertype
    @Override
    ^
C:\Users\justi\Documents\GitHub\AlexsMobs-26.2\src\main\java\com\github\alexthe666\alexsmobs\client\model\ModelLaviathan.java:223: error: cannot find symbol
        if (this.young) {
                ^
  symbol: variable young
C:\Users\justi\Documents\GitHub\AlexsMobs-26.2\src\main\java\com\github\alexthe666\alexsmobs\client\model\ModelLaviathan.java:231: error: no suitable method found for render(PoseStack,VertexConsumer,int,int,float,float,float,float)
                p_228292_8_.render(matrixStackIn, bufferIn, packedLightIn, packedOverlayIn, red, green, blue, alpha);
                           ^
    method BasicModelPart.render(PoseStack,VertexConsumer,int,int) is not applicable
      (actual and formal argument lists differ in length)
    method BasicModelPart.render(PoseStack,VertexConsumer,int,int,int) is not applicable
      (actual and formal argument lists differ in length)
C:\Users\justi\Documents\GitHub\AlexsMobs-26.2\src\main\java\com\github\alexthe666\alexsmobs\client\model\ModelLaviathan.java:238: error: no suitable method found for render(PoseStack,VertexConsumer,int,int,float,float,float,float)
                p_228290_8_.render(matrixStackIn, bufferIn, packedLightIn, packedOverlayIn, red, green, blue, alpha);
                           ^
    method BasicModelPart.render(PoseStack,VertexConsumer,int,int) is not applicable
      (actual and formal argument lists differ in length)
    method BasicModelPart.render(PoseStack,VertexConsumer,int,int,int) is not applicable
      (actual and formal argument lists differ in length)
C:\Users\justi\Documents\GitHub\AlexsMobs-26.2\src\main\java\com\github\alexthe666\alexsmobs\entity\EntityLaviathan.java:119: error: cannot find symbol
        this.setPathfindingMalus(PathType.DANGER_FIRE, 0.0F);
                                         ^
  symbol:   variable DANGER_FIRE
  location: class PathType
C:\Users\justi\Documents\GitHub\AlexsMobs-26.2\src\main\java\com\github\alexthe666\alexsmobs\entity\EntityLaviathan.java:120: error: cannot find symbol
        this.setPathfindingMalus(PathType.DAMAGE_FIRE, 0.0F);
                                         ^
  symbol:   variable DAMAGE_FIRE
  location: class PathType
C:\Users\justi\Documents\GitHub\AlexsMobs-26.2\src\main\java\com\github\alexthe666\alexsmobs\entity\EntityLaviathan.java:163: error: cannot find symbol
        return this.isObsidian() ? OBSIDIAN_LOOT : super.getDefaultLootTable();
                                                        ^
  symbol: method getDefaultLootTable()
C:\Users\justi\Documents\GitHub\AlexsMobs-26.2\src\main\java\com\github\alexthe666\alexsmobs\entity\EntityLaviathan.java:343: error: cannot find symbol
                passenger.setPos(seat.getX(), this.getY() + this.getPassengersRidingOffset() + passenger.getMyRidingOffset(), seat.getZ());
                                                                                                        ^
  symbol:   method getMyRidingOffset()
  location: variable passenger of type Entity
C:\Users\justi\Documents\GitHub\AlexsMobs-26.2\src\main\java\com\github\alexthe666\alexsmobs\entity\EntityLaviathan.java:356: error: method dropEquipment in class LivingEntity cannot be applied to given types;
        super.dropEquipment();
             ^
  required: ServerLevel
  found:    no arguments
  reason: actual and formal argument lists differ in length
C:\Users\justi\Documents\GitHub\AlexsMobs-26.2\src\main\java\com\github\alexthe666\alexsmobs\entity\EntityLaviathan.java:359: error: no suitable method found for spawnAtLocation(Item)
                this.spawnAtLocation(AMItemRegistry.STRADDLE_SADDLE.get());
                    ^
    method Entity.spawnAtLocation(ServerLevel,ItemLike) is not applicable
      (actual and formal argument lists differ in length)
    method Entity.spawnAtLocation(ServerLevel,ItemStack) is not applicable
      (actual and formal argument lists differ in length)
    method Entity.spawnAtLocation(ServerLevel,ItemStack,Vec3) is not applicable
      (actual and formal argument lists differ in length)
    method Entity.spawnAtLocation(ServerLevel,ItemStack,float) is not applicable
      (actual and formal argument lists differ in length)
C:\Users\justi\Documents\GitHub\AlexsMobs-26.2\src\main\java\com\github\alexthe666\alexsmobs\entity\EntityLaviathan.java:364: error: no suitable method found for spawnAtLocation(Item)
                this.spawnAtLocation(AMItemRegistry.STRADDLE_HELMET.get());
                    ^
    method Entity.spawnAtLocation(ServerLevel,ItemLike) is not applicable
      (actual and formal argument lists differ in length)
    method Entity.spawnAtLocation(ServerLevel,ItemStack) is not applicable
      (actual and formal argument lists differ in length)
    method Entity.spawnAtLocation(ServerLevel,ItemStack,Vec3) is not applicable
      (actual and formal argument lists differ in length)
    method Entity.spawnAtLocation(ServerLevel,ItemStack,float) is not applicable
      (actual and formal argument lists differ in length)
C:\Users\justi\Documents\GitHub\AlexsMobs-26.2\src\main\java\com\github\alexthe666\alexsmobs\entity\EntityLaviathan.java:395: error: cannot find symbol
        this.goalSelector.addGoal(3, new TemptGoal(this, 1.1D, Ingredient.fromValues(Stream.of(new Ingredient.TagValue(AMTagRegistry.LAVIATHAN_BREEDABLES), new Ingredient.TagValue(AMTagRegistry.LAVIATHAN_FOODSTUFFS))), false));
                                                                                                             ^
  symbol:   class TagValue
  location: class Ingredient
C:\Users\justi\Documents\GitHub\AlexsMobs-26.2\src\main\java\com\github\alexthe666\alexsmobs\entity\EntityLaviathan.java:395: error: cannot find symbol
        this.goalSelector.addGoal(3, new TemptGoal(this, 1.1D, Ingredient.fromValues(Stream.of(new Ingredient.TagValue(AMTagRegistry.LAVIATHAN_BREEDABLES), new Ingredient.TagValue(AMTagRegistry.LAVIATHAN_FOODSTUFFS))), false));
                                                                                                                                                                          ^
  symbol:   class TagValue
  location: class Ingredient
C:\Users\justi\Documents\GitHub\AlexsMobs-26.2\src\main\java\com\github\alexthe666\alexsmobs\entity\ai\LavaAndWaterAIRandomSwimming.java:52: error: method isPathfindable in class BlockStateBase cannot be applied to given types;
        for(int i = 0; vector3d != null && !this.mob.level().getBlockState(AMBlockPos.fromVec3(vector3d)).isPathfindable(this.mob.level(), AMBlockPos.fromVec3(vector3d), PathComputationType.WATER) && i++ < 10; vector3d = DefaultRandomPos.getPos(this.mob, 10, 7)) {
                                                                                                         ^
  required: PathComputationType
  found:    Level,BlockPos,PathComputationType
  reason: actual and formal argument lists differ in length
C:\Users\justi\Documents\GitHub\AlexsMobs-26.2\src\main\java\com\github\alexthe666\alexsmobs\entity\EntityLaviathan.java:413: error: cannot find symbol
        return shouldSwim() || this.onSoulSpeedBlock() ? 1.0F : super.getBlockSpeedFactor();
                                   ^
  symbol: method onSoulSpeedBlock()
C:\Users\justi\Documents\GitHub\AlexsMobs-26.2\src\main\java\com\github\alexthe666\alexsmobs\entity\EntityLaviathan.java:474: error: cannot find symbol
        return type == NeoForgeMod.WATER_TYPE.get() || type == NeoForgeMod.LAVA_TYPE.get() ? 1.0F : super.getFluidMotionScale(type);
                                             ^
  symbol:   method get()
  location: variable WATER_TYPE of type Holder<FluidType>
C:\Users\justi\Documents\GitHub\AlexsMobs-26.2\src\main\java\com\github\alexthe666\alexsmobs\entity\EntityLaviathan.java:474: error: cannot find symbol
        return type == NeoForgeMod.WATER_TYPE.get() || type == NeoForgeMod.LAVA_TYPE.get() ? 1.0F : super.getFluidMotionScale(type);
                                                                                    ^
  symbol:   method get()
  location: variable LAVA_TYPE of type Holder<FluidType>
C:\Users\justi\Documents\GitHub\AlexsMobs-26.2\src\main\java\com\github\alexthe666\alexsmobs\entity\EntityLaviathan.java:477: error: hurt(DamageSource,float) in EntityLaviathan cannot override hurt(DamageSource,float) in Entity
    public boolean hurt(DamageSource source, float amount) {
                   ^
  overridden method is final
C:\Users\justi\Documents\GitHub\AlexsMobs-26.2\src\main\java\com\github\alexthe666\alexsmobs\entity\EntityLaviathan.java:478: error: incompatible types: void cannot be converted to boolean
        boolean prev = super.hurt(source, amount);
                                 ^
C:\Users\justi\Documents\GitHub\AlexsMobs-26.2\src\main\java\com\github\alexthe666\alexsmobs\entity\EntityLaviathan.java:501: error: cannot find symbol
        if (this.isControlledByLocalInstance() && liquid) {
                ^
  symbol: method isControlledByLocalInstance()
C:\Users\justi\Documents\GitHub\AlexsMobs-26.2\src\main\java\com\github\alexthe666\alexsmobs\entity\EntityLaviathan.java:518: error: method update in class WalkAnimationState cannot be applied to given types;
        walkAnimation.update(f2, 0.4F);
                     ^
  required: float,float,float
  found:    float,float
  reason: actual and formal argument lists differ in length
C:\Users\justi\Documents\GitHub\AlexsMobs-26.2\src\main\java\com\github\alexthe666\alexsmobs\entity\EntityLaviathan.java:727: error: method customServerAiStep in class Animal cannot be applied to given types;
        super.customServerAiStep();
             ^
  required: ServerLevel
  found:    no arguments
  reason: actual and formal argument lists differ in length
C:\Users\justi\Documents\GitHub\AlexsMobs-26.2\src\main\java\com\github\alexthe666\alexsmobs\entity\EntityLaviathan.java:737: error: cannot find symbol
        if (!this.level().isClientSide() && this.isVehicle() && this.blockBreakCounter == 0 && net.neoforged.neoforge.event.ForgeEventFactory.getMobGriefingEvent(level(), this)) {
                                                                                                                           ^
  symbol:   class ForgeEventFactory
  location: package net.neoforged.neoforge.event
C:\Users\justi\Documents\GitHub\AlexsMobs-26.2\src\main\java\com\github\alexthe666\alexsmobs\entity\EntityLaviathan.java:1044: error: no suitable method found for create(ServerLevel)
        return AMEntityRegistry.LAVIATHAN.get().create(serverWorld);
                                               ^
    method EntityType.create(ServerLevel,@org.jspecify.annotations.Nullable PostSpawnProcessor<EntityLaviathan>,BlockPos,EntitySpawnReason,boolean,boolean) is not applicable
      (actual and formal argument lists differ in length)
    method EntityType.create(Level,EntitySpawnReason) is not applicable
      (actual and formal argument lists differ in length)
    method EntityType.create(Level,EntitySpawnRequest) is not applicable
      (actual and formal argument lists differ in length)
    method EntityType.create(ValueInput,Level,EntitySpawnRequest) is not applicable
      (actual and formal argument lists differ in length)
    method EntityType.create(EntityType<?>,ValueInput,Level,EntitySpawnReason) is not applicable
      (actual and formal argument lists differ in length)
C:\Users\justi\Documents\GitHub\AlexsMobs-26.2\src\main\java\com\github\alexthe666\alexsmobs\entity\EntityLaviathanPart.java:19: error: EntityLaviathanPart is not abstract and does not override abstract method hurtServer(ServerLevel,DamageSource,float) in Entity
public class EntityLaviathanPart extends PartEntity<EntityLaviathan> {
       ^
C:\Users\justi\Documents\GitHub\AlexsMobs-26.2\src\main\java\com\github\alexthe666\alexsmobs\entity\EntityLaviathanPart.java:39: error: method does not override or implement a method from a supertype
    @Override
    ^
C:\Users\justi\Documents\GitHub\AlexsMobs-26.2\src\main\java\com\github\alexthe666\alexsmobs\entity\EntityLaviathanPart.java:72: error: hurt(DamageSource,float) in EntityLaviathanPart cannot override hurt(DamageSource,float) in Entity
    public boolean hurt(DamageSource source, float amount) {
                   ^
  overridden method is final
C:\Users\justi\Documents\GitHub\AlexsMobs-26.2\src\main\java\com\github\alexthe666\alexsmobs\entity\EntityLaviathanPart.java:73: error: cannot find symbol
        return !this.isInvulnerableTo(source) && this.getParent().attackEntityPartFrom(this, source, amount);
                    ^
  symbol: method isInvulnerableTo(DamageSource)
C:\Users\justi\Documents\GitHub\AlexsMobs-26.2\src\main\java\com\github\alexthe666\alexsmobs\client\model\ModelLeafcutterAnt.java:127: error: cannot find symbol
		if (this.young) {
		        ^
  symbol: variable young
C:\Users\justi\Documents\GitHub\AlexsMobs-26.2\src\main\java\com\github\alexthe666\alexsmobs\client\model\ModelLeafcutterAnt.java:135: error: no suitable method found for render(PoseStack,VertexConsumer,int,int,float,float,float,float)
				p_228292_8_.render(matrixStackIn, bufferIn, packedLightIn, packedOverlayIn, red, green, blue, alpha);
				           ^
    method BasicModelPart.render(PoseStack,VertexConsumer,int,int) is not applicable
      (actual and formal argument lists differ in length)
    method BasicModelPart.render(PoseStack,VertexConsumer,int,int,int) is not applicable
      (actual and formal argument lists differ in length)
C:\Users\justi\Documents\GitHub\AlexsMobs-26.2\src\main\java\com\github\alexthe666\alexsmobs\client\model\ModelLeafcutterAnt.java:142: error: no suitable method found for render(PoseStack,VertexConsumer,int,int,float,float,float,float)
				p_228290_8_.render(matrixStackIn, bufferIn, packedLightIn, packedOverlayIn, red, green, blue, alpha);
				           ^
    method BasicModelPart.render(PoseStack,VertexConsumer,int,int) is not applicable
      (actual and formal argument lists differ in length)
    method BasicModelPart.render(PoseStack,VertexConsumer,int,int,int) is not applicable
      (actual and formal argument lists differ in length)
C:\Users\justi\Documents\GitHub\AlexsMobs-26.2\src\main\java\com\github\alexthe666\alexsmobs\entity\EntityLeafcutterAnt.java:66: error: EntityLeafcutterAnt is not abstract and does not override abstract method isFood(ItemStack) in Animal
public class EntityLeafcutterAnt extends Animal implements NeutralMob, IAnimatedEntity {
       ^
C:\Users\justi\Documents\GitHub\AlexsMobs-26.2\src\main\java\com\github\alexthe666\alexsmobs\entity\EntityLeafcutterAnt.java:386: error: getPersistentAngerTarget() in EntityLeafcutterAnt cannot implement getPersistentAngerTarget() in NeutralMob
    public UUID getPersistentAngerTarget() {
                ^
  return type UUID is not compatible with EntityReference<LivingEntity>
C:\Users\justi\Documents\GitHub\AlexsMobs-26.2\src\main\java\com\github\alexthe666\alexsmobs\entity\EntityLeafcutterAnt.java:95: error: no suitable method found for of(TagKey<Item>)
    private static final Ingredient TEMPTATION_ITEMS = Ingredient.of(AMTagRegistry.LEAFCUTTER_ANT_FOODSTUFFS);
                                                                 ^
    method Ingredient.of(ItemLike) is not applicable
      (argument mismatch; TagKey<Item> cannot be converted to ItemLike)
    method Ingredient.of(ItemLike...) is not applicable
      (varargs mismatch; TagKey<Item> cannot be converted to ItemLike)
    method Ingredient.of(Stream<? extends ItemLike>) is not applicable
      (argument mismatch; TagKey<Item> cannot be converted to Stream<? extends ItemLike>)
    method Ingredient.of(HolderSet<Item>) is not applicable
      (argument mismatch; TagKey<Item> cannot be converted to HolderSet<Item>)
C:\Users\justi\Documents\GitHub\AlexsMobs-26.2\src\main\java\com\github\alexthe666\alexsmobs\entity\EntityLeafcutterAnt.java:113: error: cannot find symbol
        return this.isQueen() ? QUEEN_LOOT : super.getDefaultLootTable();
                                                  ^
  symbol: method getDefaultLootTable()
C:\Users\justi\Documents\GitHub\AlexsMobs-26.2\src\main\java\com\github\alexthe666\alexsmobs\entity\EntityLeafcutterAnt.java:154: error: getDimensions(Pose) in EntityLeafcutterAnt cannot override getDimensions(Pose) in LivingEntity
    public EntityDimensions getDimensions(Pose poseIn) {
                            ^
  overridden method is final
C:\Users\justi\Documents\GitHub\AlexsMobs-26.2\src\main\java\com\github\alexthe666\alexsmobs\entity\EntityLeafcutterAnt.java:211: error: no suitable method found for create(Level)
                    EntityLeafcutterAnt leafcutterAnt = AMEntityRegistry.LEAFCUTTER_ANT.get().create(level());
                                                                                             ^
    method EntityType.create(ServerLevel,@org.jspecify.annotations.Nullable PostSpawnProcessor<EntityLeafcutterAnt>,BlockPos,EntitySpawnReason,boolean,boolean) is not applicable
      (actual and formal argument lists differ in length)
    method EntityType.create(Level,EntitySpawnReason) is not applicable
      (actual and formal argument lists differ in length)
    method EntityType.create(Level,EntitySpawnRequest) is not applicable
      (actual and formal argument lists differ in length)
    method EntityType.create(ValueInput,Level,EntitySpawnRequest) is not applicable
      (actual and formal argument lists differ in length)
    method EntityType.create(EntityType<?>,ValueInput,Level,EntitySpawnReason) is not applicable
      (actual and formal argument lists differ in length)
C:\Users\justi\Documents\GitHub\AlexsMobs-26.2\src\main\java\com\github\alexthe666\alexsmobs\entity\EntityLeafcutterAnt.java:257: error: width has private access in EntityDimensions
        if (this.isQueen() && this.getBbWidth() < QUEEN_SIZE.width) {
                                                            ^
C:\Users\justi\Documents\GitHub\AlexsMobs-26.2\src\main\java\com\github\alexthe666\alexsmobs\entity\EntityLeafcutterAnt.java:293: error: cannot find symbol
                    Vec3 vec = Vec3.atLowerCornerOf(attachmentFacing.getNormal());
                                                                    ^
  symbol:   method getNormal()
  location: variable attachmentFacing of type Direction
C:\Users\justi\Documents\GitHub\AlexsMobs-26.2\src\main\java\com\github\alexthe666\alexsmobs\entity\EntityLeafcutterAnt.java:420: error: method finalizeSpawn in class AgeableMob cannot be applied to given types;
        return super.finalizeSpawn(worldIn, difficultyIn, reason, spawnDataIn, dataTag);
                    ^
  required: ServerLevelAccessor,DifficultyInstance,EntitySpawnReason,SpawnGroupData
  found:    ServerLevelAccessor,DifficultyInstance,EntitySpawnReason,SpawnGroupData,CompoundTag
  reason: actual and formal argument lists differ in length
C:\Users\justi\Documents\GitHub\AlexsMobs-26.2\src\main\java\com\github\alexthe666\alexsmobs\entity\EntityLeafcutterAnt.java:475: error: cannot find symbol
        this.entityData.set(ATTACHED_FACE, Direction.from3DDataValue(compound.getByte("AttachFace")));
                                                                             ^
  symbol:   method getByte(String)
  location: variable compound of type ValueInput
C:\Users\justi\Documents\GitHub\AlexsMobs-26.2\src\main\java\com\github\alexthe666\alexsmobs\entity\EntityLeafcutterAnt.java:480: error: cannot find symbol
        if (compound.contains("HarvestedLeafState")) {
                    ^
  symbol:   method contains(String)
  location: variable compound of type ValueInput
C:\Users\justi\Documents\GitHub\AlexsMobs-26.2\src\main\java\com\github\alexthe666\alexsmobs\entity\EntityLeafcutterAnt.java:481: error: cannot find symbol
            blockstate = NbtUtils.readBlockState(this.level().holderLookup(Registries.BLOCK), compound.getCompoundOrEmpty("HarvestedLeafState"));
                                                                                                      ^
  symbol:   method getCompoundOrEmpty(String)
  location: variable compound of type ValueInput
C:\Users\justi\Documents\GitHub\AlexsMobs-26.2\src\main\java\com\github\alexthe666\alexsmobs\entity\EntityLeafcutterAnt.java:489: error: cannot find symbol
        if (compound.contains("HivePos")) {
                    ^
  symbol:   method contains(String)
  location: variable compound of type ValueInput
C:\Users\justi\Documents\GitHub\AlexsMobs-26.2\src\main\java\com\github\alexthe666\alexsmobs\entity\EntityLeafcutterAnt.java:490: error: cannot find symbol
            this.hivePos = NbtUtils.readBlockPos(compound.getCompound("HivePos"));
                                                         ^
  symbol:   method getCompound(String)
  location: variable compound of type ValueInput
C:\Users\justi\Documents\GitHub\AlexsMobs-26.2\src\main\java\com\github\alexthe666\alexsmobs\entity\EntityLeafcutterAnt.java:493: error: cannot find symbol
        if (compound.contains("HLPX")) {
                    ^
  symbol:   method contains(String)
  location: variable compound of type ValueInput
C:\Users\justi\Documents\GitHub\AlexsMobs-26.2\src\main\java\com\github\alexthe666\alexsmobs\entity\EntityLeafcutterAnt.java:511: error: cannot find symbol
            compound.put("HarvestedLeafState", NbtUtils.writeBlockState(blockstate));
                    ^
  symbol:   method put(String,CompoundTag)
  location: variable compound of type ValueOutput
C:\Users\justi\Documents\GitHub\AlexsMobs-26.2\src\main\java\com\github\alexthe666\alexsmobs\entity\EntityLeafcutterAnt.java:514: error: cannot find symbol
            compound.put("HivePos", NbtUtils.writeBlockPos(this.getHivePos()));
                                            ^
  symbol:   method writeBlockPos(BlockPos)
  location: class NbtUtils
C:\Users\justi\Documents\GitHub\AlexsMobs-26.2\src\main\java\com\github\alexthe666\alexsmobs\entity\EntityLeafcutterAnt.java:599: error: method update in class WalkAnimationState cannot be applied to given types;
        this.walkAnimation.update(f2, 0.4F);
                          ^
  required: float,float,float
  found:    float,float
  reason: actual and formal argument lists differ in length
C:\Users\justi\Documents\GitHub\AlexsMobs-26.2\src\main\java\com\github\alexthe666\alexsmobs\client\model\ModelLeafcutterAntQueen.java:172: error: cannot find symbol
		if (this.young) {
		        ^
  symbol: variable young
C:\Users\justi\Documents\GitHub\AlexsMobs-26.2\src\main\java\com\github\alexthe666\alexsmobs\client\model\ModelLeafcutterAntQueen.java:180: error: no suitable method found for render(PoseStack,VertexConsumer,int,int,float,float,float,float)
				p_228292_8_.render(matrixStackIn, bufferIn, packedLightIn, packedOverlayIn, red, green, blue, alpha);
				           ^
    method BasicModelPart.render(PoseStack,VertexConsumer,int,int) is not applicable
      (actual and formal argument lists differ in length)
    method BasicModelPart.render(PoseStack,VertexConsumer,int,int,int) is not applicable
      (actual and formal argument lists differ in length)
C:\Users\justi\Documents\GitHub\AlexsMobs-26.2\src\main\java\com\github\alexthe666\alexsmobs\client\model\ModelLeafcutterAntQueen.java:187: error: no suitable method found for render(PoseStack,VertexConsumer,int,int,float,float,float,float)
				p_228290_8_.render(matrixStackIn, bufferIn, packedLightIn, packedOverlayIn, red, green, blue, alpha);
				           ^
    method BasicModelPart.render(PoseStack,VertexConsumer,int,int) is not applicable
      (actual and formal argument lists differ in length)
    method BasicModelPart.render(PoseStack,VertexConsumer,int,int,int) is not applicable
      (actual and formal argument lists differ in length)
C:\Users\justi\Documents\GitHub\AlexsMobs-26.2\src\main\java\com\github\alexthe666\alexsmobs\entity\EntityLobster.java:140: error: cannot find symbol
            stack.setCustomName(this.getCustomName());
                 ^
  symbol:   method setCustomName(Component)
  location: variable stack of type ItemStack
C:\Users\justi\Documents\GitHub\AlexsMobs-26.2\src\main\java\com\github\alexthe666\alexsmobs\entity\EntityLobster.java:148: error: cannot find symbol
            bucket.setCustomName(this.getCustomName());
                  ^
  symbol:   method setCustomName(Component)
  location: variable bucket of type ItemStack
C:\Users\justi\Documents\GitHub\AlexsMobs-26.2\src\main\java\com\github\alexthe666\alexsmobs\entity\EntityLobster.java:151: error: cannot find symbol
        CompoundTag compoundnbt = bucket.getOrCreateTag();
                                        ^
  symbol:   method getOrCreateTag()
  location: variable bucket of type ItemStack
C:\Users\justi\Documents\GitHub\AlexsMobs-26.2\src\main\java\com\github\alexthe666\alexsmobs\entity\EntityLobster.java:183: error: method doHurtTarget in class Mob cannot be applied to given types;
        return super.doHurtTarget(entityIn);
                    ^
  required: ServerLevel,Entity
  found:    Entity
  reason: actual and formal argument lists differ in length
C:\Users\justi\Documents\GitHub\AlexsMobs-26.2\src\main\java\com\github\alexthe666\alexsmobs\entity\EntityLobster.java:271: error: method finalizeSpawn in class Mob cannot be applied to given types;
        return super.finalizeSpawn(worldIn, difficultyIn, reason, spawnDataIn, dataTag);
                    ^
  required: ServerLevelAccessor,DifficultyInstance,EntitySpawnReason,SpawnGroupData
  found:    ServerLevelAccessor,DifficultyInstance,EntitySpawnReason,SpawnGroupData,CompoundTag
  reason: actual and formal argument lists differ in length
C:\Users\justi\Documents\GitHub\AlexsMobs-26.2\src\main\java\com\github\alexthe666\alexsmobs\client\model\ModelManedWolf.java:119: error: cannot find symbol
        if (this.young) {
                ^
  symbol: variable young
C:\Users\justi\Documents\GitHub\AlexsMobs-26.2\src\main\java\com\github\alexthe666\alexsmobs\client\model\ModelManedWolf.java:132: error: no suitable method found for render(PoseStack,VertexConsumer,int,int,float,float,float,float)
                p_228292_8_.render(matrixStackIn, bufferIn, packedLightIn, packedOverlayIn, red, green, blue, alpha);
                           ^
    method BasicModelPart.render(PoseStack,VertexConsumer,int,int) is not applicable
      (actual and formal argument lists differ in length)
    method BasicModelPart.render(PoseStack,VertexConsumer,int,int,int) is not applicable
      (actual and formal argument lists differ in length)
C:\Users\justi\Documents\GitHub\AlexsMobs-26.2\src\main\java\com\github\alexthe666\alexsmobs\client\model\ModelManedWolf.java:143: error: no suitable method found for render(PoseStack,VertexConsumer,int,int,float,float,float,float)
                p_228290_8_.render(matrixStackIn, bufferIn, packedLightIn, packedOverlayIn, red, green, blue, alpha);
                           ^
    method BasicModelPart.render(PoseStack,VertexConsumer,int,int) is not applicable
      (actual and formal argument lists differ in length)
    method BasicModelPart.render(PoseStack,VertexConsumer,int,int,int) is not applicable
      (actual and formal argument lists differ in length)
C:\Users\justi\Documents\GitHub\AlexsMobs-26.2\src\main\java\com\github\alexthe666\alexsmobs\entity\EntityManedWolf.java:63: error: cannot find symbol
    private static final Ingredient allFoods = Ingredient.fromValues(Stream.of(new Ingredient.TagValue(AMTagRegistry.MANED_WOLF_BREEDABLES), new Ingredient.TagValue(AMTagRegistry.MANED_WOLF_STENCH_FOODS)));
                                                                                             ^
  symbol:   class TagValue
  location: class Ingredient
C:\Users\justi\Documents\GitHub\AlexsMobs-26.2\src\main\java\com\github\alexthe666\alexsmobs\entity\EntityManedWolf.java:63: error: cannot find symbol
    private static final Ingredient allFoods = Ingredient.fromValues(Stream.of(new Ingredient.TagValue(AMTagRegistry.MANED_WOLF_BREEDABLES), new Ingredient.TagValue(AMTagRegistry.MANED_WOLF_STENCH_FOODS)));
                                                                                                                                                           ^
  symbol:   class TagValue
  location: class Ingredient
C:\Users\justi\Documents\GitHub\AlexsMobs-26.2\src\main\java\com\github\alexthe666\alexsmobs\entity\EntityManedWolf.java:228: error: no suitable constructor found for ItemParticleOption(ParticleType<ItemParticleOption>,ItemStack)
            ParticleOptions data = new ItemParticleOption(ParticleTypes.ITEM, heldItemMainhand);
                                   ^
    constructor ItemParticleOption.ItemParticleOption(ParticleType<ItemParticleOption>,Item) is not applicable
      (argument mismatch; ItemStack cannot be converted to Item)
    constructor ItemParticleOption.ItemParticleOption(ParticleType<ItemParticleOption>,ItemStackTemplate) is not applicable
      (argument mismatch; ItemStack cannot be converted to ItemStackTemplate)
C:\Users\justi\Documents\GitHub\AlexsMobs-26.2\src\main\java\com\github\alexthe666\alexsmobs\entity\EntityManedWolf.java:342: error: no suitable method found for create(ServerLevel)
        return AMEntityRegistry.MANED_WOLF.get().create(serverWorld);
                                                ^
    method EntityType.create(ServerLevel,@org.jspecify.annotations.Nullable PostSpawnProcessor<EntityManedWolf>,BlockPos,EntitySpawnReason,boolean,boolean) is not applicable
      (actual and formal argument lists differ in length)
    method EntityType.create(Level,EntitySpawnReason) is not applicable
      (actual and formal argument lists differ in length)
    method EntityType.create(Level,EntitySpawnRequest) is not applicable
      (actual and formal argument lists differ in length)
    method EntityType.create(ValueInput,Level,EntitySpawnRequest) is not applicable
      (actual and formal argument lists differ in length)
    method EntityType.create(EntityType<?>,ValueInput,Level,EntitySpawnReason) is not applicable
      (actual and formal argument lists differ in length)
C:\Users\justi\Documents\GitHub\AlexsMobs-26.2\src\main\java\com\github\alexthe666\alexsmobs\client\model\ModelMantisShrimp.java:134: error: cannot find symbol
		if (this.young) {
		        ^
  symbol: variable young
C:\Users\justi\Documents\GitHub\AlexsMobs-26.2\src\main\java\com\github\alexthe666\alexsmobs\client\model\ModelMantisShrimp.java:141: error: no suitable method found for render(PoseStack,VertexConsumer,int,int,float,float,float,float)
				p_228292_8_.render(matrixStackIn, bufferIn, packedLightIn, packedOverlayIn, red, green, blue, alpha);
				           ^
    method BasicModelPart.render(PoseStack,VertexConsumer,int,int) is not applicable
      (actual and formal argument lists differ in length)
    method BasicModelPart.render(PoseStack,VertexConsumer,int,int,int) is not applicable
      (actual and formal argument lists differ in length)
C:\Users\justi\Documents\GitHub\AlexsMobs-26.2\src\main\java\com\github\alexthe666\alexsmobs\client\model\ModelMantisShrimp.java:149: error: no suitable method found for render(PoseStack,VertexConsumer,int,int,float,float,float,float)
				p_228290_8_.render(matrixStackIn, bufferIn, packedLightIn, packedOverlayIn, red, green, blue, alpha);
				           ^
    method BasicModelPart.render(PoseStack,VertexConsumer,int,int) is not applicable
      (actual and formal argument lists differ in length)
    method BasicModelPart.render(PoseStack,VertexConsumer,int,int,int) is not applicable
      (actual and formal argument lists differ in length)
C:\Users\justi\Documents\GitHub\AlexsMobs-26.2\src\main\java\com\github\alexthe666\alexsmobs\entity\EntityMantisShrimp.java:108: error: hurt(DamageSource,float) in EntityMantisShrimp cannot override hurt(DamageSource,float) in Entity
    public boolean hurt(DamageSource source, float amount) {
                   ^
  overridden method is final
C:\Users\justi\Documents\GitHub\AlexsMobs-26.2\src\main\java\com\github\alexthe666\alexsmobs\entity\EntityMantisShrimp.java:116: error: incompatible types: void cannot be converted to boolean
            return super.hurt(source, amount);
                             ^
C:\Users\justi\Documents\GitHub\AlexsMobs-26.2\src\main\java\com\github\alexthe666\alexsmobs\entity\EntityMantisShrimp.java:123: error: cannot find symbol
            if(living.getType() == EntityType.SHULKER){
                                             ^
  symbol:   variable SHULKER
  location: class EntityType
C:\Users\justi\Documents\GitHub\AlexsMobs-26.2\src\main\java\com\github\alexthe666\alexsmobs\entity\EntityMantisShrimp.java:125: error: incompatible types: CompoundTag cannot be converted to ValueOutput
                living.addAdditionalSaveData(fishNbt);
                                             ^
C:\Users\justi\Documents\GitHub\AlexsMobs-26.2\src\main\java\com\github\alexthe666\alexsmobs\entity\EntityMantisShrimp.java:126: error: cannot find symbol
                fishNbt.putString("DeathLootTable", BuiltInLootTables.EMPTY.toString());
                                                                     ^
  symbol:   variable EMPTY
  location: class BuiltInLootTables
C:\Users\justi\Documents\GitHub\AlexsMobs-26.2\src\main\java\com\github\alexthe666\alexsmobs\entity\EntityMantisShrimp.java:127: error: incompatible types: CompoundTag cannot be converted to ValueInput
                living.readAdditionalSaveData(fishNbt);
                                              ^
C:\Users\justi\Documents\GitHub\AlexsMobs-26.2\src\main\java\com\github\alexthe666\alexsmobs\entity\EntityMantisShrimp.java:128: error: no suitable method found for spawnAtLocation(Item)
                living.spawnAtLocation(Items.SHULKER_SHELL);
                      ^
    method Entity.spawnAtLocation(ServerLevel,ItemLike) is not applicable
      (actual and formal argument lists differ in length)
    method Entity.spawnAtLocation(ServerLevel,ItemStack) is not applicable
      (actual and formal argument lists differ in length)
    method Entity.spawnAtLocation(ServerLevel,ItemStack,Vec3) is not applicable
      (actual and formal argument lists differ in length)
    method Entity.spawnAtLocation(ServerLevel,ItemStack,float) is not applicable
      (actual and formal argument lists differ in length)
C:\Users\justi\Documents\GitHub\AlexsMobs-26.2\src\main\java\com\github\alexthe666\alexsmobs\entity\EntityMantisShrimp.java:131: error: method awardKillScore in class Entity cannot be applied to given types;
        super.awardKillScore(entity, score, src);
             ^
  required: Entity,DamageSource
  found:    Entity,int,DamageSource
  reason: actual and formal argument lists differ in length
C:\Users\justi\Documents\GitHub\AlexsMobs-26.2\src\main\java\com\github\alexthe666\alexsmobs\entity\EntityMantisShrimp.java:168: error: cannot find symbol
        this.goalSelector.addGoal(6, new TemptGoal(this, 1.0D, Ingredient.fromValues(Stream.of(new Ingredient.TagValue(AMTagRegistry.MANTIS_SHRIMP_BREEDABLES), new Ingredient.TagValue(AMTagRegistry.MANTIS_SHRIMP_TAMEABLES))), false));
                                                                                                             ^
  symbol:   class TagValue
  location: class Ingredient
C:\Users\justi\Documents\GitHub\AlexsMobs-26.2\src\main\java\com\github\alexthe666\alexsmobs\entity\EntityMantisShrimp.java:168: error: cannot find symbol
        this.goalSelector.addGoal(6, new TemptGoal(this, 1.0D, Ingredient.fromValues(Stream.of(new Ingredient.TagValue(AMTagRegistry.MANTIS_SHRIMP_BREEDABLES), new Ingredient.TagValue(AMTagRegistry.MANTIS_SHRIMP_TAMEABLES))), false));
                                                                                                                                                                              ^
  symbol:   class TagValue
  location: class Ingredient
C:\Users\justi\Documents\GitHub\AlexsMobs-26.2\src\main\java\com\github\alexthe666\alexsmobs\entity\EntityMantisShrimp.java:212: error: method does not override or implement a method from a supertype
    @Override
    ^
C:\Users\justi\Documents\GitHub\AlexsMobs-26.2\src\main\java\com\github\alexthe666\alexsmobs\entity\EntityMantisShrimp.java:214: error: method isInvulnerableTo in class LivingEntity cannot be applied to given types;
        return source.is(DamageTypes.DROWN) || source.is(DamageTypes.IN_WALL)  || super.isInvulnerableTo(source);
                                                                                       ^
  required: ServerLevel,DamageSource
  found:    DamageSource
  reason: actual and formal argument lists differ in length
C:\Users\justi\Documents\GitHub\AlexsMobs-26.2\src\main\java\com\github\alexthe666\alexsmobs\entity\EntityMantisShrimp.java:355: error: no suitable method found for spawnAtLocation(ItemStack)
                    this.spawnAtLocation(this.getMainHandItem().copy());
                        ^
    method Entity.spawnAtLocation(ServerLevel,ItemLike) is not applicable
      (actual and formal argument lists differ in length)
    method Entity.spawnAtLocation(ServerLevel,ItemStack) is not applicable
      (actual and formal argument lists differ in length)
    method Entity.spawnAtLocation(ServerLevel,ItemStack,Vec3) is not applicable
      (actual and formal argument lists differ in length)
    method Entity.spawnAtLocation(ServerLevel,ItemStack,float) is not applicable
      (actual and formal argument lists differ in length)
C:\Users\justi\Documents\GitHub\AlexsMobs-26.2\src\main\java\com\github\alexthe666\alexsmobs\entity\EntityMantisShrimp.java:365: error: cannot find symbol
                    player.displayClientMessage(Component.translatable("entity.alexsmobs.mantis_shrimp.command_3", this.getName()), true);
                          ^
  symbol:   method displayClientMessage(MutableComponent,boolean)
  location: variable player of type Player
C:\Users\justi\Documents\GitHub\AlexsMobs-26.2\src\main\java\com\github\alexthe666\alexsmobs\entity\EntityMantisShrimp.java:367: error: cannot find symbol
                    player.displayClientMessage(Component.translatable("entity.alexsmobs.all.command_" + this.getCommand(), this.getName()), true);
                          ^
  symbol:   method displayClientMessage(MutableComponent,boolean)
  location: variable player of type Player
C:\Users\justi\Documents\GitHub\AlexsMobs-26.2\src\main\java\com\github\alexthe666\alexsmobs\entity\EntityMantisShrimp.java:433: error: incompatible types: CompoundTag cannot be converted to ValueOutput
                    fish.addAdditionalSaveData(fishNbt);
                                               ^
C:\Users\justi\Documents\GitHub\AlexsMobs-26.2\src\main\java\com\github\alexthe666\alexsmobs\entity\EntityMantisShrimp.java:434: error: cannot find symbol
                    fishNbt.putString("DeathLootTable", BuiltInLootTables.EMPTY.toString());
                                                                         ^
  symbol:   variable EMPTY
  location: class BuiltInLootTables
C:\Users\justi\Documents\GitHub\AlexsMobs-26.2\src\main\java\com\github\alexthe666\alexsmobs\entity\EntityMantisShrimp.java:435: error: incompatible types: CompoundTag cannot be converted to ValueInput
                    fish.readAdditionalSaveData(fishNbt);
                                                ^
C:\Users\justi\Documents\GitHub\AlexsMobs-26.2\src\main\java\com\github\alexthe666\alexsmobs\entity\EntityMantisShrimp.java:437: error: no suitable method found for knockback(float,double,double)
                this.getTarget().knockback(1.7F, this.getX() - this.getTarget().getX(), this.getZ() - this.getTarget().getZ());
                                ^
    method LivingEntity.knockback(double,double,double,DamageSource,float,boolean) is not applicable
      (actual and formal argument lists differ in length)
    method LivingEntity.knockback(double,double,double,DamageSource,float) is not applicable
      (actual and formal argument lists differ in length)
C:\Users\justi\Documents\GitHub\AlexsMobs-26.2\src\main\java\com\github\alexthe666\alexsmobs\entity\EntityMantisShrimp.java:441: error: cannot find symbol
                    this.getTarget().setSecondsOnFire(2);
                                    ^
  symbol:   method setSecondsOnFire(int)
  location: class LivingEntity
C:\Users\justi\Documents\GitHub\AlexsMobs-26.2\src\main\java\com\github\alexthe666\alexsmobs\entity\EntityMantisShrimp.java:472: error: isAlliedTo(Entity) in EntityMantisShrimp cannot override isAlliedTo(@org.jspecify.annotations.Nullable Entity) in Entity
    public boolean isAlliedTo(Entity entityIn) {
                   ^
  overridden method is final
C:\Users\justi\Documents\GitHub\AlexsMobs-26.2\src\main\java\com\github\alexthe666\alexsmobs\entity\EntityMantisShrimp.java:557: error: cannot find symbol
        if(reason == EntitySpawnReason.SPAWN_EGG){
                                      ^
  symbol:   variable SPAWN_EGG
  location: class EntitySpawnReason
C:\Users\justi\Documents\GitHub\AlexsMobs-26.2\src\main\java\com\github\alexthe666\alexsmobs\entity\EntityMantisShrimp.java:565: error: method finalizeSpawn in class AgeableMob cannot be applied to given types;
        return super.finalizeSpawn(worldIn, difficultyIn, reason, spawnDataIn, dataTag);
                    ^
  required: ServerLevelAccessor,DifficultyInstance,EntitySpawnReason,SpawnGroupData
  found:    ServerLevelAccessor,DifficultyInstance,EntitySpawnReason,SpawnGroupData,CompoundTag
  reason: actual and formal argument lists differ in length
C:\Users\justi\Documents\GitHub\AlexsMobs-26.2\src\main\java\com\github\alexthe666\alexsmobs\entity\EntityMantisShrimp.java:571: error: no suitable method found for create(ServerLevel)
        EntityMantisShrimp shrimp = AMEntityRegistry.MANTIS_SHRIMP.get().create(serverWorld);
                                                                        ^
    method EntityType.create(ServerLevel,@org.jspecify.annotations.Nullable PostSpawnProcessor<EntityMantisShrimp>,BlockPos,EntitySpawnReason,boolean,boolean) is not applicable
      (actual and formal argument lists differ in length)
    method EntityType.create(Level,EntitySpawnReason) is not applicable
      (actual and formal argument lists differ in length)
    method EntityType.create(Level,EntitySpawnRequest) is not applicable
      (actual and formal argument lists differ in length)
    method EntityType.create(ValueInput,Level,EntitySpawnRequest) is not applicable
      (actual and formal argument lists differ in length)
    method EntityType.create(EntityType<?>,ValueInput,Level,EntitySpawnReason) is not applicable
      (actual and formal argument lists differ in length)
C:\Users\justi\Documents\GitHub\AlexsMobs-26.2\src\main\java\com\github\alexthe666\alexsmobs\entity\EntityMantisShrimp.java:710: error: cannot find symbol
                this.tameable.moveTo((double) p_226328_1_ + 0.5D, p_226328_2_, (double) p_226328_3_ + 0.5D, this.tameable.getYRot(), this.tameable.getXRot());
                             ^
  symbol:   method moveTo(double,int,double,float,float)
  location: variable tameable of type EntityMantisShrimp
C:\Users\justi\Documents\GitHub\AlexsMobs-26.2\src\main\java\com\github\alexthe666\alexsmobs\entity\EntityMantisShrimp.java:717: error: cannot find symbol
            PathType lvt_2_1_ = WalkNodeEvaluator.getPathTypetatic(this.world, p_226329_1_.mutable());
                                                 ^
  symbol:   method getPathTypetatic(LevelReader,MutableBlockPos)
  location: class WalkNodeEvaluator
C:\Users\justi\Documents\GitHub\AlexsMobs-26.2\src\main\java\com\github\alexthe666\alexsmobs\entity\EntityMimicOctopus.java:164: error: method finalizeSpawn in class AgeableMob cannot be applied to given types;
        return super.finalizeSpawn(worldIn, difficultyIn, reason, spawnDataIn, dataTag);
                    ^
  required: ServerLevelAccessor,DifficultyInstance,EntitySpawnReason,SpawnGroupData
  found:    ServerLevelAccessor,DifficultyInstance,EntitySpawnReason,SpawnGroupData,CompoundTag
  reason: actual and formal argument lists differ in length
C:\Users\justi\Documents\GitHub\AlexsMobs-26.2\src\main\java\com\github\alexthe666\alexsmobs\entity\EntityMimicOctopus.java:169: error: no suitable method found for set(EntityDataAccessor<Integer>,Optional<Integer>)
        this.entityData.set(MIMIC_ORDINAL, compound.getInt("MimicState"));
                       ^
    method SynchedEntityData.<T#1>set(EntityDataAccessor<T#1>,T#1) is not applicable
      (inference variable T#1 has incompatible bounds
        equality constraints: Integer
        lower bounds: Optional<Integer>)
    method SynchedEntityData.<T#2>set(EntityDataAccessor<T#2>,T#2,boolean) is not applicable
      (cannot infer type-variable(s) T#2
        (actual and formal argument lists differ in length))
  where T#1,T#2 are type-variables:
    T#1 extends Object declared in method <T#1>set(EntityDataAccessor<T#1>,T#1)
    T#2 extends Object declared in method <T#2>set(EntityDataAccessor<T#2>,T#2,boolean)
C:\Users\justi\Documents\GitHub\AlexsMobs-26.2\src\main\java\com\github\alexthe666\alexsmobs\entity\EntityMimicOctopus.java:177: error: cannot find symbol
        if (compound.contains("MimickedBlockState")) {
                    ^
  symbol:   method contains(String)
  location: variable compound of type ValueInput
C:\Users\justi\Documents\GitHub\AlexsMobs-26.2\src\main\java\com\github\alexthe666\alexsmobs\entity\EntityMimicOctopus.java:178: error: cannot find symbol
            blockstate = NbtUtils.readBlockState(this.level().holderLookup(Registries.BLOCK), compound.getCompoundOrEmpty("MimickedBlockState"));
                                                                                                      ^
  symbol:   method getCompoundOrEmpty(String)
  location: variable compound of type ValueInput
C:\Users\justi\Documents\GitHub\AlexsMobs-26.2\src\main\java\com\github\alexthe666\alexsmobs\entity\EntityMimicOctopus.java:202: error: cannot find symbol
            compound.put("MimickedBlockState", NbtUtils.writeBlockState(blockstate));
                    ^
  symbol:   method put(String,CompoundTag)
  location: variable compound of type ValueOutput
C:\Users\justi\Documents\GitHub\AlexsMobs-26.2\src\main\java\com\github\alexthe666\alexsmobs\entity\EntityMimicOctopus.java:216: error: cannot find symbol
            stack.setCustomName(this.getCustomName());
                 ^
  symbol:   method setCustomName(Component)
  location: variable stack of type ItemStack
C:\Users\justi\Documents\GitHub\AlexsMobs-26.2\src\main\java\com\github\alexthe666\alexsmobs\entity\EntityMimicOctopus.java:224: error: cannot find symbol
            bucket.setCustomName(this.getCustomName());
                  ^
  symbol:   method setCustomName(Component)
  location: variable bucket of type ItemStack
C:\Users\justi\Documents\GitHub\AlexsMobs-26.2\src\main\java\com\github\alexthe666\alexsmobs\entity\EntityMimicOctopus.java:227: error: incompatible types: CompoundTag cannot be converted to ValueOutput
        this.addAdditionalSaveData(platTag);
                                   ^
C:\Users\justi\Documents\GitHub\AlexsMobs-26.2\src\main\java\com\github\alexthe666\alexsmobs\entity\EntityMimicOctopus.java:228: error: cannot find symbol
        CompoundTag compound = bucket.getOrCreateTag();
                                     ^
  symbol:   method getOrCreateTag()
  location: variable bucket of type ItemStack
C:\Users\justi\Documents\GitHub\AlexsMobs-26.2\src\main\java\com\github\alexthe666\alexsmobs\entity\EntityMimicOctopus.java:235: error: incompatible types: Optional<CompoundTag> cannot be converted to ValueInput
            this.readAdditionalSaveData(compound.getCompound("MimicOctopusData"));
                                                            ^
C:\Users\justi\Documents\GitHub\AlexsMobs-26.2\src\main\java\com\github\alexthe666\alexsmobs\entity\EntityMimicOctopus.java:249: error: isAlliedTo(Entity) in EntityMimicOctopus cannot override isAlliedTo(@org.jspecify.annotations.Nullable Entity) in Entity
    public boolean isAlliedTo(Entity entityIn) {
                   ^
  overridden method is final
C:\Users\justi\Documents\GitHub\AlexsMobs-26.2\src\main\java\com\github\alexthe666\alexsmobs\entity\EntityMimicOctopus.java:275: error: cannot find symbol
        this.goalSelector.addGoal(4, new TemptGoal(this, 1.0D, Ingredient.fromValues(Stream.of(new Ingredient.TagValue(AMTagRegistry.MIMIC_OCTOPUS_BREEDABLES), new Ingredient.TagValue(AMTagRegistry.MIMIC_OCTOPUS_TAMEABLES))), false) {
                                                                                                             ^
  symbol:   class TagValue
  location: class Ingredient
C:\Users\justi\Documents\GitHub\AlexsMobs-26.2\src\main\java\com\github\alexthe666\alexsmobs\entity\EntityMimicOctopus.java:275: error: cannot find symbol
        this.goalSelector.addGoal(4, new TemptGoal(this, 1.0D, Ingredient.fromValues(Stream.of(new Ingredient.TagValue(AMTagRegistry.MIMIC_OCTOPUS_BREEDABLES), new Ingredient.TagValue(AMTagRegistry.MIMIC_OCTOPUS_TAMEABLES))), false) {
                                                                                                                                                                              ^
  symbol:   class TagValue
  location: class Ingredient
C:\Users\justi\Documents\GitHub\AlexsMobs-26.2\src\main\java\com\github\alexthe666\alexsmobs\entity\EntityMimicOctopus.java:410: error: no suitable method found for spawnAtLocation(ItemStack)
                    this.spawnAtLocation(this.getMainHandItem().copy());
                        ^
    method Entity.spawnAtLocation(ServerLevel,ItemLike) is not applicable
      (actual and formal argument lists differ in length)
    method Entity.spawnAtLocation(ServerLevel,ItemStack) is not applicable
      (actual and formal argument lists differ in length)
    method Entity.spawnAtLocation(ServerLevel,ItemStack,Vec3) is not applicable
      (actual and formal argument lists differ in length)
    method Entity.spawnAtLocation(ServerLevel,ItemStack,float) is not applicable
      (actual and formal argument lists differ in length)
C:\Users\justi\Documents\GitHub\AlexsMobs-26.2\src\main\java\com\github\alexthe666\alexsmobs\entity\EntityMimicOctopus.java:419: error: cannot find symbol
                player.displayClientMessage(Component.translatable("entity.alexsmobs.all.command_" + this.getCommand(), this.getName()), true);
                      ^
  symbol:   method displayClientMessage(MutableComponent,boolean)
  location: variable player of type Player
C:\Users\justi\Documents\GitHub\AlexsMobs-26.2\src\main\java\com\github\alexthe666\alexsmobs\entity\EntityMimicOctopus.java:446: error: no suitable constructor found for ItemParticleOption(ParticleType<ItemParticleOption>,ItemStack)
            this.level().addParticle(new ItemParticleOption(ParticleTypes.ITEM, item), this.getX() + (double) (this.random.nextFloat() * this.getBbWidth()) - (double) this.getBbWidth() * 0.5F, this.getY() + this.getBbHeight() * 0.5F + (double) (this.random.nextFloat() * this.getBbHeight() * 0.5F), this.getZ() + (double) (this.random.nextFloat() * this.getBbWidth()) - (double) this.getBbWidth() * 0.5F, d0, d1, d2);
                                     ^
    constructor ItemParticleOption.ItemParticleOption(ParticleType<ItemParticleOption>,Item) is not applicable
      (argument mismatch; ItemStack cannot be converted to Item)
    constructor ItemParticleOption.ItemParticleOption(ParticleType<ItemParticleOption>,ItemStackTemplate) is not applicable
      (argument mismatch; ItemStack cannot be converted to ItemStackTemplate)
C:\Users\justi\Documents\GitHub\AlexsMobs-26.2\src\main\java\com\github\alexthe666\alexsmobs\entity\EntityMimicOctopus.java:454: error: method update in class WalkAnimationState cannot be applied to given types;
        this.walkAnimation.update(f2, 0.4F);
                          ^
  required: float,float,float
  found:    float,float
  reason: actual and formal argument lists differ in length
C:\Users\justi\Documents\GitHub\AlexsMobs-26.2\src\main\java\com\github\alexthe666\alexsmobs\entity\EntityMimicOctopus.java:742: error: no suitable method found for create(ServerLevel)
        return AMEntityRegistry.MIMIC_OCTOPUS.get().create(serverWorld);
                                                   ^
    method EntityType.create(ServerLevel,@org.jspecify.annotations.Nullable PostSpawnProcessor<EntityMimicOctopus>,BlockPos,EntitySpawnReason,boolean,boolean) is not applicable
      (actual and formal argument lists differ in length)
    method EntityType.create(Level,EntitySpawnReason) is not applicable
      (actual and formal argument lists differ in length)
    method EntityType.create(Level,EntitySpawnRequest) is not applicable
      (actual and formal argument lists differ in length)
    method EntityType.create(ValueInput,Level,EntitySpawnRequest) is not applicable
      (actual and formal argument lists differ in length)
    method EntityType.create(EntityType<?>,ValueInput,Level,EntitySpawnReason) is not applicable
      (actual and formal argument lists differ in length)
C:\Users\justi\Documents\GitHub\AlexsMobs-26.2\src\main\java\com\github\alexthe666\alexsmobs\entity\EntityMimicOctopus.java:874: error: Explosion is abstract; cannot be instantiated
        Explosion explosion = new Explosion(level(), this,  this.damageSources().mobAttack(this), (ExplosionDamageCalculator)null, this.getX(), this.getY(), this.getZ(), 1 + random.nextFloat(), false, Explosion.BlockInteraction.KEEP);
                              ^
C:\Users\justi\Documents\GitHub\AlexsMobs-26.2\src\main\java\com\github\alexthe666\alexsmobs\entity\EntityMimicOctopus.java:875: error: cannot find symbol
        explosion.explode();
                 ^
  symbol:   method explode()
  location: variable explosion of type Explosion
C:\Users\justi\Documents\GitHub\AlexsMobs-26.2\src\main\java\com\github\alexthe666\alexsmobs\entity\EntityMimicOctopus.java:876: error: cannot find symbol
        explosion.finalizeExplosion(true);
                 ^
  symbol:   method finalizeExplosion(boolean)
  location: variable explosion of type Explosion
C:\Users\justi\Documents\GitHub\AlexsMobs-26.2\src\main\java\com\github\alexthe666\alexsmobs\entity\ai\SemiAquaticAIRandomSwimming.java:46: error: cannot find symbol
        if(this.mob.hasRestriction() && this.mob.distanceToSqr(Vec3.atCenterOf(this.mob.getRestrictCenter())) > this.mob.getRestrictRadius() * this.mob.getRestrictRadius()){
                   ^
  symbol:   method hasRestriction()
  location: variable mob of type PathfinderMob
C:\Users\justi\Documents\GitHub\AlexsMobs-26.2\src\main\java\com\github\alexthe666\alexsmobs\entity\ai\SemiAquaticAIRandomSwimming.java:46: error: cannot find symbol
        if(this.mob.hasRestriction() && this.mob.distanceToSqr(Vec3.atCenterOf(this.mob.getRestrictCenter())) > this.mob.getRestrictRadius() * this.mob.getRestrictRadius()){
                                                                                       ^
  symbol:   method getRestrictCenter()
  location: variable mob of type PathfinderMob
C:\Users\justi\Documents\GitHub\AlexsMobs-26.2\src\main\java\com\github\alexthe666\alexsmobs\entity\ai\SemiAquaticAIRandomSwimming.java:46: error: cannot find symbol
        if(this.mob.hasRestriction() && this.mob.distanceToSqr(Vec3.atCenterOf(this.mob.getRestrictCenter())) > this.mob.getRestrictRadius() * this.mob.getRestrictRadius()){
                                                                                                                        ^
  symbol:   method getRestrictRadius()
  location: variable mob of type PathfinderMob
C:\Users\justi\Documents\GitHub\AlexsMobs-26.2\src\main\java\com\github\alexthe666\alexsmobs\entity\ai\SemiAquaticAIRandomSwimming.java:46: error: cannot find symbol
        if(this.mob.hasRestriction() && this.mob.distanceToSqr(Vec3.atCenterOf(this.mob.getRestrictCenter())) > this.mob.getRestrictRadius() * this.mob.getRestrictRadius()){
                                                                                                                                                       ^
  symbol:   method getRestrictRadius()
  location: variable mob of type PathfinderMob
C:\Users\justi\Documents\GitHub\AlexsMobs-26.2\src\main\java\com\github\alexthe666\alexsmobs\entity\ai\SemiAquaticAIRandomSwimming.java:47: error: cannot find symbol
            return DefaultRandomPos.getPosTowards(this.mob, 7, 3, Vec3.atBottomCenterOf(this.mob.getRestrictCenter()), 1);
                                                                                                ^
  symbol:   method getRestrictCenter()
  location: variable mob of type PathfinderMob
C:\Users\justi\Documents\GitHub\AlexsMobs-26.2\src\main\java\com\github\alexthe666\alexsmobs\entity\ai\SemiAquaticAIRandomSwimming.java:57: error: method isPathfindable in class BlockStateBase cannot be applied to given types;
        for(int i = 0; vector3d != null && !this.mob.level().getFluidState(AMBlockPos.fromVec3(vector3d)).is(FluidTags.LAVA) && !this.mob.level().getBlockState(AMBlockPos.fromVec3(vector3d)).isPathfindable(this.mob.level(), AMBlockPos.fromVec3(vector3d), PathComputationType.WATER) && i++ < 15; vector3d = DefaultRandomPos.getPos(this.mob, 10, 7)) {
                                                                                                                                                                                              ^
  required: PathComputationType
  found:    Level,BlockPos,PathComputationType
  reason: actual and formal argument lists differ in length
C:\Users\justi\Documents\GitHub\AlexsMobs-26.2\src\main\java\com\github\alexthe666\alexsmobs\entity\EntityMimicOctopus.java:925: error: cannot find symbol
                    return e.isAlive() && e.getType().is(AMTagRegistry.MIMIC_OCTOPUS_FEARS) || e instanceof Player && !((Player) e).isCreative();
                                                     ^
  symbol:   method is(TagKey<EntityType<?>>)
  location: class EntityType<CAP#1>
  where CAP#1 is a fresh type-variable:
    CAP#1 extends Entity from capture of ?
C:\Users\justi\Documents\GitHub\AlexsMobs-26.2\src\main\java\com\github\alexthe666\alexsmobs\entity\EntityMimicube.java:144: error: method customArrow in class ProjectileWeaponItem cannot be applied to given types;
            abstractarrowentity = ((net.minecraft.world.item.BowItem) this.getMainHandItem().getItem()).customArrow(abstractarrowentity);
                                                                                                       ^
  required: AbstractArrow,ItemStack,ItemStack
  found:    AbstractArrow
  reason: actual and formal argument lists differ in length
C:\Users\justi\Documents\GitHub\AlexsMobs-26.2\src\main\java\com\github\alexthe666\alexsmobs\entity\EntityMimicube.java:156: error: method getMobArrow in class ProjectileUtil cannot be applied to given types;
        return ProjectileUtil.getMobArrow(this, arrowStack, distanceFactor);
                             ^
  required: LivingEntity,ItemStack,float,ItemStack
  found:    EntityMimicube,ItemStack,float
  reason: actual and formal argument lists differ in length
C:\Users\justi\Documents\GitHub\AlexsMobs-26.2\src\main\java\com\github\alexthe666\alexsmobs\entity\EntityMimicube.java:202: error: cannot find symbol
        return this.getMainHandItem().canPerformAction(ItemAbilities.SHIELD_BLOCK) || this.getOffhandItem().canPerformAction(ItemAbilities.SHIELD_BLOCK);
                                                                    ^
  symbol:   variable SHIELD_BLOCK
  location: class ItemAbilities
C:\Users\justi\Documents\GitHub\AlexsMobs-26.2\src\main\java\com\github\alexthe666\alexsmobs\entity\EntityMimicube.java:202: error: cannot find symbol
        return this.getMainHandItem().canPerformAction(ItemAbilities.SHIELD_BLOCK) || this.getOffhandItem().canPerformAction(ItemAbilities.SHIELD_BLOCK);
                                                                                                                                          ^
  symbol:   variable SHIELD_BLOCK
  location: class ItemAbilities
C:\Users\justi\Documents\GitHub\AlexsMobs-26.2\src\main\java\com\github\alexthe666\alexsmobs\entity\EntityMimicube.java:205: error: hurt(DamageSource,float) in EntityMimicube cannot override hurt(DamageSource,float) in Entity
    public boolean hurt(DamageSource source, float amount) {
                   ^
  overridden method is final
C:\Users\justi\Documents\GitHub\AlexsMobs-26.2\src\main\java\com\github\alexthe666\alexsmobs\entity\EntityMimicube.java:218: error: incompatible types: void cannot be converted to boolean
        return super.hurt(source, amount);
                         ^
C:\Users\justi\Documents\GitHub\AlexsMobs-26.2\src\main\java\com\github\alexthe666\alexsmobs\entity\EntityMimicube.java:253: error: no suitable constructor found for ItemParticleOption(ParticleType<ItemParticleOption>,ItemStack)
                this.level().addParticle(new ItemParticleOption(ParticleTypes.ITEM, new ItemStack(AMItemRegistry.MIMICREAM.get())), this.getX() + (double)f2, this.getY(), this.getZ() + (double)f3, 0.0D, 0.0D, 0.0D);
                                         ^
    constructor ItemParticleOption.ItemParticleOption(ParticleType<ItemParticleOption>,Item) is not applicable
      (argument mismatch; ItemStack cannot be converted to Item)
    constructor ItemParticleOption.ItemParticleOption(ParticleType<ItemParticleOption>,ItemStackTemplate) is not applicable
      (argument mismatch; ItemStack cannot be converted to ItemStackTemplate)
C:\Users\justi\Documents\GitHub\AlexsMobs-26.2\src\main\java\com\github\alexthe666\alexsmobs\entity\EntityMimicube.java:264: error: cannot find symbol
        if (this.getOffhandItem().getItem().isEdible() && this.getHealth() < this.getMaxHealth()) {
                                           ^
  symbol:   method isEdible()
  location: class Item
C:\Users\justi\Documents\GitHub\AlexsMobs-26.2\src\main\java\com\github\alexthe666\alexsmobs\entity\EntityMimicube.java:270: error: no suitable constructor found for ItemParticleOption(ParticleType<ItemParticleOption>,ItemStack)
                    this.level().addParticle(new ItemParticleOption(ParticleTypes.ITEM, this.getItemInHand(InteractionHand.OFF_HAND)), this.getX() + (double) (this.random.nextFloat() * this.getBbWidth()) - (double) this.getBbWidth() * 0.5F, this.getY() + this.getBbHeight() * 0.5F + (double) (this.random.nextFloat() * this.getBbHeight() * 0.5F), this.getZ() + (double) (this.random.nextFloat() * this.getBbWidth()) - (double) this.getBbWidth() * 0.5F, d0, d1, d2);
                                             ^
    constructor ItemParticleOption.ItemParticleOption(ParticleType<ItemParticleOption>,Item) is not applicable
      (argument mismatch; ItemStack cannot be converted to Item)
    constructor ItemParticleOption.ItemParticleOption(ParticleType<ItemParticleOption>,ItemStackTemplate) is not applicable
      (argument mismatch; ItemStack cannot be converted to ItemStackTemplate)
C:\Users\justi\Documents\GitHub\AlexsMobs-26.2\src\main\java\com\github\alexthe666\alexsmobs\entity\EntityMimicube.java:274: error: incompatible types: Reference<SoundEvent> cannot be converted to SoundEvent
                    this.playSound(SoundEvents.GENERIC_EAT, this.getSoundVolume(), this.getVoicePitch());
                                              ^
C:\Users\justi\Documents\GitHub\AlexsMobs-26.2\src\main\java\com\github\alexthe666\alexsmobs\entity\EntityMimicube.java:285: error: cannot find symbol
        } else if (this.getMainHandItem().getItem().isEdible() && this.getHealth() < this.getMaxHealth()) {
                                                   ^
  symbol:   method isEdible()
  location: class Item
C:\Users\justi\Documents\GitHub\AlexsMobs-26.2\src\main\java\com\github\alexthe666\alexsmobs\entity\EntityMimicube.java:291: error: no suitable constructor found for ItemParticleOption(ParticleType<ItemParticleOption>,ItemStack)
                    this.level().addParticle(new ItemParticleOption(ParticleTypes.ITEM, this.getItemInHand(InteractionHand.MAIN_HAND)), this.getX() + (double) (this.random.nextFloat() * this.getBbWidth()) - (double) this.getBbWidth() * 0.5F, this.getY() + this.getBbHeight() * 0.5F + (double) (this.random.nextFloat() * this.getBbHeight() * 0.5F), this.getZ() + (double) (this.random.nextFloat() * this.getBbWidth()) - (double) this.getBbWidth() * 0.5F, d0, d1, d2);
                                             ^
    constructor ItemParticleOption.ItemParticleOption(ParticleType<ItemParticleOption>,Item) is not applicable
      (argument mismatch; ItemStack cannot be converted to Item)
    constructor ItemParticleOption.ItemParticleOption(ParticleType<ItemParticleOption>,ItemStackTemplate) is not applicable
      (argument mismatch; ItemStack cannot be converted to ItemStackTemplate)
C:\Users\justi\Documents\GitHub\AlexsMobs-26.2\src\main\java\com\github\alexthe666\alexsmobs\entity\EntityMimicube.java:294: error: incompatible types: Reference<SoundEvent> cannot be converted to SoundEvent
                this.playSound(SoundEvents.GENERIC_EAT, this.getSoundVolume(), this.getVoicePitch());
                                          ^
C:\Users\justi\Documents\GitHub\AlexsMobs-26.2\src\main\java\com\github\alexthe666\alexsmobs\entity\EntityMimicube.java:297: error: incompatible types: Reference<SoundEvent> cannot be converted to SoundEvent
                    this.playSound(SoundEvents.GENERIC_EAT, this.getSoundVolume(), this.getVoicePitch());
                                              ^
C:\Users\justi\Documents\GitHub\AlexsMobs-26.2\src\main\java\com\github\alexthe666\alexsmobs\entity\EntityMimicube.java:319: error: method doHurtTarget in class Mob cannot be applied to given types;
                super.doHurtTarget(this.getTarget());
                     ^
  required: ServerLevel,Entity
  found:    LivingEntity
  reason: actual and formal argument lists differ in length
C:\Users\justi\Documents\GitHub\AlexsMobs-26.2\src\main\java\com\github\alexthe666\alexsmobs\entity\EntityMimicube.java:319: error: incompatible types: LivingEntity cannot be converted to ServerLevel
                super.doHurtTarget(this.getTarget());
                                                 ^
C:\Users\justi\Documents\GitHub\AlexsMobs-26.2\src\main\java\com\github\alexthe666\alexsmobs\entity\EntityMimicube.java:345: error: jumpFromGround() in EntityMimicube cannot override jumpFromGround() in LivingEntity
    protected void jumpFromGround() {
                   ^
  attempting to assign weaker access privileges; was public
C:\Users\justi\Documents\GitHub\AlexsMobs-26.2\src\main\java\com\github\alexthe666\alexsmobs\entity\EntityMimicube.java:348: error: cannot find symbol
        this.hasImpulse = true;
            ^
  symbol: variable hasImpulse
C:\Users\justi\Documents\GitHub\AlexsMobs-26.2\src\main\java\com\github\alexthe666\alexsmobs\client\model\ModelMoose.java:215: error: cannot find symbol
        if (this.young) {
                ^
  symbol: variable young
C:\Users\justi\Documents\GitHub\AlexsMobs-26.2\src\main\java\com\github\alexthe666\alexsmobs\client\model\ModelMoose.java:228: error: no suitable method found for render(PoseStack,VertexConsumer,int,int,float,float,float,float)
                p_228292_8_.render(matrixStackIn, bufferIn, packedLightIn, packedOverlayIn, red, green, blue, alpha);
                           ^
    method BasicModelPart.render(PoseStack,VertexConsumer,int,int) is not applicable
      (actual and formal argument lists differ in length)
    method BasicModelPart.render(PoseStack,VertexConsumer,int,int,int) is not applicable
      (actual and formal argument lists differ in length)
C:\Users\justi\Documents\GitHub\AlexsMobs-26.2\src\main\java\com\github\alexthe666\alexsmobs\client\model\ModelMoose.java:239: error: no suitable method found for render(PoseStack,VertexConsumer,int,int,float,float,float,float)
                p_228290_8_.render(matrixStackIn, bufferIn, packedLightIn, packedOverlayIn, red, green, blue, alpha);
                           ^
    method BasicModelPart.render(PoseStack,VertexConsumer,int,int) is not applicable
      (actual and formal argument lists differ in length)
    method BasicModelPart.render(PoseStack,VertexConsumer,int,int,int) is not applicable
      (actual and formal argument lists differ in length)
C:\Users\justi\Documents\GitHub\AlexsMobs-26.2\src\main\java\com\github\alexthe666\alexsmobs\entity\EntityMoose.java:63: error: cannot find symbol
    private static final EntityDataAccessor<Optional<UUID>> JOSTLER_UUID = SynchedEntityData.defineId(EntityMoose.class, EntityDataSerializers.OPTIONAL_UUID);
                                                                                                                                              ^
  symbol:   variable OPTIONAL_UUID
  location: class EntityDataSerializers
C:\Users\justi\Documents\GitHub\AlexsMobs-26.2\src\main\java\com\github\alexthe666\alexsmobs\entity\EntityMoose.java:107: error: no suitable method found for of(TagKey<Item>)
        this.goalSelector.addGoal(7, new TemptGoal(this, 1.1D, Ingredient.of(AMTagRegistry.MOOSE_BREEDABLES), false));
                                                                         ^
    method Ingredient.of(ItemLike) is not applicable
      (argument mismatch; TagKey<Item> cannot be converted to ItemLike)
    method Ingredient.of(ItemLike...) is not applicable
      (varargs mismatch; TagKey<Item> cannot be converted to ItemLike)
    method Ingredient.of(Stream<? extends ItemLike>) is not applicable
      (argument mismatch; TagKey<Item> cannot be converted to Stream<? extends ItemLike>)
    method Ingredient.of(HolderSet<Item>) is not applicable
      (argument mismatch; TagKey<Item> cannot be converted to HolderSet<Item>)
C:\Users\justi\Documents\GitHub\AlexsMobs-26.2\src\main\java\com\github\alexthe666\alexsmobs\entity\EntityMoose.java:167: error: cannot find symbol
        if (compound.contains("AntlerTime")) {
                    ^
  symbol:   method contains(String)
  location: variable compound of type ValueInput
C:\Users\justi\Documents\GitHub\AlexsMobs-26.2\src\main\java\com\github\alexthe666\alexsmobs\entity\EntityMoose.java:212: error: no suitable method found for spawnAtLocation(ItemStack)
                this.spawnAtLocation(new ItemStack(AMItemRegistry.MOOSE_ANTLER.get()));
                    ^
    method Entity.spawnAtLocation(ServerLevel,ItemLike) is not applicable
      (actual and formal argument lists differ in length)
    method Entity.spawnAtLocation(ServerLevel,ItemStack) is not applicable
      (actual and formal argument lists differ in length)
    method Entity.spawnAtLocation(ServerLevel,ItemStack,Vec3) is not applicable
      (actual and formal argument lists differ in length)
    method Entity.spawnAtLocation(ServerLevel,ItemStack,float) is not applicable
      (actual and formal argument lists differ in length)
C:\Users\justi\Documents\GitHub\AlexsMobs-26.2\src\main\java\com\github\alexthe666\alexsmobs\entity\EntityMoose.java:231: error: no suitable method found for knockback(float,double,double)
                getTarget().knockback(1F, getTarget().getX() - this.getX(), getTarget().getZ() - this.getZ());
                           ^
    method LivingEntity.knockback(double,double,double,DamageSource,float,boolean) is not applicable
      (actual and formal argument lists differ in length)
    method LivingEntity.knockback(double,double,double,DamageSource,float) is not applicable
      (actual and formal argument lists differ in length)
C:\Users\justi\Documents\GitHub\AlexsMobs-26.2\src\main\java\com\github\alexthe666\alexsmobs\entity\EntityMoose.java:255: error: hurt(DamageSource,float) in EntityMoose cannot override hurt(DamageSource,float) in Entity
    public boolean hurt(DamageSource source, float amount) {
                   ^
  overridden method is final
C:\Users\justi\Documents\GitHub\AlexsMobs-26.2\src\main\java\com\github\alexthe666\alexsmobs\entity\EntityMoose.java:256: error: method isInvulnerableTo in class LivingEntity cannot be applied to given types;
        if (this.isInvulnerableTo(source)) {
                ^
  required: ServerLevel,DamageSource
  found:    DamageSource
  reason: actual and formal argument lists differ in length
C:\Users\justi\Documents\GitHub\AlexsMobs-26.2\src\main\java\com\github\alexthe666\alexsmobs\entity\EntityMoose.java:263: error: incompatible types: void cannot be converted to boolean
            return super.hurt(source, amount);
                             ^
C:\Users\justi\Documents\GitHub\AlexsMobs-26.2\src\main\java\com\github\alexthe666\alexsmobs\entity\EntityMoose.java:336: error: cannot find symbol
                itemstack.hurt(1, this.getRandom(), player instanceof ServerPlayer ? (ServerPlayer) player : null);
                         ^
  symbol:   method hurt(int,RandomSource,player ins[...] null)
  location: variable itemstack of type ItemStack
C:\Users\justi\Documents\GitHub\AlexsMobs-26.2\src\main\java\com\github\alexthe666\alexsmobs\entity\EntityMoose.java:368: error: cannot find symbol
        net.neoforged.neoforge.event.entity.living.LivingKnockBackEvent event = net.neoforged.neoforge.common.ForgeHooks.onLivingKnockBack(this, strength, ratioX, ratioZ);
                                                                                                             ^
  symbol:   class ForgeHooks
  location: package net.neoforged.neoforge.common
C:\Users\justi\Documents\GitHub\AlexsMobs-26.2\src\main\java\com\github\alexthe666\alexsmobs\entity\EntityMoose.java:374: error: cannot find symbol
            this.hasImpulse = true;
                ^
  symbol: variable hasImpulse
C:\Users\justi\Documents\GitHub\AlexsMobs-26.2\src\main\java\com\github\alexthe666\alexsmobs\entity\EntityMoose.java:410: error: no suitable method found for create(ServerLevel)
        return AMEntityRegistry.MOOSE.get().create(serverWorld);
                                           ^
    method EntityType.create(ServerLevel,@org.jspecify.annotations.Nullable PostSpawnProcessor<EntityMoose>,BlockPos,EntitySpawnReason,boolean,boolean) is not applicable
      (actual and formal argument lists differ in length)
    method EntityType.create(Level,EntitySpawnReason) is not applicable
      (actual and formal argument lists differ in length)
    method EntityType.create(Level,EntitySpawnRequest) is not applicable
      (actual and formal argument lists differ in length)
    method EntityType.create(ValueInput,Level,EntitySpawnRequest) is not applicable
      (actual and formal argument lists differ in length)
    method EntityType.create(EntityType<?>,ValueInput,Level,EntitySpawnReason) is not applicable
      (actual and formal argument lists differ in length)
C:\Users\justi\Documents\GitHub\AlexsMobs-26.2\src\main\java\com\github\alexthe666\alexsmobs\client\model\ModelMudskipper.java:143: error: method does not override or implement a method from a supertype
    @Override
    ^
C:\Users\justi\Documents\GitHub\AlexsMobs-26.2\src\main\java\com\github\alexthe666\alexsmobs\client\model\ModelMudskipper.java:145: error: cannot find symbol
        if (this.young) {
                ^
  symbol: variable young
C:\Users\justi\Documents\GitHub\AlexsMobs-26.2\src\main\java\com\github\alexthe666\alexsmobs\client\model\ModelMudskipper.java:153: error: no suitable method found for render(PoseStack,VertexConsumer,int,int,float,float,float,float)
                p_228292_8_.render(matrixStackIn, buffer, packedLight, packedOverlay, red, green, blue, alpha);
                           ^
    method BasicModelPart.render(PoseStack,VertexConsumer,int,int) is not applicable
      (actual and formal argument lists differ in length)
    method BasicModelPart.render(PoseStack,VertexConsumer,int,int,int) is not applicable
      (actual and formal argument lists differ in length)
C:\Users\justi\Documents\GitHub\AlexsMobs-26.2\src\main\java\com\github\alexthe666\alexsmobs\client\model\ModelMudskipper.java:161: error: no suitable method found for render(PoseStack,VertexConsumer,int,int,float,float,float,float)
                p_228290_8_.render(matrixStackIn, buffer, packedLight, packedOverlay, red, green, blue, alpha);
                           ^
    method BasicModelPart.render(PoseStack,VertexConsumer,int,int) is not applicable
      (actual and formal argument lists differ in length)
    method BasicModelPart.render(PoseStack,VertexConsumer,int,int,int) is not applicable
      (actual and formal argument lists differ in length)
C:\Users\justi\Documents\GitHub\AlexsMobs-26.2\src\main\java\com\github\alexthe666\alexsmobs\entity\EntityMudskipper.java:70: error: cannot find symbol
    private static final EntityDataAccessor<Optional<UUID>> DISPLAYER_UUID = SynchedEntityData.defineId(EntityMudskipper.class, EntityDataSerializers.OPTIONAL_UUID);
                                                                                                                                                     ^
  symbol:   variable OPTIONAL_UUID
  location: class EntityDataSerializers
C:\Users\justi\Documents\GitHub\AlexsMobs-26.2\src\main\java\com\github\alexthe666\alexsmobs\entity\EntityMudskipper.java:128: error: no suitable method found for of(TagKey<Item>)
        this.goalSelector.addGoal(4, new TemptGoal(this, 1.1D, Ingredient.of(AMTagRegistry.MUDSKIPPER_TAMEABLES), false));
                                                                         ^
    method Ingredient.of(ItemLike) is not applicable
      (argument mismatch; TagKey<Item> cannot be converted to ItemLike)
    method Ingredient.of(ItemLike...) is not applicable
      (varargs mismatch; TagKey<Item> cannot be converted to ItemLike)
    method Ingredient.of(Stream<? extends ItemLike>) is not applicable
      (argument mismatch; TagKey<Item> cannot be converted to Stream<? extends ItemLike>)
    method Ingredient.of(HolderSet<Item>) is not applicable
      (argument mismatch; TagKey<Item> cannot be converted to HolderSet<Item>)
C:\Users\justi\Documents\GitHub\AlexsMobs-26.2\src\main\java\com\github\alexthe666\alexsmobs\entity\EntityMudskipper.java:255: error: hurt(DamageSource,float) in EntityMudskipper cannot override hurt(DamageSource,float) in Entity
    public boolean hurt(DamageSource source, float amount) {
                   ^
  overridden method is final
C:\Users\justi\Documents\GitHub\AlexsMobs-26.2\src\main\java\com\github\alexthe666\alexsmobs\entity\EntityMudskipper.java:256: error: incompatible types: void cannot be converted to boolean
        boolean prev = super.hurt(source, amount);
                                 ^
C:\Users\justi\Documents\GitHub\AlexsMobs-26.2\src\main\java\com\github\alexthe666\alexsmobs\entity\EntityMudskipper.java:320: error: no suitable method found for create(ServerLevel)
        return AMEntityRegistry.MUDSKIPPER.get().create(serverLevel);
                                                ^
    method EntityType.create(ServerLevel,@org.jspecify.annotations.Nullable PostSpawnProcessor<EntityMudskipper>,BlockPos,EntitySpawnReason,boolean,boolean) is not applicable
      (actual and formal argument lists differ in length)
    method EntityType.create(Level,EntitySpawnReason) is not applicable
      (actual and formal argument lists differ in length)
    method EntityType.create(Level,EntitySpawnRequest) is not applicable
      (actual and formal argument lists differ in length)
    method EntityType.create(ValueInput,Level,EntitySpawnRequest) is not applicable
      (actual and formal argument lists differ in length)
    method EntityType.create(EntityType<?>,ValueInput,Level,EntitySpawnReason) is not applicable
      (actual and formal argument lists differ in length)
C:\Users\justi\Documents\GitHub\AlexsMobs-26.2\src\main\java\com\github\alexthe666\alexsmobs\entity\EntityMudskipper.java:335: error: method update in class WalkAnimationState cannot be applied to given types;
        this.walkAnimation.update(f2, 0.4F);
                          ^
  required: float,float,float
  found:    float,float
  reason: actual and formal argument lists differ in length
C:\Users\justi\Documents\GitHub\AlexsMobs-26.2\src\main\java\com\github\alexthe666\alexsmobs\entity\EntityMudskipper.java:402: error: cannot find symbol
            stack.setCustomName(this.getCustomName());
                 ^
  symbol:   method setCustomName(Component)
  location: variable stack of type ItemStack
C:\Users\justi\Documents\GitHub\AlexsMobs-26.2\src\main\java\com\github\alexthe666\alexsmobs\entity\EntityMudskipper.java:410: error: cannot find symbol
            bucket.setCustomName(this.getCustomName());
                  ^
  symbol:   method setCustomName(Component)
  location: variable bucket of type ItemStack
C:\Users\justi\Documents\GitHub\AlexsMobs-26.2\src\main\java\com\github\alexthe666\alexsmobs\entity\EntityMudskipper.java:413: error: incompatible types: CompoundTag cannot be converted to ValueOutput
        this.addAdditionalSaveData(platTag);
                                   ^
C:\Users\justi\Documents\GitHub\AlexsMobs-26.2\src\main\java\com\github\alexthe666\alexsmobs\entity\EntityMudskipper.java:414: error: cannot find symbol
        CompoundTag compound = bucket.getOrCreateTag();
                                     ^
  symbol:   method getOrCreateTag()
  location: variable bucket of type ItemStack
C:\Users\justi\Documents\GitHub\AlexsMobs-26.2\src\main\java\com\github\alexthe666\alexsmobs\entity\EntityMudskipper.java:421: error: incompatible types: Optional<CompoundTag> cannot be converted to ValueInput
            this.readAdditionalSaveData(compound.getCompound("MudskipperData"));
                                                            ^
C:\Users\justi\Documents\GitHub\AlexsMobs-26.2\src\main\java\com\github\alexthe666\alexsmobs\entity\EntityMudskipper.java:474: error: cannot find symbol
            player.displayClientMessage(Component.translatable("entity.alexsmobs.all.command_" + this.getCommand(), this.getName()), true);
                  ^
  symbol:   method displayClientMessage(MutableComponent,boolean)
  location: variable player of type Player
C:\Users\justi\Documents\GitHub\AlexsMobs-26.2\src\main\java\com\github\alexthe666\alexsmobs\entity\EntityMudskipper.java:487: error: isAlliedTo(Entity) in EntityMudskipper cannot override isAlliedTo(@org.jspecify.annotations.Nullable Entity) in Entity
    public boolean isAlliedTo(Entity entityIn) {
                   ^
  overridden method is final
C:\Users\justi\Documents\GitHub\AlexsMobs-26.2\src\main\java\com\github\alexthe666\alexsmobs\client\model\ModelMungus.java:143: error: cannot find symbol
		if (this.young) {
		        ^
  symbol: variable young
C:\Users\justi\Documents\GitHub\AlexsMobs-26.2\src\main\java\com\github\alexthe666\alexsmobs\client\model\ModelMungus.java:150: error: no suitable method found for render(PoseStack,VertexConsumer,int,int,float,float,float,float)
				p_228292_8_.render(matrixStackIn, bufferIn, packedLightIn, packedOverlayIn, red, green, blue, alpha);
				           ^
    method BasicModelPart.render(PoseStack,VertexConsumer,int,int) is not applicable
      (actual and formal argument lists differ in length)
    method BasicModelPart.render(PoseStack,VertexConsumer,int,int,int) is not applicable
      (actual and formal argument lists differ in length)
C:\Users\justi\Documents\GitHub\AlexsMobs-26.2\src\main\java\com\github\alexthe666\alexsmobs\client\model\ModelMungus.java:158: error: no suitable method found for render(PoseStack,VertexConsumer,int,int,float,float,float,float)
				p_228290_8_.render(matrixStackIn, bufferIn, packedLightIn, packedOverlayIn, red, green, blue, alpha);
				           ^
    method BasicModelPart.render(PoseStack,VertexConsumer,int,int) is not applicable
      (actual and formal argument lists differ in length)
    method BasicModelPart.render(PoseStack,VertexConsumer,int,int,int) is not applicable
      (actual and formal argument lists differ in length)
C:\Users\justi\Documents\GitHub\AlexsMobs-26.2\src\main\java\com\github\alexthe666\alexsmobs\entity\EntityMungus.java:70: error: EntityMungus is not abstract and does not override abstract method shear(ServerLevel,SoundSource,ItemStack) in Shearable
public class EntityMungus extends Animal implements ITargetsDroppedItems, Shearable, net.neoforged.neoforge.common.IShearable {
       ^
C:\Users\justi\Documents\GitHub\AlexsMobs-26.2\src\main\java\com\github\alexthe666\alexsmobs\entity\EntityMungus.java:164: error: no suitable method found for spawnAtLocation(Item)
            ItemEntity dropped = this.spawnAtLocation(AMItemRegistry.MUNGAL_SPORES.get());
                                     ^
    method Entity.spawnAtLocation(ServerLevel,ItemLike) is not applicable
      (actual and formal argument lists differ in length)
    method Entity.spawnAtLocation(ServerLevel,ItemStack) is not applicable
      (actual and formal argument lists differ in length)
    method Entity.spawnAtLocation(ServerLevel,ItemStack,Vec3) is not applicable
      (actual and formal argument lists differ in length)
    method Entity.spawnAtLocation(ServerLevel,ItemStack,float) is not applicable
      (actual and formal argument lists differ in length)
C:\Users\justi\Documents\GitHub\AlexsMobs-26.2\src\main\java\com\github\alexthe666\alexsmobs\entity\EntityMungus.java:232: error: cannot find symbol
            Registry<Biome> registry = serverLevel.getServer().registryAccess().registryOrThrow(Registries.BIOME);
                                                                               ^
  symbol:   method registryOrThrow(ResourceKey<Registry<Biome>>)
  location: interface Frozen
C:\Users\justi\Documents\GitHub\AlexsMobs-26.2\src\main\java\com\github\alexthe666\alexsmobs\entity\EntityMungus.java:233: error: cannot find symbol
            Holder<Biome> biome = registry.getHolder(Biomes.MUSHROOM_FIELDS).get();
                                          ^
  symbol:   method getHolder(ResourceKey<Biome>)
  location: variable registry of type Registry<Biome>
C:\Users\justi\Documents\GitHub\AlexsMobs-26.2\src\main\java\com\github\alexthe666\alexsmobs\entity\EntityMungus.java:261: error: incompatible types: Reference<SoundEvent> cannot be converted to SoundEvent
            this.playSound(SoundEvents.GENERIC_EXPLODE, this.getSoundVolume(), this.getVoicePitch());
                                      ^
C:\Users\justi\Documents\GitHub\AlexsMobs-26.2\src\main\java\com\github\alexthe666\alexsmobs\entity\EntityMungus.java:284: error: cannot find symbol
        Registry<Biome> registry = this.level().registryAccess().registryOrThrow(Registries.BIOME);
                                                                ^
  symbol:   method registryOrThrow(ResourceKey<Registry<Biome>>)
  location: interface RegistryAccess
C:\Users\justi\Documents\GitHub\AlexsMobs-26.2\src\main\java\com\github\alexthe666\alexsmobs\entity\EntityMungus.java:294: error: cannot find symbol
            return registry.getHolder(resourceKey).orElse(null);
                           ^
  symbol:   method getHolder(ResourceKey<Biome>)
  location: variable registry of type Registry<Biome>
C:\Users\justi\Documents\GitHub\AlexsMobs-26.2\src\main\java\com\github\alexthe666\alexsmobs\entity\EntityMungus.java:315: error: biomes has private access in LevelChunkSection
            section.biomes = container;
                   ^
C:\Users\justi\Documents\GitHub\AlexsMobs-26.2\src\main\java\com\github\alexthe666\alexsmobs\entity\EntityMungus.java:351: error: cannot find symbol
                Identifier biomeKey = BuiltInRegistries.BIOME.getKey(biome.value());
                                                       ^
  symbol:   variable BIOME
  location: class BuiltInRegistries
C:\Users\justi\Documents\GitHub\AlexsMobs-26.2\src\main\java\com\github\alexthe666\alexsmobs\entity\EntityMungus.java:397: error: hurt(DamageSource,float) in EntityMungus cannot override hurt(DamageSource,float) in Entity
    public boolean hurt(DamageSource source, float amount) {
                   ^
  overridden method is final
C:\Users\justi\Documents\GitHub\AlexsMobs-26.2\src\main\java\com\github\alexthe666\alexsmobs\entity\EntityMungus.java:398: error: incompatible types: void cannot be converted to boolean
        boolean prev = super.hurt(source, amount);
                                 ^
C:\Users\justi\Documents\GitHub\AlexsMobs-26.2\src\main\java\com\github\alexthe666\alexsmobs\entity\EntityMungus.java:410: error: cannot find symbol
        this.getEntityData().define(TARGETED_BLOCK_POS, Optional.empty());
                            ^
  symbol:   method define(EntityDataAccessor<Optional<BlockPos>>,Optional<Object>)
  location: class SynchedEntityData
C:\Users\justi\Documents\GitHub\AlexsMobs-26.2\src\main\java\com\github\alexthe666\alexsmobs\entity\EntityMungus.java:422: error: cannot find symbol
            compound.put("MushroomState", NbtUtils.writeBlockState(blockstate));
                    ^
  symbol:   method put(String,CompoundTag)
  location: variable compound of type ValueOutput
C:\Users\justi\Documents\GitHub\AlexsMobs-26.2\src\main\java\com\github\alexthe666\alexsmobs\entity\EntityMungus.java:429: error: cannot find symbol
            compound.put("BeamTarget", NbtUtils.writeBlockPos(this.getBeamTarget()));
                                               ^
  symbol:   method writeBlockPos(BlockPos)
  location: class NbtUtils
C:\Users\justi\Documents\GitHub\AlexsMobs-26.2\src\main\java\com\github\alexthe666\alexsmobs\entity\EntityMungus.java:437: error: cannot find symbol
        if (compound.contains("MushroomState")) {
                    ^
  symbol:   method contains(String)
  location: variable compound of type ValueInput
C:\Users\justi\Documents\GitHub\AlexsMobs-26.2\src\main\java\com\github\alexthe666\alexsmobs\entity\EntityMungus.java:438: error: cannot find symbol
            blockstate = NbtUtils.readBlockState(this.level().holderLookup(Registries.BLOCK), compound.getCompoundOrEmpty("MushroomState"));
                                                                                                      ^
  symbol:   method getCompoundOrEmpty(String)
  location: variable compound of type ValueInput
C:\Users\justi\Documents\GitHub\AlexsMobs-26.2\src\main\java\com\github\alexthe666\alexsmobs\entity\EntityMungus.java:443: error: cannot find symbol
        if (compound.contains("BeamTarget")) {
                    ^
  symbol:   method contains(String)
  location: variable compound of type ValueInput
C:\Users\justi\Documents\GitHub\AlexsMobs-26.2\src\main\java\com\github\alexthe666\alexsmobs\entity\EntityMungus.java:444: error: cannot find symbol
            this.setBeamTarget(NbtUtils.readBlockPos(compound.getCompound("BeamTarget")));
                                                             ^
  symbol:   method getCompound(String)
  location: variable compound of type ValueInput
C:\Users\justi\Documents\GitHub\AlexsMobs-26.2\src\main\java\com\github\alexthe666\alexsmobs\entity\EntityMungus.java:450: error: cannot find symbol
        this.entityData.set(ALT_ORDER_MUSHROOMS, compound.getBoolean("AltMush"));
                                                         ^
  symbol:   method getBoolean(String)
  location: variable compound of type ValueInput
C:\Users\justi\Documents\GitHub\AlexsMobs-26.2\src\main\java\com\github\alexthe666\alexsmobs\entity\EntityMungus.java:451: error: cannot find symbol
        if (compound.contains("EggTime")) {
                    ^
  symbol:   method contains(String)
  location: variable compound of type ValueInput
C:\Users\justi\Documents\GitHub\AlexsMobs-26.2\src\main\java\com\github\alexthe666\alexsmobs\entity\EntityMungus.java:493: error: method isValidBonemealTarget in interface BonemealableBlock cannot be applied to given types;
                        if (igrowable.isValidBonemealTarget(this.level(), t, state, this.level().isClientSide())) {
                                     ^
  required: LevelReader,BlockPos,BlockState
  found:    Level,BlockPos,BlockState,boolean
  reason: actual and formal argument lists differ in length
C:\Users\justi\Documents\GitHub\AlexsMobs-26.2\src\main\java\com\github\alexthe666\alexsmobs\entity\EntityMungus.java:548: error: method finalizeSpawn in class AgeableMob cannot be applied to given types;
        return super.finalizeSpawn(worldIn, difficultyIn, reason, spawnDataIn, dataTag);
                    ^
  required: ServerLevelAccessor,DifficultyInstance,EntitySpawnReason,SpawnGroupData
  found:    ServerLevelAccessor,DifficultyInstance,EntitySpawnReason,SpawnGroupData,CompoundTag
  reason: actual and formal argument lists differ in length
C:\Users\justi\Documents\GitHub\AlexsMobs-26.2\src\main\java\com\github\alexthe666\alexsmobs\entity\EntityMungus.java:592: error: no suitable method found for create(ServerLevel)
        return AMEntityRegistry.MUNGUS.get().create(p_241840_1_);
                                            ^
    method EntityType.create(ServerLevel,@org.jspecify.annotations.Nullable PostSpawnProcessor<EntityMungus>,BlockPos,EntitySpawnReason,boolean,boolean) is not applicable
      (actual and formal argument lists differ in length)
    method EntityType.create(Level,EntitySpawnReason) is not applicable
      (actual and formal argument lists differ in length)
    method EntityType.create(Level,EntitySpawnRequest) is not applicable
      (actual and formal argument lists differ in length)
    method EntityType.create(ValueInput,Level,EntitySpawnRequest) is not applicable
      (actual and formal argument lists differ in length)
    method EntityType.create(EntityType<?>,ValueInput,Level,EntitySpawnReason) is not applicable
      (actual and formal argument lists differ in length)
C:\Users\justi\Documents\GitHub\AlexsMobs-26.2\src\main\java\com\github\alexthe666\alexsmobs\entity\EntityMungus.java:633: error: method does not override or implement a method from a supertype
    @Override
    ^
C:\Users\justi\Documents\GitHub\AlexsMobs-26.2\src\main\java\com\github\alexthe666\alexsmobs\entity\EntityMungus.java:638: error: method does not override or implement a method from a supertype
    @Override
    ^
C:\Users\justi\Documents\GitHub\AlexsMobs-26.2\src\main\java\com\github\alexthe666\alexsmobs\entity\EntityMungus.java:654: error: method does not override or implement a method from a supertype
    @Override
    ^
C:\Users\justi\Documents\GitHub\AlexsMobs-26.2\src\main\java\com\github\alexthe666\alexsmobs\entity\EntityMurmur.java:36: error: cannot find symbol
    private static final EntityDataAccessor<Optional<UUID>> HEAD_UUID = SynchedEntityData.defineId(EntityMurmur.class, EntityDataSerializers.OPTIONAL_UUID);
                                                                                                                                            ^
  symbol:   variable OPTIONAL_UUID
  location: class EntityDataSerializers
C:\Users\justi\Documents\GitHub\AlexsMobs-26.2\src\main\java\com\github\alexthe666\alexsmobs\entity\EntityMurmur.java:77: error: isAlliedTo(Entity) in EntityMurmur cannot override isAlliedTo(@org.jspecify.annotations.Nullable Entity) in Entity
    public boolean isAlliedTo(Entity entity) {
                   ^
  overridden method is final
C:\Users\justi\Documents\GitHub\AlexsMobs-26.2\src\main\java\com\github\alexthe666\alexsmobs\entity\EntityMurmur.java:81: error: method does not override or implement a method from a supertype
    @Override
    ^
C:\Users\justi\Documents\GitHub\AlexsMobs-26.2\src\main\java\com\github\alexthe666\alexsmobs\entity\EntityMurmur.java:83: error: height has private access in EntityDimensions
        return dimensions.height * 1.2F;
                         ^
C:\Users\justi\Documents\GitHub\AlexsMobs-26.2\src\main\java\com\github\alexthe666\alexsmobs\client\model\ModelMurmurHead.java:91: error: cannot find symbol
            f1 += Mth.sin(Mth.lerp(partialTicks, entity.walkDistO, entity.walkDist) * 6.0F) * 32.0F * 1F;
                                                       ^
  symbol:   variable walkDistO
  location: variable entity of type EntityMurmurHead
C:\Users\justi\Documents\GitHub\AlexsMobs-26.2\src\main\java\com\github\alexthe666\alexsmobs\client\model\ModelMurmurHead.java:91: error: cannot find symbol
            f1 += Mth.sin(Mth.lerp(partialTicks, entity.walkDistO, entity.walkDist) * 6.0F) * 32.0F * 1F;
                                                                         ^
  symbol:   variable walkDist
  location: variable entity of type EntityMurmurHead
C:\Users\justi\Documents\GitHub\AlexsMobs-26.2\src\main\java\com\github\alexthe666\alexsmobs\entity\EntityMurmurHead.java:43: error: cannot find symbol
    private static final EntityDataAccessor<Optional<UUID>> BODY_UUID = SynchedEntityData.defineId(EntityMurmurHead.class, EntityDataSerializers.OPTIONAL_UUID);
                                                                                                                                                ^
  symbol:   variable OPTIONAL_UUID
  location: class EntityDataSerializers
C:\Users\justi\Documents\GitHub\AlexsMobs-26.2\src\main\java\com\github\alexthe666\alexsmobs\entity\EntityMurmurHead.java:72: error: cannot find symbol
        flyingpathnavigation.setCanPassDoors(true);
                            ^
  symbol:   method setCanPassDoors(boolean)
  location: variable flyingpathnavigation of type FlyingPathNavigation
C:\Users\justi\Documents\GitHub\AlexsMobs-26.2\src\main\java\com\github\alexthe666\alexsmobs\entity\EntityMurmurHead.java:196: error: method does not override or implement a method from a supertype
    @Override
    ^
C:\Users\justi\Documents\GitHub\AlexsMobs-26.2\src\main\java\com\github\alexthe666\alexsmobs\entity\EntityMurmurHead.java:198: error: height has private access in EntityDimensions
        return dimensions.height * 0.35F;
                         ^
C:\Users\justi\Documents\GitHub\AlexsMobs-26.2\src\main\java\com\github\alexthe666\alexsmobs\entity\EntityMurmurHead.java:273: error: hurt(DamageSource,float) in EntityMurmurHead cannot override hurt(DamageSource,float) in Entity
    public boolean hurt(DamageSource source, float damage) {
                   ^
  overridden method is final
C:\Users\justi\Documents\GitHub\AlexsMobs-26.2\src\main\java\com\github\alexthe666\alexsmobs\entity\EntityMurmurHead.java:272: error: method does not override or implement a method from a supertype
    @Override
    ^
C:\Users\justi\Documents\GitHub\AlexsMobs-26.2\src\main\java\com\github\alexthe666\alexsmobs\entity\EntityMurmurHead.java:278: error: 'void' type not allowed here
        if(body != null && body.hurt(source, 0.5F * damage)){
                                    ^
C:\Users\justi\Documents\GitHub\AlexsMobs-26.2\src\main\java\com\github\alexthe666\alexsmobs\entity\EntityMurmurHead.java:281: error: incompatible types: void cannot be converted to boolean
        return super.hurt(source, damage);
                         ^
C:\Users\justi\Documents\GitHub\AlexsMobs-26.2\src\main\java\com\github\alexthe666\alexsmobs\entity\EntityMurmurHead.java:285: error: method isInvulnerableTo in class LivingEntity cannot be applied to given types;
        return super.isInvulnerableTo(damageSource) || damageSource.is(DamageTypes.IN_WALL);
                    ^
  required: ServerLevel,DamageSource
  found:    DamageSource
  reason: actual and formal argument lists differ in length
C:\Users\justi\Documents\GitHub\AlexsMobs-26.2\src\main\java\com\github\alexthe666\alexsmobs\entity\EntityMurmurHead.java:331: error: isAlliedTo(Entity) in EntityMurmurHead cannot override isAlliedTo(@org.jspecify.annotations.Nullable Entity) in Entity
    public boolean isAlliedTo(Entity entity) {
                   ^
  overridden method is final
C:\Users\justi\Documents\GitHub\AlexsMobs-26.2\src\main\java\com\github\alexthe666\alexsmobs\entity\EntityMurmurHead.java:460: error: cannot find symbol
                            EntityMurmurHead.this.gameEvent(GameEvent.ENTITY_ROAR);
                                                                     ^
  symbol:   variable ENTITY_ROAR
  location: class GameEvent
C:\Users\justi\Documents\GitHub\AlexsMobs-26.2\src\main\java\com\github\alexthe666\alexsmobs\client\model\ModelMysteriousWorm.java:67: error: method does not override or implement a method from a supertype
    @Override
    ^
C:\Users\justi\Documents\GitHub\AlexsMobs-26.2\src\main\java\com\github\alexthe666\alexsmobs\client\model\ModelOrca.java:118: error: cannot find symbol
        if (this.young) {
                ^
  symbol: variable young
C:\Users\justi\Documents\GitHub\AlexsMobs-26.2\src\main\java\com\github\alexthe666\alexsmobs\client\model\ModelOrca.java:123: error: no suitable method found for render(PoseStack,VertexConsumer,int,int,float,float,float,float)
                p_228292_8_.render(matrixStackIn, bufferIn, packedLightIn, packedOverlayIn, red, green, blue, alpha);
                           ^
    method BasicModelPart.render(PoseStack,VertexConsumer,int,int) is not applicable
      (actual and formal argument lists differ in length)
    method BasicModelPart.render(PoseStack,VertexConsumer,int,int,int) is not applicable
      (actual and formal argument lists differ in length)
C:\Users\justi\Documents\GitHub\AlexsMobs-26.2\src\main\java\com\github\alexthe666\alexsmobs\client\model\ModelOrca.java:129: error: no suitable method found for render(PoseStack,VertexConsumer,int,int,float,float,float,float)
                p_228290_8_.render(matrixStackIn, bufferIn, packedLightIn, packedOverlayIn, red, green, blue, alpha);
                           ^
    method BasicModelPart.render(PoseStack,VertexConsumer,int,int) is not applicable
      (actual and formal argument lists differ in length)
    method BasicModelPart.render(PoseStack,VertexConsumer,int,int,int) is not applicable
      (actual and formal argument lists differ in length)
C:\Users\justi\Documents\GitHub\AlexsMobs-26.2\src\main\java\com\github\alexthe666\alexsmobs\entity\EntityOrca.java:155: error: cannot find symbol
        this.goalSelector.addGoal(8, new FollowBoatGoal(this));
                                         ^
  symbol:   class FollowBoatGoal
  location: class EntityOrca
C:\Users\justi\Documents\GitHub\AlexsMobs-26.2\src\main\java\com\github\alexthe666\alexsmobs\entity\EntityOrca.java:191: error: method customServerAiStep in class Animal cannot be applied to given types;
        super.customServerAiStep();
             ^
  required: ServerLevel
  found:    no arguments
  reason: actual and formal argument lists differ in length
C:\Users\justi\Documents\GitHub\AlexsMobs-26.2\src\main\java\com\github\alexthe666\alexsmobs\entity\EntityOrca.java:253: error: cannot find symbol
                    this.hasImpulse = true;
                        ^
  symbol: variable hasImpulse
C:\Users\justi\Documents\GitHub\AlexsMobs-26.2\src\main\java\com\github\alexthe666\alexsmobs\entity\EntityOrca.java:278: error: incompatible types: void cannot be converted to boolean
                boolean flag = attackTarget.hurt(this.damageSources().mobAttack(this), damage);
                                                ^
C:\Users\justi\Documents\GitHub\AlexsMobs-26.2\src\main\java\com\github\alexthe666\alexsmobs\entity\EntityOrca.java:280: error: cannot find symbol
                    this.doEnchantDamageEffects(this, attackTarget);
                        ^
  symbol: method doEnchantDamageEffects(EntityOrca,LivingEntity)
C:\Users\justi\Documents\GitHub\AlexsMobs-26.2\src\main\java\com\github\alexthe666\alexsmobs\entity\EntityOrca.java:289: error: incompatible types: void cannot be converted to boolean
                boolean flag = attackTarget.hurt(this.damageSources().mobAttack(this), damage);
                                                ^
C:\Users\justi\Documents\GitHub\AlexsMobs-26.2\src\main\java\com\github\alexthe666\alexsmobs\entity\EntityOrca.java:291: error: cannot find symbol
                    this.doEnchantDamageEffects(this, attackTarget);
                        ^
  symbol: method doEnchantDamageEffects(EntityOrca,LivingEntity)
C:\Users\justi\Documents\GitHub\AlexsMobs-26.2\src\main\java\com\github\alexthe666\alexsmobs\entity\EntityOrca.java:295: error: no suitable method found for knockback(float,float,float)
                attackTarget.knockback(1F, Mth.sin(yRotRad), -Mth.cos(yRotRad));
                            ^
    method LivingEntity.knockback(double,double,double,DamageSource,float,boolean) is not applicable
      (actual and formal argument lists differ in length)
    method LivingEntity.knockback(double,double,double,DamageSource,float) is not applicable
      (actual and formal argument lists differ in length)
C:\Users\justi\Documents\GitHub\AlexsMobs-26.2\src\main\java\com\github\alexthe666\alexsmobs\entity\EntityOrca.java:301: error: incompatible types: MobEffect cannot be converted to Holder<MobEffect>
        if (attackTarget != null && attackTarget instanceof Player && attackTarget.hasEffect(AMEffectRegistry.ORCAS_MIGHT.get())) {
                                                                                                                             ^
C:\Users\justi\Documents\GitHub\AlexsMobs-26.2\src\main\java\com\github\alexthe666\alexsmobs\entity\EntityOrca.java:302: error: incompatible types: MobEffect cannot be converted to Holder<MobEffect>
            attackTarget.removeEffect(AMEffectRegistry.ORCAS_MIGHT.get());
                                                                      ^
C:\Users\justi\Documents\GitHub\AlexsMobs-26.2\src\main\java\com\github\alexthe666\alexsmobs\entity\EntityOrca.java:353: error: no suitable method found for create(ServerLevel)
        return AMEntityRegistry.ORCA.get().create(serverWorld);
                                          ^
    method EntityType.create(ServerLevel,@org.jspecify.annotations.Nullable PostSpawnProcessor<EntityOrca>,BlockPos,EntitySpawnReason,boolean,boolean) is not applicable
      (actual and formal argument lists differ in length)
    method EntityType.create(Level,EntitySpawnReason) is not applicable
      (actual and formal argument lists differ in length)
    method EntityType.create(Level,EntitySpawnRequest) is not applicable
      (actual and formal argument lists differ in length)
    method EntityType.create(ValueInput,Level,EntitySpawnRequest) is not applicable
      (actual and formal argument lists differ in length)
    method EntityType.create(EntityType<?>,ValueInput,Level,EntitySpawnReason) is not applicable
      (actual and formal argument lists differ in length)
C:\Users\justi\Documents\GitHub\AlexsMobs-26.2\src\main\java\com\github\alexthe666\alexsmobs\entity\EntityOrca.java:372: error: method finalizeSpawn in class AgeableMob cannot be applied to given types;
        return super.finalizeSpawn(worldIn, difficultyIn, reason, spawnDataIn, dataTag);
                    ^
  required: ServerLevelAccessor,DifficultyInstance,EntitySpawnReason,SpawnGroupData
  found:    ServerLevelAccessor,DifficultyInstance,EntitySpawnReason,SpawnGroupData,CompoundTag
  reason: actual and formal argument lists differ in length
C:\Users\justi\Documents\GitHub\AlexsMobs-26.2\src\main\java\com\github\alexthe666\alexsmobs\entity\EntityOrca.java:409: error: incompatible types: void cannot be converted to boolean
        boolean flag = entityIn.hurt(this.damageSources().mobAttack(this), (float) ((int) this.getAttributeValue(Attributes.ATTACK_DAMAGE)));
                                    ^
C:\Users\justi\Documents\GitHub\AlexsMobs-26.2\src\main\java\com\github\alexthe666\alexsmobs\entity\EntityOrca.java:411: error: cannot find symbol
            this.doEnchantDamageEffects(this, entityIn);
                ^
  symbol: method doEnchantDamageEffects(EntityOrca,LivingEntity)
C:\Users\justi\Documents\GitHub\AlexsMobs-26.2\src\main\java\com\github\alexthe666\alexsmobs\entity\EntityOrca.java:436: error: incompatible types: TargetingConditions cannot be converted to Entity
            this.targetPlayer = this.dolphin.level().getNearestPlayer(EntityOrca.PLAYER_PREDICATE, this.dolphin);
                                                                                ^
C:\Users\justi\Documents\GitHub\AlexsMobs-26.2\src\main\java\com\github\alexthe666\alexsmobs\entity\EntityOrca.java:465: error: no suitable constructor found for MobEffectInstance(MobEffect,int)
                this.targetPlayer.addEffect(new MobEffectInstance(AMEffectRegistry.ORCAS_MIGHT.get(), 1000));
                                            ^
    constructor MobEffectInstance.MobEffectInstance(Holder<MobEffect>,int) is not applicable
      (argument mismatch; MobEffect cannot be converted to Holder<MobEffect>)
    constructor MobEffectInstance.MobEffectInstance(Holder<MobEffect>,Details) is not applicable
      (argument mismatch; MobEffect cannot be converted to Holder<MobEffect>)
C:\Users\justi\Documents\GitHub\AlexsMobs-26.2\src\main\java\com\github\alexthe666\alexsmobs\client\model\ModelPlatypus.java:154: error: method does not override or implement a method from a supertype
    @Override
    ^
C:\Users\justi\Documents\GitHub\AlexsMobs-26.2\src\main\java\com\github\alexthe666\alexsmobs\client\model\ModelPlatypus.java:156: error: cannot find symbol
        if (this.young) {
                ^
  symbol: variable young
C:\Users\justi\Documents\GitHub\AlexsMobs-26.2\src\main\java\com\github\alexthe666\alexsmobs\client\model\ModelPlatypus.java:164: error: no suitable method found for render(PoseStack,VertexConsumer,int,int,float,float,float,float)
                p_228292_8_.render(matrixStackIn, bufferIn, packedLightIn, packedOverlayIn, red, green, blue, alpha);
                           ^
    method BasicModelPart.render(PoseStack,VertexConsumer,int,int) is not applicable
      (actual and formal argument lists differ in length)
    method BasicModelPart.render(PoseStack,VertexConsumer,int,int,int) is not applicable
      (actual and formal argument lists differ in length)
C:\Users\justi\Documents\GitHub\AlexsMobs-26.2\src\main\java\com\github\alexthe666\alexsmobs\client\model\ModelPlatypus.java:171: error: no suitable method found for render(PoseStack,VertexConsumer,int,int,float,float,float,float)
                p_228290_8_.render(matrixStackIn, bufferIn, packedLightIn, packedOverlayIn, red, green, blue, alpha);
                           ^
    method BasicModelPart.render(PoseStack,VertexConsumer,int,int) is not applicable
      (actual and formal argument lists differ in length)
    method BasicModelPart.render(PoseStack,VertexConsumer,int,int,int) is not applicable
      (actual and formal argument lists differ in length)
C:\Users\justi\Documents\GitHub\AlexsMobs-26.2\src\main\java\com\github\alexthe666\alexsmobs\entity\EntityPlatypus.java:113: error: cannot find symbol
            stack.setCustomName(this.getCustomName());
                 ^
  symbol:   method setCustomName(Component)
  location: variable stack of type ItemStack
C:\Users\justi\Documents\GitHub\AlexsMobs-26.2\src\main\java\com\github\alexthe666\alexsmobs\entity\EntityPlatypus.java:121: error: cannot find symbol
            bucket.setCustomName(this.getCustomName());
                  ^
  symbol:   method setCustomName(Component)
  location: variable bucket of type ItemStack
C:\Users\justi\Documents\GitHub\AlexsMobs-26.2\src\main\java\com\github\alexthe666\alexsmobs\entity\EntityPlatypus.java:124: error: incompatible types: CompoundTag cannot be converted to ValueOutput
        this.addAdditionalSaveData(platTag);
                                   ^
C:\Users\justi\Documents\GitHub\AlexsMobs-26.2\src\main\java\com\github\alexthe666\alexsmobs\entity\EntityPlatypus.java:125: error: cannot find symbol
        CompoundTag compound = bucket.getOrCreateTag();
                                     ^
  symbol:   method getOrCreateTag()
  location: variable bucket of type ItemStack
C:\Users\justi\Documents\GitHub\AlexsMobs-26.2\src\main\java\com\github\alexthe666\alexsmobs\entity\EntityPlatypus.java:132: error: incompatible types: Optional<CompoundTag> cannot be converted to ValueInput
            this.readAdditionalSaveData(compound.getCompound("PlatypusData"));
                                                            ^
C:\Users\justi\Documents\GitHub\AlexsMobs-26.2\src\main\java\com\github\alexthe666\alexsmobs\entity\EntityPlatypus.java:145: error: cannot find symbol
            return InteractionResult.sidedSuccess(this.level().isClientSide());
                                    ^
  symbol:   method sidedSuccess(boolean)
  location: interface InteractionResult
C:\Users\justi\Documents\GitHub\AlexsMobs-26.2\src\main\java\com\github\alexthe666\alexsmobs\entity\EntityPlatypus.java:153: error: cannot find symbol
            return InteractionResult.sidedSuccess(this.level().isClientSide());
                                    ^
  symbol:   method sidedSuccess(boolean)
  location: interface InteractionResult
C:\Users\justi\Documents\GitHub\AlexsMobs-26.2\src\main\java\com\github\alexthe666\alexsmobs\entity\EntityPlatypus.java:166: error: no suitable method found for of(TagKey<Item>)
        this.goalSelector.addGoal(3, new TemptGoal(this, 1.0D, Ingredient.of(AMTagRegistry.PLATYPUS_CHARGEABLES), false){
                                                                         ^
    method Ingredient.of(ItemLike) is not applicable
      (argument mismatch; TagKey<Item> cannot be converted to ItemLike)
    method Ingredient.of(ItemLike...) is not applicable
      (varargs mismatch; TagKey<Item> cannot be converted to ItemLike)
    method Ingredient.of(Stream<? extends ItemLike>) is not applicable
      (argument mismatch; TagKey<Item> cannot be converted to Stream<? extends ItemLike>)
    method Ingredient.of(HolderSet<Item>) is not applicable
      (argument mismatch; TagKey<Item> cannot be converted to HolderSet<Item>)
C:\Users\justi\Documents\GitHub\AlexsMobs-26.2\src\main\java\com\github\alexthe666\alexsmobs\entity\EntityPlatypus.java:181: error: no suitable method found for of(TagKey<Item>)
        this.goalSelector.addGoal(5, new TemptGoal(this, 1.1D, Ingredient.of(AMTagRegistry.PLATYPUS_FOODSTUFFS), false){
                                                                         ^
    method Ingredient.of(ItemLike) is not applicable
      (argument mismatch; TagKey<Item> cannot be converted to ItemLike)
    method Ingredient.of(ItemLike...) is not applicable
      (varargs mismatch; TagKey<Item> cannot be converted to ItemLike)
    method Ingredient.of(Stream<? extends ItemLike>) is not applicable
      (argument mismatch; TagKey<Item> cannot be converted to Stream<? extends ItemLike>)
    method Ingredient.of(HolderSet<Item>) is not applicable
      (argument mismatch; TagKey<Item> cannot be converted to HolderSet<Item>)
C:\Users\justi\Documents\GitHub\AlexsMobs-26.2\src\main\java\com\github\alexthe666\alexsmobs\entity\EntityPlatypus.java:202: error: hurt(DamageSource,float) in EntityPlatypus cannot override hurt(DamageSource,float) in Entity
    public boolean hurt(DamageSource source, float amount) {
                   ^
  overridden method is final
C:\Users\justi\Documents\GitHub\AlexsMobs-26.2\src\main\java\com\github\alexthe666\alexsmobs\entity\EntityPlatypus.java:203: error: incompatible types: void cannot be converted to boolean
        boolean prev = super.hurt(source, amount);
                                 ^
C:\Users\justi\Documents\GitHub\AlexsMobs-26.2\src\main\java\com\github\alexthe666\alexsmobs\entity\EntityPlatypus.java:239: error: no suitable method found for addParticle(BlockParticleOption,boolean,double,double,double,double,double,double)
                    level().addParticle(new BlockParticleOption(ParticleTypes.BLOCK, state), true, this.getX() + extraX, ground.getY() + extraY, this.getZ() + extraZ, motionX, motionY, motionZ);
                           ^
    method Level.addParticle(ParticleOptions,double,double,double,double,double,double) is not applicable
      (actual and formal argument lists differ in length)
    method Level.addParticle(ParticleOptions,boolean,boolean,double,double,double,double,double,double) is not applicable
      (actual and formal argument lists differ in length)
C:\Users\justi\Documents\GitHub\AlexsMobs-26.2\src\main\java\com\github\alexthe666\alexsmobs\entity\EntityPlatypus.java:249: error: method finalizeSpawn in class AgeableMob cannot be applied to given types;
        return super.finalizeSpawn(worldIn, difficultyIn, reason, spawnDataIn, dataTag);
                    ^
  required: ServerLevelAccessor,DifficultyInstance,EntitySpawnReason,SpawnGroupData
  found:    ServerLevelAccessor,DifficultyInstance,EntitySpawnReason,SpawnGroupData,CompoundTag
  reason: actual and formal argument lists differ in length
C:\Users\justi\Documents\GitHub\AlexsMobs-26.2\src\main\java\com\github\alexthe666\alexsmobs\entity\EntityPlatypus.java:277: error: method dropEquipment in class LivingEntity cannot be applied to given types;
        super.dropEquipment();
             ^
  required: ServerLevel
  found:    no arguments
  reason: actual and formal argument lists differ in length
C:\Users\justi\Documents\GitHub\AlexsMobs-26.2\src\main\java\com\github\alexthe666\alexsmobs\entity\EntityPlatypus.java:279: error: no suitable method found for spawnAtLocation(Item)
            this.spawnAtLocation(AMItemRegistry.FEDORA.get());
                ^
    method Entity.spawnAtLocation(ServerLevel,ItemLike) is not applicable
      (actual and formal argument lists differ in length)
    method Entity.spawnAtLocation(ServerLevel,ItemStack) is not applicable
      (actual and formal argument lists differ in length)
    method Entity.spawnAtLocation(ServerLevel,ItemStack,Vec3) is not applicable
      (actual and formal argument lists differ in length)
    method Entity.spawnAtLocation(ServerLevel,ItemStack,float) is not applicable
      (actual and formal argument lists differ in length)
C:\Users\justi\Documents\GitHub\AlexsMobs-26.2\src\main\java\com\github\alexthe666\alexsmobs\entity\EntityPlatypus.java:449: error: no suitable method found for create(ServerLevel)
        return AMEntityRegistry.PLATYPUS.get().create(serverWorld);
                                              ^
    method EntityType.create(ServerLevel,@org.jspecify.annotations.Nullable PostSpawnProcessor<EntityPlatypus>,BlockPos,EntitySpawnReason,boolean,boolean) is not applicable
      (actual and formal argument lists differ in length)
    method EntityType.create(Level,EntitySpawnReason) is not applicable
      (actual and formal argument lists differ in length)
    method EntityType.create(Level,EntitySpawnRequest) is not applicable
      (actual and formal argument lists differ in length)
    method EntityType.create(ValueInput,Level,EntitySpawnRequest) is not applicable
      (actual and formal argument lists differ in length)
    method EntityType.create(EntityType<?>,ValueInput,Level,EntitySpawnReason) is not applicable
      (actual and formal argument lists differ in length)
C:\Users\justi\Documents\GitHub\AlexsMobs-26.2\src\main\java\com\github\alexthe666\alexsmobs\entity\EntityPlatypus.java:460: error: cannot find symbol
        this.playSound(SoundEvents.CAT_EAT, this.getSoundVolume(), this.getVoicePitch());
                                  ^
  symbol:   variable CAT_EAT
  location: class SoundEvents
C:\Users\justi\Documents\GitHub\AlexsMobs-26.2\src\main\java\com\github\alexthe666\alexsmobs\entity\EntityPlatypus.java:504: error: cannot find symbol
            if (this.level.getGameRules().getBoolean(GameRules.RULE_DOMOBLOOT)) {
                                                     ^
  symbol:   variable GameRules
  location: class MateGoal
C:\Users\justi\Documents\GitHub\AlexsMobs-26.2\src\main\java\com\github\alexthe666\alexsmobs\client\model\ModelPotoo.java:167: error: cannot find symbol
        if (this.young) {
                ^
  symbol: variable young
C:\Users\justi\Documents\GitHub\AlexsMobs-26.2\src\main\java\com\github\alexthe666\alexsmobs\client\model\ModelPotoo.java:177: error: no suitable method found for render(PoseStack,VertexConsumer,int,int,float,float,float,float)
                p_228292_8_.render(matrixStackIn, bufferIn, packedLightIn, packedOverlayIn, red, green, blue, alpha);
                           ^
    method BasicModelPart.render(PoseStack,VertexConsumer,int,int) is not applicable
      (actual and formal argument lists differ in length)
    method BasicModelPart.render(PoseStack,VertexConsumer,int,int,int) is not applicable
      (actual and formal argument lists differ in length)
C:\Users\justi\Documents\GitHub\AlexsMobs-26.2\src\main\java\com\github\alexthe666\alexsmobs\client\model\ModelPotoo.java:185: error: no suitable method found for render(PoseStack,VertexConsumer,int,int,float,float,float,float)
                p_228290_8_.render(matrixStackIn, bufferIn, packedLightIn, packedOverlayIn, red, green, blue, alpha);
                           ^
    method BasicModelPart.render(PoseStack,VertexConsumer,int,int) is not applicable
      (actual and formal argument lists differ in length)
    method BasicModelPart.render(PoseStack,VertexConsumer,int,int,int) is not applicable
      (actual and formal argument lists differ in length)
C:\Users\justi\Documents\GitHub\AlexsMobs-26.2\src\main\java\com\github\alexthe666\alexsmobs\entity\EntityPotoo.java:91: error: no suitable method found for of(TagKey<Item>)
        this.goalSelector.addGoal(1, new TemptGoal(this, 1.0D, Ingredient.of(AMTagRegistry.POTOO_BREEDABLES), false));
                                                                         ^
    method Ingredient.of(ItemLike) is not applicable
      (argument mismatch; TagKey<Item> cannot be converted to ItemLike)
    method Ingredient.of(ItemLike...) is not applicable
      (varargs mismatch; TagKey<Item> cannot be converted to ItemLike)
    method Ingredient.of(Stream<? extends ItemLike>) is not applicable
      (argument mismatch; TagKey<Item> cannot be converted to Stream<? extends ItemLike>)
    method Ingredient.of(HolderSet<Item>) is not applicable
      (argument mismatch; TagKey<Item> cannot be converted to HolderSet<Item>)
C:\Users\justi\Documents\GitHub\AlexsMobs-26.2\src\main\java\com\github\alexthe666\alexsmobs\entity\EntityPotoo.java:212: error: cannot find symbol
                this.setSleeping(this.level().isDay() && (this.getTarget() == null || !this.getTarget().isAlive()));
                                             ^
  symbol:   method isDay()
  location: class Level
C:\Users\justi\Documents\GitHub\AlexsMobs-26.2\src\main\java\com\github\alexthe666\alexsmobs\entity\EntityPotoo.java:240: error: cannot find symbol
                    this.gameEvent(GameEvent.ENTITY_ROAR);
                                            ^
  symbol:   variable ENTITY_ROAR
  location: class GameEvent
C:\Users\justi\Documents\GitHub\AlexsMobs-26.2\src\main\java\com\github\alexthe666\alexsmobs\entity\EntityPotoo.java:246: error: cannot find symbol
                    this.gameEvent(GameEvent.ENTITY_ROAR);
                                            ^
  symbol:   variable ENTITY_ROAR
  location: class GameEvent
C:\Users\justi\Documents\GitHub\AlexsMobs-26.2\src\main\java\com\github\alexthe666\alexsmobs\entity\EntityPotoo.java:264: error: hurt(DamageSource,float) in EntityPotoo cannot override hurt(DamageSource,float) in Entity
    public boolean hurt(DamageSource source, float amount) {
                   ^
  overridden method is final
C:\Users\justi\Documents\GitHub\AlexsMobs-26.2\src\main\java\com\github\alexthe666\alexsmobs\entity\EntityPotoo.java:265: error: incompatible types: void cannot be converted to boolean
        boolean prev = super.hurt(source, amount);
                                 ^
C:\Users\justi\Documents\GitHub\AlexsMobs-26.2\src\main\java\com\github\alexthe666\alexsmobs\entity\EntityPotoo.java:272: error: method does not override or implement a method from a supertype
    @Override
    ^
C:\Users\justi\Documents\GitHub\AlexsMobs-26.2\src\main\java\com\github\alexthe666\alexsmobs\entity\EntityPotoo.java:274: error: method isInvulnerableTo in class LivingEntity cannot be applied to given types;
        return source.is(DamageTypes.IN_WALL)  || super.isInvulnerableTo(source);
                                                       ^
  required: ServerLevel,DamageSource
  found:    DamageSource
  reason: actual and formal argument lists differ in length
C:\Users\justi\Documents\GitHub\AlexsMobs-26.2\src\main\java\com\github\alexthe666\alexsmobs\entity\EntityPotoo.java:375: error: cannot find symbol
        if (compound.contains("PerchX") && compound.contains("PerchY") && compound.contains("PerchZ")) {
                    ^
  symbol:   method contains(String)
  location: variable compound of type ValueInput
C:\Users\justi\Documents\GitHub\AlexsMobs-26.2\src\main\java\com\github\alexthe666\alexsmobs\entity\EntityPotoo.java:375: error: cannot find symbol
        if (compound.contains("PerchX") && compound.contains("PerchY") && compound.contains("PerchZ")) {
                                                   ^
  symbol:   method contains(String)
  location: variable compound of type ValueInput
C:\Users\justi\Documents\GitHub\AlexsMobs-26.2\src\main\java\com\github\alexthe666\alexsmobs\entity\EntityPotoo.java:375: error: cannot find symbol
        if (compound.contains("PerchX") && compound.contains("PerchY") && compound.contains("PerchZ")) {
                                                                                  ^
  symbol:   method contains(String)
  location: variable compound of type ValueInput
C:\Users\justi\Documents\GitHub\AlexsMobs-26.2\src\main\java\com\github\alexthe666\alexsmobs\entity\EntityPotoo.java:389: error: no suitable method found for create(ServerLevel)
        return AMEntityRegistry.POTOO.get().create(serverLevel);
                                           ^
    method EntityType.create(ServerLevel,@org.jspecify.annotations.Nullable PostSpawnProcessor<EntityPotoo>,BlockPos,EntitySpawnReason,boolean,boolean) is not applicable
      (actual and formal argument lists differ in length)
    method EntityType.create(Level,EntitySpawnReason) is not applicable
      (actual and formal argument lists differ in length)
    method EntityType.create(Level,EntitySpawnRequest) is not applicable
      (actual and formal argument lists differ in length)
    method EntityType.create(ValueInput,Level,EntitySpawnRequest) is not applicable
      (actual and formal argument lists differ in length)
    method EntityType.create(EntityType<?>,ValueInput,Level,EntitySpawnReason) is not applicable
      (actual and formal argument lists differ in length)
C:\Users\justi\Documents\GitHub\AlexsMobs-26.2\src\main\java\com\github\alexthe666\alexsmobs\entity\EntityPotoo.java:458: error: no suitable method found for startRiding(Player,boolean)
            this.startRiding(player, true);
                ^
    method Entity.startRiding(Entity) is not applicable
      (actual and formal argument lists differ in length)
    method Mob.startRiding(Entity,boolean,boolean) is not applicable
      (actual and formal argument lists differ in length)
C:\Users\justi\Documents\GitHub\AlexsMobs-26.2\src\main\java\com\github\alexthe666\alexsmobs\entity\EntityPotoo.java:660: error: cannot find symbol
            return (perchingTime < 300 || EntityPotoo.this.level().isDay()) && (EntityPotoo.this.getTarget() == null || !EntityPotoo.this.getTarget().isAlive()) && !EntityPotoo.this.isPassenger();
                                                                  ^
  symbol:   method isDay()
  location: class Level
C:\Users\justi\Documents\GitHub\AlexsMobs-26.2\src\main\java\com\github\alexthe666\alexsmobs\client\model\ModelRaccoon.java:232: error: cannot find symbol
        if (this.young) {
                ^
  symbol: variable young
C:\Users\justi\Documents\GitHub\AlexsMobs-26.2\src\main\java\com\github\alexthe666\alexsmobs\client\model\ModelRaccoon.java:240: error: no suitable method found for render(PoseStack,VertexConsumer,int,int,float,float,float,float)
                p_228292_8_.render(matrixStackIn, bufferIn, packedLightIn, packedOverlayIn, red, green, blue, alpha);
                           ^
    method BasicModelPart.render(PoseStack,VertexConsumer,int,int) is not applicable
      (actual and formal argument lists differ in length)
    method BasicModelPart.render(PoseStack,VertexConsumer,int,int,int) is not applicable
      (actual and formal argument lists differ in length)
C:\Users\justi\Documents\GitHub\AlexsMobs-26.2\src\main\java\com\github\alexthe666\alexsmobs\client\model\ModelRaccoon.java:247: error: no suitable method found for render(PoseStack,VertexConsumer,int,int,float,float,float,float)
                p_228290_8_.render(matrixStackIn, bufferIn, packedLightIn, packedOverlayIn, red, green, blue, alpha);
                           ^
    method BasicModelPart.render(PoseStack,VertexConsumer,int,int) is not applicable
      (actual and formal argument lists differ in length)
    method BasicModelPart.render(PoseStack,VertexConsumer,int,int,int) is not applicable
      (actual and formal argument lists differ in length)
C:\Users\justi\Documents\GitHub\AlexsMobs-26.2\src\main\java\com\github\alexthe666\alexsmobs\entity\EntityRaccoon.java:147: error: isAlliedTo(Entity) in EntityRaccoon cannot override isAlliedTo(@org.jspecify.annotations.Nullable Entity) in Entity
    public boolean isAlliedTo(Entity entityIn) {
                   ^
  overridden method is final
C:\Users\justi\Documents\GitHub\AlexsMobs-26.2\src\main\java\com\github\alexthe666\alexsmobs\entity\EntityRaccoon.java:176: error: method dropEquipment in class LivingEntity cannot be applied to given types;
        super.dropEquipment();
             ^
  required: ServerLevel
  found:    no arguments
  reason: actual and formal argument lists differ in length
C:\Users\justi\Documents\GitHub\AlexsMobs-26.2\src\main\java\com\github\alexthe666\alexsmobs\entity\EntityRaccoon.java:179: error: no suitable method found for spawnAtLocation(Item)
                this.spawnAtLocation(this.getCarpetItemBeingWorn());
                    ^
    method Entity.spawnAtLocation(ServerLevel,ItemLike) is not applicable
      (actual and formal argument lists differ in length)
    method Entity.spawnAtLocation(ServerLevel,ItemStack) is not applicable
      (actual and formal argument lists differ in length)
    method Entity.spawnAtLocation(ServerLevel,ItemStack,Vec3) is not applicable
      (actual and formal argument lists differ in length)
    method Entity.spawnAtLocation(ServerLevel,ItemStack,float) is not applicable
      (actual and formal argument lists differ in length)
C:\Users\justi\Documents\GitHub\AlexsMobs-26.2\src\main\java\com\github\alexthe666\alexsmobs\entity\EntityRaccoon.java:217: error: no suitable method found for spawnAtLocation(ItemStack)
                this.spawnAtLocation(this.getMainHandItem().copy());
                    ^
    method Entity.spawnAtLocation(ServerLevel,ItemLike) is not applicable
      (actual and formal argument lists differ in length)
    method Entity.spawnAtLocation(ServerLevel,ItemStack) is not applicable
      (actual and formal argument lists differ in length)
    method Entity.spawnAtLocation(ServerLevel,ItemStack,Vec3) is not applicable
      (actual and formal argument lists differ in length)
    method Entity.spawnAtLocation(ServerLevel,ItemStack,float) is not applicable
      (actual and formal argument lists differ in length)
C:\Users\justi\Documents\GitHub\AlexsMobs-26.2\src\main\java\com\github\alexthe666\alexsmobs\entity\EntityRaccoon.java:226: error: no suitable method found for spawnAtLocation(Item)
                    this.spawnAtLocation(this.getCarpetItemBeingWorn());
                        ^
    method Entity.spawnAtLocation(ServerLevel,ItemLike) is not applicable
      (actual and formal argument lists differ in length)
    method Entity.spawnAtLocation(ServerLevel,ItemStack) is not applicable
      (actual and formal argument lists differ in length)
    method Entity.spawnAtLocation(ServerLevel,ItemStack,Vec3) is not applicable
      (actual and formal argument lists differ in length)
    method Entity.spawnAtLocation(ServerLevel,ItemStack,float) is not applicable
      (actual and formal argument lists differ in length)
C:\Users\justi\Documents\GitHub\AlexsMobs-26.2\src\main\java\com\github\alexthe666\alexsmobs\entity\EntityRaccoon.java:229: error: incompatible types: Reference<SoundEvent> cannot be converted to SoundEvent
                this.playSound(SoundEvents.LLAMA_SWAG, 1.0F, (this.random.nextFloat() - this.random.nextFloat()) * 0.2F + 1.0F);
                                          ^
C:\Users\justi\Documents\GitHub\AlexsMobs-26.2\src\main\java\com\github\alexthe666\alexsmobs\entity\EntityRaccoon.java:235: error: cannot find symbol
        } else if (owner && this.getColor() != null && itemstack.is(Tags.Items.SHEARS)) {
                                                                              ^
  symbol:   variable SHEARS
  location: class Items
C:\Users\justi\Documents\GitHub\AlexsMobs-26.2\src\main\java\com\github\alexthe666\alexsmobs\entity\EntityRaccoon.java:239: error: no suitable method found for spawnAtLocation(Item)
                this.spawnAtLocation(this.getCarpetItemBeingWorn());
                    ^
    method Entity.spawnAtLocation(ServerLevel,ItemLike) is not applicable
      (actual and formal argument lists differ in length)
    method Entity.spawnAtLocation(ServerLevel,ItemStack) is not applicable
      (actual and formal argument lists differ in length)
    method Entity.spawnAtLocation(ServerLevel,ItemStack,Vec3) is not applicable
      (actual and formal argument lists differ in length)
    method Entity.spawnAtLocation(ServerLevel,ItemStack,float) is not applicable
      (actual and formal argument lists differ in length)
C:\Users\justi\Documents\GitHub\AlexsMobs-26.2\src\main\java\com\github\alexthe666\alexsmobs\entity\EntityRaccoon.java:249: error: cannot find symbol
                if (itemstack.hasCraftingRemainingItem()) {
                             ^
  symbol:   method hasCraftingRemainingItem()
  location: variable itemstack of type ItemStack
C:\Users\justi\Documents\GitHub\AlexsMobs-26.2\src\main\java\com\github\alexthe666\alexsmobs\entity\EntityRaccoon.java:250: error: cannot find symbol
                    this.spawnAtLocation(itemstack.getCraftingRemainingItem());
                                                  ^
  symbol:   method getCraftingRemainingItem()
  location: variable itemstack of type ItemStack
C:\Users\justi\Documents\GitHub\AlexsMobs-26.2\src\main\java\com\github\alexthe666\alexsmobs\entity\EntityRaccoon.java:258: error: incompatible types: Reference<SoundEvent> cannot be converted to SoundEvent
                this.playSound(SoundEvents.GENERIC_EAT, this.getSoundVolume(), this.getVoicePitch());
                                          ^
C:\Users\justi\Documents\GitHub\AlexsMobs-26.2\src\main\java\com\github\alexthe666\alexsmobs\entity\EntityRaccoon.java:271: error: cannot find symbol
                player.displayClientMessage(Component.translatable("entity.alexsmobs.all.command_" + this.getCommand(), this.getName()), true);
                      ^
  symbol:   method displayClientMessage(MutableComponent,boolean)
  location: variable player of type Player
C:\Users\justi\Documents\GitHub\AlexsMobs-26.2\src\main\java\com\github\alexthe666\alexsmobs\entity\EntityRaccoon.java:302: error: no suitable method found for set(EntityDataAccessor<Integer>,Optional<Integer>)
        this.entityData.set(CARPET_COLOR, compound.getInt("Carpet"));
                       ^
    method SynchedEntityData.<T#1>set(EntityDataAccessor<T#1>,T#1) is not applicable
      (inference variable T#1 has incompatible bounds
        equality constraints: Integer
        lower bounds: Optional<Integer>)
    method SynchedEntityData.<T#2>set(EntityDataAccessor<T#2>,T#2,boolean) is not applicable
      (cannot infer type-variable(s) T#2
        (actual and formal argument lists differ in length))
  where T#1,T#2 are type-variables:
    T#1 extends Object declared in method <T#1>set(EntityDataAccessor<T#1>,T#1)
    T#2 extends Object declared in method <T#2>set(EntityDataAccessor<T#2>,T#2,boolean)
C:\Users\justi\Documents\GitHub\AlexsMobs-26.2\src\main\java\com\github\alexthe666\alexsmobs\entity\EntityRaccoon.java:324: error: cannot find symbol
        return stack.isEdible() || stack.is(AMTagRegistry.RACCOON_FOODSTUFFS);
                    ^
  symbol:   method isEdible()
  location: variable stack of type ItemStack
C:\Users\justi\Documents\GitHub\AlexsMobs-26.2\src\main\java\com\github\alexthe666\alexsmobs\entity\EntityRaccoon.java:331: error: hurt(DamageSource,float) in EntityRaccoon cannot override hurt(DamageSource,float) in Entity
    public boolean hurt(DamageSource source, float amount) {
                   ^
  overridden method is final
C:\Users\justi\Documents\GitHub\AlexsMobs-26.2\src\main\java\com\github\alexthe666\alexsmobs\entity\EntityRaccoon.java:332: error: method isInvulnerableTo in class LivingEntity cannot be applied to given types;
        if (this.isInvulnerableTo(source)) {
                ^
  required: ServerLevel,DamageSource
  found:    DamageSource
  reason: actual and formal argument lists differ in length
C:\Users\justi\Documents\GitHub\AlexsMobs-26.2\src\main\java\com\github\alexthe666\alexsmobs\entity\EntityRaccoon.java:340: error: incompatible types: void cannot be converted to boolean
            return super.hurt(source, amount);
                             ^
C:\Users\justi\Documents\GitHub\AlexsMobs-26.2\src\main\java\com\github\alexthe666\alexsmobs\entity\EntityRaccoon.java:403: error: cannot find symbol
                if (this.getMainHandItem().hasCraftingRemainingItem()) {
                                          ^
  symbol:   method hasCraftingRemainingItem()
  location: class ItemStack
C:\Users\justi\Documents\GitHub\AlexsMobs-26.2\src\main\java\com\github\alexthe666\alexsmobs\entity\EntityRaccoon.java:404: error: cannot find symbol
                    this.spawnAtLocation(this.getMainHandItem().getCraftingRemainingItem());
                                                               ^
  symbol:   method getCraftingRemainingItem()
  location: class ItemStack
C:\Users\justi\Documents\GitHub\AlexsMobs-26.2\src\main\java\com\github\alexthe666\alexsmobs\entity\EntityRaccoon.java:428: error: no suitable method found for knockback(float,double,double)
            this.getTarget().knockback(0.35F, getTarget().getX() - this.getX(), getTarget().getZ() - this.getZ());
                            ^
    method LivingEntity.knockback(double,double,double,DamageSource,float,boolean) is not applicable
      (actual and formal argument lists differ in length)
    method LivingEntity.knockback(double,double,double,DamageSource,float) is not applicable
      (actual and formal argument lists differ in length)
C:\Users\justi\Documents\GitHub\AlexsMobs-26.2\src\main\java\com\github\alexthe666\alexsmobs\entity\EntityRaccoon.java:444: error: incompatible types: Reference<SoundEvent> cannot be converted to SoundEvent
        this.playSound(SoundEvents.GENERIC_EAT, this.getSoundVolume(), this.getVoicePitch());
                                  ^
C:\Users\justi\Documents\GitHub\AlexsMobs-26.2\src\main\java\com\github\alexthe666\alexsmobs\entity\EntityRaccoon.java:450: error: method setTame in class TamableAnimal cannot be applied to given types;
                this.setTame(true);
                    ^
  required: boolean,boolean
  found:    boolean
  reason: actual and formal argument lists differ in length
C:\Users\justi\Documents\GitHub\AlexsMobs-26.2\src\main\java\com\github\alexthe666\alexsmobs\entity\EntityRaccoon.java:451: error: cannot find symbol
                this.setOwnerUUID(eggThrowerUUID);
                    ^
  symbol: method setOwnerUUID(UUID)
C:\Users\justi\Documents\GitHub\AlexsMobs-26.2\src\main\java\com\github\alexthe666\alexsmobs\entity\EntityRaccoon.java:470: error: no suitable constructor found for ItemParticleOption(ParticleType<ItemParticleOption>,ItemStack)
                this.level().addParticle(new ItemParticleOption(ParticleTypes.ITEM, this.getItemInHand(InteractionHand.MAIN_HAND)), this.getX() + (double) (this.random.nextFloat() * this.getBbWidth()) - (double) this.getBbWidth() * 0.5F, this.getY() + this.getBbHeight() * 0.5F + (double) (this.random.nextFloat() * this.getBbHeight() * 0.5F), this.getZ() + (double) (this.random.nextFloat() * this.getBbWidth()) - (double) this.getBbWidth() * 0.5F, d0, d1, d2);
                                         ^
    constructor ItemParticleOption.ItemParticleOption(ParticleType<ItemParticleOption>,Item) is not applicable
      (argument mismatch; ItemStack cannot be converted to Item)
    constructor ItemParticleOption.ItemParticleOption(ParticleType<ItemParticleOption>,ItemStackTemplate) is not applicable
      (argument mismatch; ItemStack cannot be converted to ItemStackTemplate)
C:\Users\justi\Documents\GitHub\AlexsMobs-26.2\src\main\java\com\github\alexthe666\alexsmobs\entity\EntityRaccoon.java:477: error: no suitable constructor found for ItemParticleOption(ParticleType<ItemParticleOption>,ItemStack)
                this.level().addParticle(new ItemParticleOption(ParticleTypes.ITEM, new ItemStack(Items.GLOW_BERRIES)), this.getX() + (double) (this.random.nextFloat() * this.getBbWidth()) - (double) this.getBbWidth() * 0.5F, this.getY() + this.getBbHeight() * 0.5F + (double) (this.random.nextFloat() * this.getBbHeight() * 0.5F), this.getZ() + (double) (this.random.nextFloat() * this.getBbWidth()) - (double) this.getBbWidth() * 0.5F, d0, d1, d2);
                                         ^
    constructor ItemParticleOption.ItemParticleOption(ParticleType<ItemParticleOption>,Item) is not applicable
      (argument mismatch; ItemStack cannot be converted to Item)
    constructor ItemParticleOption.ItemParticleOption(ParticleType<ItemParticleOption>,ItemStackTemplate) is not applicable
      (argument mismatch; ItemStack cannot be converted to ItemStackTemplate)
C:\Users\justi\Documents\GitHub\AlexsMobs-26.2\src\main\java\com\github\alexthe666\alexsmobs\entity\EntityRaccoon.java:566: error: no suitable method found for create(ServerLevel)
        return AMEntityRegistry.RACCOON.get().create(serverWorld);
                                             ^
    method EntityType.create(ServerLevel,@org.jspecify.annotations.Nullable PostSpawnProcessor<EntityRaccoon>,BlockPos,EntitySpawnReason,boolean,boolean) is not applicable
      (actual and formal argument lists differ in length)
    method EntityType.create(Level,EntitySpawnReason) is not applicable
      (actual and formal argument lists differ in length)
    method EntityType.create(Level,EntitySpawnRequest) is not applicable
      (actual and formal argument lists differ in length)
    method EntityType.create(ValueInput,Level,EntitySpawnRequest) is not applicable
      (actual and formal argument lists differ in length)
    method EntityType.create(EntityType<?>,ValueInput,Level,EntitySpawnReason) is not applicable
      (actual and formal argument lists differ in length)
C:\Users\justi\Documents\GitHub\AlexsMobs-26.2\src\main\java\com\github\alexthe666\alexsmobs\entity\EntityRaccoon.java:595: error: no suitable method found for spawnAtLocation(ItemStack,float)
            this.spawnAtLocation(this.getItemInHand(InteractionHand.MAIN_HAND), 0.0F);
                ^
    method Entity.spawnAtLocation(ServerLevel,ItemLike) is not applicable
      (argument mismatch; ItemStack cannot be converted to ServerLevel)
    method Entity.spawnAtLocation(ServerLevel,ItemStack) is not applicable
      (argument mismatch; ItemStack cannot be converted to ServerLevel)
C:\Users\justi\Documents\GitHub\AlexsMobs-26.2\src\main\java\com\github\alexthe666\alexsmobs\entity\EntityRaccoon.java:778: error: cannot find symbol
            List<IronGolem> lvt_1_1_ = raccoon.level().getNearbyEntities(IronGolem.class, IRON_GOLEM_PREDICATE, raccoon, raccoon.getBoundingBox().inflate(25.0D));
                                                      ^
  symbol:   method getNearbyEntities(Class<IronGolem>,TargetingConditions,EntityRaccoon,AABB)
  location: class Level
C:\Users\justi\Documents\GitHub\AlexsMobs-26.2\src\main\java\com\github\alexthe666\alexsmobs\entity\EntityRaccoon.java:784: error: cannot find symbol
            List<AbstractVillager> lvt_1_1_ = raccoon.level().getNearbyEntities(AbstractVillager.class, VILLAGER_STEAL_PREDICATE, raccoon, raccoon.getBoundingBox().inflate(20.0D));
                                                             ^
  symbol:   method getNearbyEntities(Class<AbstractVillager>,TargetingConditions,EntityRaccoon,AABB)
  location: class Level
C:\Users\justi\Documents\GitHub\AlexsMobs-26.2\src\main\java\com\github\alexthe666\alexsmobs\client\model\ModelRainFrog.java:86: error: cannot find symbol
        if (this.young) {
                ^
  symbol: variable young
C:\Users\justi\Documents\GitHub\AlexsMobs-26.2\src\main\java\com\github\alexthe666\alexsmobs\client\model\ModelRainFrog.java:96: error: no suitable method found for render(PoseStack,VertexConsumer,int,int,float,float,float,float)
                p_228292_8_.render(matrixStackIn, bufferIn, packedLightIn, packedOverlayIn, red, green, blue, alpha);
                           ^
    method BasicModelPart.render(PoseStack,VertexConsumer,int,int) is not applicable
      (actual and formal argument lists differ in length)
    method BasicModelPart.render(PoseStack,VertexConsumer,int,int,int) is not applicable
      (actual and formal argument lists differ in length)
C:\Users\justi\Documents\GitHub\AlexsMobs-26.2\src\main\java\com\github\alexthe666\alexsmobs\client\model\ModelRainFrog.java:104: error: no suitable method found for render(PoseStack,VertexConsumer,int,int,float,float,float,float)
                p_228290_8_.render(matrixStackIn, bufferIn, packedLightIn, packedOverlayIn, red, green, blue, alpha);
                           ^
    method BasicModelPart.render(PoseStack,VertexConsumer,int,int) is not applicable
      (actual and formal argument lists differ in length)
    method BasicModelPart.render(PoseStack,VertexConsumer,int,int,int) is not applicable
      (actual and formal argument lists differ in length)
C:\Users\justi\Documents\GitHub\AlexsMobs-26.2\src\main\java\com\github\alexthe666\alexsmobs\client\model\ModelRainFrog.java:115: error: cannot find symbol
        float walkSpeed = young ? 1F : 2.3F;
                          ^
  symbol:   variable young
  location: class ModelRainFrog
C:\Users\justi\Documents\GitHub\AlexsMobs-26.2\src\main\java\com\github\alexthe666\alexsmobs\entity\EntityRainFrog.java:80: error: no suitable method found for of(TagKey<Item>)
        this.goalSelector.addGoal(1, new TemptGoal(this, 1.0D, Ingredient.of(AMTagRegistry.RAIN_FROG_BREEDABLES), false));
                                                                         ^
    method Ingredient.of(ItemLike) is not applicable
      (argument mismatch; TagKey<Item> cannot be converted to ItemLike)
    method Ingredient.of(ItemLike...) is not applicable
      (varargs mismatch; TagKey<Item> cannot be converted to ItemLike)
    method Ingredient.of(Stream<? extends ItemLike>) is not applicable
      (argument mismatch; TagKey<Item> cannot be converted to Stream<? extends ItemLike>)
    method Ingredient.of(HolderSet<Item>) is not applicable
      (argument mismatch; TagKey<Item> cannot be converted to HolderSet<Item>)
C:\Users\justi\Documents\GitHub\AlexsMobs-26.2\src\main\java\com\github\alexthe666\alexsmobs\entity\EntityRainFrog.java:92: error: cannot find symbol
        return spawnBlock && worldIn.getLevelData() != null && (worldIn.getLevelData().isThundering() || worldIn.getLevelData().isRaining());
                                                                                      ^
  symbol:   method isThundering()
  location: interface LevelData
C:\Users\justi\Documents\GitHub\AlexsMobs-26.2\src\main\java\com\github\alexthe666\alexsmobs\entity\EntityRainFrog.java:92: error: cannot find symbol
        return spawnBlock && worldIn.getLevelData() != null && (worldIn.getLevelData().isThundering() || worldIn.getLevelData().isRaining());
                                                                                                                               ^
  symbol:   method isRaining()
  location: interface LevelData
C:\Users\justi\Documents\GitHub\AlexsMobs-26.2\src\main\java\com\github\alexthe666\alexsmobs\entity\EntityRainFrog.java:155: error: no suitable method found for create(ServerLevel)
        EntityRainFrog frog = AMEntityRegistry.RAIN_FROG.get().create(p_241840_1_);
                                                              ^
    method EntityType.create(ServerLevel,@org.jspecify.annotations.Nullable PostSpawnProcessor<EntityRainFrog>,BlockPos,EntitySpawnReason,boolean,boolean) is not applicable
      (actual and formal argument lists differ in length)
    method EntityType.create(Level,EntitySpawnReason) is not applicable
      (actual and formal argument lists differ in length)
    method EntityType.create(Level,EntitySpawnRequest) is not applicable
      (actual and formal argument lists differ in length)
    method EntityType.create(ValueInput,Level,EntitySpawnRequest) is not applicable
      (actual and formal argument lists differ in length)
    method EntityType.create(EntityType<?>,ValueInput,Level,EntitySpawnReason) is not applicable
      (actual and formal argument lists differ in length)
C:\Users\justi\Documents\GitHub\AlexsMobs-26.2\src\main\java\com\github\alexthe666\alexsmobs\entity\EntityRainFrog.java:227: error: cannot find symbol
            if(this.getDanceTime() == 1 && weatherCooldown <= 0 && level().getGameRules().getBoolean(GameRules.RULE_WEATHER_CYCLE)){
                                                                                                     ^
  symbol:   variable GameRules
  location: class EntityRainFrog
C:\Users\justi\Documents\GitHub\AlexsMobs-26.2\src\main\java\com\github\alexthe666\alexsmobs\entity\EntityRainFrog.java:227: error: cannot find symbol
            if(this.getDanceTime() == 1 && weatherCooldown <= 0 && level().getGameRules().getBoolean(GameRules.RULE_WEATHER_CYCLE)){
                                                                          ^
  symbol:   method getGameRules()
  location: class Level
C:\Users\justi\Documents\GitHub\AlexsMobs-26.2\src\main\java\com\github\alexthe666\alexsmobs\entity\EntityRainFrog.java:241: error: hurt(DamageSource,float) in EntityRainFrog cannot override hurt(DamageSource,float) in Entity
    public boolean hurt(DamageSource source, float amount) {
                   ^
  overridden method is final
C:\Users\justi\Documents\GitHub\AlexsMobs-26.2\src\main\java\com\github\alexthe666\alexsmobs\entity\EntityRainFrog.java:242: error: incompatible types: void cannot be converted to boolean
        boolean prev = super.hurt(source, amount);
                                 ^
C:\Users\justi\Documents\GitHub\AlexsMobs-26.2\src\main\java\com\github\alexthe666\alexsmobs\entity\EntityRainFrog.java:260: error: method does not override or implement a method from a supertype
    @Override
    ^
C:\Users\justi\Documents\GitHub\AlexsMobs-26.2\src\main\java\com\github\alexthe666\alexsmobs\entity\EntityRainFrog.java:262: error: method isInvulnerableTo in class LivingEntity cannot be applied to given types;
        return source.is(DamageTypes.IN_WALL)  || super.isInvulnerableTo(source);
                                                       ^
  required: ServerLevel,DamageSource
  found:    DamageSource
  reason: actual and formal argument lists differ in length
C:\Users\justi\Documents\GitHub\AlexsMobs-26.2\src\main\java\com\github\alexthe666\alexsmobs\entity\EntityRainFrog.java:272: error: method update in class WalkAnimationState cannot be applied to given types;
        this.walkAnimation.update(f2, 0.4F);
                          ^
  required: float,float,float
  found:    float,float
  reason: actual and formal argument lists differ in length
C:\Users\justi\Documents\GitHub\AlexsMobs-26.2\src\main\java\com\github\alexthe666\alexsmobs\entity\EntityRainFrog.java:278: error: method finalizeSpawn in class AgeableMob cannot be applied to given types;
        return super.finalizeSpawn(worldIn, difficultyIn, reason, spawnDataIn, dataTag);
                    ^
  required: ServerLevelAccessor,DifficultyInstance,EntitySpawnReason,SpawnGroupData
  found:    ServerLevelAccessor,DifficultyInstance,EntitySpawnReason,SpawnGroupData,CompoundTag
  reason: actual and formal argument lists differ in length
C:\Users\justi\Documents\GitHub\AlexsMobs-26.2\src\main\java\com\github\alexthe666\alexsmobs\entity\EntityRainFrog.java:302: error: cannot find symbol
                itemstack.hurt(1, this.getRandom(), player instanceof ServerPlayer ? (ServerPlayer) player : null);
                         ^
  symbol:   method hurt(int,RandomSource,player ins[...] null)
  location: variable itemstack of type ItemStack
C:\Users\justi\Documents\GitHub\AlexsMobs-26.2\src\main\java\com\github\alexthe666\alexsmobs\entity\EntityRainFrog.java:362: error: cannot find symbol
                serverLevel.setWeatherParameters(time, 0, false, false);
                           ^
  symbol:   method setWeatherParameters(int,int,boolean,boolean)
  location: variable serverLevel of type ServerLevel
C:\Users\justi\Documents\GitHub\AlexsMobs-26.2\src\main\java\com\github\alexthe666\alexsmobs\entity\EntityRainFrog.java:364: error: cannot find symbol
                serverLevel.setWeatherParameters(0, time, true, type == 2);
                           ^
  symbol:   method setWeatherParameters(int,int,boolean,boolean)
  location: variable serverLevel of type ServerLevel
C:\Users\justi\Documents\GitHub\AlexsMobs-26.2\src\main\java\com\github\alexthe666\alexsmobs\client\model\ModelRattlesnake.java:87: error: cannot find symbol
        if (this.young) {
                ^
  symbol: variable young
C:\Users\justi\Documents\GitHub\AlexsMobs-26.2\src\main\java\com\github\alexthe666\alexsmobs\client\model\ModelRattlesnake.java:95: error: no suitable method found for render(PoseStack,VertexConsumer,int,int,float,float,float,float)
                p_228292_8_.render(matrixStackIn, bufferIn, packedLightIn, packedOverlayIn, red, green, blue, alpha);
                           ^
    method BasicModelPart.render(PoseStack,VertexConsumer,int,int) is not applicable
      (actual and formal argument lists differ in length)
    method BasicModelPart.render(PoseStack,VertexConsumer,int,int,int) is not applicable
      (actual and formal argument lists differ in length)
C:\Users\justi\Documents\GitHub\AlexsMobs-26.2\src\main\java\com\github\alexthe666\alexsmobs\client\model\ModelRattlesnake.java:102: error: no suitable method found for render(PoseStack,VertexConsumer,int,int,float,float,float,float)
                p_228290_8_.render(matrixStackIn, bufferIn, packedLightIn, packedOverlayIn, red, green, blue, alpha);
                           ^
    method BasicModelPart.render(PoseStack,VertexConsumer,int,int) is not applicable
      (actual and formal argument lists differ in length)
    method BasicModelPart.render(PoseStack,VertexConsumer,int,int,int) is not applicable
      (actual and formal argument lists differ in length)
C:\Users\justi\Documents\GitHub\AlexsMobs-26.2\src\main\java\com\github\alexthe666\alexsmobs\entity\EntityRattlesnake.java:178: error: cannot find symbol
                this.gameEvent(GameEvent.ENTITY_ROAR);
                                        ^
  symbol:   variable ENTITY_ROAR
  location: class GameEvent
C:\Users\justi\Documents\GitHub\AlexsMobs-26.2\src\main\java\com\github\alexthe666\alexsmobs\entity\EntityRattlesnake.java:204: error: cannot find symbol
        return stack.getItem().isEdible() && stack.getItem().getFoodProperties() != null && stack.getItem().getFoodProperties().isMeat();
                              ^
  symbol:   method isEdible()
  location: class Item
C:\Users\justi\Documents\GitHub\AlexsMobs-26.2\src\main\java\com\github\alexthe666\alexsmobs\entity\EntityRattlesnake.java:204: error: cannot find symbol
        return stack.getItem().isEdible() && stack.getItem().getFoodProperties() != null && stack.getItem().getFoodProperties().isMeat();
                                                            ^
  symbol:   method getFoodProperties()
  location: class Item
C:\Users\justi\Documents\GitHub\AlexsMobs-26.2\src\main\java\com\github\alexthe666\alexsmobs\entity\EntityRattlesnake.java:204: error: cannot find symbol
        return stack.getItem().isEdible() && stack.getItem().getFoodProperties() != null && stack.getItem().getFoodProperties().isMeat();
                                                                                                           ^
  symbol:   method getFoodProperties()
  location: class Item
C:\Users\justi\Documents\GitHub\AlexsMobs-26.2\src\main\java\com\github\alexthe666\alexsmobs\entity\EntityRattlesnake.java:210: error: no suitable method found for create(ServerLevel)
        return AMEntityRegistry.RATTLESNAKE.get().create(p_241840_1_);
                                                 ^
    method EntityType.create(ServerLevel,@org.jspecify.annotations.Nullable PostSpawnProcessor<EntityRattlesnake>,BlockPos,EntitySpawnReason,boolean,boolean) is not applicable
      (actual and formal argument lists differ in length)
    method EntityType.create(Level,EntitySpawnReason) is not applicable
      (actual and formal argument lists differ in length)
    method EntityType.create(Level,EntitySpawnRequest) is not applicable
      (actual and formal argument lists differ in length)
    method EntityType.create(ValueInput,Level,EntitySpawnRequest) is not applicable
      (actual and formal argument lists differ in length)
    method EntityType.create(EntityType<?>,ValueInput,Level,EntitySpawnReason) is not applicable
      (actual and formal argument lists differ in length)
C:\Users\justi\Documents\GitHub\AlexsMobs-26.2\src\main\java\com\github\alexthe666\alexsmobs\entity\EntityRattlesnake.java:289: error: incompatible types: Predicate<LivingEntity> cannot be converted to Selector
            super(EntityRattlesnake.this, Player.class, 3, true, true, TARGETABLE_PREDICATE);
                                                                       ^
C:\Users\justi\Documents\GitHub\AlexsMobs-26.2\src\main\java\com\github\alexthe666\alexsmobs\client\model\ModelRhinoceros.java:253: error: method does not override or implement a method from a supertype
    @Override
    ^
C:\Users\justi\Documents\GitHub\AlexsMobs-26.2\src\main\java\com\github\alexthe666\alexsmobs\client\model\ModelRhinoceros.java:255: error: cannot find symbol
        if (this.young) {
                ^
  symbol: variable young
C:\Users\justi\Documents\GitHub\AlexsMobs-26.2\src\main\java\com\github\alexthe666\alexsmobs\client\model\ModelRhinoceros.java:269: error: no suitable method found for render(PoseStack,VertexConsumer,int,int,float,float,float,float)
                p_228292_8_.render(matrixStackIn, bufferIn, packedLightIn, packedOverlayIn, red, green, blue, alpha);
                           ^
    method BasicModelPart.render(PoseStack,VertexConsumer,int,int) is not applicable
      (actual and formal argument lists differ in length)
    method BasicModelPart.render(PoseStack,VertexConsumer,int,int,int) is not applicable
      (actual and formal argument lists differ in length)
C:\Users\justi\Documents\GitHub\AlexsMobs-26.2\src\main\java\com\github\alexthe666\alexsmobs\client\model\ModelRhinoceros.java:281: error: no suitable method found for render(PoseStack,VertexConsumer,int,int,float,float,float,float)
                p_228290_8_.render(matrixStackIn, bufferIn, packedLightIn, packedOverlayIn, red, green, blue, alpha);
                           ^
    method BasicModelPart.render(PoseStack,VertexConsumer,int,int) is not applicable
      (actual and formal argument lists differ in length)
    method BasicModelPart.render(PoseStack,VertexConsumer,int,int,int) is not applicable
      (actual and formal argument lists differ in length)
C:\Users\justi\Documents\GitHub\AlexsMobs-26.2\src\main\java\com\github\alexthe666\alexsmobs\entity\EntityRhinoceros.java:73: error: cannot find symbol
    private static final EntityDataAccessor<Optional<UUID>> DATA_TRUSTED_ID_0 = SynchedEntityData.defineId(EntityRhinoceros.class, EntityDataSerializers.OPTIONAL_UUID);
                                                                                                                                                        ^
  symbol:   variable OPTIONAL_UUID
  location: class EntityDataSerializers
C:\Users\justi\Documents\GitHub\AlexsMobs-26.2\src\main\java\com\github\alexthe666\alexsmobs\entity\EntityRhinoceros.java:74: error: cannot find symbol
    private static final EntityDataAccessor<Optional<UUID>> DATA_TRUSTED_ID_1 = SynchedEntityData.defineId(EntityRhinoceros.class, EntityDataSerializers.OPTIONAL_UUID);
                                                                                                                                                        ^
  symbol:   variable OPTIONAL_UUID
  location: class EntityDataSerializers
C:\Users\justi\Documents\GitHub\AlexsMobs-26.2\src\main\java\com\github\alexthe666\alexsmobs\entity\EntityRhinoceros.java:106: error: cannot find symbol
        this.goalSelector.addGoal(4, new TemptGoal(this, 1.0D, Ingredient.fromValues(Stream.of(new Ingredient.TagValue(AMTagRegistry.RHINOCEROS_FOODSTUFFS), new Ingredient.TagValue(AMTagRegistry.RHINOCEROS_BREEDABLES))), false));
                                                                                                             ^
  symbol:   class TagValue
  location: class Ingredient
C:\Users\justi\Documents\GitHub\AlexsMobs-26.2\src\main\java\com\github\alexthe666\alexsmobs\entity\EntityRhinoceros.java:106: error: cannot find symbol
        this.goalSelector.addGoal(4, new TemptGoal(this, 1.0D, Ingredient.fromValues(Stream.of(new Ingredient.TagValue(AMTagRegistry.RHINOCEROS_FOODSTUFFS), new Ingredient.TagValue(AMTagRegistry.RHINOCEROS_BREEDABLES))), false));
                                                                                                                                                                           ^
  symbol:   class TagValue
  location: class Ingredient
C:\Users\justi\Documents\GitHub\AlexsMobs-26.2\src\main\java\com\github\alexthe666\alexsmobs\entity\EntityRhinoceros.java:307: error: cannot find symbol
        launch.hasImpulse = true;
              ^
  symbol:   variable hasImpulse
  location: variable launch of type Entity
C:\Users\justi\Documents\GitHub\AlexsMobs-26.2\src\main\java\com\github\alexthe666\alexsmobs\entity\EntityRhinoceros.java:346: error: no suitable method found for create(ServerLevel)
        return AMEntityRegistry.RHINOCEROS.get().create(serverLevel);
                                                ^
    method EntityType.create(ServerLevel,@org.jspecify.annotations.Nullable PostSpawnProcessor<EntityRhinoceros>,BlockPos,EntitySpawnReason,boolean,boolean) is not applicable
      (actual and formal argument lists differ in length)
    method EntityType.create(Level,EntitySpawnReason) is not applicable
      (actual and formal argument lists differ in length)
    method EntityType.create(Level,EntitySpawnRequest) is not applicable
      (actual and formal argument lists differ in length)
    method EntityType.create(ValueInput,Level,EntitySpawnRequest) is not applicable
      (actual and formal argument lists differ in length)
    method EntityType.create(EntityType<?>,ValueInput,Level,EntitySpawnReason) is not applicable
      (actual and formal argument lists differ in length)
C:\Users\justi\Documents\GitHub\AlexsMobs-26.2\src\main\java\com\github\alexthe666\alexsmobs\entity\EntityRhinoceros.java:362: error: incompatible types: MobEffect cannot be converted to Holder<MobEffect>
            MobEffectInstance instance = new MobEffectInstance(potion, this.getPotionDuration(), this.getPotionLevel());
                                                               ^
C:\Users\justi\Documents\GitHub\AlexsMobs-26.2\src\main\java\com\github\alexthe666\alexsmobs\entity\EntityRhinoceros.java:363: error: incompatible types: MobEffect cannot be converted to Holder<MobEffect>
            if (!target.hasEffect(potion) && target.addEffect(instance)) {
                                  ^
C:\Users\justi\Documents\GitHub\AlexsMobs-26.2\src\main\java\com\github\alexthe666\alexsmobs\entity\EntityRhinoceros.java:380: error: isAlliedTo(Entity) in EntityRhinoceros cannot override isAlliedTo(@org.jspecify.annotations.Nullable Entity) in Entity
    public boolean isAlliedTo(Entity entityIn) {
                   ^
  overridden method is final
C:\Users\justi\Documents\GitHub\AlexsMobs-26.2\src\main\java\com\github\alexthe666\alexsmobs\entity\EntityRhinoceros.java:381: error: cannot find symbol
        if (entityIn instanceof TamableAnimal tamableAnimal && tamableAnimal.getOwnerUUID() != null && trusts(tamableAnimal.getOwnerUUID())) {
                                                                            ^
  symbol:   method getOwnerUUID()
  location: variable tamableAnimal of type TamableAnimal
C:\Users\justi\Documents\GitHub\AlexsMobs-26.2\src\main\java\com\github\alexthe666\alexsmobs\entity\EntityRhinoceros.java:381: error: cannot find symbol
        if (entityIn instanceof TamableAnimal tamableAnimal && tamableAnimal.getOwnerUUID() != null && trusts(tamableAnimal.getOwnerUUID())) {
                                                                                                                           ^
  symbol:   method getOwnerUUID()
  location: variable tamableAnimal of type TamableAnimal
C:\Users\justi\Documents\GitHub\AlexsMobs-26.2\src\main\java\com\github\alexthe666\alexsmobs\entity\EntityRhinoceros.java:395: error: cannot find symbol
                listtag.add(NbtUtils.createUUID(uuid));
                                    ^
  symbol:   method createUUID(UUID)
  location: class NbtUtils
C:\Users\justi\Documents\GitHub\AlexsMobs-26.2\src\main\java\com\github\alexthe666\alexsmobs\entity\EntityRhinoceros.java:399: error: cannot find symbol
        tag.put("Trusted", listtag);
           ^
  symbol:   method put(String,ListTag)
  location: variable tag of type ValueOutput
C:\Users\justi\Documents\GitHub\AlexsMobs-26.2\src\main\java\com\github\alexthe666\alexsmobs\entity\EntityRhinoceros.java:409: error: cannot find symbol
        ListTag listtag = tag.getListOrEmpty("Trusted");
                             ^
  symbol:   method getListOrEmpty(String)
  location: variable tag of type ValueInput
C:\Users\justi\Documents\GitHub\AlexsMobs-26.2\src\main\java\com\github\alexthe666\alexsmobs\entity\EntityRhinoceros.java:412: error: cannot find symbol
            this.addTrustedUUID(NbtUtils.loadUUID(listtag.get(i)));
                                        ^
  symbol:   method loadUUID(Tag)
  location: class NbtUtils
C:\Users\justi\Documents\GitHub\AlexsMobs-26.2\src\main\java\com\github\alexthe666\alexsmobs\entity\EntityRhinoceros.java:426: error: cannot find symbol
            Potion contained = PotionUtils.getPotion(itemstack);
                               ^
  symbol:   variable PotionUtils
  location: class EntityRhinoceros
C:\Users\justi\Documents\GitHub\AlexsMobs-26.2\src\main\java\com\github\alexthe666\alexsmobs\entity\EntityRhinoceros.java:454: error: incompatible types: Holder<MobEffect> cannot be converted to MobEffect
                Identifier loc = BuiltInRegistries.MOB_EFFECT.getKey(first.getEffect());
                                                                                    ^
C:\Users\justi\Documents\GitHub\AlexsMobs-26.2\src\main\java\com\github\alexthe666\alexsmobs\entity\EntityRhinoceros.java:496: error: incompatible types: Predicate<LivingEntity> cannot be converted to Selector
            super(EntityRhinoceros.this, entities, 10, b, b2, pred);
                                                              ^
C:\Users\justi\Documents\GitHub\AlexsMobs-26.2\src\main\java\com\github\alexthe666\alexsmobs\client\model\ModelRoadrunner.java:187: error: cannot find symbol
        if (this.young) {
                ^
  symbol: variable young
C:\Users\justi\Documents\GitHub\AlexsMobs-26.2\src\main\java\com\github\alexthe666\alexsmobs\client\model\ModelRoadrunner.java:195: error: no suitable method found for render(PoseStack,VertexConsumer,int,int,float,float,float,float)
                p_228292_8_.render(matrixStackIn, bufferIn, packedLightIn, packedOverlayIn, red, green, blue, alpha);
                           ^
    method BasicModelPart.render(PoseStack,VertexConsumer,int,int) is not applicable
      (actual and formal argument lists differ in length)
    method BasicModelPart.render(PoseStack,VertexConsumer,int,int,int) is not applicable
      (actual and formal argument lists differ in length)
C:\Users\justi\Documents\GitHub\AlexsMobs-26.2\src\main\java\com\github\alexthe666\alexsmobs\client\model\ModelRoadrunner.java:202: error: no suitable method found for render(PoseStack,VertexConsumer,int,int,float,float,float,float)
                p_228290_8_.render(matrixStackIn, bufferIn, packedLightIn, packedOverlayIn, red, green, blue, alpha);
                           ^
    method BasicModelPart.render(PoseStack,VertexConsumer,int,int) is not applicable
      (actual and formal argument lists differ in length)
    method BasicModelPart.render(PoseStack,VertexConsumer,int,int,int) is not applicable
      (actual and formal argument lists differ in length)
C:\Users\justi\Documents\GitHub\AlexsMobs-26.2\src\main\java\com\github\alexthe666\alexsmobs\entity\EntityRoadrunner.java:67: error: no suitable method found for of(TagKey<Item>)
        this.goalSelector.addGoal(4, new TemptGoal(this, 1.1D, Ingredient.of(AMTagRegistry.ROADRUNNER_BREEDABLES), false));
                                                                         ^
    method Ingredient.of(ItemLike) is not applicable
      (argument mismatch; TagKey<Item> cannot be converted to ItemLike)
    method Ingredient.of(ItemLike...) is not applicable
      (varargs mismatch; TagKey<Item> cannot be converted to ItemLike)
    method Ingredient.of(Stream<? extends ItemLike>) is not applicable
      (argument mismatch; TagKey<Item> cannot be converted to Stream<? extends ItemLike>)
    method Ingredient.of(HolderSet<Item>) is not applicable
      (argument mismatch; TagKey<Item> cannot be converted to HolderSet<Item>)
C:\Users\justi\Documents\GitHub\AlexsMobs-26.2\src\main\java\com\github\alexthe666\alexsmobs\entity\EntityRoadrunner.java:76: error: cannot find symbol
        if (compound.contains("FeatherTime")) {
                    ^
  symbol:   method contains(String)
  location: variable compound of type ValueInput
C:\Users\justi\Documents\GitHub\AlexsMobs-26.2\src\main\java\com\github\alexthe666\alexsmobs\entity\EntityRoadrunner.java:116: error: method does not override or implement a method from a supertype
    @Override
    ^
C:\Users\justi\Documents\GitHub\AlexsMobs-26.2\src\main\java\com\github\alexthe666\alexsmobs\entity\EntityRoadrunner.java:118: error: method isInvulnerableTo in class LivingEntity cannot be applied to given types;
        return source.is(DamageTypes.CACTUS) || source.getMsgId().equals("anvil") || super.isInvulnerableTo(source);
                                                                                          ^
  required: ServerLevel,DamageSource
  found:    DamageSource
  reason: actual and formal argument lists differ in length
C:\Users\justi\Documents\GitHub\AlexsMobs-26.2\src\main\java\com\github\alexthe666\alexsmobs\entity\EntityRoadrunner.java:136: error: no suitable method found for spawnAtLocation(Item)
            this.spawnAtLocation(AMItemRegistry.ROADRUNNER_FEATHER.get());
                ^
    method Entity.spawnAtLocation(ServerLevel,ItemLike) is not applicable
      (actual and formal argument lists differ in length)
    method Entity.spawnAtLocation(ServerLevel,ItemStack) is not applicable
      (actual and formal argument lists differ in length)
    method Entity.spawnAtLocation(ServerLevel,ItemStack,Vec3) is not applicable
      (actual and formal argument lists differ in length)
    method Entity.spawnAtLocation(ServerLevel,ItemStack,float) is not applicable
      (actual and formal argument lists differ in length)
C:\Users\justi\Documents\GitHub\AlexsMobs-26.2\src\main\java\com\github\alexthe666\alexsmobs\entity\EntityRoadrunner.java:198: error: incompatible types: Reference<SoundEvent> cannot be converted to SoundEvent
            this.playSound(SoundEvents.CHICKEN_STEP, 0.15F, 1.0F);
                                      ^
C:\Users\justi\Documents\GitHub\AlexsMobs-26.2\src\main\java\com\github\alexthe666\alexsmobs\entity\EntityRoadrunner.java:209: error: no suitable method found for create(ServerLevel)
        return AMEntityRegistry.ROADRUNNER.get().create(p_241840_1_);
                                                ^
    method EntityType.create(ServerLevel,@org.jspecify.annotations.Nullable PostSpawnProcessor<EntityRoadrunner>,BlockPos,EntitySpawnReason,boolean,boolean) is not applicable
      (actual and formal argument lists differ in length)
    method EntityType.create(Level,EntitySpawnReason) is not applicable
      (actual and formal argument lists differ in length)
    method EntityType.create(Level,EntitySpawnRequest) is not applicable
      (actual and formal argument lists differ in length)
    method EntityType.create(ValueInput,Level,EntitySpawnRequest) is not applicable
      (actual and formal argument lists differ in length)
    method EntityType.create(EntityType<?>,ValueInput,Level,EntitySpawnReason) is not applicable
      (actual and formal argument lists differ in length)
C:\Users\justi\Documents\GitHub\AlexsMobs-26.2\src\main\java\com\github\alexthe666\alexsmobs\entity\EntityRockyRoller.java:172: error: incompatible types: MobEffect cannot be converted to Holder<MobEffect>
                e.addEffect(new MobEffectInstance(AMEffectRegistry.EARTHQUAKE.get(), 20, 0, false, false, true));
                                                                                 ^
C:\Users\justi\Documents\GitHub\AlexsMobs-26.2\src\main\java\com\github\alexthe666\alexsmobs\entity\EntityRockyRoller.java:176: error: cannot find symbol
        if (!this.level().canSeeSky(this.blockPosition()) && this.level().getGameRules().getBoolean(GameRules.RULE_MOBGRIEFING)) {
                                                                                                    ^
  symbol:   variable GameRules
  location: class EntityRockyRoller
C:\Users\justi\Documents\GitHub\AlexsMobs-26.2\src\main\java\com\github\alexthe666\alexsmobs\entity\EntityRockyRoller.java:176: error: cannot find symbol
        if (!this.level().canSeeSky(this.blockPosition()) && this.level().getGameRules().getBoolean(GameRules.RULE_MOBGRIEFING)) {
                                                                         ^
  symbol:   method getGameRules()
  location: class Level
C:\Users\justi\Documents\GitHub\AlexsMobs-26.2\src\main\java\com\github\alexthe666\alexsmobs\entity\EntityRockyRoller.java:207: error: cannot find symbol
            this.gameEvent(GameEvent.ENTITY_ROAR);
                                    ^
  symbol:   variable ENTITY_ROAR
  location: class GameEvent
C:\Users\justi\Documents\GitHub\AlexsMobs-26.2\src\main\java\com\github\alexthe666\alexsmobs\entity\EntityRockyRoller.java:284: error: method does not override or implement a method from a supertype
    @Override
    ^
C:\Users\justi\Documents\GitHub\AlexsMobs-26.2\src\main\java\com\github\alexthe666\alexsmobs\entity\EntityRockyRoller.java:286: error: method isInvulnerableTo in class LivingEntity cannot be applied to given types;
        return source.equals("fallingStalactite") || super.isInvulnerableTo(source);
                                                          ^
  required: ServerLevel,DamageSource
  found:    DamageSource
  reason: actual and formal argument lists differ in length
C:\Users\justi\Documents\GitHub\AlexsMobs-26.2\src\main\java\com\github\alexthe666\alexsmobs\entity\EntityRockyRoller.java:321: error: hurt(DamageSource,float) in EntityRockyRoller cannot override hurt(DamageSource,float) in Entity
    public boolean hurt(DamageSource dmg, float amount) {
                   ^
  overridden method is final
C:\Users\justi\Documents\GitHub\AlexsMobs-26.2\src\main\java\com\github\alexthe666\alexsmobs\entity\EntityRockyRoller.java:327: error: incompatible types: void cannot be converted to boolean
        return super.hurt(dmg, amount);
                         ^
C:\Users\justi\Documents\GitHub\AlexsMobs-26.2\src\main\java\com\github\alexthe666\alexsmobs\entity\EntityRockyRoller.java:332: error: cannot find symbol
            return level.getBlockState(pos).getBlock() instanceof PointedDripstoneBlock ? PathType.OPEN : super.evaluateBlockPathType(level, pos, typeIn);
                                                                                                               ^
  symbol: method evaluateBlockPathType(BlockGetter,BlockPos,PathType)
C:\Users\justi\Documents\GitHub\AlexsMobs-26.2\src\main\java\com\github\alexthe666\alexsmobs\entity\ai\AnimalAISwimBottom.java:23: error: method isPathfindable in class BlockStateBase cannot be applied to given types;
        for(int var2 = 0; vec != null && !this.mob.level().getBlockState(AMBlockPos.fromVec3(vec)).isPathfindable(this.mob.level(), AMBlockPos.fromVec3(vec), PathComputationType.WATER) && var2++ < 10; vec = DefaultRandomPos.getPos(this.mob, 10, 7)) {
                                                                                                  ^
  required: PathComputationType
  found:    Level,BlockPos,PathComputationType
  reason: actual and formal argument lists differ in length
C:\Users\justi\Documents\GitHub\AlexsMobs-26.2\src\main\java\com\github\alexthe666\alexsmobs\entity\ai\AnimalAISwimBottom.java:28: error: method isPathfindable in class BlockStateBase cannot be applied to given types;
            while(this.mob.level().getFluidState(pos).is(FluidTags.WATER) && this.mob.level().getBlockState(pos).isPathfindable(this.mob.level(), AMBlockPos.fromVec3(vec), PathComputationType.WATER) && pos.getY() > 1){
                                                                                                                ^
  required: PathComputationType
  found:    Level,BlockPos,PathComputationType
  reason: actual and formal argument lists differ in length
C:\Users\justi\Documents\GitHub\AlexsMobs-26.2\src\main\java\com\github\alexthe666\alexsmobs\entity\ai\AnimalAISwimBottom.java:33: error: method isPathfindable in class BlockStateBase cannot be applied to given types;
            while(this.mob.level().getFluidState(pos).is(FluidTags.WATER) && this.mob.level().getBlockState(pos).isPathfindable(this.mob.level(), AMBlockPos.fromVec3(vec), PathComputationType.WATER) && yUp < yDrop){
                                                                                                                ^
  required: PathComputationType
  found:    Level,BlockPos,PathComputationType
  reason: actual and formal argument lists differ in length
C:\Users\justi\Documents\GitHub\AlexsMobs-26.2\src\main\java\com\github\alexthe666\alexsmobs\entity\EntitySeaBear.java:102: error: no suitable constructor found for NearestAttackableTargetGoal(EntitySeaBear,Class<LivingEntity>,boolean,Predicate<LivingEntity>)
        this.targetSelector.addGoal(1, new NearestAttackableTargetGoal(this, LivingEntity.class, false, SOMBRERO));
                                       ^
    constructor NearestAttackableTargetGoal.NearestAttackableTargetGoal(Mob,Class,boolean,Selector) is not applicable
      (argument mismatch; Predicate<LivingEntity> cannot be converted to Selector)
    constructor NearestAttackableTargetGoal.NearestAttackableTargetGoal(Mob,Class,boolean,boolean) is not applicable
      (argument mismatch; Predicate<LivingEntity> cannot be converted to boolean)
C:\Users\justi\Documents\GitHub\AlexsMobs-26.2\src\main\java\com\github\alexthe666\alexsmobs\entity\EntitySeaBear.java:121: error: cannot find symbol
            this.hasImpulse = true;
                ^
  symbol: variable hasImpulse
C:\Users\justi\Documents\GitHub\AlexsMobs-26.2\src\main\java\com\github\alexthe666\alexsmobs\entity\EntitySeaBear.java:130: error: cannot find symbol
            this.rotOffs = this.getYHeadRot();
                ^
  symbol: variable rotOffs
C:\Users\justi\Documents\GitHub\AlexsMobs-26.2\src\main\java\com\github\alexthe666\alexsmobs\client\model\ModelSeagull.java:163: error: method does not override or implement a method from a supertype
	@Override
	^
C:\Users\justi\Documents\GitHub\AlexsMobs-26.2\src\main\java\com\github\alexthe666\alexsmobs\client\model\ModelSeagull.java:165: error: cannot find symbol
		if (this.young) {
		        ^
  symbol: variable young
C:\Users\justi\Documents\GitHub\AlexsMobs-26.2\src\main\java\com\github\alexthe666\alexsmobs\client\model\ModelSeagull.java:173: error: no suitable method found for render(PoseStack,VertexConsumer,int,int,float,float,float,float)
				p_228292_8_.render(matrixStackIn, buffer, packedLight, packedOverlay, red, green, blue, alpha);
				           ^
    method BasicModelPart.render(PoseStack,VertexConsumer,int,int) is not applicable
      (actual and formal argument lists differ in length)
    method BasicModelPart.render(PoseStack,VertexConsumer,int,int,int) is not applicable
      (actual and formal argument lists differ in length)
C:\Users\justi\Documents\GitHub\AlexsMobs-26.2\src\main\java\com\github\alexthe666\alexsmobs\client\model\ModelSeagull.java:181: error: no suitable method found for render(PoseStack,VertexConsumer,int,int,float,float,float,float)
				p_228290_8_.render(matrixStackIn, buffer, packedLight, packedOverlay, red, green, blue, alpha);
				           ^
    method BasicModelPart.render(PoseStack,VertexConsumer,int,int) is not applicable
      (actual and formal argument lists differ in length)
    method BasicModelPart.render(PoseStack,VertexConsumer,int,int,int) is not applicable
      (actual and formal argument lists differ in length)
C:\Users\justi\Documents\GitHub\AlexsMobs-26.2\src\main\java\com\github\alexthe666\alexsmobs\entity\EntitySeagull.java:94: error: cannot find symbol
        this.setPathfindingMalus(PathType.DANGER_FIRE, -1.0F);
                                         ^
  symbol:   variable DANGER_FIRE
  location: class PathType
C:\Users\justi\Documents\GitHub\AlexsMobs-26.2\src\main\java\com\github\alexthe666\alexsmobs\entity\EntitySeagull.java:139: error: cannot find symbol
        if(compound.contains("TresX") && compound.contains("TresY") && compound.contains("TresZ")){
                   ^
  symbol:   method contains(String)
  location: variable compound of type ValueInput
C:\Users\justi\Documents\GitHub\AlexsMobs-26.2\src\main\java\com\github\alexthe666\alexsmobs\entity\EntitySeagull.java:139: error: cannot find symbol
        if(compound.contains("TresX") && compound.contains("TresY") && compound.contains("TresZ")){
                                                 ^
  symbol:   method contains(String)
  location: variable compound of type ValueInput
C:\Users\justi\Documents\GitHub\AlexsMobs-26.2\src\main\java\com\github\alexthe666\alexsmobs\entity\EntitySeagull.java:139: error: cannot find symbol
        if(compound.contains("TresX") && compound.contains("TresY") && compound.contains("TresZ")){
                                                                               ^
  symbol:   method contains(String)
  location: variable compound of type ValueInput
C:\Users\justi\Documents\GitHub\AlexsMobs-26.2\src\main\java\com\github\alexthe666\alexsmobs\entity\EntitySeagull.java:154: error: cannot find symbol
        this.goalSelector.addGoal(4, new TemptGoal(this, 1.0D, Ingredient.fromValues(Stream.of(new Ingredient.TagValue(AMTagRegistry.SEAGULL_BREEDABLES), new Ingredient.TagValue(AMTagRegistry.SEAGULL_OFFERINGS))), false){
                                                                                                             ^
  symbol:   class TagValue
  location: class Ingredient
C:\Users\justi\Documents\GitHub\AlexsMobs-26.2\src\main\java\com\github\alexthe666\alexsmobs\entity\EntitySeagull.java:154: error: cannot find symbol
        this.goalSelector.addGoal(4, new TemptGoal(this, 1.0D, Ingredient.fromValues(Stream.of(new Ingredient.TagValue(AMTagRegistry.SEAGULL_BREEDABLES), new Ingredient.TagValue(AMTagRegistry.SEAGULL_OFFERINGS))), false){
                                                                                                                                                                        ^
  symbol:   class TagValue
  location: class Ingredient
C:\Users\justi\Documents\GitHub\AlexsMobs-26.2\src\main\java\com\github\alexthe666\alexsmobs\entity\EntitySeagull.java:243: error: hurt(DamageSource,float) in EntitySeagull cannot override hurt(DamageSource,float) in Entity
    public boolean hurt(DamageSource source, float amount) {
                   ^
  overridden method is final
C:\Users\justi\Documents\GitHub\AlexsMobs-26.2\src\main\java\com\github\alexthe666\alexsmobs\entity\EntitySeagull.java:244: error: method isInvulnerableTo in class LivingEntity cannot be applied to given types;
        if (this.isInvulnerableTo(source)) {
                ^
  required: ServerLevel,DamageSource
  found:    DamageSource
  reason: actual and formal argument lists differ in length
C:\Users\justi\Documents\GitHub\AlexsMobs-26.2\src\main\java\com\github\alexthe666\alexsmobs\entity\EntitySeagull.java:247: error: incompatible types: void cannot be converted to boolean
            final boolean prev = super.hurt(source, amount);
                                           ^
C:\Users\justi\Documents\GitHub\AlexsMobs-26.2\src\main\java\com\github\alexthe666\alexsmobs\entity\EntitySeagull.java:251: error: no suitable method found for spawnAtLocation(ItemStack)
                    this.spawnAtLocation(this.getMainHandItem());
                        ^
    method Entity.spawnAtLocation(ServerLevel,ItemLike) is not applicable
      (actual and formal argument lists differ in length)
    method Entity.spawnAtLocation(ServerLevel,ItemStack) is not applicable
      (actual and formal argument lists differ in length)
    method Entity.spawnAtLocation(ServerLevel,ItemStack,Vec3) is not applicable
      (actual and formal argument lists differ in length)
    method Entity.spawnAtLocation(ServerLevel,ItemStack,float) is not applicable
      (actual and formal argument lists differ in length)
C:\Users\justi\Documents\GitHub\AlexsMobs-26.2\src\main\java\com\github\alexthe666\alexsmobs\entity\EntitySeagull.java:353: error: incompatible types: Reference<SoundEvent> cannot be converted to SoundEvent
                this.playSound(SoundEvents.GENERIC_EAT, this.getSoundVolume(), this.getVoicePitch());
                                          ^
C:\Users\justi\Documents\GitHub\AlexsMobs-26.2\src\main\java\com\github\alexthe666\alexsmobs\entity\EntitySeagull.java:354: error: cannot find symbol
                if (this.getMainHandItem().hasCraftingRemainingItem()) {
                                          ^
  symbol:   method hasCraftingRemainingItem()
  location: class ItemStack
C:\Users\justi\Documents\GitHub\AlexsMobs-26.2\src\main\java\com\github\alexthe666\alexsmobs\entity\EntitySeagull.java:355: error: cannot find symbol
                    this.spawnAtLocation(this.getMainHandItem().getCraftingRemainingItem());
                                                               ^
  symbol:   method getCraftingRemainingItem()
  location: class ItemStack
C:\Users\justi\Documents\GitHub\AlexsMobs-26.2\src\main\java\com\github\alexthe666\alexsmobs\entity\EntitySeagull.java:379: error: cannot find symbol
        return stack.getItem().isEdible() && !this.isSitting();
                              ^
  symbol:   method isEdible()
  location: class Item
C:\Users\justi\Documents\GitHub\AlexsMobs-26.2\src\main\java\com\github\alexthe666\alexsmobs\entity\EntitySeagull.java:391: error: no suitable constructor found for ItemParticleOption(ParticleType<ItemParticleOption>,ItemStack)
            ParticleOptions data = new ItemParticleOption(ParticleTypes.ITEM, heldItemMainhand);
                                   ^
    constructor ItemParticleOption.ItemParticleOption(ParticleType<ItemParticleOption>,Item) is not applicable
      (argument mismatch; ItemStack cannot be converted to Item)
    constructor ItemParticleOption.ItemParticleOption(ParticleType<ItemParticleOption>,ItemStackTemplate) is not applicable
      (argument mismatch; ItemStack cannot be converted to ItemStackTemplate)
C:\Users\justi\Documents\GitHub\AlexsMobs-26.2\src\main\java\com\github\alexthe666\alexsmobs\entity\EntitySeagull.java:401: error: cannot find symbol
        for(ItemStack map : player.getHandSlots()){
                                  ^
  symbol:   method getHandSlots()
  location: variable player of type Player
C:\Users\justi\Documents\GitHub\AlexsMobs-26.2\src\main\java\com\github\alexthe666\alexsmobs\entity\EntitySeagull.java:403: error: cannot find symbol
                if (map.hasTag() && map.getTag().contains("Decorations", 9)) {
                       ^
  symbol:   method hasTag()
  location: variable map of type ItemStack
C:\Users\justi\Documents\GitHub\AlexsMobs-26.2\src\main\java\com\github\alexthe666\alexsmobs\entity\EntitySeagull.java:403: error: cannot find symbol
                if (map.hasTag() && map.getTag().contains("Decorations", 9)) {
                                       ^
  symbol:   method getTag()
  location: variable map of type ItemStack
C:\Users\justi\Documents\GitHub\AlexsMobs-26.2\src\main\java\com\github\alexthe666\alexsmobs\entity\EntitySeagull.java:404: error: cannot find symbol
                    ListTag listnbt = map.getTag().getList("Decorations", 10);
                                         ^
  symbol:   method getTag()
  location: variable map of type ItemStack
C:\Users\justi\Documents\GitHub\AlexsMobs-26.2\src\main\java\com\github\alexthe666\alexsmobs\entity\EntitySeagull.java:407: error: incompatible types: Optional<Byte> cannot be converted to byte
                        byte type = nbt.getByte("type");
                                               ^
C:\Users\justi\Documents\GitHub\AlexsMobs-26.2\src\main\java\com\github\alexthe666\alexsmobs\entity\EntitySeagull.java:408: error: cannot find symbol
                        if(type == MapDecoration.Type.RED_X.getIcon() || type == MapDecoration.Type.TARGET_X.getIcon()){
                                                ^
  symbol:   variable Type
  location: class MapDecoration
C:\Users\justi\Documents\GitHub\AlexsMobs-26.2\src\main\java\com\github\alexthe666\alexsmobs\entity\EntitySeagull.java:408: error: cannot find symbol
                        if(type == MapDecoration.Type.RED_X.getIcon() || type == MapDecoration.Type.TARGET_X.getIcon()){
                                                                                              ^
  symbol:   variable Type
  location: class MapDecoration
C:\Users\justi\Documents\GitHub\AlexsMobs-26.2\src\main\java\com\github\alexthe666\alexsmobs\entity\EntitySeagull.java:447: error: no suitable method found for spawnAtLocation(ItemStack,float)
            this.spawnAtLocation(this.getItemInHand(InteractionHand.MAIN_HAND), 0.0F);
                ^
    method Entity.spawnAtLocation(ServerLevel,ItemLike) is not applicable
      (argument mismatch; ItemStack cannot be converted to ServerLevel)
    method Entity.spawnAtLocation(ServerLevel,ItemStack) is not applicable
      (argument mismatch; ItemStack cannot be converted to ServerLevel)
C:\Users\justi\Documents\GitHub\AlexsMobs-26.2\src\main\java\com\github\alexthe666\alexsmobs\entity\EntitySeagull.java:546: error: no suitable method found for spawnAtLocation(ItemStack)
            this.spawnAtLocation(this.getMainHandItem().copy());
                ^
    method Entity.spawnAtLocation(ServerLevel,ItemLike) is not applicable
      (actual and formal argument lists differ in length)
    method Entity.spawnAtLocation(ServerLevel,ItemStack) is not applicable
      (actual and formal argument lists differ in length)
    method Entity.spawnAtLocation(ServerLevel,ItemStack,Vec3) is not applicable
      (actual and formal argument lists differ in length)
    method Entity.spawnAtLocation(ServerLevel,ItemStack,float) is not applicable
      (actual and formal argument lists differ in length)
C:\Users\justi\Documents\GitHub\AlexsMobs-26.2\src\main\java\com\github\alexthe666\alexsmobs\entity\EntitySeagull.java:559: error: no suitable method found for create(ServerLevel)
        return AMEntityRegistry.SEAGULL.get().create(serverWorld);
                                             ^
    method EntityType.create(ServerLevel,@org.jspecify.annotations.Nullable PostSpawnProcessor<EntitySeagull>,BlockPos,EntitySpawnReason,boolean,boolean) is not applicable
      (actual and formal argument lists differ in length)
    method EntityType.create(Level,EntitySpawnReason) is not applicable
      (actual and formal argument lists differ in length)
    method EntityType.create(Level,EntitySpawnRequest) is not applicable
      (actual and formal argument lists differ in length)
    method EntityType.create(ValueInput,Level,EntitySpawnRequest) is not applicable
      (actual and formal argument lists differ in length)
    method EntityType.create(EntityType<?>,ValueInput,Level,EntitySpawnReason) is not applicable
      (actual and formal argument lists differ in length)
C:\Users\justi\Documents\GitHub\AlexsMobs-26.2\src\main\java\com\github\alexthe666\alexsmobs\entity\EntitySeagull.java:581: error: cannot find symbol
                    return e.isAlive() && e.getType().is(AMTagRegistry.SCATTERS_CROWS) || e instanceof Player && !((Player) e).isCreative();
                                                     ^
  symbol:   method is(TagKey<EntityType<?>>)
  location: class EntityType<CAP#1>
  where CAP#1 is a fresh type-variable:
    CAP#1 extends Entity from capture of ?
C:\Users\justi\Documents\GitHub\AlexsMobs-26.2\src\main\java\com\github\alexthe666\alexsmobs\client\model\ModelSeal.java:100: error: cannot find symbol
        float walkSpeed = young ? 0.25F : 0.5F;
                          ^
  symbol:   variable young
  location: class ModelSeal
C:\Users\justi\Documents\GitHub\AlexsMobs-26.2\src\main\java\com\github\alexthe666\alexsmobs\client\model\ModelSeal.java:225: error: cannot find symbol
        if (this.young) {
                ^
  symbol: variable young
C:\Users\justi\Documents\GitHub\AlexsMobs-26.2\src\main\java\com\github\alexthe666\alexsmobs\client\model\ModelSeal.java:233: error: no suitable method found for render(PoseStack,VertexConsumer,int,int,float,float,float,float)
                p_228292_8_.render(matrixStackIn, bufferIn, packedLightIn, packedOverlayIn, red, green, blue, alpha);
                           ^
    method BasicModelPart.render(PoseStack,VertexConsumer,int,int) is not applicable
      (actual and formal argument lists differ in length)
    method BasicModelPart.render(PoseStack,VertexConsumer,int,int,int) is not applicable
      (actual and formal argument lists differ in length)
C:\Users\justi\Documents\GitHub\AlexsMobs-26.2\src\main\java\com\github\alexthe666\alexsmobs\client\model\ModelSeal.java:240: error: no suitable method found for render(PoseStack,VertexConsumer,int,int,float,float,float,float)
                p_228290_8_.render(matrixStackIn, bufferIn, packedLightIn, packedOverlayIn, red, green, blue, alpha);
                           ^
    method BasicModelPart.render(PoseStack,VertexConsumer,int,int) is not applicable
      (actual and formal argument lists differ in length)
    method BasicModelPart.render(PoseStack,VertexConsumer,int,int,int) is not applicable
      (actual and formal argument lists differ in length)
C:\Users\justi\Documents\GitHub\AlexsMobs-26.2\src\main\java\com\github\alexthe666\alexsmobs\entity\EntitySeal.java:120: error: cannot find symbol
        this.goalSelector.addGoal(10, new TemptGoal(this, 1.1D, Ingredient.fromValues(Stream.of(new Ingredient.TagValue(AMTagRegistry.SEAL_BREEDABLES), new Ingredient.TagValue(AMTagRegistry.SEAL_OFFERINGS))), false));
                                                                                                              ^
  symbol:   class TagValue
  location: class Ingredient
C:\Users\justi\Documents\GitHub\AlexsMobs-26.2\src\main\java\com\github\alexthe666\alexsmobs\entity\EntitySeal.java:120: error: cannot find symbol
        this.goalSelector.addGoal(10, new TemptGoal(this, 1.1D, Ingredient.fromValues(Stream.of(new Ingredient.TagValue(AMTagRegistry.SEAL_BREEDABLES), new Ingredient.TagValue(AMTagRegistry.SEAL_OFFERINGS))), false));
                                                                                                                                                                      ^
  symbol:   class TagValue
  location: class Ingredient
C:\Users\justi\Documents\GitHub\AlexsMobs-26.2\src\main\java\com\github\alexthe666\alexsmobs\entity\EntitySeal.java:137: error: hurt(DamageSource,float) in EntitySeal cannot override hurt(DamageSource,float) in Entity
    public boolean hurt(DamageSource source, float amount) {
                   ^
  overridden method is final
C:\Users\justi\Documents\GitHub\AlexsMobs-26.2\src\main\java\com\github\alexthe666\alexsmobs\entity\EntitySeal.java:138: error: incompatible types: void cannot be converted to boolean
        final boolean prev = super.hurt(source, amount);
                                       ^
C:\Users\justi\Documents\GitHub\AlexsMobs-26.2\src\main\java\com\github\alexthe666\alexsmobs\entity\EntitySeal.java:172: error: method update in class WalkAnimationState cannot be applied to given types;
        this.walkAnimation.update(f2, 0.4F);
                          ^
  required: float,float,float
  found:    float,float
  reason: actual and formal argument lists differ in length
C:\Users\justi\Documents\GitHub\AlexsMobs-26.2\src\main\java\com\github\alexthe666\alexsmobs\entity\EntitySeal.java:352: error: method finalizeSpawn in class AgeableMob cannot be applied to given types;
        return super.finalizeSpawn(worldIn, difficultyIn, reason, data, dataTag);
                    ^
  required: ServerLevelAccessor,DifficultyInstance,EntitySpawnReason,SpawnGroupData
  found:    ServerLevelAccessor,DifficultyInstance,EntitySpawnReason,SpawnGroupData,CompoundTag
  reason: actual and formal argument lists differ in length
C:\Users\justi\Documents\GitHub\AlexsMobs-26.2\src\main\java\com\github\alexthe666\alexsmobs\entity\EntitySeal.java:410: error: no suitable method found for create(ServerLevel)
        EntitySeal seal = AMEntityRegistry.SEAL.get().create(serverWorld);
                                                     ^
    method EntityType.create(ServerLevel,@org.jspecify.annotations.Nullable PostSpawnProcessor<EntitySeal>,BlockPos,EntitySpawnReason,boolean,boolean) is not applicable
      (actual and formal argument lists differ in length)
    method EntityType.create(Level,EntitySpawnReason) is not applicable
      (actual and formal argument lists differ in length)
    method EntityType.create(Level,EntitySpawnRequest) is not applicable
      (actual and formal argument lists differ in length)
    method EntityType.create(ValueInput,Level,EntitySpawnRequest) is not applicable
      (actual and formal argument lists differ in length)
    method EntityType.create(EntityType<?>,ValueInput,Level,EntitySpawnReason) is not applicable
      (actual and formal argument lists differ in length)
C:\Users\justi\Documents\GitHub\AlexsMobs-26.2\src\main\java\com\github\alexthe666\alexsmobs\entity\EntitySeal.java:451: error: cannot find symbol
            this.playSound(SoundEvents.CAT_EAT, this.getSoundVolume(), this.getVoicePitch());
                                      ^
  symbol:   variable CAT_EAT
  location: class SoundEvents
C:\Users\justi\Documents\GitHub\AlexsMobs-26.2\src\main\java\com\github\alexthe666\alexsmobs\client\model\ModelShieldOfTheDeep.java:41: error: method does not override or implement a method from a supertype
	@Override
	^
C:\Users\justi\Documents\GitHub\AlexsMobs-26.2\src\main\java\com\github\alexthe666\alexsmobs\entity\EntityShoebill.java:102: error: hurt(DamageSource,float) in EntityShoebill cannot override hurt(DamageSource,float) in Entity
    public boolean hurt(DamageSource source, float amount) {
                   ^
  overridden method is final
C:\Users\justi\Documents\GitHub\AlexsMobs-26.2\src\main\java\com\github\alexthe666\alexsmobs\entity\EntityShoebill.java:103: error: incompatible types: void cannot be converted to boolean
        boolean prev = super.hurt(source, amount);
                                 ^
C:\Users\justi\Documents\GitHub\AlexsMobs-26.2\src\main\java\com\github\alexthe666\alexsmobs\entity\EntityShoebill.java:139: error: no suitable method found for of(TagKey<Item>)
        this.goalSelector.addGoal(5, new TemptGoal(this, 1.1D, Ingredient.of(AMTagRegistry.SHOEBILL_FOODSTUFFS), false));
                                                                         ^
    method Ingredient.of(ItemLike) is not applicable
      (argument mismatch; TagKey<Item> cannot be converted to ItemLike)
    method Ingredient.of(ItemLike...) is not applicable
      (varargs mismatch; TagKey<Item> cannot be converted to ItemLike)
    method Ingredient.of(Stream<? extends ItemLike>) is not applicable
      (argument mismatch; TagKey<Item> cannot be converted to Stream<? extends ItemLike>)
    method Ingredient.of(HolderSet<Item>) is not applicable
      (argument mismatch; TagKey<Item> cannot be converted to HolderSet<Item>)
C:\Users\justi\Documents\GitHub\AlexsMobs-26.2\src\main\java\com\github\alexthe666\alexsmobs\entity\EntityShoebill.java:146: error: incompatible types: Predicate<LivingEntity> cannot be converted to Selector
        this.targetSelector.addGoal(4, new NearestAttackableTargetGoal(this, EntityAlligatorSnappingTurtle.class, 40, false, false, TARGET_BABY));
                                                                                                                                    ^
C:\Users\justi\Documents\GitHub\AlexsMobs-26.2\src\main\java\com\github\alexthe666\alexsmobs\entity\EntityShoebill.java:147: error: incompatible types: Predicate<LivingEntity> cannot be converted to Selector
        this.targetSelector.addGoal(5, new NearestAttackableTargetGoal(this, Turtle.class, 40, false, false, TARGET_BABY));
                                                                                                             ^
C:\Users\justi\Documents\GitHub\AlexsMobs-26.2\src\main\java\com\github\alexthe666\alexsmobs\entity\EntityShoebill.java:148: error: incompatible types: Predicate<LivingEntity> cannot be converted to Selector
        this.targetSelector.addGoal(6, new NearestAttackableTargetGoal(this, EntityCrocodile.class, 40, false, false, TARGET_BABY));
                                                                                                                      ^
C:\Users\justi\Documents\GitHub\AlexsMobs-26.2\src\main\java\com\github\alexthe666\alexsmobs\entity\EntityShoebill.java:149: error: incompatible types: Predicate<LivingEntity> cannot be converted to Selector
        this.targetSelector.addGoal(7, new NearestAttackableTargetGoal(this, EntityCaiman.class, 40, false, false, TARGET_BABY));
                                                                                                                   ^
C:\Users\justi\Documents\GitHub\AlexsMobs-26.2\src\main\java\com\github\alexthe666\alexsmobs\entity\EntityShoebill.java:219: error: no suitable method found for knockback(float,double,double)
            getTarget().knockback(0.3F, getTarget().getX() - this.getX(), getTarget().getZ() - this.getZ());
                       ^
    method LivingEntity.knockback(double,double,double,DamageSource,float,boolean) is not applicable
      (actual and formal argument lists differ in length)
    method LivingEntity.knockback(double,double,double,DamageSource,float) is not applicable
      (actual and formal argument lists differ in length)
C:\Users\justi\Documents\GitHub\AlexsMobs-26.2\src\main\java\com\github\alexthe666\alexsmobs\entity\EntityShoebill.java:300: error: no suitable constructor found for ItemParticleOption(ParticleType<ItemParticleOption>,ItemStack)
                     this.level().addParticle(new ItemParticleOption(ParticleTypes.ITEM, lvt_3_1_), this.getX() + (double) (this.random.nextFloat() * this.getBbWidth()) - (double) this.getBbWidth() * 0.5F, this.getY() + this.getBbHeight() * 0.5F + (double) (this.random.nextFloat() * this.getBbHeight() * 0.5F), this.getZ() + (double) (this.random.nextFloat() * this.getBbWidth()) - (double) this.getBbWidth() * 0.5F, d0, d1, d2);
                                              ^
    constructor ItemParticleOption.ItemParticleOption(ParticleType<ItemParticleOption>,Item) is not applicable
      (argument mismatch; ItemStack cannot be converted to Item)
    constructor ItemParticleOption.ItemParticleOption(ParticleType<ItemParticleOption>,ItemStackTemplate) is not applicable
      (argument mismatch; ItemStack cannot be converted to ItemStackTemplate)
C:\Users\justi\Documents\GitHub\AlexsMobs-26.2\src\main\java\com\github\alexthe666\alexsmobs\entity\EntityShoebill.java:303: error: cannot find symbol
                 this.playSound(SoundEvents.CAT_EAT, this.getSoundVolume(), this.getVoicePitch());
                                           ^
  symbol:   variable CAT_EAT
  location: class SoundEvents
C:\Users\justi\Documents\GitHub\AlexsMobs-26.2\src\main\java\com\github\alexthe666\alexsmobs\entity\EntityShoebill.java:305: error: cannot find symbol
                 return net.minecraft.world.InteractionResult.sidedSuccess(this.level().isClientSide());
                                                             ^
  symbol:   method sidedSuccess(boolean)
  location: interface InteractionResult
C:\Users\justi\Documents\GitHub\AlexsMobs-26.2\src\main\java\com\github\alexthe666\alexsmobs\entity\EntityShoebill.java:320: error: no suitable constructor found for ItemParticleOption(ParticleType<ItemParticleOption>,ItemStack)
                     this.level().addParticle(new ItemParticleOption(ParticleTypes.ITEM, lvt_3_1_), this.getX() + (double) (this.random.nextFloat() * this.getBbWidth()) - (double) this.getBbWidth() * 0.5F, this.getY() + this.getBbHeight() * 0.5F + (double) (this.random.nextFloat() * this.getBbHeight() * 0.5F), this.getZ() + (double) (this.random.nextFloat() * this.getBbWidth()) - (double) this.getBbWidth() * 0.5F, d0, d1, d2);
                                              ^
    constructor ItemParticleOption.ItemParticleOption(ParticleType<ItemParticleOption>,Item) is not applicable
      (argument mismatch; ItemStack cannot be converted to Item)
    constructor ItemParticleOption.ItemParticleOption(ParticleType<ItemParticleOption>,ItemStackTemplate) is not applicable
      (argument mismatch; ItemStack cannot be converted to ItemStackTemplate)
C:\Users\justi\Documents\GitHub\AlexsMobs-26.2\src\main\java\com\github\alexthe666\alexsmobs\entity\EntityShoebill.java:324: error: cannot find symbol
                 this.playSound(SoundEvents.CAT_EAT, this.getSoundVolume(), this.getVoicePitch());
                                           ^
  symbol:   variable CAT_EAT
  location: class SoundEvents
C:\Users\justi\Documents\GitHub\AlexsMobs-26.2\src\main\java\com\github\alexthe666\alexsmobs\entity\EntityShoebill.java:325: error: cannot find symbol
                 return net.minecraft.world.InteractionResult.sidedSuccess(this.level().isClientSide());
                                                             ^
  symbol:   method sidedSuccess(boolean)
  location: interface InteractionResult
C:\Users\justi\Documents\GitHub\AlexsMobs-26.2\src\main\java\com\github\alexthe666\alexsmobs\entity\EntityShoebill.java:342: error: no suitable method found for create(ServerLevel)
        return AMEntityRegistry.SHOEBILL.get().create(serverWorld);
                                              ^
    method EntityType.create(ServerLevel,@org.jspecify.annotations.Nullable PostSpawnProcessor<EntityShoebill>,BlockPos,EntitySpawnReason,boolean,boolean) is not applicable
      (actual and formal argument lists differ in length)
    method EntityType.create(Level,EntitySpawnReason) is not applicable
      (actual and formal argument lists differ in length)
    method EntityType.create(Level,EntitySpawnRequest) is not applicable
      (actual and formal argument lists differ in length)
    method EntityType.create(ValueInput,Level,EntitySpawnRequest) is not applicable
      (actual and formal argument lists differ in length)
    method EntityType.create(EntityType<?>,ValueInput,Level,EntitySpawnReason) is not applicable
      (actual and formal argument lists differ in length)
C:\Users\justi\Documents\GitHub\AlexsMobs-26.2\src\main\java\com\github\alexthe666\alexsmobs\entity\EntityShoebill.java:356: error: cannot find symbol
        this.playSound(SoundEvents.CAT_EAT, this.getSoundVolume(), this.getVoicePitch());
                                  ^
  symbol:   variable CAT_EAT
  location: class SoundEvents
C:\Users\justi\Documents\GitHub\AlexsMobs-26.2\src\main\java\com\github\alexthe666\alexsmobs\entity\EntitySkelewag.java:144: error: no suitable method found for knockback(float,double,double)
                getTarget().knockback(1F, getTarget().getX() - this.getX(), getTarget().getZ() - this.getZ());
                           ^
    method LivingEntity.knockback(double,double,double,DamageSource,float,boolean) is not applicable
      (actual and formal argument lists differ in length)
    method LivingEntity.knockback(double,double,double,DamageSource,float) is not applicable
      (actual and formal argument lists differ in length)
C:\Users\justi\Documents\GitHub\AlexsMobs-26.2\src\main\java\com\github\alexthe666\alexsmobs\entity\EntitySkelewag.java:211: error: cannot find symbol
            passenger.setPos(this.getX() + vec.x, this.getY() + vec.y + passenger.getMyRidingOffset(), this.getZ() + vec.z);
                                                                                 ^
  symbol:   method getMyRidingOffset()
  location: variable passenger of type Entity
C:\Users\justi\Documents\GitHub\AlexsMobs-26.2\src\main\java\com\github\alexthe666\alexsmobs\entity\EntitySkelewag.java:224: error: cannot find symbol
            Drowned drowned = EntityType.DROWNED.create(level());
                                        ^
  symbol:   variable DROWNED
  location: class EntityType
C:\Users\justi\Documents\GitHub\AlexsMobs-26.2\src\main\java\com\github\alexthe666\alexsmobs\entity\EntitySkelewag.java:225: error: method finalizeSpawn in class Drowned cannot be applied to given types;
            drowned.finalizeSpawn(worldIn, difficultyIn, reason, spawnDataIn, dataTag);
                   ^
  required: ServerLevelAccessor,DifficultyInstance,EntitySpawnReason,SpawnGroupData
  found:    ServerLevelAccessor,DifficultyInstance,EntitySpawnReason,SpawnGroupData,CompoundTag
  reason: actual and formal argument lists differ in length
C:\Users\justi\Documents\GitHub\AlexsMobs-26.2\src\main\java\com\github\alexthe666\alexsmobs\entity\EntitySkelewag.java:231: error: cannot find symbol
            this.restrictTo(this.blockPosition(), 15);
                ^
  symbol: method restrictTo(BlockPos,int)
C:\Users\justi\Documents\GitHub\AlexsMobs-26.2\src\main\java\com\github\alexthe666\alexsmobs\entity\EntitySkelewag.java:233: error: method finalizeSpawn in class Mob cannot be applied to given types;
        return super.finalizeSpawn(worldIn, difficultyIn, reason, spawnDataIn, dataTag);
                    ^
  required: ServerLevelAccessor,DifficultyInstance,EntitySpawnReason,SpawnGroupData
  found:    ServerLevelAccessor,DifficultyInstance,EntitySpawnReason,SpawnGroupData,CompoundTag
  reason: actual and formal argument lists differ in length
C:\Users\justi\Documents\GitHub\AlexsMobs-26.2\src\main\java\com\github\alexthe666\alexsmobs\entity\EntitySkreecher.java:141: error: hurt(DamageSource,float) in EntitySkreecher cannot override hurt(DamageSource,float) in Entity
    public boolean hurt(DamageSource source, float value){
                   ^
  overridden method is final
C:\Users\justi\Documents\GitHub\AlexsMobs-26.2\src\main\java\com\github\alexthe666\alexsmobs\entity\EntitySkreecher.java:145: error: incompatible types: void cannot be converted to boolean
        return super.hurt(source, value);
                         ^
C:\Users\justi\Documents\GitHub\AlexsMobs-26.2\src\main\java\com\github\alexthe666\alexsmobs\entity\EntitySkreecher.java:175: error: cannot find symbol
                if (technicalDistToCeiling > MAX_DIST_TO_CEILING || !isAlive() || clingCooldown > 0 || this.isInFluidType()) {
                                                                                                           ^
  symbol: method isInFluidType()
C:\Users\justi\Documents\GitHub\AlexsMobs-26.2\src\main\java\com\github\alexthe666\alexsmobs\entity\EntitySkreecher.java:227: error: cannot find symbol
                this.gameEvent(GameEvent.ENTITY_ROAR);
                                        ^
  symbol:   variable ENTITY_ROAR
  location: class GameEvent
C:\Users\justi\Documents\GitHub\AlexsMobs-26.2\src\main\java\com\github\alexthe666\alexsmobs\entity\EntitySkreecher.java:242: error: cannot find symbol
                        Warden warden = EntityType.WARDEN.create(this.level());
                                                  ^
  symbol:   variable WARDEN
  location: class EntityType
C:\Users\justi\Documents\GitHub\AlexsMobs-26.2\src\main\java\com\github\alexthe666\alexsmobs\entity\EntitySkreecher.java:244: error: cannot find symbol
                        warden.moveTo(this.getX(), spawnAt.getY() + 1, this.getZ(), this.getYRot(), 0.0F);
                              ^
  symbol:   method moveTo(double,int,double,float,float)
  location: variable warden of type Warden
C:\Users\justi\Documents\GitHub\AlexsMobs-26.2\src\main\java\com\github\alexthe666\alexsmobs\entity\EntitySkreecher.java:245: error: cannot find symbol
                        warden.finalizeSpawn((ServerLevel)level(), level().getCurrentDifficultyAt(this.blockPosition()), EntitySpawnReason.TRIGGERED, (SpawnGroupData)null, (CompoundTag)null);
                                                                          ^
  symbol:   method getCurrentDifficultyAt(BlockPos)
  location: class Level
C:\Users\justi\Documents\GitHub\AlexsMobs-26.2\src\main\java\com\github\alexthe666\alexsmobs\entity\EntitySkreecher.java:303: error: cannot find symbol
        this.setDistanceToCeiling((float)compound.getDouble("CeilDist"));
                                                 ^
  symbol:   method getDouble(String)
  location: variable compound of type ValueInput
C:\Users\justi\Documents\GitHub\AlexsMobs-26.2\src\main\java\com\github\alexthe666\alexsmobs\entity\EntitySkreecher.java:309: error: getDimensions(Pose) in EntitySkreecher cannot override getDimensions(Pose) in LivingEntity
    public EntityDimensions getDimensions(Pose poseIn) {
                            ^
  overridden method is final
C:\Users\justi\Documents\GitHub\AlexsMobs-26.2\src\main\java\com\github\alexthe666\alexsmobs\entity\EntitySkreecher.java:395: error: cannot find symbol
        if (this.isEffectiveAi() && this.isClinging() && !this.isInFluidType()) {
                                                              ^
  symbol: method isInFluidType()
C:\Users\justi\Documents\GitHub\AlexsMobs-26.2\src\main\java\com\github\alexthe666\alexsmobs\client\model\ModelSkunk.java:153: error: cannot find symbol
        if (this.young) {
                ^
  symbol: variable young
C:\Users\justi\Documents\GitHub\AlexsMobs-26.2\src\main\java\com\github\alexthe666\alexsmobs\client\model\ModelSkunk.java:159: error: no suitable method found for render(PoseStack,VertexConsumer,int,int,float,float,float,float)
                p_228292_8_.render(matrixStackIn, bufferIn, packedLightIn, packedOverlayIn, red, green, blue, alpha);
                           ^
    method BasicModelPart.render(PoseStack,VertexConsumer,int,int) is not applicable
      (actual and formal argument lists differ in length)
    method BasicModelPart.render(PoseStack,VertexConsumer,int,int,int) is not applicable
      (actual and formal argument lists differ in length)
C:\Users\justi\Documents\GitHub\AlexsMobs-26.2\src\main\java\com\github\alexthe666\alexsmobs\client\model\ModelSkunk.java:166: error: no suitable method found for render(PoseStack,VertexConsumer,int,int,float,float,float,float)
                p_228290_8_.render(matrixStackIn, bufferIn, packedLightIn, packedOverlayIn, red, green, blue, alpha);
                           ^
    method BasicModelPart.render(PoseStack,VertexConsumer,int,int) is not applicable
      (actual and formal argument lists differ in length)
    method BasicModelPart.render(PoseStack,VertexConsumer,int,int,int) is not applicable
      (actual and formal argument lists differ in length)
C:\Users\justi\Documents\GitHub\AlexsMobs-26.2\src\main\java\com\github\alexthe666\alexsmobs\entity\EntitySkunk.java:80: error: no suitable method found for of(TagKey<Item>)
        this.goalSelector.addGoal(3, new TemptGoal(this, 1.1D, Ingredient.of(AMTagRegistry.SKUNK_BREEDABLES), false));
                                                                         ^
    method Ingredient.of(ItemLike) is not applicable
      (argument mismatch; TagKey<Item> cannot be converted to ItemLike)
    method Ingredient.of(ItemLike...) is not applicable
      (varargs mismatch; TagKey<Item> cannot be converted to ItemLike)
    method Ingredient.of(Stream<? extends ItemLike>) is not applicable
      (argument mismatch; TagKey<Item> cannot be converted to Stream<? extends ItemLike>)
    method Ingredient.of(HolderSet<Item>) is not applicable
      (argument mismatch; TagKey<Item> cannot be converted to HolderSet<Item>)
C:\Users\justi\Documents\GitHub\AlexsMobs-26.2\src\main\java\com\github\alexthe666\alexsmobs\entity\EntitySkunk.java:236: error: no suitable method found for create(Level)
        return AMEntityRegistry.SKUNK.get().create(level());
                                           ^
    method EntityType.create(ServerLevel,@org.jspecify.annotations.Nullable PostSpawnProcessor<EntitySkunk>,BlockPos,EntitySpawnReason,boolean,boolean) is not applicable
      (actual and formal argument lists differ in length)
    method EntityType.create(Level,EntitySpawnReason) is not applicable
      (actual and formal argument lists differ in length)
    method EntityType.create(Level,EntitySpawnRequest) is not applicable
      (actual and formal argument lists differ in length)
    method EntityType.create(ValueInput,Level,EntitySpawnRequest) is not applicable
      (actual and formal argument lists differ in length)
    method EntityType.create(EntityType<?>,ValueInput,Level,EntitySpawnReason) is not applicable
      (actual and formal argument lists differ in length)
C:\Users\justi\Documents\GitHub\AlexsMobs-26.2\src\main\java\com\github\alexthe666\alexsmobs\entity\EntitySkunk.java:293: error: cannot find symbol
                                entity.addEffect(new MobEffectInstance(MobEffects.CONFUSION, 300));
                                                                                 ^
  symbol:   variable CONFUSION
  location: class MobEffects
C:\Users\justi\Documents\GitHub\AlexsMobs-26.2\src\main\java\com\github\alexthe666\alexsmobs\client\model\ModelSnowLeopard.java:245: error: cannot find symbol
        if (this.young) {
                ^
  symbol: variable young
C:\Users\justi\Documents\GitHub\AlexsMobs-26.2\src\main\java\com\github\alexthe666\alexsmobs\client\model\ModelSnowLeopard.java:253: error: no suitable method found for render(PoseStack,VertexConsumer,int,int,float,float,float,float)
                p_228292_8_.render(matrixStackIn, bufferIn, packedLightIn, packedOverlayIn, red, green, blue, alpha);
                           ^
    method BasicModelPart.render(PoseStack,VertexConsumer,int,int) is not applicable
      (actual and formal argument lists differ in length)
    method BasicModelPart.render(PoseStack,VertexConsumer,int,int,int) is not applicable
      (actual and formal argument lists differ in length)
C:\Users\justi\Documents\GitHub\AlexsMobs-26.2\src\main\java\com\github\alexthe666\alexsmobs\client\model\ModelSnowLeopard.java:260: error: no suitable method found for render(PoseStack,VertexConsumer,int,int,float,float,float,float)
                p_228290_8_.render(matrixStackIn, bufferIn, packedLightIn, packedOverlayIn, red, green, blue, alpha);
                           ^
    method BasicModelPart.render(PoseStack,VertexConsumer,int,int) is not applicable
      (actual and formal argument lists differ in length)
    method BasicModelPart.render(PoseStack,VertexConsumer,int,int,int) is not applicable
      (actual and formal argument lists differ in length)
C:\Users\justi\Documents\GitHub\AlexsMobs-26.2\src\main\java\com\github\alexthe666\alexsmobs\entity\EntitySnowLeopard.java:99: error: cannot infer type arguments for NearestAttackableTargetGoal<>
        this.targetSelector.addGoal(2, new NearestAttackableTargetGoal<>(this, LivingEntity.class, 10, false, true, AMEntityRegistry.buildPredicateFromTag(AMTagRegistry.SNOW_LEOPARD_TARGETS)));
                                       ^
C:\Users\justi\Documents\GitHub\AlexsMobs-26.2\src\main\java\com\github\alexthe666\alexsmobs\entity\EntitySnowLeopard.java:155: error: no suitable method found for create(ServerLevel)
        return AMEntityRegistry.SNOW_LEOPARD.get().create(serverWorld);
                                                  ^
    method EntityType.create(ServerLevel,@org.jspecify.annotations.Nullable PostSpawnProcessor<EntitySnowLeopard>,BlockPos,EntitySpawnReason,boolean,boolean) is not applicable
      (actual and formal argument lists differ in length)
    method EntityType.create(Level,EntitySpawnReason) is not applicable
      (actual and formal argument lists differ in length)
    method EntityType.create(Level,EntitySpawnRequest) is not applicable
      (actual and formal argument lists differ in length)
    method EntityType.create(ValueInput,Level,EntitySpawnRequest) is not applicable
      (actual and formal argument lists differ in length)
    method EntityType.create(EntityType<?>,ValueInput,Level,EntitySpawnReason) is not applicable
      (actual and formal argument lists differ in length)
C:\Users\justi\Documents\GitHub\AlexsMobs-26.2\src\main\java\com\github\alexthe666\alexsmobs\entity\EntitySnowLeopard.java:249: error: method doHurtTarget in class Mob cannot be applied to given types;
                    doHurtTarget(attackTarget);
                    ^
  required: ServerLevel,Entity
  found:    LivingEntity
  reason: actual and formal argument lists differ in length
C:\Users\justi\Documents\GitHub\AlexsMobs-26.2\src\main\java\com\github\alexthe666\alexsmobs\entity\EntitySnowLeopard.java:251: error: no suitable method found for knockback(float,float,float)
                    attackTarget.knockback(0.5F, Mth.sin(rot * Mth.DEG_TO_RAD), -Mth.cos(rot * Mth.DEG_TO_RAD));
                                ^
    method LivingEntity.knockback(double,double,double,DamageSource,float,boolean) is not applicable
      (actual and formal argument lists differ in length)
    method LivingEntity.knockback(double,double,double,DamageSource,float) is not applicable
      (actual and formal argument lists differ in length)
C:\Users\justi\Documents\GitHub\AlexsMobs-26.2\src\main\java\com\github\alexthe666\alexsmobs\entity\EntitySnowLeopard.java:254: error: method doHurtTarget in class Mob cannot be applied to given types;
                    doHurtTarget(attackTarget);
                    ^
  required: ServerLevel,Entity
  found:    LivingEntity
  reason: actual and formal argument lists differ in length
C:\Users\justi\Documents\GitHub\AlexsMobs-26.2\src\main\java\com\github\alexthe666\alexsmobs\entity\EntitySnowLeopard.java:256: error: no suitable method found for knockback(float,float,float)
                    attackTarget.knockback(0.5F, Mth.sin(rot * Mth.DEG_TO_RAD), -Mth.cos(rot * Mth.DEG_TO_RAD));
                                ^
    method LivingEntity.knockback(double,double,double,DamageSource,float,boolean) is not applicable
      (actual and formal argument lists differ in length)
    method LivingEntity.knockback(double,double,double,DamageSource,float) is not applicable
      (actual and formal argument lists differ in length)
C:\Users\justi\Documents\GitHub\AlexsMobs-26.2\src\main\java\com\github\alexthe666\alexsmobs\entity\EntitySnowLeopard.java:264: error: hurt(DamageSource,float) in EntitySnowLeopard cannot override hurt(DamageSource,float) in Entity
    public boolean hurt(DamageSource source, float amount) {
                   ^
  overridden method is final
C:\Users\justi\Documents\GitHub\AlexsMobs-26.2\src\main\java\com\github\alexthe666\alexsmobs\entity\EntitySnowLeopard.java:265: error: incompatible types: void cannot be converted to boolean
        final boolean prev = super.hurt(source, amount);
                                       ^
C:\Users\justi\Documents\GitHub\AlexsMobs-26.2\src\main\java\com\github\alexthe666\alexsmobs\entity\EntitySnowLeopard.java:323: error: cannot find symbol
        return stack.getItem().isEdible() && stack.getItem().getFoodProperties() != null && stack.getItem().getFoodProperties().isMeat();
                              ^
  symbol:   method isEdible()
  location: class Item
C:\Users\justi\Documents\GitHub\AlexsMobs-26.2\src\main\java\com\github\alexthe666\alexsmobs\entity\EntitySnowLeopard.java:323: error: cannot find symbol
        return stack.getItem().isEdible() && stack.getItem().getFoodProperties() != null && stack.getItem().getFoodProperties().isMeat();
                                                            ^
  symbol:   method getFoodProperties()
  location: class Item
C:\Users\justi\Documents\GitHub\AlexsMobs-26.2\src\main\java\com\github\alexthe666\alexsmobs\entity\EntitySnowLeopard.java:323: error: cannot find symbol
        return stack.getItem().isEdible() && stack.getItem().getFoodProperties() != null && stack.getItem().getFoodProperties().isMeat();
                                                                                                           ^
  symbol:   method getFoodProperties()
  location: class Item
C:\Users\justi\Documents\GitHub\AlexsMobs-26.2\src\main\java\com\github\alexthe666\alexsmobs\client\model\ModelSoulVulture.java:165: error: method does not override or implement a method from a supertype
	@Override
	^
C:\Users\justi\Documents\GitHub\AlexsMobs-26.2\src\main\java\com\github\alexthe666\alexsmobs\entity\EntitySoulVulture.java:76: error: cannot find symbol
        return hasSoulHeart() ? SOUL_LOOT : super.getDefaultLootTable();
                                                 ^
  symbol: method getDefaultLootTable()
C:\Users\justi\Documents\GitHub\AlexsMobs-26.2\src\main\java\com\github\alexthe666\alexsmobs\entity\EntitySoulVulture.java:167: error: cannot find symbol
        if(compound.contains("PerchX") && compound.contains("PerchY") && compound.contains("PerchZ")){
                   ^
  symbol:   method contains(String)
  location: variable compound of type ValueInput
C:\Users\justi\Documents\GitHub\AlexsMobs-26.2\src\main\java\com\github\alexthe666\alexsmobs\entity\EntitySoulVulture.java:167: error: cannot find symbol
        if(compound.contains("PerchX") && compound.contains("PerchY") && compound.contains("PerchZ")){
                                                  ^
  symbol:   method contains(String)
  location: variable compound of type ValueInput
C:\Users\justi\Documents\GitHub\AlexsMobs-26.2\src\main\java\com\github\alexthe666\alexsmobs\entity\EntitySoulVulture.java:167: error: cannot find symbol
        if(compound.contains("PerchX") && compound.contains("PerchY") && compound.contains("PerchZ")){
                                                                                 ^
  symbol:   method contains(String)
  location: variable compound of type ValueInput
C:\Users\justi\Documents\GitHub\AlexsMobs-26.2\src\main\java\com\github\alexthe666\alexsmobs\entity\EntitySoulVulture.java:566: error: incompatible types: void cannot be converted to boolean
                    if(vulture.getTarget().hurt(vulture.damageSources().mobAttack(vulture), dmg)){
                                               ^
C:\Users\justi\Documents\GitHub\AlexsMobs-26.2\src\main\java\com\github\alexthe666\alexsmobs\entity\EntitySpectre.java:45: error: EntitySpectre is not abstract and does not override abstract method isFood(ItemStack) in Animal
public class EntitySpectre extends Animal {
       ^
C:\Users\justi\Documents\GitHub\AlexsMobs-26.2\src\main\java\com\github\alexthe666\alexsmobs\entity\EntitySpectre.java:110: error: method does not override or implement a method from a supertype
    @Override
    ^
C:\Users\justi\Documents\GitHub\AlexsMobs-26.2\src\main\java\com\github\alexthe666\alexsmobs\entity\EntitySpectre.java:112: error: method isInvulnerableTo in class LivingEntity cannot be applied to given types;
        return !source.is(DamageTypes.MAGIC) && !source.is(DamageTypes.FELL_OUT_OF_WORLD) && !source.isCreativePlayer() && !source.is(DamageTypeTags.BYPASSES_INVULNERABILITY) || super.isInvulnerableTo(source);
                                                                                                                                                                                       ^
  required: ServerLevel,DamageSource
  found:    DamageSource
  reason: actual and formal argument lists differ in length
C:\Users\justi\Documents\GitHub\AlexsMobs-26.2\src\main\java\com\github\alexthe666\alexsmobs\entity\EntitySpectre.java:119: error: method finalizeSpawn in class AgeableMob cannot be applied to given types;
        return super.finalizeSpawn(worldIn, difficultyIn, reason, spawnDataIn, dataTag);
                    ^
  required: ServerLevelAccessor,DifficultyInstance,EntitySpawnReason,SpawnGroupData
  found:    ServerLevelAccessor,DifficultyInstance,EntitySpawnReason,SpawnGroupData,CompoundTag
  reason: actual and formal argument lists differ in length
C:\Users\justi\Documents\GitHub\AlexsMobs-26.2\src\main\java\com\github\alexthe666\alexsmobs\entity\EntitySpectre.java:161: error: method dropLeash in interface Leashable cannot be applied to given types;
                this.dropLeash(true, true);
                    ^
  required: no arguments
  found:    boolean,boolean
  reason: actual and formal argument lists differ in length
C:\Users\justi\Documents\GitHub\AlexsMobs-26.2\src\main\java\com\github\alexthe666\alexsmobs\entity\EntitySpectre.java:175: error: cannot find symbol
                super.tickLeash();
                     ^
  symbol: method tickLeash()
C:\Users\justi\Documents\GitHub\AlexsMobs-26.2\src\main\java\com\github\alexthe666\alexsmobs\entity\EntitySpectre.java:186: error: cannot find symbol
        if (this.leashInfoTag != null) {
                ^
  symbol: variable leashInfoTag
C:\Users\justi\Documents\GitHub\AlexsMobs-26.2\src\main\java\com\github\alexthe666\alexsmobs\entity\EntitySpectre.java:187: error: cannot find symbol
            this.restoreLeashFromSave();
                ^
  symbol: method restoreLeashFromSave()
C:\Users\justi\Documents\GitHub\AlexsMobs-26.2\src\main\java\com\github\alexthe666\alexsmobs\entity\EntitySpectre.java:192: error: method dropLeash in interface Leashable cannot be applied to given types;
                this.dropLeash(true, true);
                    ^
  required: no arguments
  found:    boolean,boolean
  reason: actual and formal argument lists differ in length
C:\Users\justi\Documents\GitHub\AlexsMobs-26.2\src\main\java\com\github\alexthe666\alexsmobs\entity\EntitySpectre.java:202: error: method does not override or implement a method from a supertype
    @Override
    ^
C:\Users\justi\Documents\GitHub\AlexsMobs-26.2\src\main\java\com\github\alexthe666\alexsmobs\entity\EntitySpectre.java:377: error: incompatible types: TargetingConditions cannot be converted to Entity
                this.closestPlayer = this.creature.level().getNearestPlayer(ENTITY_PREDICATE, this.creature);
                                                                            ^
C:\Users\justi\Documents\GitHub\AlexsMobs-26.2\src\main\java\com\github\alexthe666\alexsmobs\entity\EntityStraddler.java:66: error: cannot find symbol
        this.setPathfindingMalus(PathType.DANGER_FIRE, 0.0F);
                                         ^
  symbol:   variable DANGER_FIRE
  location: class PathType
C:\Users\justi\Documents\GitHub\AlexsMobs-26.2\src\main\java\com\github\alexthe666\alexsmobs\entity\EntityStraddler.java:67: error: cannot find symbol
        this.setPathfindingMalus(PathType.DAMAGE_FIRE, 0.0F);
                                         ^
  symbol:   variable DAMAGE_FIRE
  location: class PathType
C:\Users\justi\Documents\GitHub\AlexsMobs-26.2\src\main\java\com\github\alexthe666\alexsmobs\entity\EntityStraddler.java:121: error: cannot find symbol
        this.checkInsideBlocks();
            ^
  symbol: method checkInsideBlocks()
C:\Users\justi\Documents\GitHub\AlexsMobs-26.2\src\main\java\com\github\alexthe666\alexsmobs\entity\EntityStraddler.java:146: error: cannot find symbol
            double d1 = this.getFluidTypeHeight(NeoForgeMod.LAVA_TYPE.get());
                                                                     ^
  symbol:   method get()
  location: variable LAVA_TYPE of type Holder<FluidType>
C:\Users\justi\Documents\GitHub\AlexsMobs-26.2\src\main\java\com\github\alexthe666\alexsmobs\entity\EntityStraddler.java:152: error: cannot find symbol
            }else if (lvt_1_1_.isAbove(LiquidBlock.STABLE_SHAPE, this.blockPosition().below(), true) && !this.level().getFluidState(this.blockPosition().above()).is(FluidTags.LAVA)) {
                                                  ^
  symbol:   variable STABLE_SHAPE
  location: class LiquidBlock
C:\Users\justi\Documents\GitHub\AlexsMobs-26.2\src\main\java\com\github\alexthe666\alexsmobs\entity\EntityStraddler.java:234: error: cannot find symbol
        this.checkInsideBlocks();
            ^
  symbol: method checkInsideBlocks()
C:\Users\justi\Documents\GitHub\AlexsMobs-26.2\src\main\java\com\github\alexthe666\alexsmobs\entity\EntityStraddler.java:237: error: incompatible types: Holder<SoundEvent> cannot be converted to SoundEvent
                this.playSound(SoundEvents.CROSSBOW_LOADING_MIDDLE, 2F, 1F / (this.getRandom().nextFloat() * 0.4F + 0.8F));
                                          ^
C:\Users\justi\Documents\GitHub\AlexsMobs-26.2\src\main\java\com\github\alexthe666\alexsmobs\entity\EntityStraddler.java:241: error: no suitable method found for create(Level)
            EntityStradpole pole = AMEntityRegistry.STRADPOLE.get().create(level());
                                                                   ^
    method EntityType.create(ServerLevel,@org.jspecify.annotations.Nullable PostSpawnProcessor<EntityStradpole>,BlockPos,EntitySpawnReason,boolean,boolean) is not applicable
      (actual and formal argument lists differ in length)
    method EntityType.create(Level,EntitySpawnReason) is not applicable
      (actual and formal argument lists differ in length)
    method EntityType.create(Level,EntitySpawnRequest) is not applicable
      (actual and formal argument lists differ in length)
    method EntityType.create(ValueInput,Level,EntitySpawnRequest) is not applicable
      (actual and formal argument lists differ in length)
    method EntityType.create(EntityType<?>,ValueInput,Level,EntitySpawnReason) is not applicable
      (actual and formal argument lists differ in length)
C:\Users\justi\Documents\GitHub\AlexsMobs-26.2\src\main\java\com\github\alexthe666\alexsmobs\entity\EntityStraddler.java:250: error: incompatible types: Holder<SoundEvent> cannot be converted to SoundEvent
            this.playSound(SoundEvents.CROSSBOW_LOADING_END, 2F, 1F / (this.getRandom().nextFloat() * 0.4F + 0.8F));
                                      ^
C:\Users\justi\Documents\GitHub\AlexsMobs-26.2\src\main\java\com\github\alexthe666\alexsmobs\entity\EntityStraddler.java:305: error: cannot find symbol
            return p_230287_1_ == PathType.LAVA || p_230287_1_ == PathType.DAMAGE_FIRE || p_230287_1_ == PathType.DANGER_FIRE || super.hasValidPathType(p_230287_1_);
                                                                          ^
  symbol:   variable DAMAGE_FIRE
  location: class PathType
C:\Users\justi\Documents\GitHub\AlexsMobs-26.2\src\main\java\com\github\alexthe666\alexsmobs\entity\EntityStraddler.java:305: error: cannot find symbol
            return p_230287_1_ == PathType.LAVA || p_230287_1_ == PathType.DAMAGE_FIRE || p_230287_1_ == PathType.DANGER_FIRE || super.hasValidPathType(p_230287_1_);
                                                                                                                 ^
  symbol:   variable DANGER_FIRE
  location: class PathType
C:\Users\justi\Documents\GitHub\AlexsMobs-26.2\src\main\java\com\github\alexthe666\alexsmobs\entity\EntityStraddler.java:305: error: cannot find symbol
            return p_230287_1_ == PathType.LAVA || p_230287_1_ == PathType.DAMAGE_FIRE || p_230287_1_ == PathType.DANGER_FIRE || super.hasValidPathType(p_230287_1_);
                                                                                                                                      ^
  symbol: method hasValidPathType(PathType)
C:\Users\justi\Documents\GitHub\AlexsMobs-26.2\src\main\java\com\github\alexthe666\alexsmobs\entity\EntityStradpole.java:67: error: cannot find symbol
    private static final EntityDataAccessor<Optional<UUID>> PARENT_UUID = SynchedEntityData.defineId(EntityStradpole.class, EntityDataSerializers.OPTIONAL_UUID);
                                                                                                                                                 ^
  symbol:   variable OPTIONAL_UUID
  location: class EntityDataSerializers
C:\Users\justi\Documents\GitHub\AlexsMobs-26.2\src\main\java\com\github\alexthe666\alexsmobs\entity\EntityStradpole.java:96: error: cannot find symbol
            stack.setCustomName(this.getCustomName());
                 ^
  symbol:   method setCustomName(Component)
  location: variable stack of type ItemStack
C:\Users\justi\Documents\GitHub\AlexsMobs-26.2\src\main\java\com\github\alexthe666\alexsmobs\entity\EntityStradpole.java:104: error: cannot find symbol
            bucket.setCustomName(this.getCustomName());
                  ^
  symbol:   method setCustomName(Component)
  location: variable bucket of type ItemStack
C:\Users\justi\Documents\GitHub\AlexsMobs-26.2\src\main\java\com\github\alexthe666\alexsmobs\entity\EntityStradpole.java:123: error: no suitable method found for create(Level)
                EntityStraddler straddler = AMEntityRegistry.STRADDLER.get().create(level());
                                                                            ^
    method EntityType.create(ServerLevel,@org.jspecify.annotations.Nullable PostSpawnProcessor<EntityStraddler>,BlockPos,EntitySpawnReason,boolean,boolean) is not applicable
      (actual and formal argument lists differ in length)
    method EntityType.create(Level,EntitySpawnReason) is not applicable
      (actual and formal argument lists differ in length)
    method EntityType.create(Level,EntitySpawnRequest) is not applicable
      (actual and formal argument lists differ in length)
    method EntityType.create(ValueInput,Level,EntitySpawnRequest) is not applicable
      (actual and formal argument lists differ in length)
    method EntityType.create(EntityType<?>,ValueInput,Level,EntitySpawnReason) is not applicable
      (actual and formal argument lists differ in length)
C:\Users\justi\Documents\GitHub\AlexsMobs-26.2\src\main\java\com\github\alexthe666\alexsmobs\entity\EntityStradpole.java:130: error: cannot find symbol
            return InteractionResult.sidedSuccess(this.level().isClientSide());
                                    ^
  symbol:   method sidedSuccess(boolean)
  location: interface InteractionResult
C:\Users\justi\Documents\GitHub\AlexsMobs-26.2\src\main\java\com\github\alexthe666\alexsmobs\entity\EntityStradpole.java:145: error: cannot find symbol
            return InteractionResult.sidedSuccess(level.isClientSide());
                                    ^
  symbol:   method sidedSuccess(boolean)
  location: interface InteractionResult
C:\Users\justi\Documents\GitHub\AlexsMobs-26.2\src\main\java\com\github\alexthe666\alexsmobs\entity\EntityStradpole.java:274: error: cannot find symbol
            this.hasImpulse = true;
                ^
  symbol: variable hasImpulse
C:\Users\justi\Documents\GitHub\AlexsMobs-26.2\src\main\java\com\github\alexthe666\alexsmobs\entity\EntityStradpole.java:331: error: no suitable method found for knockback(float,double,double)
                target.knockback(0.7F, entity.getX() - this.getX(), entity.getZ() - this.getZ());
                      ^
    method LivingEntity.knockback(double,double,double,DamageSource,float,boolean) is not applicable
      (actual and formal argument lists differ in length)
    method LivingEntity.knockback(double,double,double,DamageSource,float) is not applicable
      (actual and formal argument lists differ in length)
C:\Users\justi\Documents\GitHub\AlexsMobs-26.2\src\main\java\com\github\alexthe666\alexsmobs\entity\EntityStradpole.java:342: error: cannot find symbol
        if (holder.getUseItem().canPerformAction(ItemAbilities.SHIELD_BLOCK)) {
                                                              ^
  symbol:   variable SHIELD_BLOCK
  location: class ItemAbilities
C:\Users\justi\Documents\GitHub\AlexsMobs-26.2\src\main\java\com\github\alexthe666\alexsmobs\entity\EntityStradpole.java:350: error: no suitable method found for hurtAndBreak(int,Player,(p_213833_[...]d); })
                holder.getUseItem().hurtAndBreak(i, holder, (p_213833_1_) -> {
                                   ^
    method ItemStack.hurtAndBreak(int,LivingEntity,InteractionHand) is not applicable
      (argument mismatch; InteractionHand is not a functional interface)
    method ItemStack.hurtAndBreak(int,LivingEntity,EquipmentSlot) is not applicable
      (argument mismatch; EquipmentSlot is not a functional interface)
C:\Users\justi\Documents\GitHub\AlexsMobs-26.2\src\main\java\com\github\alexthe666\alexsmobs\entity\EntityStradpole.java:352: error: cannot find symbol
                    net.neoforged.neoforge.event.ForgeEventFactory.onPlayerDestroyItem(holder, holder.getUseItem(), hand);
                                                ^
  symbol:   class ForgeEventFactory
  location: package net.neoforged.neoforge.event
C:\Users\justi\Documents\GitHub\AlexsMobs-26.2\src\main\java\com\github\alexthe666\alexsmobs\entity\EntityStradpole.java:360: error: incompatible types: Reference<SoundEvent> cannot be converted to SoundEvent
                    holder.playSound(SoundEvents.SHIELD_BREAK, 0.8F, 0.8F + this.level().getRandom().nextFloat() * 0.4F);
                                                ^
C:\Users\justi\Documents\GitHub\AlexsMobs-26.2\src\main\java\com\github\alexthe666\alexsmobs\entity\EntityStradpole.java:450: error: method isPathfindable in class BlockStateBase cannot be applied to given types;
            for (int i = 0; vector3d != null && !this.mob.level().getFluidState(AMBlockPos.fromVec3(vector3d)).is(FluidTags.LAVA) && !this.mob.level().getBlockState(AMBlockPos.fromVec3(vector3d)).isPathfindable(this.mob.level(), AMBlockPos.fromVec3(vector3d), PathComputationType.WATER) && i++ < 15; vector3d = LandRandomPos.getPos(this.mob, 10, 7)) {
                                                                                                                                                                                                   ^
  required: PathComputationType
  found:    Level,BlockPos,PathComputationType
  reason: actual and formal argument lists differ in length
C:\Users\justi\Documents\GitHub\AlexsMobs-26.2\src\main\java\com\github\alexthe666\alexsmobs\client\model\ModelSugarGlider.java:158: error: method does not override or implement a method from a supertype
    @Override
    ^
C:\Users\justi\Documents\GitHub\AlexsMobs-26.2\src\main\java\com\github\alexthe666\alexsmobs\client\model\ModelSugarGlider.java:160: error: cannot find symbol
        if (this.young) {
                ^
  symbol: variable young
C:\Users\justi\Documents\GitHub\AlexsMobs-26.2\src\main\java\com\github\alexthe666\alexsmobs\client\model\ModelSugarGlider.java:168: error: no suitable method found for render(PoseStack,VertexConsumer,int,int,float,float,float,float)
                p_228292_8_.render(matrixStackIn, buffer, packedLight, packedOverlay, red, green, blue, alpha);
                           ^
    method BasicModelPart.render(PoseStack,VertexConsumer,int,int) is not applicable
      (actual and formal argument lists differ in length)
    method BasicModelPart.render(PoseStack,VertexConsumer,int,int,int) is not applicable
      (actual and formal argument lists differ in length)
C:\Users\justi\Documents\GitHub\AlexsMobs-26.2\src\main\java\com\github\alexthe666\alexsmobs\client\model\ModelSugarGlider.java:176: error: no suitable method found for render(PoseStack,VertexConsumer,int,int,float,float,float,float)
                p_228290_8_.render(matrixStackIn, buffer, packedLight, packedOverlay, red, green, blue, alpha);
                           ^
    method BasicModelPart.render(PoseStack,VertexConsumer,int,int) is not applicable
      (actual and formal argument lists differ in length)
    method BasicModelPart.render(PoseStack,VertexConsumer,int,int,int) is not applicable
      (actual and formal argument lists differ in length)
C:\Users\justi\Documents\GitHub\AlexsMobs-26.2\src\main\java\com\github\alexthe666\alexsmobs\entity\EntitySugarGlider.java:125: error: cannot find symbol
        this.goalSelector.addGoal(3, new TemptGoal(this, 1.1D, Ingredient.fromValues(Stream.of(new Ingredient.TagValue(AMTagRegistry.SUGAR_GLIDER_BREEDABLES), new Ingredient.TagValue(AMTagRegistry.SUGAR_GLIDER_TAMEABLES))), false){
                                                                                                             ^
  symbol:   class TagValue
  location: class Ingredient
C:\Users\justi\Documents\GitHub\AlexsMobs-26.2\src\main\java\com\github\alexthe666\alexsmobs\entity\EntitySugarGlider.java:125: error: cannot find symbol
        this.goalSelector.addGoal(3, new TemptGoal(this, 1.1D, Ingredient.fromValues(Stream.of(new Ingredient.TagValue(AMTagRegistry.SUGAR_GLIDER_BREEDABLES), new Ingredient.TagValue(AMTagRegistry.SUGAR_GLIDER_TAMEABLES))), false){
                                                                                                                                                                             ^
  symbol:   class TagValue
  location: class Ingredient
C:\Users\justi\Documents\GitHub\AlexsMobs-26.2\src\main\java\com\github\alexthe666\alexsmobs\entity\EntitySugarGlider.java:260: error: cannot find symbol
                Vec3 vec = Vec3.atLowerCornerOf(this.getAttachmentFacing().getNormal());
                                                                          ^
  symbol:   method getNormal()
  location: class Direction
C:\Users\justi\Documents\GitHub\AlexsMobs-26.2\src\main\java\com\github\alexthe666\alexsmobs\entity\EntitySugarGlider.java:304: error: no suitable method found for spawnAtLocation(ItemStack)
                            ItemEntity e = this.spawnAtLocation(stack.copy());
                                               ^
    method Entity.spawnAtLocation(ServerLevel,ItemLike) is not applicable
      (actual and formal argument lists differ in length)
    method Entity.spawnAtLocation(ServerLevel,ItemStack) is not applicable
      (actual and formal argument lists differ in length)
    method Entity.spawnAtLocation(ServerLevel,ItemStack,Vec3) is not applicable
      (actual and formal argument lists differ in length)
    method Entity.spawnAtLocation(ServerLevel,ItemStack,float) is not applicable
      (actual and formal argument lists differ in length)
C:\Users\justi\Documents\GitHub\AlexsMobs-26.2\src\main\java\com\github\alexthe666\alexsmobs\entity\EntitySugarGlider.java:306: error: cannot find symbol
                                e.hasImpulse = true;
                                 ^
  symbol:   variable hasImpulse
  location: variable e of type ItemEntity
C:\Users\justi\Documents\GitHub\AlexsMobs-26.2\src\main\java\com\github\alexthe666\alexsmobs\entity\EntitySugarGlider.java:369: error: cannot find symbol
        LootTable loottable = this.level().getServer().getLootData().getLootTable(SUGAR_GLIDER_REWARD);
                                                      ^
  symbol:   method getLootData()
  location: class MinecraftServer
C:\Users\justi\Documents\GitHub\AlexsMobs-26.2\src\main\java\com\github\alexthe666\alexsmobs\entity\EntitySugarGlider.java:389: error: cannot find symbol
        this.entityData.set(ATTACHED_FACE, Direction.from3DDataValue(compound.getByte("AttachFace")));
                                                                             ^
  symbol:   method getByte(String)
  location: variable compound of type ValueInput
C:\Users\justi\Documents\GitHub\AlexsMobs-26.2\src\main\java\com\github\alexthe666\alexsmobs\entity\EntitySugarGlider.java:416: error: method does not override or implement a method from a supertype
    @Override
    ^
C:\Users\justi\Documents\GitHub\AlexsMobs-26.2\src\main\java\com\github\alexthe666\alexsmobs\entity\EntitySugarGlider.java:418: error: method isInvulnerableTo in class LivingEntity cannot be applied to given types;
        return source.is(DamageTypes.IN_WALL) || super.isInvulnerableTo(source);
                                                      ^
  required: ServerLevel,DamageSource
  found:    DamageSource
  reason: actual and formal argument lists differ in length
C:\Users\justi\Documents\GitHub\AlexsMobs-26.2\src\main\java\com\github\alexthe666\alexsmobs\entity\EntitySugarGlider.java:516: error: cannot find symbol
                player.displayClientMessage(Component.translatable("entity.alexsmobs.all.command_" + this.getCommand(), this.getName()), true);
                      ^
  symbol:   method displayClientMessage(MutableComponent,boolean)
  location: variable player of type Player
C:\Users\justi\Documents\GitHub\AlexsMobs-26.2\src\main\java\com\github\alexthe666\alexsmobs\entity\EntitySugarGlider.java:535: error: method update in class WalkAnimationState cannot be applied to given types;
        this.walkAnimation.update(f2, 0.4F);
                          ^
  required: float,float,float
  found:    float,float
  reason: actual and formal argument lists differ in length
C:\Users\justi\Documents\GitHub\AlexsMobs-26.2\src\main\java\com\github\alexthe666\alexsmobs\entity\EntitySugarGlider.java:541: error: jumping has protected access in LivingEntity
                return super.canUpdatePath() || ((EntitySugarGlider) mob).isBesideClimbableBlock() || mob.jumping;
                                                                                                         ^
C:\Users\justi\Documents\GitHub\AlexsMobs-26.2\src\main\java\com\github\alexthe666\alexsmobs\entity\EntitySugarGlider.java:549: error: no suitable method found for create(ServerLevel)
        return AMEntityRegistry.SUGAR_GLIDER.get().create(serverLevel);
                                                  ^
    method EntityType.create(ServerLevel,@org.jspecify.annotations.Nullable PostSpawnProcessor<EntitySugarGlider>,BlockPos,EntitySpawnReason,boolean,boolean) is not applicable
      (actual and formal argument lists differ in length)
    method EntityType.create(Level,EntitySpawnReason) is not applicable
      (actual and formal argument lists differ in length)
    method EntityType.create(Level,EntitySpawnRequest) is not applicable
      (actual and formal argument lists differ in length)
    method EntityType.create(ValueInput,Level,EntitySpawnRequest) is not applicable
      (actual and formal argument lists differ in length)
    method EntityType.create(EntityType<?>,ValueInput,Level,EntitySpawnReason) is not applicable
      (actual and formal argument lists differ in length)
C:\Users\justi\Documents\GitHub\AlexsMobs-26.2\src\main\java\com\github\alexthe666\alexsmobs\entity\EntitySunbird.java:55: error: EntitySunbird is not abstract and does not override abstract method isFood(ItemStack) in Animal
public class EntitySunbird extends Animal {
       ^
C:\Users\justi\Documents\GitHub\AlexsMobs-26.2\src\main\java\com\github\alexthe666\alexsmobs\entity\EntitySunbird.java:60: error: cannot find symbol
            return e.isAlive() && e.getType().is(AMTagRegistry.SUNBIRD_SCORCH_TARGETS);
                                             ^
  symbol:   method is(TagKey<EntityType<?>>)
  location: class EntityType<CAP#1>
  where CAP#1 is a fresh type-variable:
    CAP#1 extends Entity from capture of ?
C:\Users\justi\Documents\GitHub\AlexsMobs-26.2\src\main\java\com\github\alexthe666\alexsmobs\entity\EntitySunbird.java:131: error: hurt(DamageSource,float) in EntitySunbird cannot override hurt(DamageSource,float) in Entity
    public boolean hurt(DamageSource source, float amount) {
                   ^
  overridden method is final
C:\Users\justi\Documents\GitHub\AlexsMobs-26.2\src\main\java\com\github\alexthe666\alexsmobs\entity\EntitySunbird.java:132: error: incompatible types: void cannot be converted to boolean
        boolean prev = super.hurt(source, amount);
                                 ^
C:\Users\justi\Documents\GitHub\AlexsMobs-26.2\src\main\java\com\github\alexthe666\alexsmobs\entity\EntitySunbird.java:137: error: incompatible types: MobEffect cannot be converted to Holder<MobEffect>
                    if (hurter.hasEffect(AMEffectRegistry.SUNBIRD_BLESSING.get())) {
                                                                              ^
C:\Users\justi\Documents\GitHub\AlexsMobs-26.2\src\main\java\com\github\alexthe666\alexsmobs\entity\EntitySunbird.java:138: error: incompatible types: MobEffect cannot be converted to Holder<MobEffect>
                        hurter.removeEffect(AMEffectRegistry.SUNBIRD_BLESSING.get());
                                                                                 ^
C:\Users\justi\Documents\GitHub\AlexsMobs-26.2\src\main\java\com\github\alexthe666\alexsmobs\entity\EntitySunbird.java:140: error: incompatible types: MobEffect cannot be converted to Holder<MobEffect>
                    hurter.addEffect(new MobEffectInstance(AMEffectRegistry.SUNBIRD_CURSE.get(), 600, 0));
                                                                                             ^
C:\Users\justi\Documents\GitHub\AlexsMobs-26.2\src\main\java\com\github\alexthe666\alexsmobs\entity\EntitySunbird.java:202: error: incompatible types: MobEffect cannot be converted to Holder<MobEffect>
                    if (!e.hasEffect(AMEffectRegistry.SUNBIRD_BLESSING.get()) && !e.hasEffect(AMEffectRegistry.SUNBIRD_CURSE.get())) {
                                                                          ^
C:\Users\justi\Documents\GitHub\AlexsMobs-26.2\src\main\java\com\github\alexthe666\alexsmobs\entity\EntitySunbird.java:202: error: incompatible types: MobEffect cannot be converted to Holder<MobEffect>
                    if (!e.hasEffect(AMEffectRegistry.SUNBIRD_BLESSING.get()) && !e.hasEffect(AMEffectRegistry.SUNBIRD_CURSE.get())) {
                                                                                                                                ^
C:\Users\justi\Documents\GitHub\AlexsMobs-26.2\src\main\java\com\github\alexthe666\alexsmobs\entity\EntitySunbird.java:203: error: incompatible types: MobEffect cannot be converted to Holder<MobEffect>
                        e.addEffect(new MobEffectInstance(AMEffectRegistry.SUNBIRD_BLESSING.get(), 600, 0));
                                                                                               ^
C:\Users\justi\Documents\GitHub\AlexsMobs-26.2\src\main\java\com\github\alexthe666\alexsmobs\entity\EntitySunbird.java:249: error: cannot find symbol
                    e.setSecondsOnFire(4);
                     ^
  symbol:   method setSecondsOnFire(int)
  location: variable e of type Entity
C:\Users\justi\Documents\GitHub\AlexsMobs-26.2\src\main\java\com\github\alexthe666\alexsmobs\entity\EntitySunbird.java:251: error: incompatible types: MobEffect cannot be converted to Holder<MobEffect>
                        ((Phantom) e).addEffect(new MobEffectInstance(AMEffectRegistry.SUNBIRD_CURSE.get(), 200, 0));
                                                                                                        ^
C:\Users\justi\Documents\GitHub\AlexsMobs-26.2\src\main\java\com\github\alexthe666\alexsmobs\entity\EntitySunbird.java:276: error: cannot find symbol
        if (compound.contains("BeaconPosX")) {
                    ^
  symbol:   method contains(String)
  location: variable compound of type ValueInput
C:\Users\justi\Documents\GitHub\AlexsMobs-26.2\src\main\java\com\github\alexthe666\alexsmobs\entity\EntitySunbird.java:324: error: method does not override or implement a method from a supertype
    @Override
    ^
C:\Users\justi\Documents\GitHub\AlexsMobs-26.2\src\main\java\com\github\alexthe666\alexsmobs\client\model\ModelTarantulaHawk.java:263: error: method does not override or implement a method from a supertype
    @Override
    ^
C:\Users\justi\Documents\GitHub\AlexsMobs-26.2\src\main\java\com\github\alexthe666\alexsmobs\entity\EntityTarantulaHawk.java:121: error: method finalizeSpawn in class AgeableMob cannot be applied to given types;
        return super.finalizeSpawn(worldIn, difficultyIn, reason, spawnDataIn, dataTag);
                    ^
  required: ServerLevelAccessor,DifficultyInstance,EntitySpawnReason,SpawnGroupData
  found:    ServerLevelAccessor,DifficultyInstance,EntitySpawnReason,SpawnGroupData,CompoundTag
  reason: actual and formal argument lists differ in length
C:\Users\justi\Documents\GitHub\AlexsMobs-26.2\src\main\java\com\github\alexthe666\alexsmobs\entity\EntityTarantulaHawk.java:137: error: cannot find symbol
        this.goalSelector.addGoal(7, new TemptGoal(this, 1.1D, Ingredient.fromValues(Stream.of(new Ingredient.TagValue(AMTagRegistry.TARANTULA_HAWK_BREEDABLES), new Ingredient.TagValue(AMTagRegistry.TARANTULA_HAWK_TAMEABLES), new Ingredient.TagValue(AMTagRegistry.TARANTULA_HAWK_FOODSTUFFS))), false));
                                                                                                             ^
  symbol:   class TagValue
  location: class Ingredient
C:\Users\justi\Documents\GitHub\AlexsMobs-26.2\src\main\java\com\github\alexthe666\alexsmobs\entity\EntityTarantulaHawk.java:137: error: cannot find symbol
        this.goalSelector.addGoal(7, new TemptGoal(this, 1.1D, Ingredient.fromValues(Stream.of(new Ingredient.TagValue(AMTagRegistry.TARANTULA_HAWK_BREEDABLES), new Ingredient.TagValue(AMTagRegistry.TARANTULA_HAWK_TAMEABLES), new Ingredient.TagValue(AMTagRegistry.TARANTULA_HAWK_FOODSTUFFS))), false));
                                                                                                                                                                               ^
  symbol:   class TagValue
  location: class Ingredient
C:\Users\justi\Documents\GitHub\AlexsMobs-26.2\src\main\java\com\github\alexthe666\alexsmobs\entity\EntityTarantulaHawk.java:137: error: cannot find symbol
        this.goalSelector.addGoal(7, new TemptGoal(this, 1.1D, Ingredient.fromValues(Stream.of(new Ingredient.TagValue(AMTagRegistry.TARANTULA_HAWK_BREEDABLES), new Ingredient.TagValue(AMTagRegistry.TARANTULA_HAWK_TAMEABLES), new Ingredient.TagValue(AMTagRegistry.TARANTULA_HAWK_FOODSTUFFS))), false));
                                                                                                                                                                                                                                                ^
  symbol:   class TagValue
  location: class Ingredient
C:\Users\justi\Documents\GitHub\AlexsMobs-26.2\src\main\java\com\github\alexthe666\alexsmobs\entity\EntityTarantulaHawk.java:190: error: hurt(DamageSource,float) in EntityTarantulaHawk cannot override hurt(DamageSource,float) in Entity
    public boolean hurt(DamageSource source, float amount) {
                   ^
  overridden method is final
C:\Users\justi\Documents\GitHub\AlexsMobs-26.2\src\main\java\com\github\alexthe666\alexsmobs\entity\EntityTarantulaHawk.java:191: error: cannot find symbol
        if (source.getEntity() instanceof LivingEntity && ((LivingEntity) source.getEntity()).getMobType() == MobType.ARTHROPOD && ((LivingEntity) source.getEntity()).hasEffect(AMEffectRegistry.DEBILITATING_STING.get())) {
                                                                                             ^
  symbol:   method getMobType()
  location: class LivingEntity
C:\Users\justi\Documents\GitHub\AlexsMobs-26.2\src\main\java\com\github\alexthe666\alexsmobs\entity\EntityTarantulaHawk.java:191: error: cannot find symbol
        if (source.getEntity() instanceof LivingEntity && ((LivingEntity) source.getEntity()).getMobType() == MobType.ARTHROPOD && ((LivingEntity) source.getEntity()).hasEffect(AMEffectRegistry.DEBILITATING_STING.get())) {
                                                                                                              ^
  symbol:   variable MobType
  location: class EntityTarantulaHawk
C:\Users\justi\Documents\GitHub\AlexsMobs-26.2\src\main\java\com\github\alexthe666\alexsmobs\entity\EntityTarantulaHawk.java:191: error: incompatible types: MobEffect cannot be converted to Holder<MobEffect>
        if (source.getEntity() instanceof LivingEntity && ((LivingEntity) source.getEntity()).getMobType() == MobType.ARTHROPOD && ((LivingEntity) source.getEntity()).hasEffect(AMEffectRegistry.DEBILITATING_STING.get())) {
                                                                                                                                                                                                                        ^
C:\Users\justi\Documents\GitHub\AlexsMobs-26.2\src\main\java\com\github\alexthe666\alexsmobs\entity\EntityTarantulaHawk.java:194: error: incompatible types: void cannot be converted to boolean
        return super.hurt(source, amount);
                         ^
C:\Users\justi\Documents\GitHub\AlexsMobs-26.2\src\main\java\com\github\alexthe666\alexsmobs\entity\EntityTarantulaHawk.java:219: error: isAlliedTo(Entity) in EntityTarantulaHawk cannot override isAlliedTo(@org.jspecify.annotations.Nullable Entity) in Entity
    public boolean isAlliedTo(Entity entityIn) {
                   ^
  overridden method is final
C:\Users\justi\Documents\GitHub\AlexsMobs-26.2\src\main\java\com\github\alexthe666\alexsmobs\entity\EntityTarantulaHawk.java:295: error: getDimensions(Pose) in EntityTarantulaHawk cannot override getDimensions(Pose) in LivingEntity
    public EntityDimensions getDimensions(Pose poseIn) {
                            ^
  overridden method is final
C:\Users\justi\Documents\GitHub\AlexsMobs-26.2\src\main\java\com\github\alexthe666\alexsmobs\entity\EntityTarantulaHawk.java:466: error: no suitable method found for spawnAtLocation(ItemStack)
                    this.spawnAtLocation(this.getMainHandItem().copy());
                        ^
    method Entity.spawnAtLocation(ServerLevel,ItemLike) is not applicable
      (actual and formal argument lists differ in length)
    method Entity.spawnAtLocation(ServerLevel,ItemStack) is not applicable
      (actual and formal argument lists differ in length)
    method Entity.spawnAtLocation(ServerLevel,ItemStack,Vec3) is not applicable
      (actual and formal argument lists differ in length)
    method Entity.spawnAtLocation(ServerLevel,ItemStack,float) is not applicable
      (actual and formal argument lists differ in length)
C:\Users\justi\Documents\GitHub\AlexsMobs-26.2\src\main\java\com\github\alexthe666\alexsmobs\entity\EntityTarantulaHawk.java:475: error: cannot find symbol
                player.displayClientMessage(Component.translatable("entity.alexsmobs.all.command_" + this.getCommand(), this.getName()), true);
                      ^
  symbol:   method displayClientMessage(MutableComponent,boolean)
  location: variable player of type Player
C:\Users\justi\Documents\GitHub\AlexsMobs-26.2\src\main\java\com\github\alexthe666\alexsmobs\entity\EntityTarantulaHawk.java:508: error: method does not override or implement a method from a supertype
    @Override
    ^
C:\Users\justi\Documents\GitHub\AlexsMobs-26.2\src\main\java\com\github\alexthe666\alexsmobs\entity\EntityTarantulaHawk.java:510: error: method isInvulnerableTo in class LivingEntity cannot be applied to given types;
        return source.is(DamageTypes.CACTUS) || super.isInvulnerableTo(source);
                                                     ^
  required: ServerLevel,DamageSource
  found:    DamageSource
  reason: actual and formal argument lists differ in length
C:\Users\justi\Documents\GitHub\AlexsMobs-26.2\src\main\java\com\github\alexthe666\alexsmobs\entity\EntityTarantulaHawk.java:532: error: cannot find symbol
        if (world.getGameRules().getBoolean(GameRules.RULE_DOMOBLOOT)) {
                                            ^
  symbol:   variable GameRules
  location: class EntityTarantulaHawk
C:\Users\justi\Documents\GitHub\AlexsMobs-26.2\src\main\java\com\github\alexthe666\alexsmobs\entity\EntityTarantulaHawk.java:737: error: cannot find symbol
            boolean paralized = target != null && target.getMobType() == MobType.ARTHROPOD && !target.noPhysics && target.hasEffect(AMEffectRegistry.DEBILITATING_STING.get());
                                                        ^
  symbol:   method getMobType()
  location: variable target of type LivingEntity
C:\Users\justi\Documents\GitHub\AlexsMobs-26.2\src\main\java\com\github\alexthe666\alexsmobs\entity\EntityTarantulaHawk.java:737: error: cannot find symbol
            boolean paralized = target != null && target.getMobType() == MobType.ARTHROPOD && !target.noPhysics && target.hasEffect(AMEffectRegistry.DEBILITATING_STING.get());
                                                                         ^
  symbol:   variable MobType
  location: class EntityTarantulaHawk.AIMelee
C:\Users\justi\Documents\GitHub\AlexsMobs-26.2\src\main\java\com\github\alexthe666\alexsmobs\entity\EntityTarantulaHawk.java:737: error: incompatible types: MobEffect cannot be converted to Holder<MobEffect>
            boolean paralized = target != null && target.getMobType() == MobType.ARTHROPOD && !target.noPhysics && target.hasEffect(AMEffectRegistry.DEBILITATING_STING.get());
                                                                                                                                                                           ^
C:\Users\justi\Documents\GitHub\AlexsMobs-26.2\src\main\java\com\github\alexthe666\alexsmobs\entity\EntityTarantulaHawk.java:738: error: incompatible types: MobEffect cannot be converted to Holder<MobEffect>
            boolean paralizedWithChild = paralized && target.getEffect(AMEffectRegistry.DEBILITATING_STING.get()).getAmplifier() > 0;
                                                                                                              ^
C:\Users\justi\Documents\GitHub\AlexsMobs-26.2\src\main\java\com\github\alexthe666\alexsmobs\entity\EntityTarantulaHawk.java:766: error: no suitable method found for startRiding(EntityTarantulaHawk,boolean)
                    target.startRiding(hawk, true);
                          ^
    method Entity.startRiding(Entity) is not applicable
      (actual and formal argument lists differ in length)
    method Entity.startRiding(Entity,boolean,boolean) is not applicable
      (actual and formal argument lists differ in length)
C:\Users\justi\Documents\GitHub\AlexsMobs-26.2\src\main\java\com\github\alexthe666\alexsmobs\entity\EntityTarantulaHawk.java:785: error: method doHurtTarget in class Mob cannot be applied to given types;
                            hawk.doHurtTarget(target);
                                ^
  required: ServerLevel,Entity
  found:    LivingEntity
  reason: actual and formal argument lists differ in length
C:\Users\justi\Documents\GitHub\AlexsMobs-26.2\src\main\java\com\github\alexthe666\alexsmobs\entity\EntityTarantulaHawk.java:791: error: incompatible types: MobEffect cannot be converted to Holder<MobEffect>
                            target.addEffect(new MobEffectInstance(AMEffectRegistry.DEBILITATING_STING.get(), target.getMobType() == MobType.ARTHROPOD ? EntityTarantulaHawk.STING_DURATION : 600, hawk.bredBuryFlag ? 1 : 0));
                                                                                                          ^
C:\Users\justi\Documents\GitHub\AlexsMobs-26.2\src\main\java\com\github\alexthe666\alexsmobs\entity\EntityTarantulaHawk.java:791: error: cannot find symbol
                            target.addEffect(new MobEffectInstance(AMEffectRegistry.DEBILITATING_STING.get(), target.getMobType() == MobType.ARTHROPOD ? EntityTarantulaHawk.STING_DURATION : 600, hawk.bredBuryFlag ? 1 : 0));
                                                                                                                    ^
  symbol:   method getMobType()
  location: variable target of type LivingEntity
C:\Users\justi\Documents\GitHub\AlexsMobs-26.2\src\main\java\com\github\alexthe666\alexsmobs\entity\EntityTarantulaHawk.java:791: error: cannot find symbol
                            target.addEffect(new MobEffectInstance(AMEffectRegistry.DEBILITATING_STING.get(), target.getMobType() == MobType.ARTHROPOD ? EntityTarantulaHawk.STING_DURATION : 600, hawk.bredBuryFlag ? 1 : 0));
                                                                                                                                     ^
  symbol:   variable MobType
  location: class EntityTarantulaHawk.AIMelee
C:\Users\justi\Documents\GitHub\AlexsMobs-26.2\src\main\java\com\github\alexthe666\alexsmobs\entity\EntityTarantulaHawk.java:792: error: cannot find symbol
                            if (!hawk.level().isClientSide() && target.getMobType() == MobType.ARTHROPOD) {
                                                                      ^
  symbol:   method getMobType()
  location: variable target of type LivingEntity
C:\Users\justi\Documents\GitHub\AlexsMobs-26.2\src\main\java\com\github\alexthe666\alexsmobs\entity\EntityTarantulaHawk.java:792: error: cannot find symbol
                            if (!hawk.level().isClientSide() && target.getMobType() == MobType.ARTHROPOD) {
                                                                                       ^
  symbol:   variable MobType
  location: class EntityTarantulaHawk.AIMelee
C:\Users\justi\Documents\GitHub\AlexsMobs-26.2\src\main\java\com\github\alexthe666\alexsmobs\entity\EntityTarantulaHawk.java:795: error: cannot find symbol
                            orbitCooldown = target.getMobType() == MobType.ARTHROPOD ? 200 + random.nextInt(200) : 10 + random.nextInt(20);
                                                  ^
  symbol:   method getMobType()
  location: variable target of type LivingEntity
C:\Users\justi\Documents\GitHub\AlexsMobs-26.2\src\main\java\com\github\alexthe666\alexsmobs\entity\EntityTarantulaHawk.java:795: error: cannot find symbol
                            orbitCooldown = target.getMobType() == MobType.ARTHROPOD ? 200 + random.nextInt(200) : 10 + random.nextInt(20);
                                                                   ^
  symbol:   variable MobType
  location: class EntityTarantulaHawk.AIMelee
C:\Users\justi\Documents\GitHub\AlexsMobs-26.2\src\main\java\com\github\alexthe666\alexsmobs\client\model\ModelTarantulaHawkBaby.java:59: error: method does not override or implement a method from a supertype
    @Override
    ^
C:\Users\justi\Documents\GitHub\AlexsMobs-26.2\src\main\java\com\github\alexthe666\alexsmobs\client\model\ModelTasmanianDevil.java:177: error: method does not override or implement a method from a supertype
	@Override
	^
C:\Users\justi\Documents\GitHub\AlexsMobs-26.2\src\main\java\com\github\alexthe666\alexsmobs\client\model\ModelTasmanianDevil.java:179: error: cannot find symbol
		if (this.young) {
		        ^
  symbol: variable young
C:\Users\justi\Documents\GitHub\AlexsMobs-26.2\src\main\java\com\github\alexthe666\alexsmobs\client\model\ModelTasmanianDevil.java:187: error: no suitable method found for render(PoseStack,VertexConsumer,int,int,float,float,float,float)
				p_228292_8_.render(matrixStackIn, bufferIn, packedLightIn, packedOverlayIn, red, green, blue, alpha);
				           ^
    method BasicModelPart.render(PoseStack,VertexConsumer,int,int) is not applicable
      (actual and formal argument lists differ in length)
    method BasicModelPart.render(PoseStack,VertexConsumer,int,int,int) is not applicable
      (actual and formal argument lists differ in length)
C:\Users\justi\Documents\GitHub\AlexsMobs-26.2\src\main\java\com\github\alexthe666\alexsmobs\client\model\ModelTasmanianDevil.java:194: error: no suitable method found for render(PoseStack,VertexConsumer,int,int,float,float,float,float)
				p_228290_8_.render(matrixStackIn, bufferIn, packedLightIn, packedOverlayIn, red, green, blue, alpha);
				           ^
    method BasicModelPart.render(PoseStack,VertexConsumer,int,int) is not applicable
      (actual and formal argument lists differ in length)
    method BasicModelPart.render(PoseStack,VertexConsumer,int,int,int) is not applicable
      (actual and formal argument lists differ in length)
C:\Users\justi\Documents\GitHub\AlexsMobs-26.2\src\main\java\com\github\alexthe666\alexsmobs\entity\EntityTasmanianDevil.java:84: error: no suitable method found for of(TagKey<Item>)
        this.goalSelector.addGoal(2, new TemptGoal(this, 1.1D, Ingredient.of(AMTagRegistry.TASMANIAN_DEVIL_HOWLING_FOODS), false){
                                                                         ^
    method Ingredient.of(ItemLike) is not applicable
      (argument mismatch; TagKey<Item> cannot be converted to ItemLike)
    method Ingredient.of(ItemLike...) is not applicable
      (varargs mismatch; TagKey<Item> cannot be converted to ItemLike)
    method Ingredient.of(Stream<? extends ItemLike>) is not applicable
      (argument mismatch; TagKey<Item> cannot be converted to Stream<? extends ItemLike>)
    method Ingredient.of(HolderSet<Item>) is not applicable
      (argument mismatch; TagKey<Item> cannot be converted to HolderSet<Item>)
C:\Users\justi\Documents\GitHub\AlexsMobs-26.2\src\main\java\com\github\alexthe666\alexsmobs\entity\EntityTasmanianDevil.java:98: error: cannot infer type arguments for NearestAttackableTargetGoal<>
        this.targetSelector.addGoal(2, new NearestAttackableTargetGoal<>(this, Animal.class, 120, false, false, (p_213487_0_) -> {
                                       ^
C:\Users\justi\Documents\GitHub\AlexsMobs-26.2\src\main\java\com\github\alexthe666\alexsmobs\entity\EntityTasmanianDevil.java:105: error: cannot find symbol
        if(this.getRandom().nextBoolean() && (entity instanceof Animal || entity.getMobType() == MobType.UNDEAD)){
                                                                                ^
  symbol:   method getMobType()
  location: variable entity of type LivingEntity
C:\Users\justi\Documents\GitHub\AlexsMobs-26.2\src\main\java\com\github\alexthe666\alexsmobs\entity\EntityTasmanianDevil.java:105: error: cannot find symbol
        if(this.getRandom().nextBoolean() && (entity instanceof Animal || entity.getMobType() == MobType.UNDEAD)){
                                                                                                 ^
  symbol:   variable MobType
  location: class EntityTasmanianDevil
C:\Users\justi\Documents\GitHub\AlexsMobs-26.2\src\main\java\com\github\alexthe666\alexsmobs\entity\EntityTasmanianDevil.java:106: error: no suitable method found for spawnAtLocation(ItemStack)
            entity.spawnAtLocation(new ItemStack(Items.BONE));
                  ^
    method Entity.spawnAtLocation(ServerLevel,ItemLike) is not applicable
      (actual and formal argument lists differ in length)
    method Entity.spawnAtLocation(ServerLevel,ItemStack) is not applicable
      (actual and formal argument lists differ in length)
    method Entity.spawnAtLocation(ServerLevel,ItemStack,Vec3) is not applicable
      (actual and formal argument lists differ in length)
    method Entity.spawnAtLocation(ServerLevel,ItemStack,float) is not applicable
      (actual and formal argument lists differ in length)
C:\Users\justi\Documents\GitHub\AlexsMobs-26.2\src\main\java\com\github\alexthe666\alexsmobs\entity\EntityTasmanianDevil.java:152: error: cannot find symbol
        return stack.getItem().isEdible() && stack.getItem().getFoodProperties() != null && stack.getItem().getFoodProperties().isMeat() && !stack.is(AMTagRegistry.TASMANIAN_DEVIL_HOWLING_FOODS);
                              ^
  symbol:   method isEdible()
  location: class Item
C:\Users\justi\Documents\GitHub\AlexsMobs-26.2\src\main\java\com\github\alexthe666\alexsmobs\entity\EntityTasmanianDevil.java:152: error: cannot find symbol
        return stack.getItem().isEdible() && stack.getItem().getFoodProperties() != null && stack.getItem().getFoodProperties().isMeat() && !stack.is(AMTagRegistry.TASMANIAN_DEVIL_HOWLING_FOODS);
                                                            ^
  symbol:   method getFoodProperties()
  location: class Item
C:\Users\justi\Documents\GitHub\AlexsMobs-26.2\src\main\java\com\github\alexthe666\alexsmobs\entity\EntityTasmanianDevil.java:152: error: cannot find symbol
        return stack.getItem().isEdible() && stack.getItem().getFoodProperties() != null && stack.getItem().getFoodProperties().isMeat() && !stack.is(AMTagRegistry.TASMANIAN_DEVIL_HOWLING_FOODS);
                                                                                                           ^
  symbol:   method getFoodProperties()
  location: class Item
C:\Users\justi\Documents\GitHub\AlexsMobs-26.2\src\main\java\com\github\alexthe666\alexsmobs\entity\EntityTasmanianDevil.java:180: error: no suitable method found for knockback(float,double,double)
                getTarget().knockback(1F, getTarget().getX() - this.getX(), getTarget().getZ() - this.getZ());
                           ^
    method LivingEntity.knockback(double,double,double,DamageSource,float,boolean) is not applicable
      (actual and formal argument lists differ in length)
    method LivingEntity.knockback(double,double,double,DamageSource,float) is not applicable
      (actual and formal argument lists differ in length)
C:\Users\justi\Documents\GitHub\AlexsMobs-26.2\src\main\java\com\github\alexthe666\alexsmobs\entity\EntityTasmanianDevil.java:202: error: cannot find symbol
            this.gameEvent(GameEvent.ENTITY_ROAR);
                                    ^
  symbol:   variable ENTITY_ROAR
  location: class GameEvent
C:\Users\justi\Documents\GitHub\AlexsMobs-26.2\src\main\java\com\github\alexthe666\alexsmobs\entity\EntityTasmanianDevil.java:240: error: cannot find symbol
            this.spawnAtLocation(item.getCraftingRemainingItem(itemstack));
                                     ^
  symbol:   method getCraftingRemainingItem(ItemStack)
  location: variable item of type Item
C:\Users\justi\Documents\GitHub\AlexsMobs-26.2\src\main\java\com\github\alexthe666\alexsmobs\entity\EntityTasmanianDevil.java:291: error: no suitable method found for create(ServerLevel)
        return AMEntityRegistry.TASMANIAN_DEVIL.get().create(serverWorld);
                                                     ^
    method EntityType.create(ServerLevel,@org.jspecify.annotations.Nullable PostSpawnProcessor<EntityTasmanianDevil>,BlockPos,EntitySpawnReason,boolean,boolean) is not applicable
      (actual and formal argument lists differ in length)
    method EntityType.create(Level,EntitySpawnReason) is not applicable
      (actual and formal argument lists differ in length)
    method EntityType.create(Level,EntitySpawnRequest) is not applicable
      (actual and formal argument lists differ in length)
    method EntityType.create(ValueInput,Level,EntitySpawnRequest) is not applicable
      (actual and formal argument lists differ in length)
    method EntityType.create(EntityType<?>,ValueInput,Level,EntitySpawnReason) is not applicable
      (actual and formal argument lists differ in length)
C:\Users\justi\Documents\GitHub\AlexsMobs-26.2\src\main\java\com\github\alexthe666\alexsmobs\entity\EntityTasmanianDevil.java:296: error: cannot find symbol
        return stack.getItem().isEdible() && stack.getItem().getFoodProperties() != null && stack.getItem().getFoodProperties().isMeat() || stack.getItem() == Items.BONE;
                              ^
  symbol:   method isEdible()
  location: class Item
C:\Users\justi\Documents\GitHub\AlexsMobs-26.2\src\main\java\com\github\alexthe666\alexsmobs\entity\EntityTasmanianDevil.java:296: error: cannot find symbol
        return stack.getItem().isEdible() && stack.getItem().getFoodProperties() != null && stack.getItem().getFoodProperties().isMeat() || stack.getItem() == Items.BONE;
                                                            ^
  symbol:   method getFoodProperties()
  location: class Item
C:\Users\justi\Documents\GitHub\AlexsMobs-26.2\src\main\java\com\github\alexthe666\alexsmobs\entity\EntityTasmanianDevil.java:296: error: cannot find symbol
        return stack.getItem().isEdible() && stack.getItem().getFoodProperties() != null && stack.getItem().getFoodProperties().isMeat() || stack.getItem() == Items.BONE;
                                                                                                           ^
  symbol:   method getFoodProperties()
  location: class Item
C:\Users\justi\Documents\GitHub\AlexsMobs-26.2\src\main\java\com\github\alexthe666\alexsmobs\entity\EntityTasmanianDevil.java:314: error: no suitable method found for spawnAtLocation(ItemStack)
            this.spawnAtLocation(stack);
                ^
    method Entity.spawnAtLocation(ServerLevel,ItemLike) is not applicable
      (actual and formal argument lists differ in length)
    method Entity.spawnAtLocation(ServerLevel,ItemStack) is not applicable
      (actual and formal argument lists differ in length)
    method Entity.spawnAtLocation(ServerLevel,ItemStack,Vec3) is not applicable
      (actual and formal argument lists differ in length)
    method Entity.spawnAtLocation(ServerLevel,ItemStack,float) is not applicable
      (actual and formal argument lists differ in length)
C:\Users\justi\Documents\GitHub\AlexsMobs-26.2\src\main\java\com\github\alexthe666\alexsmobs\entity\EntityTendonSegment.java:34: error: EntityTendonSegment is not abstract and does not override abstract method hurtServer(ServerLevel,DamageSource,float) in Entity
public class EntityTendonSegment  extends Entity {
       ^
C:\Users\justi\Documents\GitHub\AlexsMobs-26.2\src\main\java\com\github\alexthe666\alexsmobs\entity\EntityTendonSegment.java:36: error: cannot find symbol
    private static final EntityDataAccessor<Optional<UUID>> CREATOR_ID = SynchedEntityData.defineId(EntityTendonSegment.class, EntityDataSerializers.OPTIONAL_UUID);
                                                                                                                                                    ^
  symbol:   variable OPTIONAL_UUID
  location: class EntityDataSerializers
C:\Users\justi\Documents\GitHub\AlexsMobs-26.2\src\main\java\com\github\alexthe666\alexsmobs\entity\EntityTendonSegment.java:55: error: method does not override or implement a method from a supertype
    @Override
    ^
C:\Users\justi\Documents\GitHub\AlexsMobs-26.2\src\main\java\com\github\alexthe666\alexsmobs\entity\EntityTendonSegment.java:57: error: method getAddEntityPacket in class Entity cannot be applied to given types;
        return super.getAddEntityPacket();
                    ^
  required: ServerEntity
  found:    no arguments
  reason: actual and formal argument lists differ in length
C:\Users\justi\Documents\GitHub\AlexsMobs-26.2\src\main\java\com\github\alexthe666\alexsmobs\entity\EntityTendonSegment.java:115: error: 'void' type not allowed here
                            if(current != creator && current.hurt(damageSources().mobProjectile(this, (LivingEntity)entity), (float) getDamageFor((LivingEntity)creator, (LivingEntity)entity))){
                                                                 ^
C:\Users\justi\Documents\GitHub\AlexsMobs-26.2\src\main\java\com\github\alexthe666\alexsmobs\entity\EntityTendonSegment.java:116: error: cannot find symbol
                                this.doEnchantDamageEffects((LivingEntity) creator, entity);
                                    ^
  symbol: method doEnchantDamageEffects(LivingEntity,Entity)
C:\Users\justi\Documents\GitHub\AlexsMobs-26.2\src\main\java\com\github\alexthe666\alexsmobs\entity\EntityTendonSegment.java:164: error: cannot find symbol
            dmg += EnchantmentHelper.getDamageBonus(stack, entity.getMobType());
                                                                 ^
  symbol:   method getMobType()
  location: variable entity of type LivingEntity
C:\Users\justi\Documents\GitHub\AlexsMobs-26.2\src\main\java\com\github\alexthe666\alexsmobs\entity\EntityTendonSegment.java:170: error: method getAttributeModifiers in interface IItemStackExtension cannot be applied to given types;
        Multimap<Attribute, AttributeModifier> map = itemStack.getAttributeModifiers(EquipmentSlot.MAINHAND);
                                                              ^
  required: no arguments
  found:    EquipmentSlot
  reason: actual and formal argument lists differ in length
C:\Users\justi\Documents\GitHub\AlexsMobs-26.2\src\main\java\com\github\alexthe666\alexsmobs\entity\EntityTendonSegment.java:173: error: incompatible types: Holder<Attribute> cannot be converted to Attribute
            for (AttributeModifier mod : map.get(Attributes.ATTACK_DAMAGE)) {
                                                           ^
C:\Users\justi\Documents\GitHub\AlexsMobs-26.2\src\main\java\com\github\alexthe666\alexsmobs\entity\EntityTendonSegment.java:174: error: cannot find symbol
                d += mod.getAmount();
                        ^
  symbol:   method getAmount()
  location: variable mod of type AttributeModifier
C:\Users\justi\Documents\GitHub\AlexsMobs-26.2\src\main\java\com\github\alexthe666\alexsmobs\entity\EntityTendonSegment.java:207: error: no suitable method found for create(Level)
        EntityTendonSegment child = AMEntityRegistry.TENDON_SEGMENT.get().create(this.level());
                                                                         ^
    method EntityType.create(ServerLevel,@org.jspecify.annotations.Nullable PostSpawnProcessor<EntityTendonSegment>,BlockPos,EntitySpawnReason,boolean,boolean) is not applicable
      (actual and formal argument lists differ in length)
    method EntityType.create(Level,EntitySpawnReason) is not applicable
      (actual and formal argument lists differ in length)
    method EntityType.create(Level,EntitySpawnRequest) is not applicable
      (actual and formal argument lists differ in length)
    method EntityType.create(ValueInput,Level,EntitySpawnRequest) is not applicable
      (actual and formal argument lists differ in length)
    method EntityType.create(EntityType<?>,ValueInput,Level,EntitySpawnReason) is not applicable
      (actual and formal argument lists differ in length)
C:\Users\justi\Documents\GitHub\AlexsMobs-26.2\src\main\java\com\github\alexthe666\alexsmobs\client\model\ModelTerrapin.java:200: error: method does not override or implement a method from a supertype
    @Override
    ^
C:\Users\justi\Documents\GitHub\AlexsMobs-26.2\src\main\java\com\github\alexthe666\alexsmobs\client\model\ModelTerrapin.java:202: error: cannot find symbol
        if (this.young) {
                ^
  symbol: variable young
C:\Users\justi\Documents\GitHub\AlexsMobs-26.2\src\main\java\com\github\alexthe666\alexsmobs\client\model\ModelTerrapin.java:210: error: no suitable method found for render(PoseStack,VertexConsumer,int,int,float,float,float,float)
                p_228292_8_.render(matrixStackIn, buffer, packedLight, packedOverlay, red, green, blue, alpha);
                           ^
    method BasicModelPart.render(PoseStack,VertexConsumer,int,int) is not applicable
      (actual and formal argument lists differ in length)
    method BasicModelPart.render(PoseStack,VertexConsumer,int,int,int) is not applicable
      (actual and formal argument lists differ in length)
C:\Users\justi\Documents\GitHub\AlexsMobs-26.2\src\main\java\com\github\alexthe666\alexsmobs\client\model\ModelTerrapin.java:218: error: no suitable method found for render(PoseStack,VertexConsumer,int,int,float,float,float,float)
                p_228290_8_.render(matrixStackIn, buffer, packedLight, packedOverlay, red, green, blue, alpha);
                           ^
    method BasicModelPart.render(PoseStack,VertexConsumer,int,int) is not applicable
      (actual and formal argument lists differ in length)
    method BasicModelPart.render(PoseStack,VertexConsumer,int,int,int) is not applicable
      (actual and formal argument lists differ in length)
C:\Users\justi\Documents\GitHub\AlexsMobs-26.2\src\main\java\com\github\alexthe666\alexsmobs\entity\EntityTerrapin.java:119: error: no suitable method found for of(TagKey<Item>)
        this.goalSelector.addGoal(2, new TemptGoal(this, 1.1D, Ingredient.of(AMTagRegistry.TERRAPIN_BREEDABLES), false));
                                                                         ^
    method Ingredient.of(ItemLike) is not applicable
      (argument mismatch; TagKey<Item> cannot be converted to ItemLike)
    method Ingredient.of(ItemLike...) is not applicable
      (varargs mismatch; TagKey<Item> cannot be converted to ItemLike)
    method Ingredient.of(Stream<? extends ItemLike>) is not applicable
      (argument mismatch; TagKey<Item> cannot be converted to Stream<? extends ItemLike>)
    method Ingredient.of(HolderSet<Item>) is not applicable
      (argument mismatch; TagKey<Item> cannot be converted to HolderSet<Item>)
C:\Users\justi\Documents\GitHub\AlexsMobs-26.2\src\main\java\com\github\alexthe666\alexsmobs\entity\EntityTerrapin.java:204: error: jumping has protected access in LivingEntity
                    if ((player.jumping || !player.onGround()) && player.getY() > this.getEyeY()) {
                               ^
C:\Users\justi\Documents\GitHub\AlexsMobs-26.2\src\main\java\com\github\alexthe666\alexsmobs\entity\EntityTerrapin.java:427: error: method canBeCollidedWith in class Entity cannot be applied to given types;
        return this.isInWater() ? super.canBeCollidedWith() : this.isAlive();
                                       ^
  required: Entity
  found:    no arguments
  reason: actual and formal argument lists differ in length
C:\Users\justi\Documents\GitHub\AlexsMobs-26.2\src\main\java\com\github\alexthe666\alexsmobs\entity\EntityTerrapin.java:476: error: method finalizeSpawn in class AgeableMob cannot be applied to given types;
        return super.finalizeSpawn(worldIn, difficultyIn, reason, spawnDataIn, dataTag);
                    ^
  required: ServerLevelAccessor,DifficultyInstance,EntitySpawnReason,SpawnGroupData
  found:    ServerLevelAccessor,DifficultyInstance,EntitySpawnReason,SpawnGroupData,CompoundTag
  reason: actual and formal argument lists differ in length
C:\Users\justi\Documents\GitHub\AlexsMobs-26.2\src\main\java\com\github\alexthe666\alexsmobs\entity\EntityTerrapin.java:481: error: no suitable method found for create(ServerLevel)
        return AMEntityRegistry.TERRAPIN.get().create(p_146743_);
                                              ^
    method EntityType.create(ServerLevel,@org.jspecify.annotations.Nullable PostSpawnProcessor<EntityTerrapin>,BlockPos,EntitySpawnReason,boolean,boolean) is not applicable
      (actual and formal argument lists differ in length)
    method EntityType.create(Level,EntitySpawnReason) is not applicable
      (actual and formal argument lists differ in length)
    method EntityType.create(Level,EntitySpawnRequest) is not applicable
      (actual and formal argument lists differ in length)
    method EntityType.create(ValueInput,Level,EntitySpawnRequest) is not applicable
      (actual and formal argument lists differ in length)
    method EntityType.create(EntityType<?>,ValueInput,Level,EntitySpawnReason) is not applicable
      (actual and formal argument lists differ in length)
C:\Users\justi\Documents\GitHub\AlexsMobs-26.2\src\main\java\com\github\alexthe666\alexsmobs\entity\EntityTerrapin.java:536: error: cannot find symbol
            stack.setCustomName(this.getCustomName());
                 ^
  symbol:   method setCustomName(Component)
  location: variable stack of type ItemStack
C:\Users\justi\Documents\GitHub\AlexsMobs-26.2\src\main\java\com\github\alexthe666\alexsmobs\entity\EntityTerrapin.java:544: error: cannot find symbol
            bucket.setCustomName(this.getCustomName());
                  ^
  symbol:   method setCustomName(Component)
  location: variable bucket of type ItemStack
C:\Users\justi\Documents\GitHub\AlexsMobs-26.2\src\main\java\com\github\alexthe666\alexsmobs\entity\EntityTerrapin.java:547: error: incompatible types: CompoundTag cannot be converted to ValueOutput
        this.addAdditionalSaveData(platTag);
                                   ^
C:\Users\justi\Documents\GitHub\AlexsMobs-26.2\src\main\java\com\github\alexthe666\alexsmobs\entity\EntityTerrapin.java:548: error: cannot find symbol
        CompoundTag compound = bucket.getOrCreateTag();
                                     ^
  symbol:   method getOrCreateTag()
  location: variable bucket of type ItemStack
C:\Users\justi\Documents\GitHub\AlexsMobs-26.2\src\main\java\com\github\alexthe666\alexsmobs\entity\EntityTerrapin.java:555: error: incompatible types: Optional<CompoundTag> cannot be converted to ValueInput
            this.readAdditionalSaveData(compound.getCompound("TerrapinData"));
                                                            ^
C:\Users\justi\Documents\GitHub\AlexsMobs-26.2\src\main\java\com\github\alexthe666\alexsmobs\entity\EntityTerrapin.java:572: error: method update in class WalkAnimationState cannot be applied to given types;
        this.walkAnimation.update(f2, 0.4F);
                          ^
  required: float,float,float
  found:    float,float
  reason: actual and formal argument lists differ in length
C:\Users\justi\Documents\GitHub\AlexsMobs-26.2\src\main\java\com\github\alexthe666\alexsmobs\entity\EntityTerrapin.java:616: error: cannot find symbol
            if (this.level.getGameRules().getBoolean(GameRules.RULE_DOMOBLOOT)) {
                                                     ^
  symbol:   variable GameRules
  location: class MateGoal
C:\Users\justi\Documents\GitHub\AlexsMobs-26.2\src\main\java\com\github\alexthe666\alexsmobs\tileentity\TileEntityTerrapinEgg.java:46: error: method does not override or implement a method from a supertype
    @Override
    ^
C:\Users\justi\Documents\GitHub\AlexsMobs-26.2\src\main\java\com\github\alexthe666\alexsmobs\tileentity\TileEntityTerrapinEgg.java:48: error: cannot find symbol
        super.load(compound);
             ^
  symbol: method load(CompoundTag)
C:\Users\justi\Documents\GitHub\AlexsMobs-26.2\src\main\java\com\github\alexthe666\alexsmobs\tileentity\TileEntityTerrapinEgg.java:63: error: cannot find symbol
            compound.put("Parent1Data", tag);
                    ^
  symbol:   method put(String,CompoundTag)
  location: variable compound of type ValueOutput
C:\Users\justi\Documents\GitHub\AlexsMobs-26.2\src\main\java\com\github\alexthe666\alexsmobs\tileentity\TileEntityTerrapinEgg.java:68: error: cannot find symbol
            compound.put("Parent2Data", tag);
                    ^
  symbol:   method put(String,CompoundTag)
  location: variable compound of type ValueOutput
C:\Users\justi\Documents\GitHub\AlexsMobs-26.2\src\main\java\com\github\alexthe666\alexsmobs\tileentity\TileEntityTerrapinEgg.java:90: error: no suitable method found for clamp(Optional<Integer>,int,int)
            this(TerrapinTypes.values()[Mth.clamp(tag.getInt("TerrapinType"), 0, TerrapinTypes.values().length - 1)],
                                           ^
    method Mth.clamp(int,int,int) is not applicable
      (argument mismatch; Optional<Integer> cannot be converted to int)
    method Mth.clamp(long,long,long) is not applicable
      (argument mismatch; Optional<Integer> cannot be converted to long)
    method Mth.clamp(float,float,float) is not applicable
      (argument mismatch; Optional<Integer> cannot be converted to float)
    method Mth.clamp(double,double,double) is not applicable
      (argument mismatch; Optional<Integer> cannot be converted to double)
C:\Users\justi\Documents\GitHub\AlexsMobs-26.2\src\main\java\com\github\alexthe666\alexsmobs\tileentity\TileEntityTerrapinEgg.java:92: error: incompatible types: Optional<Integer> cannot be converted to int
                    tag.getInt("SkinType"),
                              ^
C:\Users\justi\Documents\GitHub\AlexsMobs-26.2\src\main\java\com\github\alexthe666\alexsmobs\client\model\ModelTiger.java:342: error: method does not override or implement a method from a supertype
    @Override
    ^
C:\Users\justi\Documents\GitHub\AlexsMobs-26.2\src\main\java\com\github\alexthe666\alexsmobs\client\model\ModelTiger.java:344: error: cannot find symbol
        if (this.young) {
                ^
  symbol: variable young
C:\Users\justi\Documents\GitHub\AlexsMobs-26.2\src\main\java\com\github\alexthe666\alexsmobs\client\model\ModelTiger.java:352: error: no suitable method found for render(PoseStack,VertexConsumer,int,int,float,float,float,float)
                p_228292_8_.render(matrixStackIn, buffer, packedLight, packedOverlay, red, green, blue, alpha);
                           ^
    method BasicModelPart.render(PoseStack,VertexConsumer,int,int) is not applicable
      (actual and formal argument lists differ in length)
    method BasicModelPart.render(PoseStack,VertexConsumer,int,int,int) is not applicable
      (actual and formal argument lists differ in length)
C:\Users\justi\Documents\GitHub\AlexsMobs-26.2\src\main\java\com\github\alexthe666\alexsmobs\client\model\ModelTiger.java:359: error: no suitable method found for render(PoseStack,VertexConsumer,int,int,float,float,float,float)
                p_228290_8_.render(matrixStackIn, buffer, packedLight, packedOverlay, red, green, blue, alpha);
                           ^
    method BasicModelPart.render(PoseStack,VertexConsumer,int,int) is not applicable
      (actual and formal argument lists differ in length)
    method BasicModelPart.render(PoseStack,VertexConsumer,int,int,int) is not applicable
      (actual and formal argument lists differ in length)
C:\Users\justi\Documents\GitHub\AlexsMobs-26.2\src\main\java\com\github\alexthe666\alexsmobs\entity\EntityTiger.java:63: error: EntityTiger is not abstract and does not override abstract method setPersistentAngerTarget(@org.jspecify.annotations.Nullable EntityReference<LivingEntity>) in NeutralMob
public class EntityTiger extends Animal implements ICustomCollisions, IAnimatedEntity, NeutralMob, ITargetsDroppedItems {
       ^
C:\Users\justi\Documents\GitHub\AlexsMobs-26.2\src\main\java\com\github\alexthe666\alexsmobs\entity\EntityTiger.java:285: error: getPersistentAngerTarget() in EntityTiger cannot implement getPersistentAngerTarget() in NeutralMob
    public UUID getPersistentAngerTarget() {
                ^
  return type UUID is not compatible with EntityReference<LivingEntity>
C:\Users\justi\Documents\GitHub\AlexsMobs-26.2\src\main\java\com\github\alexthe666\alexsmobs\entity\EntityTiger.java:79: error: incompatible types: MobEffect cannot be converted to Holder<MobEffect>
        return !mob.hasEffect(AMEffectRegistry.TIGERS_BLESSING.get());
                                                                  ^
C:\Users\justi\Documents\GitHub\AlexsMobs-26.2\src\main\java\com\github\alexthe666\alexsmobs\entity\EntityTiger.java:164: error: incompatible types: Predicate<LivingEntity> cannot be converted to Selector
        this.targetSelector.addGoal(4, new NearestAttackableTargetGoal(this, LivingEntity.class, 220, false, false, AMEntityRegistry.buildPredicateFromTag(AMTagRegistry.TIGER_TARGETS)) {
                                                                                                                                                          ^
C:\Users\justi\Documents\GitHub\AlexsMobs-26.2\src\main\java\com\github\alexthe666\alexsmobs\entity\EntityTiger.java:164: error: cannot find symbol
        this.targetSelector.addGoal(4, new NearestAttackableTargetGoal(this, LivingEntity.class, 220, false, false, AMEntityRegistry.buildPredicateFromTag(AMTagRegistry.TIGER_TARGETS)) {
                                       ^
  symbol: constructor (EntityTiger,Class<LivingEntity>,int,boolean,boolean,Predicate<LivingEntity>)
C:\Users\justi\Documents\GitHub\AlexsMobs-26.2\src\main\java\com\github\alexthe666\alexsmobs\entity\EntityTiger.java:212: error: method awardKillScore in class Entity cannot be applied to given types;
        super.awardKillScore(entity, score, src);
             ^
  required: Entity,DamageSource
  found:    LivingEntity,int,DamageSource
  reason: actual and formal argument lists differ in length
C:\Users\justi\Documents\GitHub\AlexsMobs-26.2\src\main\java\com\github\alexthe666\alexsmobs\entity\EntityTiger.java:403: error: cannot find symbol
                target.hasImpulse = true;
                      ^
  symbol:   variable hasImpulse
  location: variable target of type Entity
C:\Users\justi\Documents\GitHub\AlexsMobs-26.2\src\main\java\com\github\alexthe666\alexsmobs\entity\EntityTiger.java:429: error: incompatible types: MobEffect cannot be converted to Holder<MobEffect>
        if(this.getTarget() != null && this.getTarget().hasEffect(AMEffectRegistry.TIGERS_BLESSING.get())){
                                                                                                      ^
C:\Users\justi\Documents\GitHub\AlexsMobs-26.2\src\main\java\com\github\alexthe666\alexsmobs\entity\EntityTiger.java:437: error: hurt(DamageSource,float) in EntityTiger cannot override hurt(DamageSource,float) in Entity
    public boolean hurt(DamageSource source, float amount) {
                   ^
  overridden method is final
C:\Users\justi\Documents\GitHub\AlexsMobs-26.2\src\main\java\com\github\alexthe666\alexsmobs\entity\EntityTiger.java:438: error: incompatible types: void cannot be converted to boolean
        final boolean prev = super.hurt(source, amount);
                                       ^
C:\Users\justi\Documents\GitHub\AlexsMobs-26.2\src\main\java\com\github\alexthe666\alexsmobs\entity\EntityTiger.java:443: error: incompatible types: MobEffect cannot be converted to Holder<MobEffect>
                    if (hurter.hasEffect(AMEffectRegistry.TIGERS_BLESSING.get())) {
                                                                             ^
C:\Users\justi\Documents\GitHub\AlexsMobs-26.2\src\main\java\com\github\alexthe666\alexsmobs\entity\EntityTiger.java:444: error: incompatible types: MobEffect cannot be converted to Holder<MobEffect>
                        hurter.removeEffect(AMEffectRegistry.TIGERS_BLESSING.get());
                                                                                ^
C:\Users\justi\Documents\GitHub\AlexsMobs-26.2\src\main\java\com\github\alexthe666\alexsmobs\entity\EntityTiger.java:472: error: no suitable method found for create(ServerLevel)
        EntityTiger baby = AMEntityRegistry.TIGER.get().create(p_241840_1_);
                                                       ^
    method EntityType.create(ServerLevel,@org.jspecify.annotations.Nullable PostSpawnProcessor<EntityTiger>,BlockPos,EntitySpawnReason,boolean,boolean) is not applicable
      (actual and formal argument lists differ in length)
    method EntityType.create(Level,EntitySpawnReason) is not applicable
      (actual and formal argument lists differ in length)
    method EntityType.create(Level,EntitySpawnRequest) is not applicable
      (actual and formal argument lists differ in length)
    method EntityType.create(ValueInput,Level,EntitySpawnRequest) is not applicable
      (actual and formal argument lists differ in length)
    method EntityType.create(EntityType<?>,ValueInput,Level,EntitySpawnReason) is not applicable
      (actual and formal argument lists differ in length)
C:\Users\justi\Documents\GitHub\AlexsMobs-26.2\src\main\java\com\github\alexthe666\alexsmobs\entity\EntityTiger.java:529: error: cannot find symbol
        return stack.getItem().isEdible() && stack.getItem().getFoodProperties() != null && stack.getItem().getFoodProperties().isMeat() && stack.getItem() != Items.ROTTEN_FLESH;
                              ^
  symbol:   method isEdible()
  location: class Item
C:\Users\justi\Documents\GitHub\AlexsMobs-26.2\src\main\java\com\github\alexthe666\alexsmobs\entity\EntityTiger.java:529: error: cannot find symbol
        return stack.getItem().isEdible() && stack.getItem().getFoodProperties() != null && stack.getItem().getFoodProperties().isMeat() && stack.getItem() != Items.ROTTEN_FLESH;
                                                            ^
  symbol:   method getFoodProperties()
  location: class Item
C:\Users\justi\Documents\GitHub\AlexsMobs-26.2\src\main\java\com\github\alexthe666\alexsmobs\entity\EntityTiger.java:529: error: cannot find symbol
        return stack.getItem().isEdible() && stack.getItem().getFoodProperties() != null && stack.getItem().getFoodProperties().isMeat() && stack.getItem() != Items.ROTTEN_FLESH;
                                                                                                           ^
  symbol:   method getFoodProperties()
  location: class Item
C:\Users\justi\Documents\GitHub\AlexsMobs-26.2\src\main\java\com\github\alexthe666\alexsmobs\entity\EntityTiger.java:540: error: cannot find symbol
        if (stack.getItem().isEdible() && stack.getItem().getFoodProperties() != null && stack.getItem().getFoodProperties().isMeat() && stack.getItem() != Items.ROTTEN_FLESH) {
                           ^
  symbol:   method isEdible()
  location: class Item
C:\Users\justi\Documents\GitHub\AlexsMobs-26.2\src\main\java\com\github\alexthe666\alexsmobs\entity\EntityTiger.java:540: error: cannot find symbol
        if (stack.getItem().isEdible() && stack.getItem().getFoodProperties() != null && stack.getItem().getFoodProperties().isMeat() && stack.getItem() != Items.ROTTEN_FLESH) {
                                                         ^
  symbol:   method getFoodProperties()
  location: class Item
C:\Users\justi\Documents\GitHub\AlexsMobs-26.2\src\main\java\com\github\alexthe666\alexsmobs\entity\EntityTiger.java:540: error: cannot find symbol
        if (stack.getItem().isEdible() && stack.getItem().getFoodProperties() != null && stack.getItem().getFoodProperties().isMeat() && stack.getItem() != Items.ROTTEN_FLESH) {
                                                                                                        ^
  symbol:   method getFoodProperties()
  location: class Item
C:\Users\justi\Documents\GitHub\AlexsMobs-26.2\src\main\java\com\github\alexthe666\alexsmobs\entity\EntityTiger.java:542: error: cannot find symbol
            this.playSound(SoundEvents.CAT_EAT, this.getVoicePitch(), this.getSoundVolume());
                                      ^
  symbol:   variable CAT_EAT
  location: class SoundEvents
C:\Users\justi\Documents\GitHub\AlexsMobs-26.2\src\main\java\com\github\alexthe666\alexsmobs\entity\EntityTiger.java:547: error: no suitable constructor found for MobEffectInstance(MobEffect,int)
                player.addEffect(new MobEffectInstance(AMEffectRegistry.TIGERS_BLESSING.get(), 12000));
                                 ^
    constructor MobEffectInstance.MobEffectInstance(Holder<MobEffect>,int) is not applicable
      (argument mismatch; MobEffect cannot be converted to Holder<MobEffect>)
    constructor MobEffectInstance.MobEffectInstance(Holder<MobEffect>,Details) is not applicable
      (argument mismatch; MobEffect cannot be converted to Holder<MobEffect>)
C:\Users\justi\Documents\GitHub\AlexsMobs-26.2\src\main\java\com\github\alexthe666\alexsmobs\entity\EntityTiger.java:570: error: jumpFromGround() in EntityTiger cannot override jumpFromGround() in LivingEntity
    protected void jumpFromGround() {
                   ^
  attempting to assign weaker access privileges; was public
C:\Users\justi\Documents\GitHub\AlexsMobs-26.2\src\main\java\com\github\alexthe666\alexsmobs\entity\EntityTiger.java:578: error: cannot find symbol
            return typeIn == PathType.LEAVES || level.getBlockState(pos).getBlock() == Blocks.BAMBOO ? PathType.OPEN : super.evaluateBlockPathType(level, pos, typeIn);
                                                                                                                            ^
  symbol: method evaluateBlockPathType(BlockGetter,BlockPos,PathType)
C:\Users\justi\Documents\GitHub\AlexsMobs-26.2\src\main\java\com\github\alexthe666\alexsmobs\entity\EntityTiger.java:628: error: incompatible types: MobEffect cannot be converted to Holder<MobEffect>
                        target.addEffect(new MobEffectInstance(AMEffectRegistry.FEAR.get(), 100, 0, true, false));
                                                                                        ^
C:\Users\justi\Documents\GitHub\AlexsMobs-26.2\src\main\java\com\github\alexthe666\alexsmobs\entity\EntityTiger.java:677: error: incompatible types: Predicate<LivingEntity> cannot be converted to Selector
            super(EntityTiger.this, Player.class, 100, false, true, NO_BLESSING_EFFECT);
                                                                    ^
C:\Users\justi\Documents\GitHub\AlexsMobs-26.2\src\main\java\com\github\alexthe666\alexsmobs\client\model\ModelToucan.java:100: error: method does not override or implement a method from a supertype
    @Override
    ^
C:\Users\justi\Documents\GitHub\AlexsMobs-26.2\src\main\java\com\github\alexthe666\alexsmobs\client\model\ModelToucan.java:102: error: cannot find symbol
        if (this.young) {
                ^
  symbol: variable young
C:\Users\justi\Documents\GitHub\AlexsMobs-26.2\src\main\java\com\github\alexthe666\alexsmobs\client\model\ModelToucan.java:110: error: no suitable method found for render(PoseStack,VertexConsumer,int,int,float,float,float,float)
                p_228292_8_.render(matrixStackIn, buffer, packedLight, packedOverlay, red, green, blue, alpha);
                           ^
    method BasicModelPart.render(PoseStack,VertexConsumer,int,int) is not applicable
      (actual and formal argument lists differ in length)
    method BasicModelPart.render(PoseStack,VertexConsumer,int,int,int) is not applicable
      (actual and formal argument lists differ in length)
C:\Users\justi\Documents\GitHub\AlexsMobs-26.2\src\main\java\com\github\alexthe666\alexsmobs\client\model\ModelToucan.java:118: error: no suitable method found for render(PoseStack,VertexConsumer,int,int,float,float,float,float)
                p_228290_8_.render(matrixStackIn, buffer, packedLight, packedOverlay, red, green, blue, alpha);
                           ^
    method BasicModelPart.render(PoseStack,VertexConsumer,int,int) is not applicable
      (actual and formal argument lists differ in length)
    method BasicModelPart.render(PoseStack,VertexConsumer,int,int,int) is not applicable
      (actual and formal argument lists differ in length)
C:\Users\justi\Documents\GitHub\AlexsMobs-26.2\src\main\java\com\github\alexthe666\alexsmobs\entity\EntityToucan.java:87: error: cannot find symbol
        this.setPathfindingMalus(PathType.DANGER_FIRE, -1.0F);
                                         ^
  symbol:   variable DANGER_FIRE
  location: class PathType
C:\Users\justi\Documents\GitHub\AlexsMobs-26.2\src\main\java\com\github\alexthe666\alexsmobs\entity\EntityToucan.java:88: error: cannot find symbol
        this.setPathfindingMalus(PathType.DAMAGE_FIRE, -1.0F);
                                         ^
  symbol:   variable DAMAGE_FIRE
  location: class PathType
C:\Users\justi\Documents\GitHub\AlexsMobs-26.2\src\main\java\com\github\alexthe666\alexsmobs\entity\EntityToucan.java:178: error: no suitable method found for of(Stream<ItemStack>)
        this.goalSelector.addGoal(4, new TemptGoal(this, 1.0D, Ingredient.of(FEEDING_STACKS.stream()), false) {
                                                                         ^
    method Ingredient.of(ItemLike) is not applicable
      (argument mismatch; Stream<ItemStack> cannot be converted to ItemLike)
    method Ingredient.of(ItemLike...) is not applicable
      (varargs mismatch; Stream<ItemStack> cannot be converted to ItemLike)
    method Ingredient.of(Stream<? extends ItemLike>) is not applicable
      (argument mismatch; Stream<ItemStack> cannot be converted to Stream<? extends ItemLike>)
    method Ingredient.of(HolderSet<Item>) is not applicable
      (argument mismatch; Stream<ItemStack> cannot be converted to HolderSet<Item>)
C:\Users\justi\Documents\GitHub\AlexsMobs-26.2\src\main\java\com\github\alexthe666\alexsmobs\entity\EntityToucan.java:274: error: incompatible types: Reference<SoundEvent> cannot be converted to SoundEvent
                this.playSound(SoundEvents.GENERIC_EAT, this.getSoundVolume(), this.getVoicePitch());
                                          ^
C:\Users\justi\Documents\GitHub\AlexsMobs-26.2\src\main\java\com\github\alexthe666\alexsmobs\entity\EntityToucan.java:275: error: cannot find symbol
                if (this.getMainHandItem().hasCraftingRemainingItem()) {
                                          ^
  symbol:   method hasCraftingRemainingItem()
  location: class ItemStack
C:\Users\justi\Documents\GitHub\AlexsMobs-26.2\src\main\java\com\github\alexthe666\alexsmobs\entity\EntityToucan.java:276: error: cannot find symbol
                    this.spawnAtLocation(this.getMainHandItem().getCraftingRemainingItem());
                                                               ^
  symbol:   method getCraftingRemainingItem()
  location: class ItemStack
C:\Users\justi\Documents\GitHub\AlexsMobs-26.2\src\main\java\com\github\alexthe666\alexsmobs\entity\EntityToucan.java:292: error: cannot find symbol
        if (this.isFlying() && this.getFeetBlockState().is(Blocks.VINE)) {
                                   ^
  symbol: method getFeetBlockState()
C:\Users\justi\Documents\GitHub\AlexsMobs-26.2\src\main\java\com\github\alexthe666\alexsmobs\entity\EntityToucan.java:401: error: cannot find symbol
            compound.put("SaplingState", NbtUtils.writeBlockState(blockstate));
                    ^
  symbol:   method put(String,CompoundTag)
  location: variable compound of type ValueOutput
C:\Users\justi\Documents\GitHub\AlexsMobs-26.2\src\main\java\com\github\alexthe666\alexsmobs\entity\EntityToucan.java:411: error: cannot find symbol
        if (compound.contains("SaplingState")) {
                    ^
  symbol:   method contains(String)
  location: variable compound of type ValueInput
C:\Users\justi\Documents\GitHub\AlexsMobs-26.2\src\main\java\com\github\alexthe666\alexsmobs\entity\EntityToucan.java:412: error: cannot find symbol
            blockstate = NbtUtils.readBlockState(this.level().holderLookup(Registries.BLOCK), compound.getCompoundOrEmpty("SaplingState"));
                                                                                                      ^
  symbol:   method getCompoundOrEmpty(String)
  location: variable compound of type ValueInput
C:\Users\justi\Documents\GitHub\AlexsMobs-26.2\src\main\java\com\github\alexthe666\alexsmobs\entity\EntityToucan.java:476: error: method finalizeSpawn in class AgeableMob cannot be applied to given types;
        return super.finalizeSpawn(worldIn, difficultyIn, reason, spawnDataIn, dataTag);
                    ^
  required: ServerLevelAccessor,DifficultyInstance,EntitySpawnReason,SpawnGroupData
  found:    ServerLevelAccessor,DifficultyInstance,EntitySpawnReason,SpawnGroupData,CompoundTag
  reason: actual and formal argument lists differ in length
C:\Users\justi\Documents\GitHub\AlexsMobs-26.2\src\main\java\com\github\alexthe666\alexsmobs\entity\EntityToucan.java:482: error: no suitable method found for create(Level)
        EntityToucan toucan = AMEntityRegistry.TOUCAN.get().create(level());
                                                           ^
    method EntityType.create(ServerLevel,@org.jspecify.annotations.Nullable PostSpawnProcessor<EntityToucan>,BlockPos,EntitySpawnReason,boolean,boolean) is not applicable
      (actual and formal argument lists differ in length)
    method EntityType.create(Level,EntitySpawnReason) is not applicable
      (actual and formal argument lists differ in length)
    method EntityType.create(Level,EntitySpawnRequest) is not applicable
      (actual and formal argument lists differ in length)
    method EntityType.create(ValueInput,Level,EntitySpawnRequest) is not applicable
      (actual and formal argument lists differ in length)
    method EntityType.create(EntityType<?>,ValueInput,Level,EntitySpawnReason) is not applicable
      (actual and formal argument lists differ in length)
C:\Users\justi\Documents\GitHub\AlexsMobs-26.2\src\main\java\com\github\alexthe666\alexsmobs\entity\EntityToucan.java:539: error: no suitable constructor found for ItemParticleOption(ParticleType<ItemParticleOption>,ItemStack)
            ParticleOptions data = new ItemParticleOption(ParticleTypes.ITEM, heldItemMainhand);
                                   ^
    constructor ItemParticleOption.ItemParticleOption(ParticleType<ItemParticleOption>,Item) is not applicable
      (argument mismatch; ItemStack cannot be converted to Item)
    constructor ItemParticleOption.ItemParticleOption(ParticleType<ItemParticleOption>,ItemStackTemplate) is not applicable
      (argument mismatch; ItemStack cannot be converted to ItemStackTemplate)
C:\Users\justi\Documents\GitHub\AlexsMobs-26.2\src\main\java\com\github\alexthe666\alexsmobs\entity\EntityToucan.java:553: error: no suitable method found for spawnAtLocation(ItemStack,float)
            this.spawnAtLocation(this.getItemInHand(InteractionHand.MAIN_HAND), 0.0F);
                ^
    method Entity.spawnAtLocation(ServerLevel,ItemLike) is not applicable
      (argument mismatch; ItemStack cannot be converted to ServerLevel)
    method Entity.spawnAtLocation(ServerLevel,ItemStack) is not applicable
      (argument mismatch; ItemStack cannot be converted to ServerLevel)
C:\Users\justi\Documents\GitHub\AlexsMobs-26.2\src\main\java\com\github\alexthe666\alexsmobs\entity\EntityTriops.java:223: error: method finalizeSpawn in class Mob cannot be applied to given types;
        return super.finalizeSpawn(worldIn, difficultyIn, reason, spawnDataIn, dataTag);
                    ^
  required: ServerLevelAccessor,DifficultyInstance,EntitySpawnReason,SpawnGroupData
  found:    ServerLevelAccessor,DifficultyInstance,EntitySpawnReason,SpawnGroupData,CompoundTag
  reason: actual and formal argument lists differ in length
C:\Users\justi\Documents\GitHub\AlexsMobs-26.2\src\main\java\com\github\alexthe666\alexsmobs\entity\EntityTriops.java:257: error: method update in class WalkAnimationState cannot be applied to given types;
        this.walkAnimation.update(f2, 0.4F);
                          ^
  required: float,float,float
  found:    float,float
  reason: actual and formal argument lists differ in length
C:\Users\justi\Documents\GitHub\AlexsMobs-26.2\src\main\java\com\github\alexthe666\alexsmobs\entity\EntityTriops.java:281: error: cannot find symbol
        if (stack.getItem().isEdible() && stack.getItem().getFoodProperties() != null) {
                           ^
  symbol:   method isEdible()
  location: class Item
C:\Users\justi\Documents\GitHub\AlexsMobs-26.2\src\main\java\com\github\alexthe666\alexsmobs\entity\EntityTriops.java:281: error: cannot find symbol
        if (stack.getItem().isEdible() && stack.getItem().getFoodProperties() != null) {
                                                         ^
  symbol:   method getFoodProperties()
  location: class Item
C:\Users\justi\Documents\GitHub\AlexsMobs-26.2\src\main\java\com\github\alexthe666\alexsmobs\entity\EntityTriops.java:283: error: cannot find symbol
            this.playSound(SoundEvents.CAT_EAT, this.getVoicePitch(), this.getSoundVolume());
                                      ^
  symbol:   variable CAT_EAT
  location: class SoundEvents
C:\Users\justi\Documents\GitHub\AlexsMobs-26.2\src\main\java\com\github\alexthe666\alexsmobs\entity\EntityTriops.java:302: error: cannot find symbol
            this.playSound(SoundEvents.CAT_EAT, this.getVoicePitch(), this.getSoundVolume());
                                      ^
  symbol:   variable CAT_EAT
  location: class SoundEvents
C:\Users\justi\Documents\GitHub\AlexsMobs-26.2\src\main\java\com\github\alexthe666\alexsmobs\entity\EntityTriops.java:324: error: cannot find symbol
            bucket.setCustomName(this.getCustomName());
                  ^
  symbol:   method setCustomName(Component)
  location: variable bucket of type ItemStack
C:\Users\justi\Documents\GitHub\AlexsMobs-26.2\src\main\java\com\github\alexthe666\alexsmobs\entity\EntityTriops.java:327: error: incompatible types: CompoundTag cannot be converted to ValueOutput
        this.addAdditionalSaveData(platTag);
                                   ^
C:\Users\justi\Documents\GitHub\AlexsMobs-26.2\src\main\java\com\github\alexthe666\alexsmobs\entity\EntityTriops.java:328: error: cannot find symbol
        CompoundTag compound = bucket.getOrCreateTag();
                                     ^
  symbol:   method getOrCreateTag()
  location: variable bucket of type ItemStack
C:\Users\justi\Documents\GitHub\AlexsMobs-26.2\src\main\java\com\github\alexthe666\alexsmobs\entity\EntityTriops.java:335: error: incompatible types: Optional<CompoundTag> cannot be converted to ValueInput
            this.readAdditionalSaveData(compound.getCompound("TriopsTag"));
                                                            ^
C:\Users\justi\Documents\GitHub\AlexsMobs-26.2\src\main\java\com\github\alexthe666\alexsmobs\entity\EntityTriops.java:344: error: cannot find symbol
            stack.setCustomName(this.getCustomName());
                 ^
  symbol:   method setCustomName(Component)
  location: variable stack of type ItemStack
C:\Users\justi\Documents\GitHub\AlexsMobs-26.2\src\main\java\com\github\alexthe666\alexsmobs\client\model\ModelTusklin.java:116: error: cannot find symbol
        if (this.young) {
                ^
  symbol: variable young
C:\Users\justi\Documents\GitHub\AlexsMobs-26.2\src\main\java\com\github\alexthe666\alexsmobs\client\model\ModelTusklin.java:134: error: no suitable method found for render(PoseStack,VertexConsumer,int,int,float,float,float,float)
                p_228292_8_.render(matrixStackIn, bufferIn, packedLightIn, packedOverlayIn, red, green, blue, alpha);
                           ^
    method BasicModelPart.render(PoseStack,VertexConsumer,int,int) is not applicable
      (actual and formal argument lists differ in length)
    method BasicModelPart.render(PoseStack,VertexConsumer,int,int,int) is not applicable
      (actual and formal argument lists differ in length)
C:\Users\justi\Documents\GitHub\AlexsMobs-26.2\src\main\java\com\github\alexthe666\alexsmobs\client\model\ModelTusklin.java:150: error: no suitable method found for render(PoseStack,VertexConsumer,int,int,float,float,float,float)
                p_228290_8_.render(matrixStackIn, bufferIn, packedLightIn, packedOverlayIn, red, green, blue, alpha);
                           ^
    method BasicModelPart.render(PoseStack,VertexConsumer,int,int) is not applicable
      (actual and formal argument lists differ in length)
    method BasicModelPart.render(PoseStack,VertexConsumer,int,int,int) is not applicable
      (actual and formal argument lists differ in length)
C:\Users\justi\Documents\GitHub\AlexsMobs-26.2\src\main\java\com\github\alexthe666\alexsmobs\client\model\ModelTusklin.java:292: error: cannot find symbol
        if(this.young){
               ^
  symbol: variable young
C:\Users\justi\Documents\GitHub\AlexsMobs-26.2\src\main\java\com\github\alexthe666\alexsmobs\entity\ai\TameableAIRide.java:74: error: cannot find symbol
        return tameableEntity instanceof FlyingAnimal ? lookVecY * 10 : 0;
                                         ^
  symbol:   class FlyingAnimal
  location: class TameableAIRide
C:\Users\justi\Documents\GitHub\AlexsMobs-26.2\src\main\java\com\github\alexthe666\alexsmobs\entity\EntityTusklin.java:125: error: incompatible types: invalid method reference
        this.targetSelector.addGoal(2, new NearestAttackableTargetGoal<Player>(this, Player.class, 100, true, false, this::isAngryAt));
                                                                                                                     ^
    method isAngryAt in class EntityTusklin cannot be applied to given types
      required: LivingEntity
      found:    LivingEntity,ServerLevel
      reason: actual and formal argument lists differ in length
C:\Users\justi\Documents\GitHub\AlexsMobs-26.2\src\main\java\com\github\alexthe666\alexsmobs\entity\EntityTusklin.java:206: error: cannot find symbol
            passenger.setPos(this.getX() + extraX, this.getY() + this.getPassengersRidingOffset() + passenger.getMyRidingOffset(), this.getZ() + extraZ);
                                                                                                             ^
  symbol:   method getMyRidingOffset()
  location: variable passenger of type Entity
C:\Users\justi\Documents\GitHub\AlexsMobs-26.2\src\main\java\com\github\alexthe666\alexsmobs\entity\EntityTusklin.java:272: error: cannot find symbol
        this.getEntityData().define(SADDLED, false);
                            ^
  symbol:   method define(EntityDataAccessor<Boolean>,boolean)
  location: class SynchedEntityData
C:\Users\justi\Documents\GitHub\AlexsMobs-26.2\src\main\java\com\github\alexthe666\alexsmobs\entity\EntityTusklin.java:273: error: cannot find symbol
        this.getEntityData().define(PASSIVETICKS, 0);
                            ^
  symbol:   method define(EntityDataAccessor<Integer>,int)
  location: class SynchedEntityData
C:\Users\justi\Documents\GitHub\AlexsMobs-26.2\src\main\java\com\github\alexthe666\alexsmobs\entity\EntityTusklin.java:279: error: cannot find symbol
            p_31808_.put("ShoeItem", this.getShoeStack().save(new CompoundTag()));
                                                        ^
  symbol:   method save(CompoundTag)
  location: class ItemStack
C:\Users\justi\Documents\GitHub\AlexsMobs-26.2\src\main\java\com\github\alexthe666\alexsmobs\entity\EntityTusklin.java:290: error: cannot find symbol
        CompoundTag compoundtag = p_31795_.getCompoundOrEmpty("ShoeItem");
                                          ^
  symbol:   method getCompoundOrEmpty(String)
  location: variable p_31795_ of type ValueInput
C:\Users\justi\Documents\GitHub\AlexsMobs-26.2\src\main\java\com\github\alexthe666\alexsmobs\entity\EntityTusklin.java:292: error: cannot find symbol
            ItemStack itemstack = ItemStack.of(compoundtag);
                                           ^
  symbol:   method of(CompoundTag)
  location: class ItemStack
C:\Users\justi\Documents\GitHub\AlexsMobs-26.2\src\main\java\com\github\alexthe666\alexsmobs\entity\EntityTusklin.java:321: error: method dropEquipment in class LivingEntity cannot be applied to given types;
        super.dropEquipment();
             ^
  required: ServerLevel
  found:    no arguments
  reason: actual and formal argument lists differ in length
C:\Users\justi\Documents\GitHub\AlexsMobs-26.2\src\main\java\com\github\alexthe666\alexsmobs\entity\EntityTusklin.java:324: error: no suitable method found for spawnAtLocation(Item)
                this.spawnAtLocation(Items.SADDLE);
                    ^
    method Entity.spawnAtLocation(ServerLevel,ItemLike) is not applicable
      (actual and formal argument lists differ in length)
    method Entity.spawnAtLocation(ServerLevel,ItemStack) is not applicable
      (actual and formal argument lists differ in length)
    method Entity.spawnAtLocation(ServerLevel,ItemStack,Vec3) is not applicable
      (actual and formal argument lists differ in length)
    method Entity.spawnAtLocation(ServerLevel,ItemStack,float) is not applicable
      (actual and formal argument lists differ in length)
C:\Users\justi\Documents\GitHub\AlexsMobs-26.2\src\main\java\com\github\alexthe666\alexsmobs\entity\EntityTusklin.java:329: error: no suitable method found for spawnAtLocation(ItemStack)
                this.spawnAtLocation(this.getShoeStack().copy());
                    ^
    method Entity.spawnAtLocation(ServerLevel,ItemLike) is not applicable
      (actual and formal argument lists differ in length)
    method Entity.spawnAtLocation(ServerLevel,ItemStack) is not applicable
      (actual and formal argument lists differ in length)
    method Entity.spawnAtLocation(ServerLevel,ItemStack,Vec3) is not applicable
      (actual and formal argument lists differ in length)
    method Entity.spawnAtLocation(ServerLevel,ItemStack,float) is not applicable
      (actual and formal argument lists differ in length)
C:\Users\justi\Documents\GitHub\AlexsMobs-26.2\src\main\java\com\github\alexthe666\alexsmobs\entity\EntityTusklin.java:349: error: cannot find symbol
                Hoglin hoglin = this.convertTo(EntityType.HOGLIN, false);
                                                         ^
  symbol:   variable HOGLIN
  location: class EntityType
C:\Users\justi\Documents\GitHub\AlexsMobs-26.2\src\main\java\com\github\alexthe666\alexsmobs\entity\EntityTusklin.java:351: error: cannot find symbol
                    hoglin.addEffect(new MobEffectInstance(MobEffects.CONFUSION, 200, 0));
                                                                     ^
  symbol:   variable CONFUSION
  location: class MobEffects
C:\Users\justi\Documents\GitHub\AlexsMobs-26.2\src\main\java\com\github\alexthe666\alexsmobs\entity\EntityTusklin.java:370: error: cannot find symbol
                        launch.hasImpulse = true;
                              ^
  symbol:   variable hasImpulse
  location: variable launch of type Entity
C:\Users\justi\Documents\GitHub\AlexsMobs-26.2\src\main\java\com\github\alexthe666\alexsmobs\entity\EntityTusklin.java:458: error: no suitable method found for knockback(float,float,float)
            entity.knockback(strength, Mth.sin(rot * Mth.DEG_TO_RAD), -Mth.cos(rot * Mth.DEG_TO_RAD));
                  ^
    method LivingEntity.knockback(double,double,double,DamageSource,float,boolean) is not applicable
      (actual and formal argument lists differ in length)
    method LivingEntity.knockback(double,double,double,DamageSource,float) is not applicable
      (actual and formal argument lists differ in length)
C:\Users\justi\Documents\GitHub\AlexsMobs-26.2\src\main\java\com\github\alexthe666\alexsmobs\entity\EntityTusklin.java:487: error: method finalizeSpawn in class AgeableMob cannot be applied to given types;
        return super.finalizeSpawn(worldIn, difficultyIn, reason, spawnDataIn, dataTag);
                    ^
  required: ServerLevelAccessor,DifficultyInstance,EntitySpawnReason,SpawnGroupData
  found:    ServerLevelAccessor,DifficultyInstance,EntitySpawnReason,SpawnGroupData,CompoundTag
  reason: actual and formal argument lists differ in length
C:\Users\justi\Documents\GitHub\AlexsMobs-26.2\src\main\java\com\github\alexthe666\alexsmobs\entity\EntityTusklin.java:499: error: no suitable method found for create(Level)
        return AMEntityRegistry.TUSKLIN.get().create(level());
                                             ^
    method EntityType.create(ServerLevel,@org.jspecify.annotations.Nullable PostSpawnProcessor<EntityTusklin>,BlockPos,EntitySpawnReason,boolean,boolean) is not applicable
      (actual and formal argument lists differ in length)
    method EntityType.create(Level,EntitySpawnReason) is not applicable
      (actual and formal argument lists differ in length)
    method EntityType.create(Level,EntitySpawnRequest) is not applicable
      (actual and formal argument lists differ in length)
    method EntityType.create(ValueInput,Level,EntitySpawnRequest) is not applicable
      (actual and formal argument lists differ in length)
    method EntityType.create(EntityType<?>,ValueInput,Level,EntitySpawnReason) is not applicable
      (actual and formal argument lists differ in length)
C:\Users\justi\Documents\GitHub\AlexsMobs-26.2\src\main\java\com\github\alexthe666\alexsmobs\client\model\ModelUnderminerDwarf.java:130: error: cannot find symbol
        if (this.riding) {
                ^
  symbol: variable riding
C:\Users\justi\Documents\GitHub\AlexsMobs-26.2\src\main\java\com\github\alexthe666\alexsmobs\client\model\ModelUnderminerDwarf.java:182: error: cannot find symbol
            final float f1 = humanoidarm == HumanoidArm.RIGHT && this.attackTime > 0.0F ? 0.0F : this.swimAmount;
                                                                     ^
  symbol: variable attackTime
C:\Users\justi\Documents\GitHub\AlexsMobs-26.2\src\main\java\com\github\alexthe666\alexsmobs\client\model\ModelUnderminerDwarf.java:183: error: cannot find symbol
            final float f2 = humanoidarm == HumanoidArm.LEFT && this.attackTime > 0.0F ? 0.0F : this.swimAmount;
                                                                    ^
  symbol: variable attackTime
C:\Users\justi\Documents\GitHub\AlexsMobs-26.2\src\main\java\com\github\alexthe666\alexsmobs\client\model\ModelUnderminerDwarf.java:229: error: cannot find symbol
            case THROW_SPEAR:
                 ^
  symbol:   variable THROW_SPEAR
  location: class ModelUnderminerDwarf
C:\Users\justi\Documents\GitHub\AlexsMobs-26.2\src\main\java\com\github\alexthe666\alexsmobs\client\model\ModelUnderminerDwarf.java:266: error: cannot find symbol
            case THROW_SPEAR:
                 ^
  symbol:   variable THROW_SPEAR
  location: class ModelUnderminerDwarf
C:\Users\justi\Documents\GitHub\AlexsMobs-26.2\src\main\java\com\github\alexthe666\alexsmobs\client\model\ModelUnderminerDwarf.java:292: error: cannot find symbol
        if (!(this.attackTime <= 0.0F)) {
                  ^
  symbol: variable attackTime
C:\Users\justi\Documents\GitHub\AlexsMobs-26.2\src\main\java\com\github\alexthe666\alexsmobs\client\model\ModelUnderminerDwarf.java:295: error: cannot find symbol
            float f = this.attackTime;
                          ^
  symbol: variable attackTime
C:\Users\justi\Documents\GitHub\AlexsMobs-26.2\src\main\java\com\github\alexthe666\alexsmobs\client\model\ModelUnderminerDwarf.java:304: error: cannot find symbol
            f = 1.0F - this.attackTime;
                           ^
  symbol: variable attackTime
C:\Users\justi\Documents\GitHub\AlexsMobs-26.2\src\main\java\com\github\alexthe666\alexsmobs\client\model\ModelUnderminerDwarf.java:309: error: cannot find symbol
            final float f2 = Mth.sin(this.attackTime * Mth.PI) * -(this.head.rotateAngleX - 0.7F) * 0.75F;
                                         ^
  symbol: variable attackTime
C:\Users\justi\Documents\GitHub\AlexsMobs-26.2\src\main\java\com\github\alexthe666\alexsmobs\client\model\ModelUnderminerDwarf.java:312: error: cannot find symbol
            modelpart.rotateAngleZ += Mth.sin(this.attackTime * Mth.PI) * -0.4F;
                                                  ^
  symbol: variable attackTime
C:\Users\justi\Documents\GitHub\AlexsMobs-26.2\src\main\java\com\github\alexthe666\alexsmobs\entity\EntityUnderminer.java:140: error: cannot find symbol
            compound.put("MineStack", lastGivenStack.serializeNBT());
                                                    ^
  symbol:   method serializeNBT()
  location: variable lastGivenStack of type ItemStack
C:\Users\justi\Documents\GitHub\AlexsMobs-26.2\src\main\java\com\github\alexthe666\alexsmobs\entity\EntityUnderminer.java:151: error: cannot find symbol
        if(compound.contains("MineStack")){
                   ^
  symbol:   method contains(String)
  location: variable compound of type ValueInput
C:\Users\justi\Documents\GitHub\AlexsMobs-26.2\src\main\java\com\github\alexthe666\alexsmobs\entity\EntityUnderminer.java:152: error: cannot find symbol
            this.lastGivenStack = ItemStack.of(compound.getCompound("MineStack"));
                                                       ^
  symbol:   method getCompound(String)
  location: variable compound of type ValueInput
C:\Users\justi\Documents\GitHub\AlexsMobs-26.2\src\main\java\com\github\alexthe666\alexsmobs\entity\EntityUnderminer.java:215: error: method does not override or implement a method from a supertype
    @Override
    ^
C:\Users\justi\Documents\GitHub\AlexsMobs-26.2\src\main\java\com\github\alexthe666\alexsmobs\entity\EntityUnderminer.java:217: error: method isInvulnerableTo in class LivingEntity cannot be applied to given types;
        return !source.is(DamageTypes.MAGIC) && source.is(DamageTypes.FELL_OUT_OF_WORLD) && !source.isCreativePlayer() || super.isInvulnerableTo(source);
                                                                                                                               ^
  required: ServerLevel,DamageSource
  found:    DamageSource
  reason: actual and formal argument lists differ in length
C:\Users\justi\Documents\GitHub\AlexsMobs-26.2\src\main\java\com\github\alexthe666\alexsmobs\entity\EntityUnderminer.java:249: error: cannot find symbol
        return super.getEquipmentDropChance(slot);
                    ^
  symbol: method getEquipmentDropChance(EquipmentSlot)
C:\Users\justi\Documents\GitHub\AlexsMobs-26.2\src\main\java\com\github\alexthe666\alexsmobs\entity\EntityUnderminer.java:254: error: method finalizeSpawn in class Mob cannot be applied to given types;
        spawnData = super.finalizeSpawn(level, difficultyInstance, EntitySpawnReason, spawnData, tag);
                         ^
  required: ServerLevelAccessor,DifficultyInstance,EntitySpawnReason,SpawnGroupData
  found:    ServerLevelAccessor,DifficultyInstance,EntitySpawnReason,SpawnGroupData,CompoundTag
  reason: actual and formal argument lists differ in length
C:\Users\justi\Documents\GitHub\AlexsMobs-26.2\src\main\java\com\github\alexthe666\alexsmobs\entity\EntityUnderminer.java:296: error: cannot find symbol
                    this.playSound(SoundEvents.AMBIENT_CAVE.get(), 3F, 0.75F + random.nextFloat() * 0.25F);
                                                           ^
  symbol:   method get()
  location: variable AMBIENT_CAVE of type Reference<SoundEvent>
C:\Users\justi\Documents\GitHub\AlexsMobs-26.2\src\main\java\com\github\alexthe666\alexsmobs\entity\EntityUnderminer.java:346: error: method pickUpItem in class Mob cannot be applied to given types;
            super.pickUpItem(itemEntity);
                 ^
  required: ServerLevel,ItemEntity
  found:    ItemEntity
  reason: actual and formal argument lists differ in length
C:\Users\justi\Documents\GitHub\AlexsMobs-26.2\src\main\java\com\github\alexthe666\alexsmobs\entity\EntityUnderminer.java:351: error: jumpFromGround() in EntityUnderminer cannot override jumpFromGround() in LivingEntity
    protected void jumpFromGround() {
                   ^
  attempting to assign weaker access privileges; was public
C:\Users\justi\Documents\GitHub\AlexsMobs-26.2\src\main\java\com\github\alexthe666\alexsmobs\entity\EntityUnderminer.java:365: error: width has private access in EntityDimensions
        final float f = this.getDimensions(this.getPose()).width * 0.1F;
                                                          ^
C:\Users\justi\Documents\GitHub\AlexsMobs-26.2\src\main\java\com\github\alexthe666\alexsmobs\entity\EntityVoidWorm.java:65: error: cannot find symbol
    private static final EntityDataAccessor<Optional<UUID>> CHILD_UUID = SynchedEntityData.defineId(EntityVoidWorm.class, EntityDataSerializers.OPTIONAL_UUID);
                                                                                                                                               ^
  symbol:   variable OPTIONAL_UUID
  location: class EntityDataSerializers
C:\Users\justi\Documents\GitHub\AlexsMobs-26.2\src\main\java\com\github\alexthe666\alexsmobs\entity\EntityVoidWorm.java:66: error: cannot find symbol
    private static final EntityDataAccessor<Optional<UUID>> SPLIT_FROM_UUID = SynchedEntityData.defineId(EntityVoidWorm.class, EntityDataSerializers.OPTIONAL_UUID);
                                                                                                                                                    ^
  symbol:   variable OPTIONAL_UUID
  location: class EntityDataSerializers
C:\Users\justi\Documents\GitHub\AlexsMobs-26.2\src\main\java\com\github\alexthe666\alexsmobs\entity\EntityVoidWorm.java:73: error: constructor ServerBossEvent in class ServerBossEvent cannot be applied to given types;
    private final ServerBossEvent bossInfo = (ServerBossEvent) (new ServerBossEvent(this.getDisplayName(), BossEvent.BossBarColor.BLUE, BossEvent.BossBarOverlay.PROGRESS)).setDarkenScreen(true);
                                                                ^
  required: UUID,Component,BossBarColor,BossBarOverlay
  found:    Component,BossBarColor,BossBarOverlay
  reason: actual and formal argument lists differ in length
C:\Users\justi\Documents\GitHub\AlexsMobs-26.2\src\main\java\com\github\alexthe666\alexsmobs\entity\EntityVoidWorm.java:122: error: cannot find symbol
        return this.isSplitter() ? SPLITTER_LOOT : super.getDefaultLootTable();
                                                        ^
  symbol: method getDefaultLootTable()
C:\Users\justi\Documents\GitHub\AlexsMobs-26.2\src\main\java\com\github\alexthe666\alexsmobs\entity\EntityVoidWorm.java:138: error: method does not override or implement a method from a supertype
    @Override
    ^
C:\Users\justi\Documents\GitHub\AlexsMobs-26.2\src\main\java\com\github\alexthe666\alexsmobs\entity\EntityVoidWorm.java:140: error: no suitable method found for spawnAtLocation(ItemStack,float)
        ItemEntity itementity = this.spawnAtLocation(stack, 0.0F);
                                    ^
    method Entity.spawnAtLocation(ServerLevel,ItemLike) is not applicable
      (argument mismatch; ItemStack cannot be converted to ServerLevel)
    method Entity.spawnAtLocation(ServerLevel,ItemStack) is not applicable
      (argument mismatch; ItemStack cannot be converted to ServerLevel)
C:\Users\justi\Documents\GitHub\AlexsMobs-26.2\src\main\java\com\github\alexthe666\alexsmobs\entity\EntityVoidWorm.java:149: error: method does not override or implement a method from a supertype
    @Override
    ^
C:\Users\justi\Documents\GitHub\AlexsMobs-26.2\src\main\java\com\github\alexthe666\alexsmobs\entity\EntityVoidWorm.java:186: error: method does not override or implement a method from a supertype
    @Override
    ^
C:\Users\justi\Documents\GitHub\AlexsMobs-26.2\src\main\java\com\github\alexthe666\alexsmobs\entity\EntityVoidWorm.java:188: error: method isInvulnerableTo in class LivingEntity cannot be applied to given types;
        return source.is(DamageTypes.FALL) || source.is(DamageTypes.DROWN) || source.is(DamageTypes.IN_WALL)  || source.is(DamageTypes.LAVA) || source.is(DamageTypes.FELL_OUT_OF_WORLD) || source.is(DamageTypeTags.IS_FIRE) || super.isInvulnerableTo(source);
                                                                                                                                                                                                                                      ^
  required: ServerLevel,DamageSource
  found:    DamageSource
  reason: actual and formal argument lists differ in length
C:\Users\justi\Documents\GitHub\AlexsMobs-26.2\src\main\java\com\github\alexthe666\alexsmobs\entity\EntityVoidWorm.java:399: error: cannot find symbol
            final int i = net.neoforged.neoforge.common.ForgeHooks.getLootingLevel(this, entity, source);
                                                       ^
  symbol:   class ForgeHooks
  location: package net.neoforged.neoforge.common
C:\Users\justi\Documents\GitHub\AlexsMobs-26.2\src\main\java\com\github\alexthe666\alexsmobs\entity\EntityVoidWorm.java:402: error: cannot find symbol
            final boolean flag = this.lastHurtByPlayerTime > 0;
                                     ^
  symbol: variable lastHurtByPlayerTime
C:\Users\justi\Documents\GitHub\AlexsMobs-26.2\src\main\java\com\github\alexthe666\alexsmobs\entity\EntityVoidWorm.java:403: error: method shouldDropLoot in class Monster cannot be applied to given types;
            if (this.shouldDropLoot() && this.level().getGameRules().getBoolean(GameRules.RULE_DOMOBLOOT)) {
                    ^
  required: ServerLevel
  found:    no arguments
  reason: actual and formal argument lists differ in length
C:\Users\justi\Documents\GitHub\AlexsMobs-26.2\src\main\java\com\github\alexthe666\alexsmobs\entity\EntityVoidWorm.java:403: error: cannot find symbol
            if (this.shouldDropLoot() && this.level().getGameRules().getBoolean(GameRules.RULE_DOMOBLOOT)) {
                                                                                ^
  symbol:   variable GameRules
  location: class EntityVoidWorm
C:\Users\justi\Documents\GitHub\AlexsMobs-26.2\src\main\java\com\github\alexthe666\alexsmobs\entity\EntityVoidWorm.java:403: error: cannot find symbol
            if (this.shouldDropLoot() && this.level().getGameRules().getBoolean(GameRules.RULE_DOMOBLOOT)) {
                                                     ^
  symbol:   method getGameRules()
  location: class Level
C:\Users\justi\Documents\GitHub\AlexsMobs-26.2\src\main\java\com\github\alexthe666\alexsmobs\entity\EntityVoidWorm.java:404: error: no suitable method found for dropFromLootTable(DamageSource,boolean)
                this.dropFromLootTable(source, flag);
                    ^
    method LivingEntity.dropFromLootTable(ServerLevel,DamageSource,boolean,ResourceKey<LootTable>) is not applicable
      (actual and formal argument lists differ in length)
    method LivingEntity.dropFromLootTable(ServerLevel,DamageSource,boolean,ResourceKey<LootTable>,Consumer<ItemStack>) is not applicable
      (actual and formal argument lists differ in length)
    method LivingEntity.dropFromLootTable(ServerLevel,ResourceKey<LootTable>,Function<Builder,LootParams>,BiConsumer<ServerLevel,ItemStack>) is not applicable
      (actual and formal argument lists differ in length)
    method Mob.dropFromLootTable(ServerLevel,DamageSource,boolean) is not applicable
      (actual and formal argument lists differ in length)
C:\Users\justi\Documents\GitHub\AlexsMobs-26.2\src\main\java\com\github\alexthe666\alexsmobs\entity\EntityVoidWorm.java:405: error: incompatible types: DamageSource cannot be converted to ServerLevel
                this.dropCustomDeathLoot(source, i, flag);
                                         ^
C:\Users\justi\Documents\GitHub\AlexsMobs-26.2\src\main\java\com\github\alexthe666\alexsmobs\entity\EntityVoidWorm.java:407: error: method dropEquipment in class LivingEntity cannot be applied to given types;
            this.dropEquipment();
                ^
  required: ServerLevel
  found:    no arguments
  reason: actual and formal argument lists differ in length
C:\Users\justi\Documents\GitHub\AlexsMobs-26.2\src\main\java\com\github\alexthe666\alexsmobs\entity\EntityVoidWorm.java:408: error: method dropExperience in class LivingEntity cannot be applied to given types;
            this.dropExperience();
                ^
  required: ServerLevel,Entity
  found:    no arguments
  reason: actual and formal argument lists differ in length
C:\Users\justi\Documents\GitHub\AlexsMobs-26.2\src\main\java\com\github\alexthe666\alexsmobs\entity\EntityVoidWorm.java:412: error: cannot find symbol
            if (!net.neoforged.neoforge.common.ForgeHooks.onLivingDrops(this, source, drops, i, lastHurtByPlayerTime > 0)){
                                                                                                ^
  symbol:   variable lastHurtByPlayerTime
  location: class EntityVoidWorm
C:\Users\justi\Documents\GitHub\AlexsMobs-26.2\src\main\java\com\github\alexthe666\alexsmobs\entity\EntityVoidWorm.java:412: error: cannot find symbol
            if (!net.neoforged.neoforge.common.ForgeHooks.onLivingDrops(this, source, drops, i, lastHurtByPlayerTime > 0)){
                                              ^
  symbol:   class ForgeHooks
  location: package net.neoforged.neoforge.common
C:\Users\justi\Documents\GitHub\AlexsMobs-26.2\src\main\java\com\github\alexthe666\alexsmobs\entity\EntityVoidWorm.java:480: error: method finalizeSpawn in class Mob cannot be applied to given types;
        return super.finalizeSpawn(worldIn, difficultyIn, reason, spawnDataIn, dataTag);
                    ^
  required: ServerLevelAccessor,DifficultyInstance,EntitySpawnReason,SpawnGroupData
  found:    ServerLevelAccessor,DifficultyInstance,EntitySpawnReason,SpawnGroupData,CompoundTag
  reason: actual and formal argument lists differ in length
C:\Users\justi\Documents\GitHub\AlexsMobs-26.2\src\main\java\com\github\alexthe666\alexsmobs\entity\EntityVoidWorm.java:616: error: cannot find symbol
                vec = vec.add(net.minecraft.world.phys.Vec3.atLowerCornerOf(result1.getDirection().getNormal()));
                                                                                                  ^
  symbol:   method getNormal()
  location: class Direction
C:\Users\justi\Documents\GitHub\AlexsMobs-26.2\src\main\java\com\github\alexthe666\alexsmobs\entity\EntityVoidWorm.java:618: error: no suitable method found for create(Level)
            EntityVoidPortal portal = AMEntityRegistry.VOID_PORTAL.get().create(level());
                                                                        ^
    method EntityType.create(ServerLevel,@org.jspecify.annotations.Nullable PostSpawnProcessor<EntityVoidPortal>,BlockPos,EntitySpawnReason,boolean,boolean) is not applicable
      (actual and formal argument lists differ in length)
    method EntityType.create(Level,EntitySpawnReason) is not applicable
      (actual and formal argument lists differ in length)
    method EntityType.create(Level,EntitySpawnRequest) is not applicable
      (actual and formal argument lists differ in length)
    method EntityType.create(ValueInput,Level,EntitySpawnRequest) is not applicable
      (actual and formal argument lists differ in length)
    method EntityType.create(EntityType<?>,ValueInput,Level,EntitySpawnReason) is not applicable
      (actual and formal argument lists differ in length)
C:\Users\justi\Documents\GitHub\AlexsMobs-26.2\src\main\java\com\github\alexthe666\alexsmobs\entity\EntityVoidWorm.java:621: error: no suitable method found for getNearest(double,double,double)
            Direction dir = Direction.getNearest(dirVec.x, dirVec.y, dirVec.z);
                                     ^
    method Direction.getNearest(int,int,int,@org.jspecify.annotations.Nullable Direction) is not applicable
      (actual and formal argument lists differ in length)
    method Direction.getNearest(Vec3i,@org.jspecify.annotations.Nullable Direction) is not applicable
      (actual and formal argument lists differ in length)
C:\Users\justi\Documents\GitHub\AlexsMobs-26.2\src\main\java\com\github\alexthe666\alexsmobs\entity\EntityVoidWorm.java:648: error: cannot find symbol
        if (!this.level().isClientSide() && this.blockBreakCounter == 0 && net.neoforged.neoforge.event.ForgeEventFactory.getMobGriefingEvent(level(), this)) {
                                                                                                       ^
  symbol:   class ForgeEventFactory
  location: package net.neoforged.neoforge.event
C:\Users\justi\Documents\GitHub\AlexsMobs-26.2\src\main\java\com\github\alexthe666\alexsmobs\entity\EntityVoidWorm.java:734: error: isAlliedTo(Entity) in EntityVoidWorm cannot override isAlliedTo(@org.jspecify.annotations.Nullable Entity) in Entity
    public boolean isAlliedTo(Entity entityIn) {
                   ^
  overridden method is final
C:\Users\justi\Documents\GitHub\AlexsMobs-26.2\src\main\java\com\github\alexthe666\alexsmobs\entity\EntityVoidWorm.java:758: error: method reallyHurt in class EnderDragon cannot be applied to given types;
        return entity instanceof EnderDragon ? ((EnderDragon) entity).reallyHurt(source, dmg * 0.5F) : entity.hurt(source, dmg);
                                                                     ^
  required: ServerLevel,DamageSource,float
  found:    DamageSource,float
  reason: actual and formal argument lists differ in length
C:\Users\justi\Documents\GitHub\AlexsMobs-26.2\src\main\java\com\github\alexthe666\alexsmobs\entity\EntityVoidWorm.java:758: error: incompatible types: bad type in conditional expression
        return entity instanceof EnderDragon ? ((EnderDragon) entity).reallyHurt(source, dmg * 0.5F) : entity.hurt(source, dmg);
                                                                                                                  ^
    void cannot be converted to boolean
C:\Users\justi\Documents\GitHub\AlexsMobs-26.2\src\main\java\com\github\alexthe666\alexsmobs\entity\EntityVoidPortal.java:41: error: EntityVoidPortal is not abstract and does not override abstract method hurtServer(ServerLevel,DamageSource,float) in Entity
public class EntityVoidPortal extends Entity {
       ^
C:\Users\justi\Documents\GitHub\AlexsMobs-26.2\src\main\java\com\github\alexthe666\alexsmobs\entity\EntityVoidPortal.java:47: error: cannot find symbol
    private static final EntityDataAccessor<Optional<UUID>> SISTER_UUID = SynchedEntityData.defineId(EntityVoidPortal.class, EntityDataSerializers.OPTIONAL_UUID);
                                                                                                                                                  ^
  symbol:   variable OPTIONAL_UUID
  location: class EntityDataSerializers
C:\Users\justi\Documents\GitHub\AlexsMobs-26.2\src\main\java\com\github\alexthe666\alexsmobs\entity\EntityVoidPortal.java:70: error: method does not override or implement a method from a supertype
    @Override
    ^
C:\Users\justi\Documents\GitHub\AlexsMobs-26.2\src\main\java\com\github\alexthe666\alexsmobs\entity\EntityVoidPortal.java:72: error: method getAddEntityPacket in class Entity cannot be applied to given types;
        return super.getAddEntityPacket();
                    ^
  required: ServerEntity
  found:    no arguments
  reason: actual and formal argument lists differ in length
C:\Users\justi\Documents\GitHub\AlexsMobs-26.2\src\main\java\com\github\alexthe666\alexsmobs\entity\EntityVoidPortal.java:130: error: cannot find symbol
                    if(e.isOnPortalCooldown() || e.isShiftKeyDown() || e instanceof EntityVoidPortal || e.getParts() != null || e instanceof PartEntity<?> || e.getType().is(AMTagRegistry.VOID_PORTAL_IGNORES)){
                                                                                                                                                                         ^
  symbol:   method is(TagKey<EntityType<?>>)
  location: class EntityType<CAP#1>
  where CAP#1 is a fresh type-variable:
    CAP#1 extends Entity from capture of ?
C:\Users\justi\Documents\GitHub\AlexsMobs-26.2\src\main\java\com\github\alexthe666\alexsmobs\entity\EntityVoidPortal.java:151: error: cannot find symbol
                            e.teleportToWithTicket(offsetPos.getX() + 0.5f, offsetPos.getY() + 0.5f, offsetPos.getZ() + 0.5f);
                             ^
  symbol:   method teleportToWithTicket(float,float,float)
  location: variable e of type Entity
C:\Users\justi\Documents\GitHub\AlexsMobs-26.2\src\main\java\com\github\alexthe666\alexsmobs\entity\EntityVoidPortal.java:176: error: cannot find symbol
            ServerEvents.teleportPlayers.add(new Triple<>((ServerPlayer)entity, endpointWorld, endpoint));
                                                 ^
  symbol:   class Triple
  location: class EntityVoidPortal
C:\Users\justi\Documents\GitHub\AlexsMobs-26.2\src\main\java\com\github\alexthe666\alexsmobs\entity\EntityVoidPortal.java:182: error: setLevel(Level) has protected access in Entity
            entity.setLevel(endpointWorld);
                  ^
C:\Users\justi\Documents\GitHub\AlexsMobs-26.2\src\main\java\com\github\alexthe666\alexsmobs\entity\EntityVoidPortal.java:183: error: no suitable method found for create(ServerLevel)
            Entity teleportedEntity = entity.getType().create(endpointWorld);
                                                      ^
    method EntityType.create(ServerLevel,@org.jspecify.annotations.Nullable PostSpawnProcessor<CAP#1>,BlockPos,EntitySpawnReason,boolean,boolean) is not applicable
      (actual and formal argument lists differ in length)
    method EntityType.create(Level,EntitySpawnReason) is not applicable
      (actual and formal argument lists differ in length)
    method EntityType.create(Level,EntitySpawnRequest) is not applicable
      (actual and formal argument lists differ in length)
    method EntityType.create(ValueInput,Level,EntitySpawnRequest) is not applicable
      (actual and formal argument lists differ in length)
    method EntityType.create(EntityType<?>,ValueInput,Level,EntitySpawnReason) is not applicable
      (actual and formal argument lists differ in length)
  where CAP#1 is a fresh type-variable:
    CAP#1 extends Entity from capture of ?
C:\Users\justi\Documents\GitHub\AlexsMobs-26.2\src\main\java\com\github\alexthe666\alexsmobs\entity\EntityVoidPortal.java:186: error: cannot find symbol
                teleportedEntity.moveTo(endpoint.getX() + 0.5D, endpoint.getY() + 0.5D, endpoint.getZ() + 0.5D, entity.getYRot(), entity.getXRot());
                                ^
  symbol:   method moveTo(double,double,double,float,float)
  location: variable teleportedEntity of type Entity
C:\Users\justi\Documents\GitHub\AlexsMobs-26.2\src\main\java\com\github\alexthe666\alexsmobs\entity\EntityVoidPortal.java:247: error: no suitable method found for create(Level)
        EntityVoidPortal portal = AMEntityRegistry.VOID_PORTAL.get().create(world);
                                                                    ^
    method EntityType.create(ServerLevel,@org.jspecify.annotations.Nullable PostSpawnProcessor<EntityVoidPortal>,BlockPos,EntitySpawnReason,boolean,boolean) is not applicable
      (actual and formal argument lists differ in length)
    method EntityType.create(Level,EntitySpawnReason) is not applicable
      (actual and formal argument lists differ in length)
    method EntityType.create(Level,EntitySpawnRequest) is not applicable
      (actual and formal argument lists differ in length)
    method EntityType.create(ValueInput,Level,EntitySpawnRequest) is not applicable
      (actual and formal argument lists differ in length)
    method EntityType.create(EntityType<?>,ValueInput,Level,EntitySpawnReason) is not applicable
      (actual and formal argument lists differ in length)
C:\Users\justi\Documents\GitHub\AlexsMobs-26.2\src\main\java\com\github\alexthe666\alexsmobs\entity\EntityVoidPortal.java:250: error: cannot find symbol
        portal.teleportToWithTicket(safeDestination.getX() + 0.5f, safeDestination.getY() + 0.5f, safeDestination.getZ() + 0.5f);
              ^
  symbol:   method teleportToWithTicket(float,float,float)
  location: variable portal of type EntityVoidPortal
C:\Users\justi\Documents\GitHub\AlexsMobs-26.2\src\main\java\com\github\alexthe666\alexsmobs\entity\EntityVoidPortal.java:283: error: cannot find symbol
        this.entityData.set(ATTACHED_FACE, Direction.from3DDataValue(compound.getByte("AttachFace")));
                                                                             ^
  symbol:   method getByte(String)
  location: variable compound of type ValueInput
C:\Users\justi\Documents\GitHub\AlexsMobs-26.2\src\main\java\com\github\alexthe666\alexsmobs\entity\EntityVoidPortal.java:285: error: cannot find symbol
        if(compound.contains("Shattered")){
                   ^
  symbol:   method contains(String)
  location: variable compound of type ValueInput
C:\Users\justi\Documents\GitHub\AlexsMobs-26.2\src\main\java\com\github\alexthe666\alexsmobs\entity\EntityVoidPortal.java:288: error: cannot find symbol
        if (compound.contains("DX")) {
                    ^
  symbol:   method contains(String)
  location: variable compound of type ValueInput
C:\Users\justi\Documents\GitHub\AlexsMobs-26.2\src\main\java\com\github\alexthe666\alexsmobs\entity\EntityVoidPortal.java:299: error: cannot find symbol
        if (compound.contains("ExitDimension")) {
                    ^
  symbol:   method contains(String)
  location: variable compound of type ValueInput
C:\Users\justi\Documents\GitHub\AlexsMobs-26.2\src\main\java\com\github\alexthe666\alexsmobs\entity\EntityVoidPortal.java:300: error: cannot find symbol
            this.exitDimension = Level.RESOURCE_KEY_CODEC.parse(NbtOps.INSTANCE, compound.get("ExitDimension")).resultOrPartial(AlexsMobs.LOGGER::error).orElse(Level.OVERWORLD);
                                                                                         ^
  symbol:   method get(String)
  location: variable compound of type ValueInput
C:\Users\justi\Documents\GitHub\AlexsMobs-26.2\src\main\java\com\github\alexthe666\alexsmobs\entity\EntityVoidPortal.java:319: error: cannot find symbol
            Identifier.CODEC.encodeStart(NbtOps.INSTANCE, this.exitDimension.location()).resultOrPartial(AlexsMobs.LOGGER::error).ifPresent((p_241148_1_) -> {
                                                                            ^
  symbol:   method location()
  location: variable exitDimension of type ResourceKey<Level>
C:\Users\justi\Documents\GitHub\AlexsMobs-26.2\src\main\java\com\github\alexthe666\alexsmobs\item\ItemDimensionalCarver.java:64: error: cannot find symbol
            double x = raytraceresult.getLocation().x - dir.getNormal().getX() * 0.1F;
                                                           ^
  symbol:   method getNormal()
  location: variable dir of type Direction
C:\Users\justi\Documents\GitHub\AlexsMobs-26.2\src\main\java\com\github\alexthe666\alexsmobs\item\ItemDimensionalCarver.java:65: error: cannot find symbol
            double y = raytraceresult.getLocation().y - dir.getNormal().getY() * 0.1F;
                                                           ^
  symbol:   method getNormal()
  location: variable dir of type Direction
C:\Users\justi\Documents\GitHub\AlexsMobs-26.2\src\main\java\com\github\alexthe666\alexsmobs\item\ItemDimensionalCarver.java:66: error: cannot find symbol
            double z = raytraceresult.getLocation().z - dir.getNormal().getZ() * 0.1F;
                                                           ^
  symbol:   method getNormal()
  location: variable dir of type Direction
C:\Users\justi\Documents\GitHub\AlexsMobs-26.2\src\main\java\com\github\alexthe666\alexsmobs\item\ItemDimensionalCarver.java:67: error: cannot find symbol
            if (itemstack.getOrCreateTag().getBoolean("HASBLOCK")) {
                         ^
  symbol:   method getOrCreateTag()
  location: variable itemstack of type ItemStack
C:\Users\justi\Documents\GitHub\AlexsMobs-26.2\src\main\java\com\github\alexthe666\alexsmobs\item\ItemDimensionalCarver.java:68: error: cannot find symbol
                x = itemstack.getOrCreateTag().getDouble("BLOCKX");
                             ^
  symbol:   method getOrCreateTag()
  location: variable itemstack of type ItemStack
C:\Users\justi\Documents\GitHub\AlexsMobs-26.2\src\main\java\com\github\alexthe666\alexsmobs\item\ItemDimensionalCarver.java:69: error: cannot find symbol
                y = itemstack.getOrCreateTag().getDouble("BLOCKY");
                             ^
  symbol:   method getOrCreateTag()
  location: variable itemstack of type ItemStack
C:\Users\justi\Documents\GitHub\AlexsMobs-26.2\src\main\java\com\github\alexthe666\alexsmobs\item\ItemDimensionalCarver.java:70: error: cannot find symbol
                z = itemstack.getOrCreateTag().getDouble("BLOCKZ");
                             ^
  symbol:   method getOrCreateTag()
  location: variable itemstack of type ItemStack
C:\Users\justi\Documents\GitHub\AlexsMobs-26.2\src\main\java\com\github\alexthe666\alexsmobs\item\ItemDimensionalCarver.java:72: error: cannot find symbol
                itemstack.getOrCreateTag().putBoolean("HASBLOCK", true);
                         ^
  symbol:   method getOrCreateTag()
  location: variable itemstack of type ItemStack
C:\Users\justi\Documents\GitHub\AlexsMobs-26.2\src\main\java\com\github\alexthe666\alexsmobs\item\ItemDimensionalCarver.java:73: error: cannot find symbol
                itemstack.getOrCreateTag().putDouble("BLOCKX", x);
                         ^
  symbol:   method getOrCreateTag()
  location: variable itemstack of type ItemStack
C:\Users\justi\Documents\GitHub\AlexsMobs-26.2\src\main\java\com\github\alexthe666\alexsmobs\item\ItemDimensionalCarver.java:74: error: cannot find symbol
                itemstack.getOrCreateTag().putDouble("BLOCKY", y);
                         ^
  symbol:   method getOrCreateTag()
  location: variable itemstack of type ItemStack
C:\Users\justi\Documents\GitHub\AlexsMobs-26.2\src\main\java\com\github\alexthe666\alexsmobs\item\ItemDimensionalCarver.java:75: error: cannot find symbol
                itemstack.getOrCreateTag().putDouble("BLOCKZ", z);
                         ^
  symbol:   method getOrCreateTag()
  location: variable itemstack of type ItemStack
C:\Users\justi\Documents\GitHub\AlexsMobs-26.2\src\main\java\com\github\alexthe666\alexsmobs\item\ItemDimensionalCarver.java:76: error: cannot find symbol
                itemstack.setTag(itemstack.getOrCreateTag());
                                          ^
  symbol:   method getOrCreateTag()
  location: variable itemstack of type ItemStack
C:\Users\justi\Documents\GitHub\AlexsMobs-26.2\src\main\java\com\github\alexthe666\alexsmobs\item\ItemDimensionalCarver.java:100: error: cannot find symbol
        if (itemstack.getOrCreateTag().getBoolean("HASBLOCK")) {
                     ^
  symbol:   method getOrCreateTag()
  location: variable itemstack of type ItemStack
C:\Users\justi\Documents\GitHub\AlexsMobs-26.2\src\main\java\com\github\alexthe666\alexsmobs\item\ItemDimensionalCarver.java:101: error: cannot find symbol
            double x = itemstack.getOrCreateTag().getDouble("BLOCKX");
                                ^
  symbol:   method getOrCreateTag()
  location: variable itemstack of type ItemStack
C:\Users\justi\Documents\GitHub\AlexsMobs-26.2\src\main\java\com\github\alexthe666\alexsmobs\item\ItemDimensionalCarver.java:102: error: cannot find symbol
            double y = itemstack.getOrCreateTag().getDouble("BLOCKY");
                                ^
  symbol:   method getOrCreateTag()
  location: variable itemstack of type ItemStack
C:\Users\justi\Documents\GitHub\AlexsMobs-26.2\src\main\java\com\github\alexthe666\alexsmobs\item\ItemDimensionalCarver.java:103: error: cannot find symbol
            double z = itemstack.getOrCreateTag().getDouble("BLOCKZ");
                                ^
  symbol:   method getOrCreateTag()
  location: variable itemstack of type ItemStack
C:\Users\justi\Documents\GitHub\AlexsMobs-26.2\src\main\java\com\github\alexthe666\alexsmobs\item\ItemDimensionalCarver.java:110: error: no suitable method found for addCooldown(ItemDimensionalCarver,int)
                    ((Player) player).getCooldowns().addCooldown(this, 40);
                                                    ^
    method ItemCooldowns.addCooldown(ItemStack,int) is not applicable
      (argument mismatch; ItemDimensionalCarver cannot be converted to ItemStack)
    method ItemCooldowns.addCooldown(Identifier,int) is not applicable
      (argument mismatch; ItemDimensionalCarver cannot be converted to Identifier)
C:\Users\justi\Documents\GitHub\AlexsMobs-26.2\src\main\java\com\github\alexthe666\alexsmobs\item\ItemDimensionalCarver.java:125: error: no suitable method found for hurtAndBreak(int,LivingEntity,(playerIn)[...])); })
                itemstack.hurtAndBreak(1, player, (playerIn) -> {
                         ^
    method ItemStack.hurtAndBreak(int,LivingEntity,InteractionHand) is not applicable
      (argument mismatch; InteractionHand is not a functional interface)
    method ItemStack.hurtAndBreak(int,LivingEntity,EquipmentSlot) is not applicable
      (argument mismatch; EquipmentSlot is not a functional interface)
C:\Users\justi\Documents\GitHub\AlexsMobs-26.2\src\main\java\com\github\alexthe666\alexsmobs\item\ItemDimensionalCarver.java:130: error: no suitable method found for addCooldown(ItemDimensionalCarver,int)
                    ((Player) player).getCooldowns().addCooldown(this, 200);
                                                    ^
    method ItemCooldowns.addCooldown(ItemStack,int) is not applicable
      (argument mismatch; ItemDimensionalCarver cannot be converted to ItemStack)
    method ItemCooldowns.addCooldown(Identifier,int) is not applicable
      (argument mismatch; ItemDimensionalCarver cannot be converted to Identifier)
C:\Users\justi\Documents\GitHub\AlexsMobs-26.2\src\main\java\com\github\alexthe666\alexsmobs\item\ItemDimensionalCarver.java:136: error: cannot find symbol
            itemstack.getOrCreateTag().putBoolean("HASBLOCK", false);
                     ^
  symbol:   method getOrCreateTag()
  location: variable itemstack of type ItemStack
C:\Users\justi\Documents\GitHub\AlexsMobs-26.2\src\main\java\com\github\alexthe666\alexsmobs\item\ItemDimensionalCarver.java:137: error: cannot find symbol
            itemstack.getOrCreateTag().putDouble("BLOCKX", 0);
                     ^
  symbol:   method getOrCreateTag()
  location: variable itemstack of type ItemStack
C:\Users\justi\Documents\GitHub\AlexsMobs-26.2\src\main\java\com\github\alexthe666\alexsmobs\item\ItemDimensionalCarver.java:138: error: cannot find symbol
            itemstack.getOrCreateTag().putDouble("BLOCKY", 0);
                     ^
  symbol:   method getOrCreateTag()
  location: variable itemstack of type ItemStack
C:\Users\justi\Documents\GitHub\AlexsMobs-26.2\src\main\java\com\github\alexthe666\alexsmobs\item\ItemDimensionalCarver.java:139: error: cannot find symbol
            itemstack.getOrCreateTag().putDouble("BLOCKZ", 0);
                     ^
  symbol:   method getOrCreateTag()
  location: variable itemstack of type ItemStack
C:\Users\justi\Documents\GitHub\AlexsMobs-26.2\src\main\java\com\github\alexthe666\alexsmobs\item\ItemDimensionalCarver.java:140: error: cannot find symbol
            itemstack.setTag(itemstack.getOrCreateTag());
                                      ^
  symbol:   method getOrCreateTag()
  location: variable itemstack of type ItemStack
C:\Users\justi\Documents\GitHub\AlexsMobs-26.2\src\main\java\com\github\alexthe666\alexsmobs\item\ItemDimensionalCarver.java:145: error: releaseUsing(ItemStack,Level,LivingEntity,int) in ItemDimensionalCarver cannot override releaseUsing(ItemStack,Level,LivingEntity,int) in Item
    public void releaseUsing(ItemStack stack, Level worldIn, LivingEntity entityLiving, int timeLeft) {
                ^
  return type void is not compatible with boolean
C:\Users\justi\Documents\GitHub\AlexsMobs-26.2\src\main\java\com\github\alexthe666\alexsmobs\item\ItemDimensionalCarver.java:146: error: cannot find symbol
        stack.getOrCreateTag().putBoolean("HASBLOCK", false);
             ^
  symbol:   method getOrCreateTag()
  location: variable stack of type ItemStack
C:\Users\justi\Documents\GitHub\AlexsMobs-26.2\src\main\java\com\github\alexthe666\alexsmobs\item\ItemDimensionalCarver.java:147: error: cannot find symbol
        stack.getOrCreateTag().putDouble("BLOCKX", 0);
             ^
  symbol:   method getOrCreateTag()
  location: variable stack of type ItemStack
C:\Users\justi\Documents\GitHub\AlexsMobs-26.2\src\main\java\com\github\alexthe666\alexsmobs\item\ItemDimensionalCarver.java:148: error: cannot find symbol
        stack.getOrCreateTag().putDouble("BLOCKY", 0);
             ^
  symbol:   method getOrCreateTag()
  location: variable stack of type ItemStack
C:\Users\justi\Documents\GitHub\AlexsMobs-26.2\src\main\java\com\github\alexthe666\alexsmobs\item\ItemDimensionalCarver.java:149: error: cannot find symbol
        stack.getOrCreateTag().putDouble("BLOCKZ", 0);
             ^
  symbol:   method getOrCreateTag()
  location: variable stack of type ItemStack
C:\Users\justi\Documents\GitHub\AlexsMobs-26.2\src\main\java\com\github\alexthe666\alexsmobs\item\ItemDimensionalCarver.java:150: error: cannot find symbol
        stack.setTag(stack.getOrCreateTag());
                          ^
  symbol:   method getOrCreateTag()
  location: variable stack of type ItemStack
C:\Users\justi\Documents\GitHub\AlexsMobs-26.2\src\main\java\com\github\alexthe666\alexsmobs\item\ItemDimensionalCarver.java:164: error: cannot find symbol
            respawnDimension = serverPlayer.getRespawnDimension();
                                           ^
  symbol:   method getRespawnDimension()
  location: variable serverPlayer of type ServerPlayer
C:\Users\justi\Documents\GitHub\AlexsMobs-26.2\src\main\java\com\github\alexthe666\alexsmobs\item\ItemDimensionalCarver.java:165: error: cannot find symbol
            if (serverPlayer.getRespawnPosition() != null) {
                            ^
  symbol:   method getRespawnPosition()
  location: variable serverPlayer of type ServerPlayer
C:\Users\justi\Documents\GitHub\AlexsMobs-26.2\src\main\java\com\github\alexthe666\alexsmobs\item\ItemDimensionalCarver.java:166: error: cannot find symbol
                respawnPosition = serverPlayer.getRespawnPosition();
                                              ^
  symbol:   method getRespawnPosition()
  location: variable serverPlayer of type ServerPlayer
C:\Users\justi\Documents\GitHub\AlexsMobs-26.2\src\main\java\com\github\alexthe666\alexsmobs\entity\EntityVoidWormPart.java:48: error: cannot find symbol
    private static final EntityDataAccessor<Optional<UUID>> PARENT_UUID = SynchedEntityData.defineId(EntityVoidWormPart.class, EntityDataSerializers.OPTIONAL_UUID);
                                                                                                                                                    ^
  symbol:   variable OPTIONAL_UUID
  location: class EntityDataSerializers
C:\Users\justi\Documents\GitHub\AlexsMobs-26.2\src\main\java\com\github\alexthe666\alexsmobs\entity\EntityVoidWormPart.java:49: error: cannot find symbol
    private static final EntityDataAccessor<Optional<UUID>> CHILD_UUID = SynchedEntityData.defineId(EntityVoidWormPart.class, EntityDataSerializers.OPTIONAL_UUID);
                                                                                                                                                   ^
  symbol:   variable OPTIONAL_UUID
  location: class EntityDataSerializers
C:\Users\justi\Documents\GitHub\AlexsMobs-26.2\src\main\java\com\github\alexthe666\alexsmobs\entity\EntityVoidWormPart.java:87: error: getDimensions(Pose) in EntityVoidWormPart cannot override getDimensions(Pose) in LivingEntity
    public EntityDimensions getDimensions(Pose poseIn) {
                            ^
  overridden method is final
C:\Users\justi\Documents\GitHub\AlexsMobs-26.2\src\main\java\com\github\alexthe666\alexsmobs\entity\EntityVoidWormPart.java:99: error: getScale() in EntityVoidWormPart cannot override getScale() in LivingEntity
    public float getScale() {
                 ^
  overridden method is final
C:\Users\justi\Documents\GitHub\AlexsMobs-26.2\src\main\java\com\github\alexthe666\alexsmobs\entity\EntityVoidWormPart.java:103: error: startRiding(Entity) in EntityVoidWormPart cannot override startRiding(Entity) in Entity
    public boolean startRiding(Entity entityIn) {
                   ^
  overridden method is final
C:\Users\justi\Documents\GitHub\AlexsMobs-26.2\src\main\java\com\github\alexthe666\alexsmobs\entity\EntityVoidWormPart.java:110: error: method does not override or implement a method from a supertype
    @Override
    ^
C:\Users\justi\Documents\GitHub\AlexsMobs-26.2\src\main\java\com\github\alexthe666\alexsmobs\entity\EntityVoidWormPart.java:112: error: method isInvulnerableTo in class LivingEntity cannot be applied to given types;
        return source.is(DamageTypes.FALL) || source.is(DamageTypes.DROWN) || source.is(DamageTypes.FELL_OUT_OF_WORLD) || source.is(DamageTypes.IN_WALL)  || source.is(DamageTypes.LAVA) || source.is(DamageTypeTags.IS_FIRE) || super.isInvulnerableTo(source);
                                                                                                                                                                                                                                      ^
  required: ServerLevel,DamageSource
  found:    DamageSource
  reason: actual and formal argument lists differ in length
C:\Users\justi\Documents\GitHub\AlexsMobs-26.2\src\main\java\com\github\alexthe666\alexsmobs\entity\EntityVoidWormPart.java:202: error: cannot find symbol
        isInsidePortal = false;
        ^
  symbol:   variable isInsidePortal
  location: class EntityVoidWormPart
C:\Users\justi\Documents\GitHub\AlexsMobs-26.2\src\main\java\com\github\alexthe666\alexsmobs\entity\EntityVoidWormPart.java:307: error: no suitable method found for create(Level)
                EntityVoidWorm worm2 = AMEntityRegistry.VOID_WORM.get().create(level());
                                                                       ^
    method EntityType.create(ServerLevel,@org.jspecify.annotations.Nullable PostSpawnProcessor<EntityVoidWorm>,BlockPos,EntitySpawnReason,boolean,boolean) is not applicable
      (actual and formal argument lists differ in length)
    method EntityType.create(Level,EntitySpawnReason) is not applicable
      (actual and formal argument lists differ in length)
    method EntityType.create(Level,EntitySpawnRequest) is not applicable
      (actual and formal argument lists differ in length)
    method EntityType.create(ValueInput,Level,EntitySpawnRequest) is not applicable
      (actual and formal argument lists differ in length)
    method EntityType.create(EntityType<?>,ValueInput,Level,EntitySpawnReason) is not applicable
      (actual and formal argument lists differ in length)
C:\Users\justi\Documents\GitHub\AlexsMobs-26.2\src\main\java\com\github\alexthe666\alexsmobs\entity\EntityVoidWormPart.java:333: error: isAlliedTo(Entity) in EntityVoidWormPart cannot override isAlliedTo(@org.jspecify.annotations.Nullable Entity) in Entity
    public boolean isAlliedTo(Entity entityIn) {
                   ^
  overridden method is final
C:\Users\justi\Documents\GitHub\AlexsMobs-26.2\src\main\java\com\github\alexthe666\alexsmobs\entity\EntityVoidWormPart.java:390: error: method does not override or implement a method from a supertype
    @Override
    ^
C:\Users\justi\Documents\GitHub\AlexsMobs-26.2\src\main\java\com\github\alexthe666\alexsmobs\entity\EntityVoidWormPart.java:392: error: method getAddEntityPacket in class Entity cannot be applied to given types;
        return super.getAddEntityPacket();
                    ^
  required: ServerEntity
  found:    no arguments
  reason: actual and formal argument lists differ in length
C:\Users\justi\Documents\GitHub\AlexsMobs-26.2\src\main\java\com\github\alexthe666\alexsmobs\entity\EntityVoidWormPart.java:407: error: method interact in class Entity cannot be applied to given types;
        return parent != null ? parent.interact(player, hand) : InteractionResult.PASS;
                                      ^
  required: Player,InteractionHand,Vec3
  found:    Player,InteractionHand
  reason: actual and formal argument lists differ in length
C:\Users\justi\Documents\GitHub\AlexsMobs-26.2\src\main\java\com\github\alexthe666\alexsmobs\entity\EntityVoidWormPart.java:419: error: hurt(DamageSource,float) in EntityVoidWormPart cannot override hurt(DamageSource,float) in Entity
    public boolean hurt(DamageSource source, float damage) {
                   ^
  overridden method is final
C:\Users\justi\Documents\GitHub\AlexsMobs-26.2\src\main\java\com\github\alexthe666\alexsmobs\entity\EntityVoidWormPart.java:418: error: method does not override or implement a method from a supertype
    @Override
    ^
C:\Users\justi\Documents\GitHub\AlexsMobs-26.2\src\main\java\com\github\alexthe666\alexsmobs\entity\EntityVoidWormPart.java:420: error: incompatible types: void cannot be converted to boolean
        if (super.hurt(source, damage)) {
                      ^
C:\Users\justi\Documents\GitHub\AlexsMobs-26.2\src\main\java\com\github\alexthe666\alexsmobs\entity\EntityVoidWormPart.java:430: error: method does not override or implement a method from a supertype
    @Override
    ^
C:\Users\justi\Documents\GitHub\AlexsMobs-26.2\src\main\java\com\github\alexthe666\alexsmobs\entity\EntityVoidWormPart.java:477: error: cannot find symbol
        return isAddedToWorld() || this.isRemoved();
               ^
  symbol:   method isAddedToWorld()
  location: class EntityVoidWormPart
C:\Users\justi\Documents\GitHub\AlexsMobs-26.2\src\main\java\com\github\alexthe666\alexsmobs\entity\EntityVoidWormShot.java:37: error: EntityVoidWormShot is not abstract and does not override abstract method hurtServer(ServerLevel,DamageSource,float) in Entity
public class EntityVoidWormShot extends Entity {
       ^
C:\Users\justi\Documents\GitHub\AlexsMobs-26.2\src\main\java\com\github\alexthe666\alexsmobs\entity\EntityVoidWormShot.java:81: error: method does not override or implement a method from a supertype
    @Override
    ^
C:\Users\justi\Documents\GitHub\AlexsMobs-26.2\src\main\java\com\github\alexthe666\alexsmobs\entity\EntityVoidWormShot.java:83: error: method getAddEntityPacket in class Entity cannot be applied to given types;
        return super.getAddEntityPacket();
                    ^
  required: ServerEntity
  found:    no arguments
  reason: actual and formal argument lists differ in length
C:\Users\justi\Documents\GitHub\AlexsMobs-26.2\src\main\java\com\github\alexthe666\alexsmobs\entity\EntityVoidWormShot.java:105: error: method kill in class Entity cannot be applied to given types;
                    this.kill();
                        ^
  required: ServerLevel
  found:    no arguments
  reason: actual and formal argument lists differ in length
C:\Users\justi\Documents\GitHub\AlexsMobs-26.2\src\main\java\com\github\alexthe666\alexsmobs\entity\EntityVoidWormShot.java:143: error: cannot find symbol
                if(player.getUseItem().canPerformAction(ItemAbilities.SHIELD_BLOCK)){
                                                                     ^
  symbol:   variable SHIELD_BLOCK
  location: class ItemAbilities
C:\Users\justi\Documents\GitHub\AlexsMobs-26.2\src\main\java\com\github\alexthe666\alexsmobs\entity\EntityVoidWormShot.java:144: error: cannot find symbol
                    player.disableShield(true);
                          ^
  symbol:   method disableShield(boolean)
  location: variable player of type Player
C:\Users\justi\Documents\GitHub\AlexsMobs-26.2\src\main\java\com\github\alexthe666\alexsmobs\entity\EntityVoidWormShot.java:153: error: incompatible types: void cannot be converted to boolean
        return entity.hurt(source, dmg);
                          ^
C:\Users\justi\Documents\GitHub\AlexsMobs-26.2\src\main\java\com\github\alexthe666\alexsmobs\entity\EntityVoidWormShot.java:265: error: cannot find symbol
            this.moveTo(this.getX(), this.getY(), this.getZ(), this.getYRot(), this.getXRot());
                ^
  symbol: method moveTo(double,double,double,float,float)
C:\Users\justi\Documents\GitHub\AlexsMobs-26.2\src\main\java\com\github\alexthe666\alexsmobs\client\model\ModelWanderingVillagerRider.java:18: error: method does not override or implement a method from a supertype
    @Override
    ^
C:\Users\justi\Documents\GitHub\AlexsMobs-26.2\src\main\java\com\github\alexthe666\alexsmobs\client\model\ModelWanderingVillagerRider.java:20: error: method setupAnim in class VillagerModel cannot be applied to given types;
        super.setupAnim(entity, f, f1, f2, f3, f4);
             ^
  required: VillagerRenderState
  found:    Entity,float,float,float,float,float
  reason: actual and formal argument lists differ in length
C:\Users\justi\Documents\GitHub\AlexsMobs-26.2\src\main\java\com\github\alexthe666\alexsmobs\client\model\ModelWanderingVillagerRider.java:21: error: cannot find symbol
     if(riding){
        ^
  symbol:   variable riding
  location: class ModelWanderingVillagerRider
C:\Users\justi\Documents\GitHub\AlexsMobs-26.2\src\main\java\com\github\alexthe666\alexsmobs\entity\EntityWarpedMosco.java:202: error: cannot find symbol
        if (this.horizontalCollision && net.neoforged.neoforge.event.ForgeEventFactory.getMobGriefingEvent(this.level(), this)) {
                                                                    ^
  symbol:   class ForgeEventFactory
  location: package net.neoforged.neoforge.event
C:\Users\justi\Documents\GitHub\AlexsMobs-26.2\src\main\java\com\github\alexthe666\alexsmobs\entity\EntityWarpedMosco.java:219: error: no suitable method found for startRiding(EntityWarpedMosco,boolean)
                target.startRiding(this, true);
                      ^
    method Entity.startRiding(Entity) is not applicable
      (actual and formal argument lists differ in length)
    method Entity.startRiding(Entity,boolean,boolean) is not applicable
      (actual and formal argument lists differ in length)
C:\Users\justi\Documents\GitHub\AlexsMobs-26.2\src\main\java\com\github\alexthe666\alexsmobs\entity\EntityWarpedMosco.java:261: error: no suitable method found for addParticle(BlockParticleOption,boolean,double,double,double,double,double,double)
                        level().addParticle(new BlockParticleOption(ParticleTypes.BLOCK, state), true, this.getX() + extraX, ground.getY() + extraY, this.getZ() + extraZ, motionX, motionY, motionZ);
                               ^
    method Level.addParticle(ParticleOptions,double,double,double,double,double,double) is not applicable
      (actual and formal argument lists differ in length)
    method Level.addParticle(ParticleOptions,boolean,boolean,double,double,double,double,double,double) is not applicable
      (actual and formal argument lists differ in length)
C:\Users\justi\Documents\GitHub\AlexsMobs-26.2\src\main\java\com\github\alexthe666\alexsmobs\entity\EntityWarpedMosco.java:355: error: no suitable method found for knockback(float,double,double)
        target.knockback(power, this.getX() - target.getX(), this.getZ() - target.getZ());
              ^
    method LivingEntity.knockback(double,double,double,DamageSource,float,boolean) is not applicable
      (actual and formal argument lists differ in length)
    method LivingEntity.knockback(double,double,double,DamageSource,float) is not applicable
      (actual and formal argument lists differ in length)
C:\Users\justi\Documents\GitHub\AlexsMobs-26.2\src\main\java\com\github\alexthe666\alexsmobs\client\model\ModelWarpedToad.java:252: error: cannot find symbol
        if (this.young) {
                ^
  symbol: variable young
C:\Users\justi\Documents\GitHub\AlexsMobs-26.2\src\main\java\com\github\alexthe666\alexsmobs\client\model\ModelWarpedToad.java:257: error: no suitable method found for render(PoseStack,VertexConsumer,int,int,float,float,float,float)
                p_228292_8_.render(matrixStackIn, bufferIn, packedLightIn, packedOverlayIn, red, green, blue, alpha);
                           ^
    method BasicModelPart.render(PoseStack,VertexConsumer,int,int) is not applicable
      (actual and formal argument lists differ in length)
    method BasicModelPart.render(PoseStack,VertexConsumer,int,int,int) is not applicable
      (actual and formal argument lists differ in length)
C:\Users\justi\Documents\GitHub\AlexsMobs-26.2\src\main\java\com\github\alexthe666\alexsmobs\client\model\ModelWarpedToad.java:263: error: no suitable method found for render(PoseStack,VertexConsumer,int,int,float,float,float,float)
                p_228290_8_.render(matrixStackIn, bufferIn, packedLightIn, packedOverlayIn, red, green, blue, alpha);
                           ^
    method BasicModelPart.render(PoseStack,VertexConsumer,int,int) is not applicable
      (actual and formal argument lists differ in length)
    method BasicModelPart.render(PoseStack,VertexConsumer,int,int,int) is not applicable
      (actual and formal argument lists differ in length)
C:\Users\justi\Documents\GitHub\AlexsMobs-26.2\src\main\java\com\github\alexthe666\alexsmobs\entity\EntityWarpedToad.java:131: error: hurt(DamageSource,float) in EntityWarpedToad cannot override hurt(DamageSource,float) in Entity
    public boolean hurt(DamageSource source, float amount) {
                   ^
  overridden method is final
C:\Users\justi\Documents\GitHub\AlexsMobs-26.2\src\main\java\com\github\alexthe666\alexsmobs\entity\EntityWarpedToad.java:132: error: method isInvulnerableTo in class LivingEntity cannot be applied to given types;
        if (this.isInvulnerableTo(source)) {
                ^
  required: ServerLevel,DamageSource
  found:    DamageSource
  reason: actual and formal argument lists differ in length
C:\Users\justi\Documents\GitHub\AlexsMobs-26.2\src\main\java\com\github\alexthe666\alexsmobs\entity\EntityWarpedToad.java:140: error: incompatible types: void cannot be converted to boolean
            return super.hurt(source, amount);
                             ^
C:\Users\justi\Documents\GitHub\AlexsMobs-26.2\src\main\java\com\github\alexthe666\alexsmobs\entity\EntityWarpedToad.java:163: error: no suitable method found for of(TagKey<Item>)
        this.goalSelector.addGoal(4, new TemptGoal(this, 1.0D, Ingredient.of(AMTagRegistry.WARPED_TOAD_FOODSTUFFS), false));
                                                                         ^
    method Ingredient.of(ItemLike) is not applicable
      (argument mismatch; TagKey<Item> cannot be converted to ItemLike)
    method Ingredient.of(ItemLike...) is not applicable
      (varargs mismatch; TagKey<Item> cannot be converted to ItemLike)
    method Ingredient.of(Stream<? extends ItemLike>) is not applicable
      (argument mismatch; TagKey<Item> cannot be converted to Stream<? extends ItemLike>)
    method Ingredient.of(HolderSet<Item>) is not applicable
      (argument mismatch; TagKey<Item> cannot be converted to HolderSet<Item>)
C:\Users\justi\Documents\GitHub\AlexsMobs-26.2\src\main\java\com\github\alexthe666\alexsmobs\entity\EntityWarpedToad.java:212: error: method customServerAiStep in class Animal cannot be applied to given types;
        super.customServerAiStep();
             ^
  required: ServerLevel
  found:    no arguments
  reason: actual and formal argument lists differ in length
C:\Users\justi\Documents\GitHub\AlexsMobs-26.2\src\main\java\com\github\alexthe666\alexsmobs\entity\EntityWarpedToad.java:252: error: cannot find symbol
            player.displayClientMessage(Component.translatable("entity.alexsmobs.all.command_" + this.getCommand(), this.getName()), true);
                  ^
  symbol:   method displayClientMessage(MutableComponent,boolean)
  location: variable player of type Player
C:\Users\justi\Documents\GitHub\AlexsMobs-26.2\src\main\java\com\github\alexthe666\alexsmobs\entity\EntityWarpedToad.java:266: error: isAlliedTo(Entity) in EntityWarpedToad cannot override isAlliedTo(@org.jspecify.annotations.Nullable Entity) in Entity
    public boolean isAlliedTo(Entity entityIn) {
                   ^
  overridden method is final
C:\Users\justi\Documents\GitHub\AlexsMobs-26.2\src\main\java\com\github\alexthe666\alexsmobs\entity\EntityWarpedToad.java:488: error: no suitable method found for create(ServerLevel)
        return AMEntityRegistry.WARPED_TOAD.get().create(serverWorld);
                                                 ^
    method EntityType.create(ServerLevel,@org.jspecify.annotations.Nullable PostSpawnProcessor<EntityWarpedToad>,BlockPos,EntitySpawnReason,boolean,boolean) is not applicable
      (actual and formal argument lists differ in length)
    method EntityType.create(Level,EntitySpawnReason) is not applicable
      (actual and formal argument lists differ in length)
    method EntityType.create(Level,EntitySpawnRequest) is not applicable
      (actual and formal argument lists differ in length)
    method EntityType.create(ValueInput,Level,EntitySpawnRequest) is not applicable
      (actual and formal argument lists differ in length)
    method EntityType.create(EntityType<?>,ValueInput,Level,EntitySpawnReason) is not applicable
      (actual and formal argument lists differ in length)
C:\Users\justi\Documents\GitHub\AlexsMobs-26.2\src\main\java\com\github\alexthe666\alexsmobs\entity\EntityWarpedToad.java:679: error: cannot find symbol
                this.tameable.moveTo((double) p_226328_1_ + 0.5D, p_226328_2_, (double) p_226328_3_ + 0.5D, this.tameable.getYRot(), this.tameable.getXRot());
                             ^
  symbol:   method moveTo(double,int,double,float,float)
  location: variable tameable of type EntityWarpedToad
C:\Users\justi\Documents\GitHub\AlexsMobs-26.2\src\main\java\com\github\alexthe666\alexsmobs\entity\EntityWarpedToad.java:686: error: cannot find symbol
            PathType lvt_2_1_ = WalkNodeEvaluator.getPathTypetatic(this.world, p_226329_1_.mutable());
                                                 ^
  symbol:   method getPathTypetatic(LevelReader,MutableBlockPos)
  location: class WalkNodeEvaluator
C:\Users\justi\Documents\GitHub\AlexsMobs-26.2\src\main\java\com\github\alexthe666\alexsmobs\client\particle\ParticleBearFreddy.java:23: error: ParticleBearFreddy is not abstract and does not override abstract method getGroup() in Particle
public class ParticleBearFreddy extends Particle {
       ^
C:\Users\justi\Documents\GitHub\AlexsMobs-26.2\src\main\java\com\github\alexthe666\alexsmobs\client\particle\ParticleBearFreddy.java:34: error: cannot find symbol
        return ParticleRenderType.CUSTOM;
                                 ^
  symbol:   variable CUSTOM
  location: class ParticleRenderType
C:\Users\justi\Documents\GitHub\AlexsMobs-26.2\src\main\java\com\github\alexthe666\alexsmobs\client\particle\ParticleBearFreddy.java:38: error: cannot find symbol
        float fogBefore = RenderSystem.getShaderFogEnd();
                                      ^
  symbol:   method getShaderFogEnd()
  location: class RenderSystem
C:\Users\justi\Documents\GitHub\AlexsMobs-26.2\src\main\java\com\github\alexthe666\alexsmobs\client\particle\ParticleBearFreddy.java:39: error: cannot find symbol
        RenderSystem.setShaderFogEnd(40);
                    ^
  symbol:   method setShaderFogEnd(int)
  location: class RenderSystem
C:\Users\justi\Documents\GitHub\AlexsMobs-26.2\src\main\java\com\github\alexthe666\alexsmobs\client\particle\ParticleBearFreddy.java:50: error: cannot find symbol
        OrderedSubmitNodeCollector.BufferSource OrderedSubmitNodeCollector$buffersource = Minecraft.getInstance().renderBuffers().bufferSource();
                                  ^
  symbol:   class BufferSource
  location: interface OrderedSubmitNodeCollector
C:\Users\justi\Documents\GitHub\AlexsMobs-26.2\src\main\java\com\github\alexthe666\alexsmobs\client\particle\ParticleBearFreddy.java:50: error: cannot find symbol
        OrderedSubmitNodeCollector.BufferSource OrderedSubmitNodeCollector$buffersource = Minecraft.getInstance().renderBuffers().bufferSource();
                                                                                                                 ^
  symbol:   method renderBuffers()
  location: class Minecraft
C:\Users\justi\Documents\GitHub\AlexsMobs-26.2\src\main\java\com\github\alexthe666\alexsmobs\client\particle\ParticleBearFreddy.java:55: error: cannot find symbol
        boolean baby = this.model.young;
                                 ^
  symbol:   variable young
  location: variable model of type ModelGrizzlyBear
C:\Users\justi\Documents\GitHub\AlexsMobs-26.2\src\main\java\com\github\alexthe666\alexsmobs\client\particle\ParticleBearFreddy.java:56: error: cannot find symbol
        this.model.young = false;
                  ^
  symbol:   variable young
  location: variable model of type ModelGrizzlyBear
C:\Users\justi\Documents\GitHub\AlexsMobs-26.2\src\main\java\com\github\alexthe666\alexsmobs\client\particle\ParticleBearFreddy.java:59: error: cannot find symbol
        this.model.young = baby;
                  ^
  symbol:   variable young
  location: variable model of type ModelGrizzlyBear
C:\Users\justi\Documents\GitHub\AlexsMobs-26.2\src\main\java\com\github\alexthe666\alexsmobs\client\particle\ParticleBearFreddy.java:61: error: cannot find symbol
        RenderSystem.setShaderFogEnd(fogBefore);
                    ^
  symbol:   method setShaderFogEnd(float)
  location: class RenderSystem
C:\Users\justi\Documents\GitHub\AlexsMobs-26.2\src\main\java\com\github\alexthe666\alexsmobs\client\particle\ParticleBearFreddy.java:65: error: Factory is not abstract and does not override abstract method createParticle(SimpleParticleType,ClientLevel,double,double,double,double,double,double,RandomSource) in ParticleProvider
    public static class Factory implements ParticleProvider<SimpleParticleType> {
                  ^
C:\Users\justi\Documents\GitHub\AlexsMobs-26.2\src\main\java\com\github\alexthe666\alexsmobs\client\particle\ParticleBirdSong.java:7: error: ParticleBirdSong is not abstract and does not override abstract method getLayer() in SingleQuadParticle
public class ParticleBirdSong extends SingleQuadParticle {
       ^
C:\Users\justi\Documents\GitHub\AlexsMobs-26.2\src\main\java\com\github\alexthe666\alexsmobs\client\particle\ParticleBirdSong.java:10: error: no suitable constructor found for SingleQuadParticle(ClientLevel,double,double,double)
        super(world, x, y, z);
        ^
    constructor SingleQuadParticle.SingleQuadParticle(ClientLevel,double,double,double,TextureAtlasSprite) is not applicable
      (actual and formal argument lists differ in length)
    constructor SingleQuadParticle.SingleQuadParticle(ClientLevel,double,double,double,double,double,double,TextureAtlasSprite) is not applicable
      (actual and formal argument lists differ in length)
C:\Users\justi\Documents\GitHub\AlexsMobs-26.2\src\main\java\com\github\alexthe666\alexsmobs\client\particle\ParticleBirdSong.java:19: error: cannot find symbol
        this.pickSprite(sprites);
            ^
  symbol: method pickSprite(SpriteSet)
C:\Users\justi\Documents\GitHub\AlexsMobs-26.2\src\main\java\com\github\alexthe666\alexsmobs\client\particle\ParticleBirdSong.java:49: error: cannot find symbol
        int lvt_2_1_ = super.getLightColor(p_189214_1_);
                            ^
  symbol: method getLightColor(float)
C:\Users\justi\Documents\GitHub\AlexsMobs-26.2\src\main\java\com\github\alexthe666\alexsmobs\client\particle\ParticleBirdSong.java:54: error: method does not override or implement a method from a supertype
    @Override
    ^
C:\Users\justi\Documents\GitHub\AlexsMobs-26.2\src\main\java\com\github\alexthe666\alexsmobs\client\particle\ParticleBirdSong.java:56: error: cannot find symbol
        return ParticleRenderType.PARTICLE_SHEET_TRANSLUCENT;
                                 ^
  symbol:   variable PARTICLE_SHEET_TRANSLUCENT
  location: class ParticleRenderType
C:\Users\justi\Documents\GitHub\AlexsMobs-26.2\src\main\java\com\github\alexthe666\alexsmobs\client\particle\ParticleBirdSong.java:59: error: Factory is not abstract and does not override abstract method createParticle(SimpleParticleType,ClientLevel,double,double,double,double,double,double,RandomSource) in ParticleProvider
    public static class Factory implements ParticleProvider<SimpleParticleType> {
                  ^
C:\Users\justi\Documents\GitHub\AlexsMobs-26.2\src\main\java\com\github\alexthe666\alexsmobs\client\particle\ParticleBunfungusTransformation.java:11: error: ParticleBunfungusTransformation is not abstract and does not override abstract method getLayer() in SingleQuadParticle
public class ParticleBunfungusTransformation  extends SingleQuadParticle {
       ^
C:\Users\justi\Documents\GitHub\AlexsMobs-26.2\src\main\java\com\github\alexthe666\alexsmobs\client\particle\ParticleBunfungusTransformation.java:15: error: no suitable constructor found for SingleQuadParticle(ClientLevel,double,double,double,double,double,double)
        super(p_107483_, p_107484_, p_107485_, p_107486_, 0.0D, 0.0D, 0.0D);
        ^
    constructor SingleQuadParticle.SingleQuadParticle(ClientLevel,double,double,double,TextureAtlasSprite) is not applicable
      (actual and formal argument lists differ in length)
    constructor SingleQuadParticle.SingleQuadParticle(ClientLevel,double,double,double,double,double,double,TextureAtlasSprite) is not applicable
      (actual and formal argument lists differ in length)
C:\Users\justi\Documents\GitHub\AlexsMobs-26.2\src\main\java\com\github\alexthe666\alexsmobs\client\particle\ParticleBunfungusTransformation.java:33: error: cannot find symbol
        return ParticleRenderType.PARTICLE_SHEET_TRANSLUCENT;
                                 ^
  symbol:   variable PARTICLE_SHEET_TRANSLUCENT
  location: class ParticleRenderType
C:\Users\justi\Documents\GitHub\AlexsMobs-26.2\src\main\java\com\github\alexthe666\alexsmobs\client\particle\ParticleBunfungusTransformation.java:58: error: Factory is not abstract and does not override abstract method createParticle(SimpleParticleType,ClientLevel,double,double,double,double,double,double,RandomSource) in ParticleProvider
    public static class Factory implements ParticleProvider<SimpleParticleType> {
                  ^
C:\Users\justi\Documents\GitHub\AlexsMobs-26.2\src\main\java\com\github\alexthe666\alexsmobs\client\particle\ParticleDna.java:31: error: cannot find symbol
        int lvt_2_1_ = super.getLightColor(p_189214_1_);
                            ^
  symbol: method getLightColor(float)
C:\Users\justi\Documents\GitHub\AlexsMobs-26.2\src\main\java\com\github\alexthe666\alexsmobs\client\particle\ParticleDna.java:52: error: method does not override or implement a method from a supertype
    @Override
    ^
C:\Users\justi\Documents\GitHub\AlexsMobs-26.2\src\main\java\com\github\alexthe666\alexsmobs\client\particle\ParticleDna.java:54: error: cannot find symbol
        return ParticleRenderType.PARTICLE_SHEET_TRANSLUCENT;
                                 ^
  symbol:   variable PARTICLE_SHEET_TRANSLUCENT
  location: class ParticleRenderType
C:\Users\justi\Documents\GitHub\AlexsMobs-26.2\src\main\java\com\github\alexthe666\alexsmobs\client\particle\ParticleDna.java:58: error: Factory is not abstract and does not override abstract method createParticle(SimpleParticleType,ClientLevel,double,double,double,double,double,double,RandomSource) in ParticleProvider
    public static class Factory implements ParticleProvider<SimpleParticleType> {
                  ^
C:\Users\justi\Documents\GitHub\AlexsMobs-26.2\src\main\java\com\github\alexthe666\alexsmobs\client\particle\ParticleFungusBubble.java:48: error: method does not override or implement a method from a supertype
    @Override
    ^
C:\Users\justi\Documents\GitHub\AlexsMobs-26.2\src\main\java\com\github\alexthe666\alexsmobs\client\particle\ParticleFungusBubble.java:50: error: cannot find symbol
        return ParticleRenderType.PARTICLE_SHEET_OPAQUE;
                                 ^
  symbol:   variable PARTICLE_SHEET_OPAQUE
  location: class ParticleRenderType
C:\Users\justi\Documents\GitHub\AlexsMobs-26.2\src\main\java\com\github\alexthe666\alexsmobs\client\particle\ParticleFungusBubble.java:54: error: Factory is not abstract and does not override abstract method createParticle(SimpleParticleType,ClientLevel,double,double,double,double,double,double,RandomSource) in ParticleProvider
    public static class Factory implements ParticleProvider<SimpleParticleType> {
                  ^
C:\Users\justi\Documents\GitHub\AlexsMobs-26.2\src\main\java\com\github\alexthe666\alexsmobs\client\particle\ParticleGusterSandShot.java:9: error: ParticleGusterSandShot is not abstract and does not override abstract method getLayer() in SingleQuadParticle
public class ParticleGusterSandShot extends SingleQuadParticle {
       ^
C:\Users\justi\Documents\GitHub\AlexsMobs-26.2\src\main\java\com\github\alexthe666\alexsmobs\client\particle\ParticleGusterSandShot.java:12: error: no suitable constructor found for SingleQuadParticle(ClientLevel,double,double,double)
        super(world, x, y, z);
        ^
    constructor SingleQuadParticle.SingleQuadParticle(ClientLevel,double,double,double,TextureAtlasSprite) is not applicable
      (actual and formal argument lists differ in length)
    constructor SingleQuadParticle.SingleQuadParticle(ClientLevel,double,double,double,double,double,double,TextureAtlasSprite) is not applicable
      (actual and formal argument lists differ in length)
C:\Users\justi\Documents\GitHub\AlexsMobs-26.2\src\main\java\com\github\alexthe666\alexsmobs\client\particle\ParticleGusterSandShot.java:32: error: method does not override or implement a method from a supertype
    @Override
    ^
C:\Users\justi\Documents\GitHub\AlexsMobs-26.2\src\main\java\com\github\alexthe666\alexsmobs\client\particle\ParticleGusterSandShot.java:34: error: cannot find symbol
        return ParticleRenderType.PARTICLE_SHEET_OPAQUE;
                                 ^
  symbol:   variable PARTICLE_SHEET_OPAQUE
  location: class ParticleRenderType
C:\Users\justi\Documents\GitHub\AlexsMobs-26.2\src\main\java\com\github\alexthe666\alexsmobs\client\particle\ParticleGusterSandShot.java:38: error: Factory is not abstract and does not override abstract method createParticle(SimpleParticleType,ClientLevel,double,double,double,double,double,double,RandomSource) in ParticleProvider
    public static class Factory implements ParticleProvider<SimpleParticleType> {
                  ^
C:\Users\justi\Documents\GitHub\AlexsMobs-26.2\src\main\java\com\github\alexthe666\alexsmobs\client\particle\ParticleGusterSandShot.java:47: error: cannot find symbol
            p.pickSprite(spriteSet);
             ^
  symbol:   method pickSprite(SpriteSet)
  location: variable p of type ParticleGusterSandShot
C:\Users\justi\Documents\GitHub\AlexsMobs-26.2\src\main\java\com\github\alexthe666\alexsmobs\client\particle\ParticleGusterSandShot.java:53: error: FactoryRed is not abstract and does not override abstract method createParticle(SimpleParticleType,ClientLevel,double,double,double,double,double,double,RandomSource) in ParticleProvider
    public static class FactoryRed implements ParticleProvider<SimpleParticleType> {
                  ^
C:\Users\justi\Documents\GitHub\AlexsMobs-26.2\src\main\java\com\github\alexthe666\alexsmobs\client\particle\ParticleGusterSandShot.java:62: error: cannot find symbol
            p.pickSprite(spriteSet);
             ^
  symbol:   method pickSprite(SpriteSet)
  location: variable p of type ParticleGusterSandShot
C:\Users\justi\Documents\GitHub\AlexsMobs-26.2\src\main\java\com\github\alexthe666\alexsmobs\client\particle\ParticleGusterSandShot.java:68: error: FactorySoul is not abstract and does not override abstract method createParticle(SimpleParticleType,ClientLevel,double,double,double,double,double,double,RandomSource) in ParticleProvider
    public static class FactorySoul implements ParticleProvider<SimpleParticleType> {
                  ^
C:\Users\justi\Documents\GitHub\AlexsMobs-26.2\src\main\java\com\github\alexthe666\alexsmobs\client\particle\ParticleGusterSandShot.java:77: error: cannot find symbol
            p.pickSprite(spriteSet);
             ^
  symbol:   method pickSprite(SpriteSet)
  location: variable p of type ParticleGusterSandShot
C:\Users\justi\Documents\GitHub\AlexsMobs-26.2\src\main\java\com\github\alexthe666\alexsmobs\client\particle\ParticleGusterSandSpin.java:11: error: ParticleGusterSandSpin is not abstract and does not override abstract method getLayer() in SingleQuadParticle
public class ParticleGusterSandSpin extends SingleQuadParticle {
       ^
C:\Users\justi\Documents\GitHub\AlexsMobs-26.2\src\main\java\com\github\alexthe666\alexsmobs\client\particle\ParticleGusterSandSpin.java:23: error: no suitable constructor found for SingleQuadParticle(ClientLevel,double,double,double)
        super(world, x, y, z);
        ^
    constructor SingleQuadParticle.SingleQuadParticle(ClientLevel,double,double,double,TextureAtlasSprite) is not applicable
      (actual and formal argument lists differ in length)
    constructor SingleQuadParticle.SingleQuadParticle(ClientLevel,double,double,double,double,double,double,TextureAtlasSprite) is not applicable
      (actual and formal argument lists differ in length)
C:\Users\justi\Documents\GitHub\AlexsMobs-26.2\src\main\java\com\github\alexthe666\alexsmobs\client\particle\ParticleGusterSandSpin.java:70: error: method does not override or implement a method from a supertype
    @Override
    ^
C:\Users\justi\Documents\GitHub\AlexsMobs-26.2\src\main\java\com\github\alexthe666\alexsmobs\client\particle\ParticleGusterSandSpin.java:72: error: cannot find symbol
        return ParticleRenderType.PARTICLE_SHEET_OPAQUE;
                                 ^
  symbol:   variable PARTICLE_SHEET_OPAQUE
  location: class ParticleRenderType
C:\Users\justi\Documents\GitHub\AlexsMobs-26.2\src\main\java\com\github\alexthe666\alexsmobs\client\particle\ParticleGusterSandSpin.java:76: error: Factory is not abstract and does not override abstract method createParticle(SimpleParticleType,ClientLevel,double,double,double,double,double,double,RandomSource) in ParticleProvider
    public static class Factory implements ParticleProvider<SimpleParticleType> {
                  ^
C:\Users\justi\Documents\GitHub\AlexsMobs-26.2\src\main\java\com\github\alexthe666\alexsmobs\client\particle\ParticleGusterSandSpin.java:85: error: cannot find symbol
            p.pickSprite(spriteSet);
             ^
  symbol:   method pickSprite(SpriteSet)
  location: variable p of type ParticleGusterSandSpin
C:\Users\justi\Documents\GitHub\AlexsMobs-26.2\src\main\java\com\github\alexthe666\alexsmobs\client\particle\ParticleGusterSandSpin.java:91: error: FactoryRed is not abstract and does not override abstract method createParticle(SimpleParticleType,ClientLevel,double,double,double,double,double,double,RandomSource) in ParticleProvider
    public static class FactoryRed implements ParticleProvider<SimpleParticleType> {
                  ^
C:\Users\justi\Documents\GitHub\AlexsMobs-26.2\src\main\java\com\github\alexthe666\alexsmobs\client\particle\ParticleGusterSandSpin.java:100: error: cannot find symbol
            p.pickSprite(spriteSet);
             ^
  symbol:   method pickSprite(SpriteSet)
  location: variable p of type ParticleGusterSandSpin
C:\Users\justi\Documents\GitHub\AlexsMobs-26.2\src\main\java\com\github\alexthe666\alexsmobs\client\particle\ParticleGusterSandSpin.java:106: error: FactorySoul is not abstract and does not override abstract method createParticle(SimpleParticleType,ClientLevel,double,double,double,double,double,double,RandomSource) in ParticleProvider
    public static class FactorySoul implements ParticleProvider<SimpleParticleType> {
                  ^
C:\Users\justi\Documents\GitHub\AlexsMobs-26.2\src\main\java\com\github\alexthe666\alexsmobs\client\particle\ParticleGusterSandSpin.java:115: error: cannot find symbol
            p.pickSprite(spriteSet);
             ^
  symbol:   method pickSprite(SpriteSet)
  location: variable p of type ParticleGusterSandSpin
C:\Users\justi\Documents\GitHub\AlexsMobs-26.2\src\main\java\com\github\alexthe666\alexsmobs\client\particle\ParticleHemolymph.java:9: error: ParticleHemolymph is not abstract and does not override abstract method getLayer() in SingleQuadParticle
public class ParticleHemolymph extends SingleQuadParticle {
       ^
C:\Users\justi\Documents\GitHub\AlexsMobs-26.2\src\main\java\com\github\alexthe666\alexsmobs\client\particle\ParticleHemolymph.java:14: error: no suitable constructor found for SingleQuadParticle(ClientLevel,double,double,double)
        super(world, x, y, z);
        ^
    constructor SingleQuadParticle.SingleQuadParticle(ClientLevel,double,double,double,TextureAtlasSprite) is not applicable
      (actual and formal argument lists differ in length)
    constructor SingleQuadParticle.SingleQuadParticle(ClientLevel,double,double,double,double,double,double,TextureAtlasSprite) is not applicable
      (actual and formal argument lists differ in length)
C:\Users\justi\Documents\GitHub\AlexsMobs-26.2\src\main\java\com\github\alexthe666\alexsmobs\client\particle\ParticleHemolymph.java:34: error: method does not override or implement a method from a supertype
    @Override
    ^
C:\Users\justi\Documents\GitHub\AlexsMobs-26.2\src\main\java\com\github\alexthe666\alexsmobs\client\particle\ParticleHemolymph.java:36: error: cannot find symbol
        return ParticleRenderType.PARTICLE_SHEET_OPAQUE;
                                 ^
  symbol:   variable PARTICLE_SHEET_OPAQUE
  location: class ParticleRenderType
C:\Users\justi\Documents\GitHub\AlexsMobs-26.2\src\main\java\com\github\alexthe666\alexsmobs\client\particle\ParticleHemolymph.java:40: error: Factory is not abstract and does not override abstract method createParticle(SimpleParticleType,ClientLevel,double,double,double,double,double,double,RandomSource) in ParticleProvider
    public static class Factory implements ParticleProvider<SimpleParticleType> {
                  ^
C:\Users\justi\Documents\GitHub\AlexsMobs-26.2\src\main\java\com\github\alexthe666\alexsmobs\client\particle\ParticleHemolymph.java:49: error: cannot find symbol
            p.pickSprite(spriteSet);
             ^
  symbol:   method pickSprite(SpriteSet)
  location: variable p of type ParticleHemolymph
C:\Users\justi\Documents\GitHub\AlexsMobs-26.2\src\main\java\com\github\alexthe666\alexsmobs\client\particle\ParticleInvertDig.java:61: error: Factory is not abstract and does not override abstract method createParticle(SimpleParticleType,ClientLevel,double,double,double,double,double,double,RandomSource) in ParticleProvider
    public static class Factory implements ParticleProvider<SimpleParticleType> {
                  ^
C:\Users\justi\Documents\GitHub\AlexsMobs-26.2\src\main\java\com\github\alexthe666\alexsmobs\client\particle\ParticlePlatypus.java:24: error: cannot find symbol
        int lvt_2_1_ = super.getLightColor(p_189214_1_);
                            ^
  symbol: method getLightColor(float)
C:\Users\justi\Documents\GitHub\AlexsMobs-26.2\src\main\java\com\github\alexthe666\alexsmobs\client\particle\ParticlePlatypus.java:42: error: method does not override or implement a method from a supertype
    @Override
    ^
C:\Users\justi\Documents\GitHub\AlexsMobs-26.2\src\main\java\com\github\alexthe666\alexsmobs\client\particle\ParticlePlatypus.java:44: error: cannot find symbol
        return ParticleRenderType.PARTICLE_SHEET_OPAQUE;
                                 ^
  symbol:   variable PARTICLE_SHEET_OPAQUE
  location: class ParticleRenderType
C:\Users\justi\Documents\GitHub\AlexsMobs-26.2\src\main\java\com\github\alexthe666\alexsmobs\client\particle\ParticlePlatypus.java:48: error: Factory is not abstract and does not override abstract method createParticle(SimpleParticleType,ClientLevel,double,double,double,double,double,double,RandomSource) in ParticleProvider
    public static class Factory implements ParticleProvider<SimpleParticleType> {
                  ^
C:\Users\justi\Documents\GitHub\AlexsMobs-26.2\src\main\java\com\github\alexthe666\alexsmobs\client\particle\ParticleSimpleHeart.java:10: error: ParticleSimpleHeart is not abstract and does not override abstract method getLayer() in SingleQuadParticle
public class ParticleSimpleHeart extends SingleQuadParticle {
       ^
C:\Users\justi\Documents\GitHub\AlexsMobs-26.2\src\main\java\com\github\alexthe666\alexsmobs\client\particle\ParticleSimpleHeart.java:13: error: no suitable constructor found for SingleQuadParticle(ClientLevel,double,double,double)
        super(world, x, y, z);
        ^
    constructor SingleQuadParticle.SingleQuadParticle(ClientLevel,double,double,double,TextureAtlasSprite) is not applicable
      (actual and formal argument lists differ in length)
    constructor SingleQuadParticle.SingleQuadParticle(ClientLevel,double,double,double,double,double,double,TextureAtlasSprite) is not applicable
      (actual and formal argument lists differ in length)
C:\Users\justi\Documents\GitHub\AlexsMobs-26.2\src\main\java\com\github\alexthe666\alexsmobs\client\particle\ParticleSimpleHeart.java:51: error: method does not override or implement a method from a supertype
    @Override
    ^
C:\Users\justi\Documents\GitHub\AlexsMobs-26.2\src\main\java\com\github\alexthe666\alexsmobs\client\particle\ParticleSimpleHeart.java:53: error: cannot find symbol
        return ParticleRenderType.PARTICLE_SHEET_OPAQUE;
                                 ^
  symbol:   variable PARTICLE_SHEET_OPAQUE
  location: class ParticleRenderType
C:\Users\justi\Documents\GitHub\AlexsMobs-26.2\src\main\java\com\github\alexthe666\alexsmobs\client\particle\ParticleSimpleHeart.java:57: error: Factory is not abstract and does not override abstract method createParticle(SimpleParticleType,ClientLevel,double,double,double,double,double,double,RandomSource) in ParticleProvider
    public static class Factory implements ParticleProvider<SimpleParticleType> {
                  ^
C:\Users\justi\Documents\GitHub\AlexsMobs-26.2\src\main\java\com\github\alexthe666\alexsmobs\client\particle\ParticleSimpleHeart.java:66: error: cannot find symbol
            heartparticle.pickSprite(this.spriteSet);
                         ^
  symbol:   method pickSprite(SpriteSet)
  location: variable heartparticle of type ParticleSimpleHeart
C:\Users\justi\Documents\GitHub\AlexsMobs-26.2\src\main\java\com\github\alexthe666\alexsmobs\client\particle\ParticleSkulkBoom.java:26: error: ParticleSkulkBoom is not abstract and does not override abstract method getGroup() in Particle
public class ParticleSkulkBoom extends Particle {
       ^
C:\Users\justi\Documents\GitHub\AlexsMobs-26.2\src\main\java\com\github\alexthe666\alexsmobs\client\particle\ParticleSkulkBoom.java:37: error: cannot find symbol
        this.alpha = 1F;
            ^
  symbol: variable alpha
C:\Users\justi\Documents\GitHub\AlexsMobs-26.2\src\main\java\com\github\alexthe666\alexsmobs\client\particle\ParticleSkulkBoom.java:50: error: cannot find symbol
        this.prevAlpha = alpha;
                         ^
  symbol:   variable alpha
  location: class ParticleSkulkBoom
C:\Users\justi\Documents\GitHub\AlexsMobs-26.2\src\main\java\com\github\alexthe666\alexsmobs\client\particle\ParticleSkulkBoom.java:55: error: cannot find symbol
        if(this.alpha > 0.0F){
               ^
  symbol: variable alpha
C:\Users\justi\Documents\GitHub\AlexsMobs-26.2\src\main\java\com\github\alexthe666\alexsmobs\client\particle\ParticleSkulkBoom.java:56: error: cannot find symbol
            this.alpha = Math.max(this.alpha - alphaDecrease, 0.0F);
                ^
  symbol: variable alpha
C:\Users\justi\Documents\GitHub\AlexsMobs-26.2\src\main\java\com\github\alexthe666\alexsmobs\client\particle\ParticleSkulkBoom.java:56: error: cannot find symbol
            this.alpha = Math.max(this.alpha - alphaDecrease, 0.0F);
                                      ^
  symbol: variable alpha
C:\Users\justi\Documents\GitHub\AlexsMobs-26.2\src\main\java\com\github\alexthe666\alexsmobs\client\particle\ParticleSkulkBoom.java:61: error: cannot find symbol
        Vec3 vec3 = camera.getPosition();
                          ^
  symbol:   method getPosition()
  location: variable camera of type Camera
C:\Users\justi\Documents\GitHub\AlexsMobs-26.2\src\main\java\com\github\alexthe666\alexsmobs\client\particle\ParticleSkulkBoom.java:66: error: cannot find symbol
        OrderedSubmitNodeCollector.BufferSource OrderedSubmitNodeCollector$buffersource = Minecraft.getInstance().renderBuffers().bufferSource();
                                  ^
  symbol:   class BufferSource
  location: interface OrderedSubmitNodeCollector
C:\Users\justi\Documents\GitHub\AlexsMobs-26.2\src\main\java\com\github\alexthe666\alexsmobs\client\particle\ParticleSkulkBoom.java:66: error: cannot find symbol
        OrderedSubmitNodeCollector.BufferSource OrderedSubmitNodeCollector$buffersource = Minecraft.getInstance().renderBuffers().bufferSource();
                                                                                                                 ^
  symbol:   method renderBuffers()
  location: class Minecraft
C:\Users\justi\Documents\GitHub\AlexsMobs-26.2\src\main\java\com\github\alexthe666\alexsmobs\client\particle\ParticleSkulkBoom.java:73: error: cannot find symbol
        float alphaLerp = prevAlpha + partialTick * (alpha - prevAlpha);
                                                     ^
  symbol:   variable alpha
  location: class ParticleSkulkBoom
C:\Users\justi\Documents\GitHub\AlexsMobs-26.2\src\main\java\com\github\alexthe666\alexsmobs\client\particle\ParticleSkulkBoom.java:89: error: cannot find symbol
        portalStatic.vertex((double)avector3f[0].x(), (double)avector3f[0].y(), (double)avector3f[0].z()).color(this.rCol, this.gCol, this.bCol, alphaLerp).uv(f8, f6).overlayCoords(OverlayTexture.NO_OVERLAY).uv2(j).normal(matrix3f, 0.0F, -1.0F, 0.0F).endVertex();
                                                                                                                    ^
  symbol: variable rCol
C:\Users\justi\Documents\GitHub\AlexsMobs-26.2\src\main\java\com\github\alexthe666\alexsmobs\client\particle\ParticleSkulkBoom.java:89: error: cannot find symbol
        portalStatic.vertex((double)avector3f[0].x(), (double)avector3f[0].y(), (double)avector3f[0].z()).color(this.rCol, this.gCol, this.bCol, alphaLerp).uv(f8, f6).overlayCoords(OverlayTexture.NO_OVERLAY).uv2(j).normal(matrix3f, 0.0F, -1.0F, 0.0F).endVertex();
                                                                                                                               ^
  symbol: variable gCol
C:\Users\justi\Documents\GitHub\AlexsMobs-26.2\src\main\java\com\github\alexthe666\alexsmobs\client\particle\ParticleSkulkBoom.java:89: error: cannot find symbol
        portalStatic.vertex((double)avector3f[0].x(), (double)avector3f[0].y(), (double)avector3f[0].z()).color(this.rCol, this.gCol, this.bCol, alphaLerp).uv(f8, f6).overlayCoords(OverlayTexture.NO_OVERLAY).uv2(j).normal(matrix3f, 0.0F, -1.0F, 0.0F).endVertex();
                                                                                                                                          ^
  symbol: variable bCol
C:\Users\justi\Documents\GitHub\AlexsMobs-26.2\src\main\java\com\github\alexthe666\alexsmobs\client\particle\ParticleSkulkBoom.java:89: error: cannot find symbol
        portalStatic.vertex((double)avector3f[0].x(), (double)avector3f[0].y(), (double)avector3f[0].z()).color(this.rCol, this.gCol, this.bCol, alphaLerp).uv(f8, f6).overlayCoords(OverlayTexture.NO_OVERLAY).uv2(j).normal(matrix3f, 0.0F, -1.0F, 0.0F).endVertex();
                    ^
  symbol:   method vertex(double,double,double)
  location: variable portalStatic of type VertexConsumer
C:\Users\justi\Documents\GitHub\AlexsMobs-26.2\src\main\java\com\github\alexthe666\alexsmobs\client\particle\ParticleSkulkBoom.java:90: error: cannot find symbol
        portalStatic.vertex((double)avector3f[1].x(), (double)avector3f[1].y(), (double)avector3f[1].z()).color(this.rCol, this.gCol, this.bCol, alphaLerp).uv(f8, f5).overlayCoords(OverlayTexture.NO_OVERLAY).uv2(j).normal(matrix3f, 0.0F, -1.0F, 0.0F).endVertex();
                                                                                                                    ^
  symbol: variable rCol
C:\Users\justi\Documents\GitHub\AlexsMobs-26.2\src\main\java\com\github\alexthe666\alexsmobs\client\particle\ParticleSkulkBoom.java:90: error: cannot find symbol
        portalStatic.vertex((double)avector3f[1].x(), (double)avector3f[1].y(), (double)avector3f[1].z()).color(this.rCol, this.gCol, this.bCol, alphaLerp).uv(f8, f5).overlayCoords(OverlayTexture.NO_OVERLAY).uv2(j).normal(matrix3f, 0.0F, -1.0F, 0.0F).endVertex();
                                                                                                                               ^
  symbol: variable gCol
C:\Users\justi\Documents\GitHub\AlexsMobs-26.2\src\main\java\com\github\alexthe666\alexsmobs\client\particle\ParticleSkulkBoom.java:90: error: cannot find symbol
        portalStatic.vertex((double)avector3f[1].x(), (double)avector3f[1].y(), (double)avector3f[1].z()).color(this.rCol, this.gCol, this.bCol, alphaLerp).uv(f8, f5).overlayCoords(OverlayTexture.NO_OVERLAY).uv2(j).normal(matrix3f, 0.0F, -1.0F, 0.0F).endVertex();
                                                                                                                                          ^
  symbol: variable bCol
C:\Users\justi\Documents\GitHub\AlexsMobs-26.2\src\main\java\com\github\alexthe666\alexsmobs\client\particle\ParticleSkulkBoom.java:90: error: cannot find symbol
        portalStatic.vertex((double)avector3f[1].x(), (double)avector3f[1].y(), (double)avector3f[1].z()).color(this.rCol, this.gCol, this.bCol, alphaLerp).uv(f8, f5).overlayCoords(OverlayTexture.NO_OVERLAY).uv2(j).normal(matrix3f, 0.0F, -1.0F, 0.0F).endVertex();
                    ^
  symbol:   method vertex(double,double,double)
  location: variable portalStatic of type VertexConsumer
C:\Users\justi\Documents\GitHub\AlexsMobs-26.2\src\main\java\com\github\alexthe666\alexsmobs\client\particle\ParticleSkulkBoom.java:91: error: cannot find symbol
        portalStatic.vertex((double)avector3f[2].x(), (double)avector3f[2].y(), (double)avector3f[2].z()).color(this.rCol, this.gCol, this.bCol, alphaLerp).uv(f7, f5).overlayCoords(OverlayTexture.NO_OVERLAY).uv2(j).normal(matrix3f, 0.0F, -1.0F, 0.0F).endVertex();
                                                                                                                    ^
  symbol: variable rCol
C:\Users\justi\Documents\GitHub\AlexsMobs-26.2\src\main\java\com\github\alexthe666\alexsmobs\client\particle\ParticleSkulkBoom.java:91: error: cannot find symbol
        portalStatic.vertex((double)avector3f[2].x(), (double)avector3f[2].y(), (double)avector3f[2].z()).color(this.rCol, this.gCol, this.bCol, alphaLerp).uv(f7, f5).overlayCoords(OverlayTexture.NO_OVERLAY).uv2(j).normal(matrix3f, 0.0F, -1.0F, 0.0F).endVertex();
                                                                                                                               ^
  symbol: variable gCol
C:\Users\justi\Documents\GitHub\AlexsMobs-26.2\src\main\java\com\github\alexthe666\alexsmobs\client\particle\ParticleSkulkBoom.java:91: error: cannot find symbol
        portalStatic.vertex((double)avector3f[2].x(), (double)avector3f[2].y(), (double)avector3f[2].z()).color(this.rCol, this.gCol, this.bCol, alphaLerp).uv(f7, f5).overlayCoords(OverlayTexture.NO_OVERLAY).uv2(j).normal(matrix3f, 0.0F, -1.0F, 0.0F).endVertex();
                                                                                                                                          ^
  symbol: variable bCol
C:\Users\justi\Documents\GitHub\AlexsMobs-26.2\src\main\java\com\github\alexthe666\alexsmobs\client\particle\ParticleSkulkBoom.java:91: error: cannot find symbol
        portalStatic.vertex((double)avector3f[2].x(), (double)avector3f[2].y(), (double)avector3f[2].z()).color(this.rCol, this.gCol, this.bCol, alphaLerp).uv(f7, f5).overlayCoords(OverlayTexture.NO_OVERLAY).uv2(j).normal(matrix3f, 0.0F, -1.0F, 0.0F).endVertex();
                    ^
  symbol:   method vertex(double,double,double)
  location: variable portalStatic of type VertexConsumer
C:\Users\justi\Documents\GitHub\AlexsMobs-26.2\src\main\java\com\github\alexthe666\alexsmobs\client\particle\ParticleSkulkBoom.java:92: error: cannot find symbol
        portalStatic.vertex((double)avector3f[3].x(), (double)avector3f[3].y(), (double)avector3f[3].z()).color(this.rCol, this.gCol, this.bCol, alphaLerp).uv(f7, f6).overlayCoords(OverlayTexture.NO_OVERLAY).uv2(j).normal(matrix3f, 0.0F, -1.0F, 0.0F).endVertex();
                                                                                                                    ^
  symbol: variable rCol
C:\Users\justi\Documents\GitHub\AlexsMobs-26.2\src\main\java\com\github\alexthe666\alexsmobs\client\particle\ParticleSkulkBoom.java:92: error: cannot find symbol
        portalStatic.vertex((double)avector3f[3].x(), (double)avector3f[3].y(), (double)avector3f[3].z()).color(this.rCol, this.gCol, this.bCol, alphaLerp).uv(f7, f6).overlayCoords(OverlayTexture.NO_OVERLAY).uv2(j).normal(matrix3f, 0.0F, -1.0F, 0.0F).endVertex();
                                                                                                                               ^
  symbol: variable gCol
C:\Users\justi\Documents\GitHub\AlexsMobs-26.2\src\main\java\com\github\alexthe666\alexsmobs\client\particle\ParticleSkulkBoom.java:92: error: cannot find symbol
        portalStatic.vertex((double)avector3f[3].x(), (double)avector3f[3].y(), (double)avector3f[3].z()).color(this.rCol, this.gCol, this.bCol, alphaLerp).uv(f7, f6).overlayCoords(OverlayTexture.NO_OVERLAY).uv2(j).normal(matrix3f, 0.0F, -1.0F, 0.0F).endVertex();
                                                                                                                                          ^
  symbol: variable bCol
C:\Users\justi\Documents\GitHub\AlexsMobs-26.2\src\main\java\com\github\alexthe666\alexsmobs\client\particle\ParticleSkulkBoom.java:92: error: cannot find symbol
        portalStatic.vertex((double)avector3f[3].x(), (double)avector3f[3].y(), (double)avector3f[3].z()).color(this.rCol, this.gCol, this.bCol, alphaLerp).uv(f7, f6).overlayCoords(OverlayTexture.NO_OVERLAY).uv2(j).normal(matrix3f, 0.0F, -1.0F, 0.0F).endVertex();
                    ^
  symbol:   method vertex(double,double,double)
  location: variable portalStatic of type VertexConsumer
C:\Users\justi\Documents\GitHub\AlexsMobs-26.2\src\main\java\com\github\alexthe666\alexsmobs\client\particle\ParticleSkulkBoom.java:96: error: method does not override or implement a method from a supertype
    @Override
    ^
C:\Users\justi\Documents\GitHub\AlexsMobs-26.2\src\main\java\com\github\alexthe666\alexsmobs\client\particle\ParticleSkulkBoom.java:98: error: cannot find symbol
        return ParticleRenderType.CUSTOM;
                                 ^
  symbol:   variable CUSTOM
  location: class ParticleRenderType
C:\Users\justi\Documents\GitHub\AlexsMobs-26.2\src\main\java\com\github\alexthe666\alexsmobs\client\particle\ParticleSkulkBoom.java:102: error: Factory is not abstract and does not override abstract method createParticle(SimpleParticleType,ClientLevel,double,double,double,double,double,double,RandomSource) in ParticleProvider
    public static class Factory implements ParticleProvider<SimpleParticleType> {
                  ^
C:\Users\justi\Documents\GitHub\AlexsMobs-26.2\src\main\java\com\github\alexthe666\alexsmobs\client\particle\ParticleSmelly.java:31: error: method does not override or implement a method from a supertype
    @Override
    ^
C:\Users\justi\Documents\GitHub\AlexsMobs-26.2\src\main\java\com\github\alexthe666\alexsmobs\client\particle\ParticleSmelly.java:33: error: cannot find symbol
        return ParticleRenderType.PARTICLE_SHEET_TRANSLUCENT;
                                 ^
  symbol:   variable PARTICLE_SHEET_TRANSLUCENT
  location: class ParticleRenderType
C:\Users\justi\Documents\GitHub\AlexsMobs-26.2\src\main\java\com\github\alexthe666\alexsmobs\client\particle\ParticleSmelly.java:37: error: Factory is not abstract and does not override abstract method createParticle(SimpleParticleType,ClientLevel,double,double,double,double,double,double,RandomSource) in ParticleProvider
    public static class Factory implements ParticleProvider<SimpleParticleType> {
                  ^
C:\Users\justi\Documents\GitHub\AlexsMobs-26.2\src\main\java\com\github\alexthe666\alexsmobs\client\particle\ParticleStaticSpark.java:26: error: ParticleStaticSpark is not abstract and does not override abstract method getGroup() in Particle
public class ParticleStaticSpark extends Particle {
       ^
C:\Users\justi\Documents\GitHub\AlexsMobs-26.2\src\main\java\com\github\alexthe666\alexsmobs\client\particle\ParticleStaticSpark.java:69: error: cannot find symbol
        Vec3 vec3 = camera.getPosition();
                          ^
  symbol:   method getPosition()
  location: variable camera of type Camera
C:\Users\justi\Documents\GitHub\AlexsMobs-26.2\src\main\java\com\github\alexthe666\alexsmobs\client\particle\ParticleStaticSpark.java:74: error: cannot find symbol
        if (this.roll == 0.0F) {
                ^
  symbol: variable roll
C:\Users\justi\Documents\GitHub\AlexsMobs-26.2\src\main\java\com\github\alexthe666\alexsmobs\client\particle\ParticleStaticSpark.java:78: error: cannot find symbol
            float f3 = Mth.lerp(partialTick, this.oRoll, this.roll);
                                                 ^
  symbol: variable oRoll
C:\Users\justi\Documents\GitHub\AlexsMobs-26.2\src\main\java\com\github\alexthe666\alexsmobs\client\particle\ParticleStaticSpark.java:78: error: cannot find symbol
            float f3 = Mth.lerp(partialTick, this.oRoll, this.roll);
                                                             ^
  symbol: variable roll
C:\Users\justi\Documents\GitHub\AlexsMobs-26.2\src\main\java\com\github\alexthe666\alexsmobs\client\particle\ParticleStaticSpark.java:81: error: cannot find symbol
        OrderedSubmitNodeCollector.BufferSource OrderedSubmitNodeCollector$buffersource = Minecraft.getInstance().renderBuffers().bufferSource();
                                  ^
  symbol:   class BufferSource
  location: interface OrderedSubmitNodeCollector
C:\Users\justi\Documents\GitHub\AlexsMobs-26.2\src\main\java\com\github\alexthe666\alexsmobs\client\particle\ParticleStaticSpark.java:81: error: cannot find symbol
        OrderedSubmitNodeCollector.BufferSource OrderedSubmitNodeCollector$buffersource = Minecraft.getInstance().renderBuffers().bufferSource();
                                                                                                                 ^
  symbol:   method renderBuffers()
  location: class Minecraft
C:\Users\justi\Documents\GitHub\AlexsMobs-26.2\src\main\java\com\github\alexthe666\alexsmobs\client\particle\ParticleStaticSpark.java:82: error: cannot find symbol
        VertexConsumer portalStatic = AMRenderTypes.createMergedVertexConsumer(OrderedSubmitNodeCollector$buffersource.getBuffer(AMRenderTypes.STATIC_PARTICLE), OrderedSubmitNodeCollector$buffersource.getBuffer(RenderType.entityTranslucent(TEXTURES[textureIndex])));
                                                                                                                                              ^
  symbol:   variable STATIC_PARTICLE
  location: class AMRenderTypes
C:\Users\justi\Documents\GitHub\AlexsMobs-26.2\src\main\java\com\github\alexthe666\alexsmobs\client\particle\ParticleStaticSpark.java:82: error: cannot find symbol
        VertexConsumer portalStatic = AMRenderTypes.createMergedVertexConsumer(OrderedSubmitNodeCollector$buffersource.getBuffer(AMRenderTypes.STATIC_PARTICLE), OrderedSubmitNodeCollector$buffersource.getBuffer(RenderType.entityTranslucent(TEXTURES[textureIndex])));
                                                                                                                                                                                                                             ^
  symbol:   method entityTranslucent(Identifier)
  location: class RenderType
C:\Users\justi\Documents\GitHub\AlexsMobs-26.2\src\main\java\com\github\alexthe666\alexsmobs\client\particle\ParticleStaticSpark.java:104: error: cannot find symbol
        portalStatic.vertex((double)avector3f[0].x(), (double)avector3f[0].y(), (double)avector3f[0].z()).color(this.rCol, this.gCol, this.bCol, this.alpha).uv(f8, f6).overlayCoords(OverlayTexture.NO_OVERLAY).uv2(j).normal(matrix3f, 0.0F, -1.0F, 0.0F).endVertex();
                                                                                                                    ^
  symbol: variable rCol
C:\Users\justi\Documents\GitHub\AlexsMobs-26.2\src\main\java\com\github\alexthe666\alexsmobs\client\particle\ParticleStaticSpark.java:104: error: cannot find symbol
        portalStatic.vertex((double)avector3f[0].x(), (double)avector3f[0].y(), (double)avector3f[0].z()).color(this.rCol, this.gCol, this.bCol, this.alpha).uv(f8, f6).overlayCoords(OverlayTexture.NO_OVERLAY).uv2(j).normal(matrix3f, 0.0F, -1.0F, 0.0F).endVertex();
                                                                                                                               ^
  symbol: variable gCol
C:\Users\justi\Documents\GitHub\AlexsMobs-26.2\src\main\java\com\github\alexthe666\alexsmobs\client\particle\ParticleStaticSpark.java:104: error: cannot find symbol
        portalStatic.vertex((double)avector3f[0].x(), (double)avector3f[0].y(), (double)avector3f[0].z()).color(this.rCol, this.gCol, this.bCol, this.alpha).uv(f8, f6).overlayCoords(OverlayTexture.NO_OVERLAY).uv2(j).normal(matrix3f, 0.0F, -1.0F, 0.0F).endVertex();
                                                                                                                                          ^
  symbol: variable bCol
C:\Users\justi\Documents\GitHub\AlexsMobs-26.2\src\main\java\com\github\alexthe666\alexsmobs\client\particle\ParticleStaticSpark.java:104: error: cannot find symbol
        portalStatic.vertex((double)avector3f[0].x(), (double)avector3f[0].y(), (double)avector3f[0].z()).color(this.rCol, this.gCol, this.bCol, this.alpha).uv(f8, f6).overlayCoords(OverlayTexture.NO_OVERLAY).uv2(j).normal(matrix3f, 0.0F, -1.0F, 0.0F).endVertex();
                                                                                                                                                     ^
  symbol: variable alpha
C:\Users\justi\Documents\GitHub\AlexsMobs-26.2\src\main\java\com\github\alexthe666\alexsmobs\client\particle\ParticleStaticSpark.java:104: error: cannot find symbol
        portalStatic.vertex((double)avector3f[0].x(), (double)avector3f[0].y(), (double)avector3f[0].z()).color(this.rCol, this.gCol, this.bCol, this.alpha).uv(f8, f6).overlayCoords(OverlayTexture.NO_OVERLAY).uv2(j).normal(matrix3f, 0.0F, -1.0F, 0.0F).endVertex();
                    ^
  symbol:   method vertex(double,double,double)
  location: variable portalStatic of type VertexConsumer
C:\Users\justi\Documents\GitHub\AlexsMobs-26.2\src\main\java\com\github\alexthe666\alexsmobs\client\particle\ParticleStaticSpark.java:105: error: cannot find symbol
        portalStatic.vertex((double)avector3f[1].x(), (double)avector3f[1].y(), (double)avector3f[1].z()).color(this.rCol, this.gCol, this.bCol, this.alpha).uv(f8, f5).overlayCoords(OverlayTexture.NO_OVERLAY).uv2(j).normal(matrix3f, 0.0F, -1.0F, 0.0F).endVertex();
                                                                                                                    ^
  symbol: variable rCol
C:\Users\justi\Documents\GitHub\AlexsMobs-26.2\src\main\java\com\github\alexthe666\alexsmobs\client\particle\ParticleStaticSpark.java:105: error: cannot find symbol
        portalStatic.vertex((double)avector3f[1].x(), (double)avector3f[1].y(), (double)avector3f[1].z()).color(this.rCol, this.gCol, this.bCol, this.alpha).uv(f8, f5).overlayCoords(OverlayTexture.NO_OVERLAY).uv2(j).normal(matrix3f, 0.0F, -1.0F, 0.0F).endVertex();
                                                                                                                               ^
  symbol: variable gCol
C:\Users\justi\Documents\GitHub\AlexsMobs-26.2\src\main\java\com\github\alexthe666\alexsmobs\client\particle\ParticleStaticSpark.java:105: error: cannot find symbol
        portalStatic.vertex((double)avector3f[1].x(), (double)avector3f[1].y(), (double)avector3f[1].z()).color(this.rCol, this.gCol, this.bCol, this.alpha).uv(f8, f5).overlayCoords(OverlayTexture.NO_OVERLAY).uv2(j).normal(matrix3f, 0.0F, -1.0F, 0.0F).endVertex();
                                                                                                                                          ^
  symbol: variable bCol
C:\Users\justi\Documents\GitHub\AlexsMobs-26.2\src\main\java\com\github\alexthe666\alexsmobs\client\particle\ParticleStaticSpark.java:105: error: cannot find symbol
        portalStatic.vertex((double)avector3f[1].x(), (double)avector3f[1].y(), (double)avector3f[1].z()).color(this.rCol, this.gCol, this.bCol, this.alpha).uv(f8, f5).overlayCoords(OverlayTexture.NO_OVERLAY).uv2(j).normal(matrix3f, 0.0F, -1.0F, 0.0F).endVertex();
                                                                                                                                                     ^
  symbol: variable alpha
C:\Users\justi\Documents\GitHub\AlexsMobs-26.2\src\main\java\com\github\alexthe666\alexsmobs\client\particle\ParticleStaticSpark.java:105: error: cannot find symbol
        portalStatic.vertex((double)avector3f[1].x(), (double)avector3f[1].y(), (double)avector3f[1].z()).color(this.rCol, this.gCol, this.bCol, this.alpha).uv(f8, f5).overlayCoords(OverlayTexture.NO_OVERLAY).uv2(j).normal(matrix3f, 0.0F, -1.0F, 0.0F).endVertex();
                    ^
  symbol:   method vertex(double,double,double)
  location: variable portalStatic of type VertexConsumer
C:\Users\justi\Documents\GitHub\AlexsMobs-26.2\src\main\java\com\github\alexthe666\alexsmobs\client\particle\ParticleStaticSpark.java:106: error: cannot find symbol
        portalStatic.vertex((double)avector3f[2].x(), (double)avector3f[2].y(), (double)avector3f[2].z()).color(this.rCol, this.gCol, this.bCol, this.alpha).uv(f7, f5).overlayCoords(OverlayTexture.NO_OVERLAY).uv2(j).normal(matrix3f, 0.0F, -1.0F, 0.0F).endVertex();
                                                                                                                    ^
  symbol: variable rCol
C:\Users\justi\Documents\GitHub\AlexsMobs-26.2\src\main\java\com\github\alexthe666\alexsmobs\client\particle\ParticleStaticSpark.java:106: error: cannot find symbol
        portalStatic.vertex((double)avector3f[2].x(), (double)avector3f[2].y(), (double)avector3f[2].z()).color(this.rCol, this.gCol, this.bCol, this.alpha).uv(f7, f5).overlayCoords(OverlayTexture.NO_OVERLAY).uv2(j).normal(matrix3f, 0.0F, -1.0F, 0.0F).endVertex();
                                                                                                                               ^
  symbol: variable gCol
C:\Users\justi\Documents\GitHub\AlexsMobs-26.2\src\main\java\com\github\alexthe666\alexsmobs\client\particle\ParticleStaticSpark.java:106: error: cannot find symbol
        portalStatic.vertex((double)avector3f[2].x(), (double)avector3f[2].y(), (double)avector3f[2].z()).color(this.rCol, this.gCol, this.bCol, this.alpha).uv(f7, f5).overlayCoords(OverlayTexture.NO_OVERLAY).uv2(j).normal(matrix3f, 0.0F, -1.0F, 0.0F).endVertex();
                                                                                                                                          ^
  symbol: variable bCol
C:\Users\justi\Documents\GitHub\AlexsMobs-26.2\src\main\java\com\github\alexthe666\alexsmobs\client\particle\ParticleStaticSpark.java:106: error: cannot find symbol
        portalStatic.vertex((double)avector3f[2].x(), (double)avector3f[2].y(), (double)avector3f[2].z()).color(this.rCol, this.gCol, this.bCol, this.alpha).uv(f7, f5).overlayCoords(OverlayTexture.NO_OVERLAY).uv2(j).normal(matrix3f, 0.0F, -1.0F, 0.0F).endVertex();
                                                                                                                                                     ^
  symbol: variable alpha
C:\Users\justi\Documents\GitHub\AlexsMobs-26.2\src\main\java\com\github\alexthe666\alexsmobs\client\particle\ParticleStaticSpark.java:106: error: cannot find symbol
        portalStatic.vertex((double)avector3f[2].x(), (double)avector3f[2].y(), (double)avector3f[2].z()).color(this.rCol, this.gCol, this.bCol, this.alpha).uv(f7, f5).overlayCoords(OverlayTexture.NO_OVERLAY).uv2(j).normal(matrix3f, 0.0F, -1.0F, 0.0F).endVertex();
                    ^
  symbol:   method vertex(double,double,double)
  location: variable portalStatic of type VertexConsumer
C:\Users\justi\Documents\GitHub\AlexsMobs-26.2\src\main\java\com\github\alexthe666\alexsmobs\client\particle\ParticleStaticSpark.java:107: error: cannot find symbol
        portalStatic.vertex((double)avector3f[3].x(), (double)avector3f[3].y(), (double)avector3f[3].z()).color(this.rCol, this.gCol, this.bCol, this.alpha).uv(f7, f6).overlayCoords(OverlayTexture.NO_OVERLAY).uv2(j).normal(matrix3f, 0.0F, -1.0F, 0.0F).endVertex();
                                                                                                                    ^
  symbol: variable rCol
C:\Users\justi\Documents\GitHub\AlexsMobs-26.2\src\main\java\com\github\alexthe666\alexsmobs\client\particle\ParticleStaticSpark.java:107: error: cannot find symbol
        portalStatic.vertex((double)avector3f[3].x(), (double)avector3f[3].y(), (double)avector3f[3].z()).color(this.rCol, this.gCol, this.bCol, this.alpha).uv(f7, f6).overlayCoords(OverlayTexture.NO_OVERLAY).uv2(j).normal(matrix3f, 0.0F, -1.0F, 0.0F).endVertex();
                                                                                                                               ^
  symbol: variable gCol
C:\Users\justi\Documents\GitHub\AlexsMobs-26.2\src\main\java\com\github\alexthe666\alexsmobs\client\particle\ParticleStaticSpark.java:107: error: cannot find symbol
        portalStatic.vertex((double)avector3f[3].x(), (double)avector3f[3].y(), (double)avector3f[3].z()).color(this.rCol, this.gCol, this.bCol, this.alpha).uv(f7, f6).overlayCoords(OverlayTexture.NO_OVERLAY).uv2(j).normal(matrix3f, 0.0F, -1.0F, 0.0F).endVertex();
                                                                                                                                          ^
  symbol: variable bCol
C:\Users\justi\Documents\GitHub\AlexsMobs-26.2\src\main\java\com\github\alexthe666\alexsmobs\client\particle\ParticleStaticSpark.java:107: error: cannot find symbol
        portalStatic.vertex((double)avector3f[3].x(), (double)avector3f[3].y(), (double)avector3f[3].z()).color(this.rCol, this.gCol, this.bCol, this.alpha).uv(f7, f6).overlayCoords(OverlayTexture.NO_OVERLAY).uv2(j).normal(matrix3f, 0.0F, -1.0F, 0.0F).endVertex();
                                                                                                                                                     ^
  symbol: variable alpha
C:\Users\justi\Documents\GitHub\AlexsMobs-26.2\src\main\java\com\github\alexthe666\alexsmobs\client\particle\ParticleStaticSpark.java:107: error: cannot find symbol
        portalStatic.vertex((double)avector3f[3].x(), (double)avector3f[3].y(), (double)avector3f[3].z()).color(this.rCol, this.gCol, this.bCol, this.alpha).uv(f7, f6).overlayCoords(OverlayTexture.NO_OVERLAY).uv2(j).normal(matrix3f, 0.0F, -1.0F, 0.0F).endVertex();
                    ^
  symbol:   method vertex(double,double,double)
  location: variable portalStatic of type VertexConsumer
C:\Users\justi\Documents\GitHub\AlexsMobs-26.2\src\main\java\com\github\alexthe666\alexsmobs\client\particle\ParticleStaticSpark.java:111: error: method does not override or implement a method from a supertype
    @Override
    ^
C:\Users\justi\Documents\GitHub\AlexsMobs-26.2\src\main\java\com\github\alexthe666\alexsmobs\client\particle\ParticleStaticSpark.java:113: error: cannot find symbol
        return ParticleRenderType.CUSTOM;
                                 ^
  symbol:   variable CUSTOM
  location: class ParticleRenderType
C:\Users\justi\Documents\GitHub\AlexsMobs-26.2\src\main\java\com\github\alexthe666\alexsmobs\client\particle\ParticleStaticSpark.java:117: error: Factory is not abstract and does not override abstract method createParticle(SimpleParticleType,ClientLevel,double,double,double,double,double,double,RandomSource) in ParticleProvider
    public static class Factory implements ParticleProvider<SimpleParticleType> {
                  ^
C:\Users\justi\Documents\GitHub\AlexsMobs-26.2\src\main\java\com\github\alexthe666\alexsmobs\client\particle\ParticleSunbirdFeather.java:23: error: cannot find symbol
        this.pickSprite(sprites);
            ^
  symbol: method pickSprite(SpriteSet)
C:\Users\justi\Documents\GitHub\AlexsMobs-26.2\src\main\java\com\github\alexthe666\alexsmobs\client\particle\ParticleSunbirdFeather.java:50: error: cannot find symbol
        int lvt_2_1_ = super.getLightColor(p_189214_1_);
                            ^
  symbol: method getLightColor(float)
C:\Users\justi\Documents\GitHub\AlexsMobs-26.2\src\main\java\com\github\alexthe666\alexsmobs\client\particle\ParticleSunbirdFeather.java:55: error: method does not override or implement a method from a supertype
    @Override
    ^
C:\Users\justi\Documents\GitHub\AlexsMobs-26.2\src\main\java\com\github\alexthe666\alexsmobs\client\particle\ParticleSunbirdFeather.java:57: error: cannot find symbol
        return ParticleRenderType.PARTICLE_SHEET_TRANSLUCENT;
                                 ^
  symbol:   variable PARTICLE_SHEET_TRANSLUCENT
  location: class ParticleRenderType
C:\Users\justi\Documents\GitHub\AlexsMobs-26.2\src\main\java\com\github\alexthe666\alexsmobs\client\particle\ParticleSunbirdFeather.java:60: error: Factory is not abstract and does not override abstract method createParticle(SimpleParticleType,ClientLevel,double,double,double,double,double,double,RandomSource) in ParticleProvider
    public static class Factory implements ParticleProvider<SimpleParticleType> {
                  ^
C:\Users\justi\Documents\GitHub\AlexsMobs-26.2\src\main\java\com\github\alexthe666\alexsmobs\client\particle\ParticleTeethGlint.java:9: error: ParticleTeethGlint is not abstract and does not override abstract method getLayer() in SingleQuadParticle
public class ParticleTeethGlint extends SingleQuadParticle {
       ^
C:\Users\justi\Documents\GitHub\AlexsMobs-26.2\src\main\java\com\github\alexthe666\alexsmobs\client\particle\ParticleTeethGlint.java:14: error: no suitable constructor found for SingleQuadParticle(ClientLevel,double,double,double,double,double,double)
        super(p_i232444_1_, p_i232444_2_, p_i232444_4_, p_i232444_6_, p_i232444_8_, p_i232444_10_, p_i232444_12_);
        ^
    constructor SingleQuadParticle.SingleQuadParticle(ClientLevel,double,double,double,TextureAtlasSprite) is not applicable
      (actual and formal argument lists differ in length)
    constructor SingleQuadParticle.SingleQuadParticle(ClientLevel,double,double,double,double,double,double,TextureAtlasSprite) is not applicable
      (actual and formal argument lists differ in length)
C:\Users\justi\Documents\GitHub\AlexsMobs-26.2\src\main\java\com\github\alexthe666\alexsmobs\client\particle\ParticleTeethGlint.java:29: error: cannot find symbol
        int lvt_2_1_ = super.getLightColor(p_189214_1_);
                            ^
  symbol: method getLightColor(float)
C:\Users\justi\Documents\GitHub\AlexsMobs-26.2\src\main\java\com\github\alexthe666\alexsmobs\client\particle\ParticleTeethGlint.java:35: error: cannot find symbol
        return ParticleRenderType.PARTICLE_SHEET_TRANSLUCENT;
                                 ^
  symbol:   variable PARTICLE_SHEET_TRANSLUCENT
  location: class ParticleRenderType
C:\Users\justi\Documents\GitHub\AlexsMobs-26.2\src\main\java\com\github\alexthe666\alexsmobs\client\particle\ParticleTeethGlint.java:62: error: Factory is not abstract and does not override abstract method createParticle(SimpleParticleType,ClientLevel,double,double,double,double,double,double,RandomSource) in ParticleProvider
    public static class Factory implements ParticleProvider<SimpleParticleType> {
                  ^
C:\Users\justi\Documents\GitHub\AlexsMobs-26.2\src\main\java\com\github\alexthe666\alexsmobs\client\particle\ParticleTeethGlint.java:71: error: cannot find symbol
            lvt_15_1_.pickSprite(this.spriteSet);
                     ^
  symbol:   method pickSprite(SpriteSet)
  location: variable lvt_15_1_ of type ParticleTeethGlint
C:\Users\justi\Documents\GitHub\AlexsMobs-26.2\src\main\java\com\github\alexthe666\alexsmobs\client\particle\ParticleWhaleSplash.java:15: error: constructor WaterDropParticle in class WaterDropParticle cannot be applied to given types;
        super(p_i232433_1_, p_i232433_2_, p_i232433_4_, p_i232433_6_);
        ^
  required: ClientLevel,double,double,double,TextureAtlasSprite
  found:    ClientLevel,double,double,double
  reason: actual and formal argument lists differ in length
C:\Users\justi\Documents\GitHub\AlexsMobs-26.2\src\main\java\com\github\alexthe666\alexsmobs\client\particle\ParticleWhaleSplash.java:36: error: Factory is not abstract and does not override abstract method createParticle(SimpleParticleType,ClientLevel,double,double,double,double,double,double,RandomSource) in ParticleProvider
    public static class Factory implements ParticleProvider<SimpleParticleType> {
                  ^
C:\Users\justi\Documents\GitHub\AlexsMobs-26.2\src\main\java\com\github\alexthe666\alexsmobs\client\particle\ParticleWhaleSplash.java:45: error: cannot find symbol
            lvt_15_1_.pickSprite(this.spriteSet);
                     ^
  symbol:   method pickSprite(SpriteSet)
  location: variable lvt_15_1_ of type ParticleWhaleSplash
C:\Users\justi\Documents\GitHub\AlexsMobs-26.2\src\main\java\com\github\alexthe666\alexsmobs\client\particle\ParticleWormPortal.java:23: error: cannot find symbol
        int lvt_2_1_ = super.getLightColor(p_189214_1_);
                            ^
  symbol: method getLightColor(float)
C:\Users\justi\Documents\GitHub\AlexsMobs-26.2\src\main\java\com\github\alexthe666\alexsmobs\client\particle\ParticleWormPortal.java:42: error: method does not override or implement a method from a supertype
    @Override
    ^
C:\Users\justi\Documents\GitHub\AlexsMobs-26.2\src\main\java\com\github\alexthe666\alexsmobs\client\particle\ParticleWormPortal.java:44: error: cannot find symbol
        return ParticleRenderType.PARTICLE_SHEET_TRANSLUCENT;
                                 ^
  symbol:   variable PARTICLE_SHEET_TRANSLUCENT
  location: class ParticleRenderType
C:\Users\justi\Documents\GitHub\AlexsMobs-26.2\src\main\java\com\github\alexthe666\alexsmobs\client\particle\ParticleWormPortal.java:48: error: Factory is not abstract and does not override abstract method createParticle(SimpleParticleType,ClientLevel,double,double,double,double,double,double,RandomSource) in ParticleProvider
    public static class Factory implements ParticleProvider<SimpleParticleType> {
                  ^
C:\Users\justi\Documents\GitHub\AlexsMobs-26.2\src\main\java\com\github\alexthe666\alexsmobs\client\render\AMItemstackRenderer.java:135: error: cannot find symbol
        entityrenderdispatcher.overrideCameraOrientation(quaternion1);
                              ^
  symbol:   method overrideCameraOrientation(Quaternionf)
  location: variable entityrenderdispatcher of type EntityRenderDispatcher
C:\Users\justi\Documents\GitHub\AlexsMobs-26.2\src\main\java\com\github\alexthe666\alexsmobs\client\render\AMItemstackRenderer.java:136: error: cannot find symbol
        entityrenderdispatcher.setRenderShadow(false);
                              ^
  symbol:   method setRenderShadow(boolean)
  location: variable entityrenderdispatcher of type EntityRenderDispatcher
C:\Users\justi\Documents\GitHub\AlexsMobs-26.2\src\main\java\com\github\alexthe666\alexsmobs\client\render\AMItemstackRenderer.java:137: error: cannot find symbol
        OrderedSubmitNodeCollector.BufferSource OrderedSubmitNodeCollector$buffersource = Minecraft.getInstance().renderBuffers().bufferSource();
                                  ^
  symbol:   class BufferSource
  location: interface OrderedSubmitNodeCollector
C:\Users\justi\Documents\GitHub\AlexsMobs-26.2\src\main\java\com\github\alexthe666\alexsmobs\client\render\AMItemstackRenderer.java:137: error: cannot find symbol
        OrderedSubmitNodeCollector.BufferSource OrderedSubmitNodeCollector$buffersource = Minecraft.getInstance().renderBuffers().bufferSource();
                                                                                                                 ^
  symbol:   method renderBuffers()
  location: class Minecraft
C:\Users\justi\Documents\GitHub\AlexsMobs-26.2\src\main\java\com\github\alexthe666\alexsmobs\client\render\AMItemstackRenderer.java:138: error: cannot find symbol
        RenderSystem.runAsFancy(() -> {
                    ^
  symbol:   method runAsFancy(()->{ enti[...]0); })
  location: class RenderSystem
C:\Users\justi\Documents\GitHub\AlexsMobs-26.2\src\main\java\com\github\alexthe666\alexsmobs\client\render\AMItemstackRenderer.java:142: error: cannot find symbol
        entityrenderdispatcher.setRenderShadow(true);
                              ^
  symbol:   method setRenderShadow(boolean)
  location: variable entityrenderdispatcher of type EntityRenderDispatcher
C:\Users\justi\Documents\GitHub\AlexsMobs-26.2\src\main\java\com\github\alexthe666\alexsmobs\client\render\AMItemstackRenderer.java:150: error: cannot find symbol
        RenderSystem.applyModelViewMatrix();
                    ^
  symbol:   method applyModelViewMatrix()
  location: class RenderSystem
C:\Users\justi\Documents\GitHub\AlexsMobs-26.2\src\main\java\com\github\alexthe666\alexsmobs\client\render\AMItemstackRenderer.java:151: error: cannot find symbol
        Lighting.setupFor3DItems();
                ^
  symbol:   method setupFor3DItems()
  location: class Lighting
C:\Users\justi\Documents\GitHub\AlexsMobs-26.2\src\main\java\com\github\alexthe666\alexsmobs\client\render\AMItemstackRenderer.java:154: error: method does not override or implement a method from a supertype
    @Override
    ^
C:\Users\justi\Documents\GitHub\AlexsMobs-26.2\src\main\java\com\github\alexthe666\alexsmobs\client\render\AMItemstackRenderer.java:167: error: cannot find symbol
            VertexConsumer vertexconsumer = ItemRenderer.getArmorFoilBuffer(bufferIn, RenderType.armorCutoutNoCull(SHIELD_OF_THE_DEEP_TEXTURE), false, itemStackIn.hasFoil());
                                            ^
  symbol:   variable ItemRenderer
  location: class AMItemstackRenderer
C:\Users\justi\Documents\GitHub\AlexsMobs-26.2\src\main\java\com\github\alexthe666\alexsmobs\client\render\AMItemstackRenderer.java:167: error: cannot find symbol
            VertexConsumer vertexconsumer = ItemRenderer.getArmorFoilBuffer(bufferIn, RenderType.armorCutoutNoCull(SHIELD_OF_THE_DEEP_TEXTURE), false, itemStackIn.hasFoil());
                                                                                                ^
  symbol:   method armorCutoutNoCull(Identifier)
  location: class RenderType
C:\Users\justi\Documents\GitHub\AlexsMobs-26.2\src\main\java\com\github\alexthe666\alexsmobs\client\render\AMItemstackRenderer.java:176: error: cannot find symbol
            MYTERIOUS_WORM_MODEL.renderToBuffer(matrixStackIn, bufferIn.getBuffer(RenderType.entityCutoutNoCull(MYTERIOUS_WORM_TEXTURE)), combinedLightIn, combinedOverlayIn, 1.0F, 1.0F, 1.0F, 1.0F);
                                                                                            ^
  symbol:   method entityCutoutNoCull(Identifier)
  location: class RenderType
C:\Users\justi\Documents\GitHub\AlexsMobs-26.2\src\main\java\com\github\alexthe666\alexsmobs\client\render\AMItemstackRenderer.java:182: error: cannot find symbol
                Minecraft.getInstance().getItemRenderer().renderStatic(new ItemStack(AMItemRegistry.FALCONRY_GLOVE_HAND.get()), transformType, combinedLightIn, combinedOverlayIn, matrixStackIn, bufferIn, level, 0);
                                       ^
  symbol:   method getItemRenderer()
  location: class Minecraft
C:\Users\justi\Documents\GitHub\AlexsMobs-26.2\src\main\java\com\github\alexthe666\alexsmobs\client\render\AMItemstackRenderer.java:184: error: cannot find symbol
                Minecraft.getInstance().getItemRenderer().renderStatic(new ItemStack(AMItemRegistry.FALCONRY_GLOVE_INVENTORY.get()), transformType, transformType == ItemDisplayContext.GROUND ? combinedLightIn : 240, combinedOverlayIn, matrixStackIn, bufferIn, level, 0);
                                       ^
  symbol:   method getItemRenderer()
  location: class Minecraft
C:\Users\justi\Documents\GitHub\AlexsMobs-26.2\src\main\java\com\github\alexthe666\alexsmobs\client\render\AMItemstackRenderer.java:196: error: cannot find symbol
                Minecraft.getInstance().getItemRenderer().renderStatic(new ItemStack(AMItemRegistry.VINE_LASSO_HAND.get()), transformType, combinedLightIn, combinedOverlayIn, matrixStackIn, bufferIn, level, 0);
                                       ^
  symbol:   method getItemRenderer()
  location: class Minecraft
C:\Users\justi\Documents\GitHub\AlexsMobs-26.2\src\main\java\com\github\alexthe666\alexsmobs\client\render\AMItemstackRenderer.java:198: error: cannot find symbol
                Minecraft.getInstance().getItemRenderer().renderStatic(new ItemStack(AMItemRegistry.VINE_LASSO_INVENTORY.get()), transformType, transformType == ItemDisplayContext.GROUND ? combinedLightIn : 240, combinedOverlayIn, matrixStackIn, bufferIn, level, 0);
                                       ^
  symbol:   method getItemRenderer()
  location: class Minecraft
C:\Users\justi\Documents\GitHub\AlexsMobs-26.2\src\main\java\com\github\alexthe666\alexsmobs\client\render\AMItemstackRenderer.java:205: error: cannot find symbol
            spriteItem.setTag(itemStackIn.getTag());
                                         ^
  symbol:   method getTag()
  location: variable itemStackIn of type ItemStack
C:\Users\justi\Documents\GitHub\AlexsMobs-26.2\src\main\java\com\github\alexthe666\alexsmobs\client\render\AMItemstackRenderer.java:206: error: cannot find symbol
            handItem.setTag(itemStackIn.getTag());
                                       ^
  symbol:   method getTag()
  location: variable itemStackIn of type ItemStack
C:\Users\justi\Documents\GitHub\AlexsMobs-26.2\src\main\java\com\github\alexthe666\alexsmobs\client\render\AMItemstackRenderer.java:208: error: cannot find symbol
                Minecraft.getInstance().getItemRenderer().renderStatic(handItem, transformType, combinedLightIn, combinedOverlayIn, matrixStackIn, bufferIn, level, 0);
                                       ^
  symbol:   method getItemRenderer()
  location: class Minecraft
C:\Users\justi\Documents\GitHub\AlexsMobs-26.2\src\main\java\com\github\alexthe666\alexsmobs\client\render\AMItemstackRenderer.java:210: error: cannot find symbol
                Minecraft.getInstance().getItemRenderer().renderStatic(spriteItem, transformType, transformType == ItemDisplayContext.GROUND ? combinedLightIn : 240, combinedOverlayIn, matrixStackIn, bufferIn, level, 0);
                                       ^
  symbol:   method getItemRenderer()
  location: class Minecraft
C:\Users\justi\Documents\GitHub\AlexsMobs-26.2\src\main\java\com\github\alexthe666\alexsmobs\client\render\AMItemstackRenderer.java:218: error: cannot find symbol
            TRANSMUTATION_TABLE_MODEL.renderToBuffer(matrixStackIn, bufferIn.getBuffer(RenderType.entityCutoutNoCull(TRANSMUTATION_TABLE_TEXTURE)), combinedLightIn, combinedOverlayIn, 1.0F, 1.0F, 1.0F, 1.0F);
                                                                                                 ^
  symbol:   method entityCutoutNoCull(Identifier)
  location: class RenderType
C:\Users\justi\Documents\GitHub\AlexsMobs-26.2\src\main\java\com\github\alexthe666\alexsmobs\client\render\AMItemstackRenderer.java:219: error: cannot find symbol
            TRANSMUTATION_TABLE_MODEL.renderToBuffer(matrixStackIn, bufferIn.getBuffer(RenderType.entityTranslucentEmissive(TRANSMUTATION_TABLE_GLOW_TEXTURE)), combinedLightIn, combinedOverlayIn, 1.0F, 1.0F, 1.0F, 1.0F);
                                                                                                 ^
  symbol:   method entityTranslucentEmissive(Identifier)
  location: class RenderType
C:\Users\justi\Documents\GitHub\AlexsMobs-26.2\src\main\java\com\github\alexthe666\alexsmobs\client\render\AMItemstackRenderer.java:221: error: cannot find symbol
            VertexConsumer staticyOverlay = bufferIn.getBuffer(RenderType.eyes(TRANSMUTATION_TABLE_OVERLAY));
                                                                         ^
  symbol:   method eyes(Identifier)
  location: class RenderType
C:\Users\justi\Documents\GitHub\AlexsMobs-26.2\src\main\java\com\github\alexthe666\alexsmobs\client\render\AMItemstackRenderer.java:222: error: method renderToBuffer in class Model<S> cannot be applied to given types;
            TRANSMUTATION_TABLE_OVERLAY_MODEL.renderToBuffer(matrixStackIn, staticyOverlay, combinedLightIn, combinedOverlayIn, 1.0F, 1.0F, 1.0F, 1.0F);
                                             ^
  required: PoseStack,VertexConsumer,int,int,int
  found:    PoseStack,VertexConsumer,int,int,float,float,float,float
  reason: actual and formal argument lists differ in length
  where S is a type-variable:
    S extends Object declared in class Model
C:\Users\justi\Documents\GitHub\AlexsMobs-26.2\src\main\java\com\github\alexthe666\alexsmobs\client\render\AMItemstackRenderer.java:240: error: cannot find symbol
                Minecraft.getInstance().getItemRenderer().renderStatic(shard, transformType, transformType == ItemDisplayContext.GROUND ? combinedLightIn : 240, combinedOverlayIn, matrixStackIn, bufferIn, level, 0);
                                       ^
  symbol:   method getItemRenderer()
  location: class Minecraft
C:\Users\justi\Documents\GitHub\AlexsMobs-26.2\src\main\java\com\github\alexthe666\alexsmobs\client\render\AMItemstackRenderer.java:250: error: cannot find symbol
                Minecraft.getInstance().getItemRenderer().renderStatic(hand, transformType, combinedLightIn, combinedOverlayIn, matrixStackIn, bufferIn, level, 0);
                                       ^
  symbol:   method getItemRenderer()
  location: class Minecraft
C:\Users\justi\Documents\GitHub\AlexsMobs-26.2\src\main\java\com\github\alexthe666\alexsmobs\client\render\AMItemstackRenderer.java:252: error: cannot find symbol
                Minecraft.getInstance().getItemRenderer().renderStatic(inventory, transformType, transformType == ItemDisplayContext.GROUND ? combinedLightIn : 240, combinedOverlayIn, matrixStackIn, bufferIn, level, 0);
                                       ^
  symbol:   method getItemRenderer()
  location: class Minecraft
C:\Users\justi\Documents\GitHub\AlexsMobs-26.2\src\main\java\com\github\alexthe666\alexsmobs\client\render\AMItemstackRenderer.java:291: error: cannot find symbol
                    flags = itemStackIn.getTag().getInt("DisplayMobFlags");
                                       ^
  symbol:   method getTag()
  location: variable itemStackIn of type ItemStack
C:\Users\justi\Documents\GitHub\AlexsMobs-26.2\src\main\java\com\github\alexthe666\alexsmobs\client\render\AMItemstackRenderer.java:293: error: cannot find symbol
                    EntityType local = ItemTabIcon.getEntityType(itemStackIn.getTag());
                                                                            ^
  symbol:   method getTag()
  location: variable itemStackIn of type ItemStack
C:\Users\justi\Documents\GitHub\AlexsMobs-26.2\src\main\java\com\github\alexthe666\alexsmobs\client\render\AMItemstackRenderer.java:295: error: cannot find symbol
                    if (itemStackIn.getTag().getFloat("DisplayMobScale") > 0) {
                                   ^
  symbol:   method getTag()
  location: variable itemStackIn of type ItemStack
C:\Users\justi\Documents\GitHub\AlexsMobs-26.2\src\main\java\com\github\alexthe666\alexsmobs\client\render\AMItemstackRenderer.java:296: error: cannot find symbol
                        scale = itemStackIn.getTag().getFloat("DisplayMobScale");
                                           ^
  symbol:   method getTag()
  location: variable itemStackIn of type ItemStack
C:\Users\justi\Documents\GitHub\AlexsMobs-26.2\src\main\java\com\github\alexthe666\alexsmobs\client\render\AMItemstackRenderer.java:300: error: no suitable method found for create(Level)
                            Entity entity = local.create(level);
                                                 ^
    method EntityType.create(ServerLevel,PostSpawnProcessor,BlockPos,EntitySpawnReason,boolean,boolean) is not applicable
      (actual and formal argument lists differ in length)
    method EntityType.create(Level,EntitySpawnReason) is not applicable
      (actual and formal argument lists differ in length)
    method EntityType.create(Level,EntitySpawnRequest) is not applicable
      (actual and formal argument lists differ in length)
    method EntityType.create(ValueInput,Level,EntitySpawnRequest) is not applicable
      (actual and formal argument lists differ in length)
    method EntityType.create(EntityType<?>,ValueInput,Level,EntitySpawnReason) is not applicable
      (actual and formal argument lists differ in length)
C:\Users\justi\Documents\GitHub\AlexsMobs-26.2\src\main\java\com\github\alexthe666\alexsmobs\client\render\AMItemstackRenderer.java:319: error: no suitable method found for create(Level)
                                Entity entity = type.create(level);
                                                    ^
    method EntityType.create(ServerLevel,PostSpawnProcessor,BlockPos,EntitySpawnReason,boolean,boolean) is not applicable
      (actual and formal argument lists differ in length)
    method EntityType.create(Level,EntitySpawnReason) is not applicable
      (actual and formal argument lists differ in length)
    method EntityType.create(Level,EntitySpawnRequest) is not applicable
      (actual and formal argument lists differ in length)
    method EntityType.create(ValueInput,Level,EntitySpawnRequest) is not applicable
      (actual and formal argument lists differ in length)
    method EntityType.create(EntityType<?>,ValueInput,Level,EntitySpawnReason) is not applicable
      (actual and formal argument lists differ in length)
C:\Users\justi\Documents\GitHub\AlexsMobs-26.2\src\main\java\com\github\alexthe666\alexsmobs\client\render\AMRenderTypes.java:18: error: cannot find symbol
        return RenderType.entityTranslucent(texture);
                         ^
  symbol:   method entityTranslucent(Identifier)
  location: class RenderType
C:\Users\justi\Documents\GitHub\AlexsMobs-26.2\src\main\java\com\github\alexthe666\alexsmobs\client\render\AMRenderTypes.java:22: error: cannot find symbol
        return RenderType.entityEyes(location);
                         ^
  symbol:   method entityEyes(Identifier)
  location: class RenderType
C:\Users\justi\Documents\GitHub\AlexsMobs-26.2\src\main\java\com\github\alexthe666\alexsmobs\client\render\AMRenderTypes.java:26: error: cannot find symbol
        return RenderType.entityCutoutNoCull(location);
                         ^
  symbol:   method entityCutoutNoCull(Identifier)
  location: class RenderType
C:\Users\justi\Documents\GitHub\AlexsMobs-26.2\src\main\java\com\github\alexthe666\alexsmobs\client\render\AMRenderTypes.java:30: error: cannot find symbol
        return RenderType.entityCutoutNoCull(location);
                         ^
  symbol:   method entityCutoutNoCull(Identifier)
  location: class RenderType
C:\Users\justi\Documents\GitHub\AlexsMobs-26.2\src\main\java\com\github\alexthe666\alexsmobs\client\render\AMRenderTypes.java:34: error: cannot find symbol
        return RenderType.entityCutoutNoCull(location);
                         ^
  symbol:   method entityCutoutNoCull(Identifier)
  location: class RenderType
C:\Users\justi\Documents\GitHub\AlexsMobs-26.2\src\main\java\com\github\alexthe666\alexsmobs\client\render\AMRenderTypes.java:38: error: cannot find symbol
        return RenderType.entityEyes(location);
                         ^
  symbol:   method entityEyes(Identifier)
  location: class RenderType
C:\Users\justi\Documents\GitHub\AlexsMobs-26.2\src\main\java\com\github\alexthe666\alexsmobs\client\render\AMRenderTypes.java:42: error: cannot find symbol
        return RenderType.entityTranslucent(location);
                         ^
  symbol:   method entityTranslucent(Identifier)
  location: class RenderType
C:\Users\justi\Documents\GitHub\AlexsMobs-26.2\src\main\java\com\github\alexthe666\alexsmobs\client\render\AMRenderTypes.java:46: error: cannot find symbol
        return RenderType.entityTranslucent(location);
                         ^
  symbol:   method entityTranslucent(Identifier)
  location: class RenderType
C:\Users\justi\Documents\GitHub\AlexsMobs-26.2\src\main\java\com\github\alexthe666\alexsmobs\client\render\AMRenderTypes.java:50: error: cannot find symbol
        return RenderType.entityEyes(location);
                         ^
  symbol:   method entityEyes(Identifier)
  location: class RenderType
C:\Users\justi\Documents\GitHub\AlexsMobs-26.2\src\main\java\com\github\alexthe666\alexsmobs\client\render\AMRenderTypes.java:54: error: cannot find symbol
        return RenderType.entityEyes(location);
                         ^
  symbol:   method entityEyes(Identifier)
  location: class RenderType
C:\Users\justi\Documents\GitHub\AlexsMobs-26.2\src\main\java\com\github\alexthe666\alexsmobs\client\render\AMRenderTypes.java:58: error: cannot find symbol
        return RenderType.entityTranslucent(Identifier.parse("alexsmobs:textures/entity/sunbird_shine.png"));
                         ^
  symbol:   method entityTranslucent(Identifier)
  location: class RenderType
C:\Users\justi\Documents\GitHub\AlexsMobs-26.2\src\main\java\com\github\alexthe666\alexsmobs\client\render\AMRenderTypes.java:62: error: cannot find symbol
        return RenderType.entityTranslucent(Identifier.parse("alexsmobs:textures/particle/skulk_boom.png"));
                         ^
  symbol:   method entityTranslucent(Identifier)
  location: class RenderType
C:\Users\justi\Documents\GitHub\AlexsMobs-26.2\src\main\java\com\github\alexthe666\alexsmobs\client\render\AMRenderTypes.java:66: error: cannot find symbol
        return RenderType.entityTranslucent(location);
                         ^
  symbol:   method entityTranslucent(Identifier)
  location: class RenderType
C:\Users\justi\Documents\GitHub\AlexsMobs-26.2\src\main\java\com\github\alexthe666\alexsmobs\client\render\AMRenderTypes.java:70: error: cannot find symbol
        return RenderType.entityTranslucent(location);
                         ^
  symbol:   method entityTranslucent(Identifier)
  location: class RenderType
C:\Users\justi\Documents\GitHub\AlexsMobs-26.2\src\main\java\com\github\alexthe666\alexsmobs\client\render\AMRenderTypes.java:74: error: cannot find symbol
        return RenderType.entityTranslucent(location);
                         ^
  symbol:   method entityTranslucent(Identifier)
  location: class RenderType
C:\Users\justi\Documents\GitHub\AlexsMobs-26.2\src\main\java\com\github\alexthe666\alexsmobs\client\render\AMRenderTypes.java:78: error: cannot find symbol
        return RenderType.entityTranslucent(location);
                         ^
  symbol:   method entityTranslucent(Identifier)
  location: class RenderType
C:\Users\justi\Documents\GitHub\AlexsMobs-26.2\src\main\java\com\github\alexthe666\alexsmobs\client\render\item\CustomArmorRenderProperties.java:48: error: method does not override or implement a method from a supertype
    @Override
    ^
C:\Users\justi\Documents\GitHub\AlexsMobs-26.2\src\main\java\com\github\alexthe666\alexsmobs\client\render\item\GhostlyPickaxeBakedModel.java:33: error: cannot find symbol
        int[] vertexData = quad.getVertices().clone();
                               ^
  symbol:   method getVertices()
  location: variable quad of type BakedQuad
C:\Users\justi\Documents\GitHub\AlexsMobs-26.2\src\main\java\com\github\alexthe666\alexsmobs\client\render\item\GhostlyPickaxeBakedModel.java:39: error: cannot find symbol
        return new BakedQuad(vertexData, quad.getTintIndex(), quad.getDirection(), quad.getSprite(), quad.isShade());
                                             ^
  symbol:   method getTintIndex()
  location: variable quad of type BakedQuad
C:\Users\justi\Documents\GitHub\AlexsMobs-26.2\src\main\java\com\github\alexthe666\alexsmobs\client\render\item\GhostlyPickaxeBakedModel.java:39: error: cannot find symbol
        return new BakedQuad(vertexData, quad.getTintIndex(), quad.getDirection(), quad.getSprite(), quad.isShade());
                                                                  ^
  symbol:   method getDirection()
  location: variable quad of type BakedQuad
C:\Users\justi\Documents\GitHub\AlexsMobs-26.2\src\main\java\com\github\alexthe666\alexsmobs\client\render\item\GhostlyPickaxeBakedModel.java:39: error: cannot find symbol
        return new BakedQuad(vertexData, quad.getTintIndex(), quad.getDirection(), quad.getSprite(), quad.isShade());
                                                                                       ^
  symbol:   method getSprite()
  location: variable quad of type BakedQuad
C:\Users\justi\Documents\GitHub\AlexsMobs-26.2\src\main\java\com\github\alexthe666\alexsmobs\client\render\item\GhostlyPickaxeBakedModel.java:39: error: cannot find symbol
        return new BakedQuad(vertexData, quad.getTintIndex(), quad.getDirection(), quad.getSprite(), quad.isShade());
                                                                                                         ^
  symbol:   method isShade()
  location: variable quad of type BakedQuad
C:\Users\justi\Documents\GitHub\AlexsMobs-26.2\src\main\java\com\github\alexthe666\alexsmobs\client\render\LavaVisionFluidRenderer.java:21: error: constructor FluidRenderer in class FluidRenderer cannot be applied to given types;
public class LavaVisionFluidRenderer extends FluidRenderer {
       ^
  required: FluidStateModelSet
  found:    no arguments
  reason: actual and formal argument lists differ in length
C:\Users\justi\Documents\GitHub\AlexsMobs-26.2\src\main\java\com\github\alexthe666\alexsmobs\client\render\LavaVisionFluidRenderer.java:33: error: method getOcclusionShape in class BlockStateBase cannot be applied to given types;
            VoxelShape voxelshape1 = p_239284_4_.getOcclusionShape(p_239284_0_, p_239284_3_);
                                                ^
  required: no arguments
  found:    BlockGetter,BlockPos
  reason: actual and formal argument lists differ in length
C:\Users\justi\Documents\GitHub\AlexsMobs-26.2\src\main\java\com\github\alexthe666\alexsmobs\client\render\LavaVisionFluidRenderer.java:34: error: cannot find symbol
            return Shapes.blockOccudes(voxelshape, voxelshape1, p_239284_1_);
                         ^
  symbol:   method blockOccudes(VoxelShape,VoxelShape,Direction)
  location: class Shapes
C:\Users\justi\Documents\GitHub\AlexsMobs-26.2\src\main\java\com\github\alexthe666\alexsmobs\client\render\LavaVisionFluidRenderer.java:46: error: method does not override or implement a method from a supertype
    @Override
    ^
C:\Users\justi\Documents\GitHub\AlexsMobs-26.2\src\main\java\com\github\alexthe666\alexsmobs\client\render\LavaVisionFluidRenderer.java:50: error: cannot find symbol
                TextureAtlasSprite[] atextureatlassprite = net.neoforged.neoforge.client.ClientHooks.getFluidSprites(lightReaderIn, posIn, fluidStateIn);
                                                                                                    ^
  symbol:   method getFluidSprites(BlockAndTintGetter,BlockPos,FluidState)
  location: class ClientHooks
C:\Users\justi\Documents\GitHub\AlexsMobs-26.2\src\main\java\com\github\alexthe666\alexsmobs\client\render\LavaVisionFluidRenderer.java:51: error: cannot find symbol
                final int i = net.neoforged.neoforge.client.extensions.common.IClientFluidTypeExtensions.of(fluidStateIn).getTintColor(fluidStateIn, lightReaderIn, posIn);
                                                                                                                         ^
  symbol:   method getTintColor(FluidState,BlockAndTintGetter,BlockPos)
  location: interface IClientFluidTypeExtensions
C:\Users\justi\Documents\GitHub\AlexsMobs-26.2\src\main\java\com\github\alexthe666\alexsmobs\client\render\LavaVisionFluidRenderer.java:69: error: no suitable method found for shouldRenderFace(BlockAndTintGetter,BlockPos,FluidState,BlockState,Direction,FluidState)
                boolean flag2 = shouldRenderFace(lightReaderIn, posIn, fluidStateIn, blockstateIn, Direction.DOWN, fluidstate) && !isFaceOccludedByNeighborVanilla(lightReaderIn, posIn, Direction.DOWN, 0.8888889F, blockstate);
                                ^
    method FluidRenderer.shouldRenderFace(FluidState,BlockState,Direction,FluidState) is not applicable
      (actual and formal argument lists differ in length)
    method FluidRenderer.shouldRenderFace(FluidState,BlockState,Direction,BlockState) is not applicable
      (actual and formal argument lists differ in length)
C:\Users\justi\Documents\GitHub\AlexsMobs-26.2\src\main\java\com\github\alexthe666\alexsmobs\client\render\LavaVisionFluidRenderer.java:70: error: no suitable method found for shouldRenderFace(BlockAndTintGetter,BlockPos,FluidState,BlockState,Direction,FluidState)
                boolean flag3 = shouldRenderFace(lightReaderIn, posIn, fluidStateIn, blockstateIn, Direction.NORTH, fluidstate2);
                                ^
    method FluidRenderer.shouldRenderFace(FluidState,BlockState,Direction,FluidState) is not applicable
      (actual and formal argument lists differ in length)
    method FluidRenderer.shouldRenderFace(FluidState,BlockState,Direction,BlockState) is not applicable
      (actual and formal argument lists differ in length)
C:\Users\justi\Documents\GitHub\AlexsMobs-26.2\src\main\java\com\github\alexthe666\alexsmobs\client\render\LavaVisionFluidRenderer.java:71: error: no suitable method found for shouldRenderFace(BlockAndTintGetter,BlockPos,FluidState,BlockState,Direction,FluidState)
                boolean flag4 = shouldRenderFace(lightReaderIn, posIn, fluidStateIn, blockstateIn, Direction.SOUTH, fluidstate3);
                                ^
    method FluidRenderer.shouldRenderFace(FluidState,BlockState,Direction,FluidState) is not applicable
      (actual and formal argument lists differ in length)
    method FluidRenderer.shouldRenderFace(FluidState,BlockState,Direction,BlockState) is not applicable
      (actual and formal argument lists differ in length)
C:\Users\justi\Documents\GitHub\AlexsMobs-26.2\src\main\java\com\github\alexthe666\alexsmobs\client\render\LavaVisionFluidRenderer.java:72: error: no suitable method found for shouldRenderFace(BlockAndTintGetter,BlockPos,FluidState,BlockState,Direction,FluidState)
                boolean flag5 = shouldRenderFace(lightReaderIn, posIn, fluidStateIn, blockstateIn, Direction.WEST, fluidstate4);
                                ^
    method FluidRenderer.shouldRenderFace(FluidState,BlockState,Direction,FluidState) is not applicable
      (actual and formal argument lists differ in length)
    method FluidRenderer.shouldRenderFace(FluidState,BlockState,Direction,BlockState) is not applicable
      (actual and formal argument lists differ in length)
C:\Users\justi\Documents\GitHub\AlexsMobs-26.2\src\main\java\com\github\alexthe666\alexsmobs\client\render\LavaVisionFluidRenderer.java:73: error: no suitable method found for shouldRenderFace(BlockAndTintGetter,BlockPos,FluidState,BlockState,Direction,FluidState)
                boolean flag6 = shouldRenderFace(lightReaderIn, posIn, fluidStateIn, blockstateIn, Direction.EAST, fluidstate5);
                                ^
    method FluidRenderer.shouldRenderFace(FluidState,BlockState,Direction,FluidState) is not applicable
      (actual and formal argument lists differ in length)
    method FluidRenderer.shouldRenderFace(FluidState,BlockState,Direction,BlockState) is not applicable
      (actual and formal argument lists differ in length)
C:\Users\justi\Documents\GitHub\AlexsMobs-26.2\src\main\java\com\github\alexthe666\alexsmobs\client\render\LavaVisionFluidRenderer.java:77: error: cannot find symbol
                    float f3 = lightReaderIn.getShade(Direction.DOWN, true);
                                            ^
  symbol:   method getShade(Direction,boolean)
  location: variable lightReaderIn of type BlockAndTintGetter
C:\Users\justi\Documents\GitHub\AlexsMobs-26.2\src\main\java\com\github\alexthe666\alexsmobs\client\render\LavaVisionFluidRenderer.java:78: error: cannot find symbol
                    float f4 = lightReaderIn.getShade(Direction.UP, true);
                                            ^
  symbol:   method getShade(Direction,boolean)
  location: variable lightReaderIn of type BlockAndTintGetter
C:\Users\justi\Documents\GitHub\AlexsMobs-26.2\src\main\java\com\github\alexthe666\alexsmobs\client\render\LavaVisionFluidRenderer.java:79: error: cannot find symbol
                    float f5 = lightReaderIn.getShade(Direction.NORTH, true);
                                            ^
  symbol:   method getShade(Direction,boolean)
  location: variable lightReaderIn of type BlockAndTintGetter
C:\Users\justi\Documents\GitHub\AlexsMobs-26.2\src\main\java\com\github\alexthe666\alexsmobs\client\render\LavaVisionFluidRenderer.java:80: error: cannot find symbol
                    float f6 = lightReaderIn.getShade(Direction.WEST, true);
                                            ^
  symbol:   method getShade(Direction,boolean)
  location: variable lightReaderIn of type BlockAndTintGetter
C:\Users\justi\Documents\GitHub\AlexsMobs-26.2\src\main\java\com\github\alexthe666\alexsmobs\client\render\LavaVisionFluidRenderer.java:123: error: incompatible types: possible lossy conversion from double to float
                            f18 = textureatlassprite1.getU(0.0D);
                                                           ^
C:\Users\justi\Documents\GitHub\AlexsMobs-26.2\src\main\java\com\github\alexthe666\alexsmobs\client\render\LavaVisionFluidRenderer.java:124: error: incompatible types: possible lossy conversion from double to float
                            f22 = textureatlassprite1.getV(0.0D);
                                                           ^
C:\Users\justi\Documents\GitHub\AlexsMobs-26.2\src\main\java\com\github\alexthe666\alexsmobs\client\render\LavaVisionFluidRenderer.java:126: error: incompatible types: possible lossy conversion from double to float
                            f23 = textureatlassprite1.getV(16.0D);
                                                           ^
C:\Users\justi\Documents\GitHub\AlexsMobs-26.2\src\main\java\com\github\alexthe666\alexsmobs\client\render\LavaVisionFluidRenderer.java:127: error: incompatible types: possible lossy conversion from double to float
                            f20 = textureatlassprite1.getU(16.0D);
                                                           ^
C:\Users\justi\Documents\GitHub\AlexsMobs-26.2\src\main\java\com\github\alexthe666\alexsmobs\client\render\LavaVisionFluidRenderer.java:136: error: incompatible types: possible lossy conversion from double to float
                            f18 = textureatlassprite.getU((double)(8.0F + (-f28 - f27) * 16.0F));
                                                          ^
C:\Users\justi\Documents\GitHub\AlexsMobs-26.2\src\main\java\com\github\alexthe666\alexsmobs\client\render\LavaVisionFluidRenderer.java:137: error: incompatible types: possible lossy conversion from double to float
                            f22 = textureatlassprite.getV((double)(8.0F + (-f28 + f27) * 16.0F));
                                                          ^
C:\Users\justi\Documents\GitHub\AlexsMobs-26.2\src\main\java\com\github\alexthe666\alexsmobs\client\render\LavaVisionFluidRenderer.java:138: error: incompatible types: possible lossy conversion from double to float
                            f19 = textureatlassprite.getU((double)(8.0F + (-f28 + f27) * 16.0F));
                                                          ^
C:\Users\justi\Documents\GitHub\AlexsMobs-26.2\src\main\java\com\github\alexthe666\alexsmobs\client\render\LavaVisionFluidRenderer.java:139: error: incompatible types: possible lossy conversion from double to float
                            f23 = textureatlassprite.getV((double)(8.0F + (f28 + f27) * 16.0F));
                                                          ^
C:\Users\justi\Documents\GitHub\AlexsMobs-26.2\src\main\java\com\github\alexthe666\alexsmobs\client\render\LavaVisionFluidRenderer.java:140: error: incompatible types: possible lossy conversion from double to float
                            f20 = textureatlassprite.getU((double)(8.0F + (f28 + f27) * 16.0F));
                                                          ^
C:\Users\justi\Documents\GitHub\AlexsMobs-26.2\src\main\java\com\github\alexthe666\alexsmobs\client\render\LavaVisionFluidRenderer.java:141: error: incompatible types: possible lossy conversion from double to float
                            f24 = textureatlassprite.getV((double)(8.0F + (f28 - f27) * 16.0F));
                                                          ^
C:\Users\justi\Documents\GitHub\AlexsMobs-26.2\src\main\java\com\github\alexthe666\alexsmobs\client\render\LavaVisionFluidRenderer.java:142: error: incompatible types: possible lossy conversion from double to float
                            f21 = textureatlassprite.getU((double)(8.0F + (f28 - f27) * 16.0F));
                                                          ^
C:\Users\justi\Documents\GitHub\AlexsMobs-26.2\src\main\java\com\github\alexthe666\alexsmobs\client\render\LavaVisionFluidRenderer.java:143: error: incompatible types: possible lossy conversion from double to float
                            f25 = textureatlassprite.getV((double)(8.0F + (-f28 - f27) * 16.0F));
                                                          ^
C:\Users\justi\Documents\GitHub\AlexsMobs-26.2\src\main\java\com\github\alexthe666\alexsmobs\client\render\LavaVisionFluidRenderer.java:250: error: incompatible types: possible lossy conversion from double to float
                            float f54 = textureatlassprite2.getU(0.0D);
                                                                 ^
C:\Users\justi\Documents\GitHub\AlexsMobs-26.2\src\main\java\com\github\alexthe666\alexsmobs\client\render\LavaVisionFluidRenderer.java:251: error: incompatible types: possible lossy conversion from double to float
                            float f55 = textureatlassprite2.getU(8.0D);
                                                                 ^
C:\Users\justi\Documents\GitHub\AlexsMobs-26.2\src\main\java\com\github\alexthe666\alexsmobs\client\render\LavaVisionFluidRenderer.java:252: error: incompatible types: possible lossy conversion from double to float
                            float f33 = textureatlassprite2.getV((double)((1.0F - f44) * 16.0F * 0.5F));
                                                                 ^
C:\Users\justi\Documents\GitHub\AlexsMobs-26.2\src\main\java\com\github\alexthe666\alexsmobs\client\render\LavaVisionFluidRenderer.java:253: error: incompatible types: possible lossy conversion from double to float
                            float f34 = textureatlassprite2.getV((double)((1.0F - f45) * 16.0F * 0.5F));
                                                                 ^
C:\Users\justi\Documents\GitHub\AlexsMobs-26.2\src\main\java\com\github\alexthe666\alexsmobs\client\render\LavaVisionFluidRenderer.java:254: error: incompatible types: possible lossy conversion from double to float
                            float f35 = textureatlassprite2.getV(8.0D);
                                                                 ^
C:\Users\justi\Documents\GitHub\AlexsMobs-26.2\src\main\java\com\github\alexthe666\alexsmobs\client\render\LavaVisionFluidRenderer.java:276: error: incompatible types: VertexConsumer cannot be converted to Output
                 super.tesselate(lightReaderIn, posIn, vertexBuilderIn, blockstateIn, fluidStateIn);
                                                       ^
C:\Users\justi\Documents\GitHub\AlexsMobs-26.2\src\main\java\com\github\alexthe666\alexsmobs\client\render\LavaVisionFluidRenderer.java:283: error: cannot find symbol
        vertexBuilderIn.vertex(x, y, z).color(red, green, blue, alpha).uv(u, v).uv2(packedLight).normal(0.0F, 1.0F, 0.0F).endVertex();
                       ^
  symbol:   method vertex(double,double,double)
  location: variable vertexBuilderIn of type VertexConsumer
C:\Users\justi\Documents\GitHub\AlexsMobs-26.2\src\main\java\com\github\alexthe666\alexsmobs\client\render\LavaVisionFluidRenderer.java:287: error: cannot find symbol
        int i = LevelRenderer.getLightColor(lightReaderIn, posIn);
                             ^
  symbol:   method getLightColor(BlockAndTintGetter,BlockPos)
  location: class LevelRenderer
C:\Users\justi\Documents\GitHub\AlexsMobs-26.2\src\main\java\com\github\alexthe666\alexsmobs\client\render\LavaVisionFluidRenderer.java:288: error: cannot find symbol
        int j = LevelRenderer.getLightColor(lightReaderIn, posIn.above());
                             ^
  symbol:   method getLightColor(BlockAndTintGetter,BlockPos)
  location: class LevelRenderer
C:\Users\justi\Documents\GitHub\AlexsMobs-26.2\src\main\java\com\github\alexthe666\alexsmobs\client\render\LavaVisionFluidRenderer.java:331: error: method getOcclusionShape in class BlockStateBase cannot be applied to given types;
            VoxelShape voxelshape1 = p_110983_.getOcclusionShape(p_110979_, p_110982_);
                                              ^
  required: no arguments
  found:    BlockGetter,BlockPos
  reason: actual and formal argument lists differ in length
C:\Users\justi\Documents\GitHub\AlexsMobs-26.2\src\main\java\com\github\alexthe666\alexsmobs\client\render\LavaVisionFluidRenderer.java:332: error: cannot find symbol
            return Shapes.blockOccudes(voxelshape, voxelshape1, p_110980_);
                         ^
  symbol:   method blockOccudes(VoxelShape,VoxelShape,Direction)
  location: class Shapes
C:\Users\justi\Documents\GitHub\AlexsMobs-26.2\src\main\java\com\github\alexthe666\alexsmobs\client\render\layer\LayerAnteaterBaby.java:21: error: type argument EntityAnteater is not within bounds of type-variable S
public class LayerAnteaterBaby extends RenderLayer<EntityAnteater, ModelAnteater> {
                                                   ^
  where S is a type-variable:
    S extends EntityRenderState declared in class RenderLayer
C:\Users\justi\Documents\GitHub\AlexsMobs-26.2\src\main\java\com\github\alexthe666\alexsmobs\client\render\layer\LayerAnteaterBaby.java:21: error: LayerAnteaterBaby is not abstract and does not override abstract method submit(PoseStack,SubmitNodeCollector,int,EntityAnteater,float,float) in RenderLayer
public class LayerAnteaterBaby extends RenderLayer<EntityAnteater, ModelAnteater> {
       ^
C:\Users\justi\Documents\GitHub\AlexsMobs-26.2\src\main\java\com\github\alexthe666\alexsmobs\client\render\layer\LayerAnteaterBaby.java:24: error: incompatible types: RenderAnteater cannot be converted to RenderLayerParent<EntityAnteater,ModelAnteater>
        super(render);
              ^
C:\Users\justi\Documents\GitHub\AlexsMobs-26.2\src\main\java\com\github\alexthe666\alexsmobs\client\render\layer\LayerAnteaterBaby.java:54: error: wrong number of type arguments; required 2
        EntityRenderer<? super E> render = null;
                      ^
C:\Users\justi\Documents\GitHub\AlexsMobs-26.2\src\main\java\com\github\alexthe666\alexsmobs\client\render\RenderAnteater.java:16: error: type argument ModelAnteater is not within bounds of type-variable M
public class RenderAnteater extends MobRenderer<EntityAnteater, LivingEntityRenderState, ModelAnteater> {
                                                                                         ^
  where M,S are type-variables:
    M extends EntityModel<? super S> declared in class MobRenderer
    S extends LivingEntityRenderState declared in class MobRenderer
C:\Users\justi\Documents\GitHub\AlexsMobs-26.2\src\main\java\com\github\alexthe666\alexsmobs\client\render\RenderAnteater.java:16: error: RenderAnteater is not abstract and does not override abstract method getTextureLocation(LivingEntityRenderState) in LivingEntityRenderer
public class RenderAnteater extends MobRenderer<EntityAnteater, LivingEntityRenderState, ModelAnteater> {
       ^
C:\Users\justi\Documents\GitHub\AlexsMobs-26.2\src\main\java\com\github\alexthe666\alexsmobs\client\render\RenderAnteater.java:22: error: incompatible types: LayerAnteaterTongueItem cannot be converted to RenderLayer<LivingEntityRenderState,ModelAnteater>
        this.addLayer(new LayerAnteaterTongueItem(this));
                      ^
C:\Users\justi\Documents\GitHub\AlexsMobs-26.2\src\main\java\com\github\alexthe666\alexsmobs\client\render\RenderAnteater.java:23: error: incompatible types: LayerAnteaterBaby cannot be converted to RenderLayer<LivingEntityRenderState,ModelAnteater>
        this.addLayer(new LayerAnteaterBaby(this));
                      ^
C:\Users\justi\Documents\GitHub\AlexsMobs-26.2\src\main\java\com\github\alexthe666\alexsmobs\client\render\layer\LayerAnteaterTongueItem.java:20: error: type argument EntityAnteater is not within bounds of type-variable S
public class LayerAnteaterTongueItem extends RenderLayer<EntityAnteater, ModelAnteater> {
                                                         ^
  where S is a type-variable:
    S extends EntityRenderState declared in class RenderLayer
C:\Users\justi\Documents\GitHub\AlexsMobs-26.2\src\main\java\com\github\alexthe666\alexsmobs\client\render\layer\LayerAnteaterTongueItem.java:20: error: LayerAnteaterTongueItem is not abstract and does not override abstract method submit(PoseStack,SubmitNodeCollector,int,EntityAnteater,float,float) in RenderLayer
public class LayerAnteaterTongueItem extends RenderLayer<EntityAnteater, ModelAnteater> {
       ^
C:\Users\justi\Documents\GitHub\AlexsMobs-26.2\src\main\java\com\github\alexthe666\alexsmobs\client\render\layer\LayerAnteaterTongueItem.java:26: error: incompatible types: RenderAnteater cannot be converted to RenderLayerParent<EntityAnteater,ModelAnteater>
        super(render);
              ^
C:\Users\justi\Documents\GitHub\AlexsMobs-26.2\src\main\java\com\github\alexthe666\alexsmobs\client\render\layer\LayerAnteaterTongueItem.java:50: error: cannot find symbol
                VertexConsumer ivertexbuilder = bufferIn.getBuffer(RenderType.entityCutoutNoCull(TEXTURE));
                                                                             ^
  symbol:   method entityCutoutNoCull(Identifier)
  location: class RenderType
C:\Users\justi\Documents\GitHub\AlexsMobs-26.2\src\main\java\com\github\alexthe666\alexsmobs\client\render\layer\LayerAnteaterTongueItem.java:58: error: method renderItem in class ItemInHandRenderer cannot be applied to given types;
                renderer.renderItem(anteater, itemstack, ItemDisplayContext.GROUND, false, matrixStackIn, bufferIn, packedLightIn);
                        ^
  required: LivingEntity,ItemStack,ItemDisplayContext,PoseStack,SubmitNodeCollector,int
  found:    EntityAnteater,ItemStack,ItemDisplayContext,boolean,PoseStack,OrderedSubmitNodeCollector,int
  reason: actual and formal argument lists differ in length
C:\Users\justi\Documents\GitHub\AlexsMobs-26.2\src\main\java\com\github\alexthe666\alexsmobs\client\render\layer\LayerBasicGlow.java:14: error: type argument T is not within bounds of type-variable S
public class LayerBasicGlow<T extends LivingEntity> extends RenderLayer<T, EntityModel<T>> {
                                                                        ^
  where T,S are type-variables:
    T extends LivingEntity declared in class LayerBasicGlow
    S extends EntityRenderState declared in class RenderLayer
C:\Users\justi\Documents\GitHub\AlexsMobs-26.2\src\main\java\com\github\alexthe666\alexsmobs\client\render\layer\LayerBasicGlow.java:14: error: type argument T#1 is not within bounds of type-variable T#2
public class LayerBasicGlow<T extends LivingEntity> extends RenderLayer<T, EntityModel<T>> {
                                                                                       ^
  where T#1,T#2 are type-variables:
    T#1 extends LivingEntity declared in class LayerBasicGlow
    T#2 extends EntityRenderState declared in class EntityModel
C:\Users\justi\Documents\GitHub\AlexsMobs-26.2\src\main\java\com\github\alexthe666\alexsmobs\client\render\layer\LayerBasicGlow.java:14: error: LayerBasicGlow is not abstract and does not override abstract method submit(PoseStack,SubmitNodeCollector,int,T,float,float) in RenderLayer
public class LayerBasicGlow<T extends LivingEntity> extends RenderLayer<T, EntityModel<T>> {
       ^
  where T is a type-variable:
    T extends LivingEntity declared in class LayerBasicGlow
C:\Users\justi\Documents\GitHub\AlexsMobs-26.2\src\main\java\com\github\alexthe666\alexsmobs\client\render\layer\LayerBasicGlow.java:18: error: type argument T is not within bounds of type-variable S
    public LayerBasicGlow(RenderLayerParent<T, EntityModel<T>> renderer, Identifier texture) {
                                            ^
  where T,S are type-variables:
    T extends LivingEntity declared in class LayerBasicGlow
    S extends EntityRenderState declared in interface RenderLayerParent
C:\Users\justi\Documents\GitHub\AlexsMobs-26.2\src\main\java\com\github\alexthe666\alexsmobs\client\render\layer\LayerBasicGlow.java:18: error: type argument T#1 is not within bounds of type-variable T#2
    public LayerBasicGlow(RenderLayerParent<T, EntityModel<T>> renderer, Identifier texture) {
                                                           ^
  where T#1,T#2 are type-variables:
    T#1 extends LivingEntity declared in class LayerBasicGlow
    T#2 extends EntityRenderState declared in class EntityModel
C:\Users\justi\Documents\GitHub\AlexsMobs-26.2\src\main\java\com\github\alexthe666\alexsmobs\client\render\layer\LayerBasicGlow.java:21: error: cannot find symbol
        this.renderType = RenderType.eyes(texture);
                                    ^
  symbol:   method eyes(Identifier)
  location: class RenderType
C:\Users\justi\Documents\GitHub\AlexsMobs-26.2\src\main\java\com\github\alexthe666\alexsmobs\client\render\layer\LayerBasicGlow.java:28: error: method does not override or implement a method from a supertype
    @Override
    ^
C:\Users\justi\Documents\GitHub\AlexsMobs-26.2\src\main\java\com\github\alexthe666\alexsmobs\client\render\layer\LayerBasicGlow.java:30: error: cannot find symbol
        VertexConsumer ivertexbuilder = bufferIn.getBuffer(renderType);
                                                ^
  symbol:   method getBuffer(RenderType)
  location: variable bufferIn of type OrderedSubmitNodeCollector
C:\Users\justi\Documents\GitHub\AlexsMobs-26.2\src\main\java\com\github\alexthe666\alexsmobs\client\render\layer\LayerBasicGlow.java:31: error: method renderToBuffer in class Model<S> cannot be applied to given types;
        this.getParentModel().renderToBuffer(matrixStackIn, ivertexbuilder, packedLightIn, OverlayTexture.NO_OVERLAY, 1.0F, 1.0F, 1.0F, 1.0F);
                             ^
  required: PoseStack,VertexConsumer,int,int,int
  found:    PoseStack,VertexConsumer,int,int,float,float,float,float
  reason: actual and formal argument lists differ in length
  where S is a type-variable:
    S extends Object declared in class Model
C:\Users\justi\Documents\GitHub\AlexsMobs-26.2\src\main\java\com\github\alexthe666\alexsmobs\client\render\layer\LayerCachalotWhaleCapturedSquid.java:21: error: type argument EntityCachalotWhale is not within bounds of type-variable S
public class LayerCachalotWhaleCapturedSquid  extends RenderLayer<EntityCachalotWhale, ModelCachalotWhale> {
                                                                  ^
  where S is a type-variable:
    S extends EntityRenderState declared in class RenderLayer
C:\Users\justi\Documents\GitHub\AlexsMobs-26.2\src\main\java\com\github\alexthe666\alexsmobs\client\render\layer\LayerCachalotWhaleCapturedSquid.java:21: error: LayerCachalotWhaleCapturedSquid is not abstract and does not override abstract method submit(PoseStack,SubmitNodeCollector,int,EntityCachalotWhale,float,float) in RenderLayer
public class LayerCachalotWhaleCapturedSquid  extends RenderLayer<EntityCachalotWhale, ModelCachalotWhale> {
       ^
C:\Users\justi\Documents\GitHub\AlexsMobs-26.2\src\main\java\com\github\alexthe666\alexsmobs\client\render\layer\LayerCachalotWhaleCapturedSquid.java:24: error: incompatible types: RenderCachalotWhale cannot be converted to RenderLayerParent<EntityCachalotWhale,ModelCachalotWhale>
        super(render);
              ^
C:\Users\justi\Documents\GitHub\AlexsMobs-26.2\src\main\java\com\github\alexthe666\alexsmobs\client\render\layer\LayerCachalotWhaleCapturedSquid.java:55: error: wrong number of type arguments; required 2
        EntityRenderer<? super E> render = null;
                      ^
C:\Users\justi\Documents\GitHub\AlexsMobs-26.2\src\main\java\com\github\alexthe666\alexsmobs\client\render\RenderCachalotWhale.java:16: error: type argument ModelCachalotWhale is not within bounds of type-variable M
public class RenderCachalotWhale extends MobRenderer<EntityCachalotWhale, LivingEntityRenderState, ModelCachalotWhale> {
                                                                                                   ^
  where M,S are type-variables:
    M extends EntityModel<? super S> declared in class MobRenderer
    S extends LivingEntityRenderState declared in class MobRenderer
C:\Users\justi\Documents\GitHub\AlexsMobs-26.2\src\main\java\com\github\alexthe666\alexsmobs\client\render\RenderCachalotWhale.java:16: error: RenderCachalotWhale is not abstract and does not override abstract method getTextureLocation(LivingEntityRenderState) in LivingEntityRenderer
public class RenderCachalotWhale extends MobRenderer<EntityCachalotWhale, LivingEntityRenderState, ModelCachalotWhale> {
       ^
C:\Users\justi\Documents\GitHub\AlexsMobs-26.2\src\main\java\com\github\alexthe666\alexsmobs\client\render\RenderCachalotWhale.java:24: error: incompatible types: LayerCachalotWhaleCapturedSquid cannot be converted to RenderLayer<LivingEntityRenderState,ModelCachalotWhale>
        this.addLayer(new LayerCachalotWhaleCapturedSquid(this));
                      ^
C:\Users\justi\Documents\GitHub\AlexsMobs-26.2\src\main\java\com\github\alexthe666\alexsmobs\client\render\layer\LayerCapuchinItem.java:20: error: type argument EntityCapuchinMonkey is not within bounds of type-variable S
public class LayerCapuchinItem extends RenderLayer<EntityCapuchinMonkey, ModelCapuchinMonkey> {
                                                   ^
  where S is a type-variable:
    S extends EntityRenderState declared in class RenderLayer
C:\Users\justi\Documents\GitHub\AlexsMobs-26.2\src\main\java\com\github\alexthe666\alexsmobs\client\render\layer\LayerCapuchinItem.java:20: error: LayerCapuchinItem is not abstract and does not override abstract method submit(PoseStack,SubmitNodeCollector,int,EntityCapuchinMonkey,float,float) in RenderLayer
public class LayerCapuchinItem extends RenderLayer<EntityCapuchinMonkey, ModelCapuchinMonkey> {
       ^
C:\Users\justi\Documents\GitHub\AlexsMobs-26.2\src\main\java\com\github\alexthe666\alexsmobs\client\render\layer\LayerCapuchinItem.java:26: error: incompatible types: RenderCapuchinMonkey cannot be converted to RenderLayerParent<EntityCapuchinMonkey,ModelCapuchinMonkey>
        super(render);
              ^
C:\Users\justi\Documents\GitHub\AlexsMobs-26.2\src\main\java\com\github\alexthe666\alexsmobs\client\render\layer\LayerCapuchinItem.java:54: error: cannot find symbol
            VertexConsumer ivertexbuilder = bufferIn.getBuffer(DART_MODEL.renderType(DART_TEXTURE));
                                                    ^
  symbol:   method getBuffer(RenderType)
  location: variable bufferIn of type OrderedSubmitNodeCollector
C:\Users\justi\Documents\GitHub\AlexsMobs-26.2\src\main\java\com\github\alexthe666\alexsmobs\client\render\layer\LayerCapuchinItem.java:55: error: method renderToBuffer in class Model<S> cannot be applied to given types;
            DART_MODEL.renderToBuffer(matrixStackIn, ivertexbuilder, packedLightIn, OverlayTexture.NO_OVERLAY, 1.0F, 1.0F, 1.0F, 1.0F);
                      ^
  required: PoseStack,VertexConsumer,int,int,int
  found:    PoseStack,VertexConsumer,int,int,float,float,float,float
  reason: actual and formal argument lists differ in length
  where S is a type-variable:
    S extends Object declared in class Model
C:\Users\justi\Documents\GitHub\AlexsMobs-26.2\src\main\java\com\github\alexthe666\alexsmobs\client\render\layer\LayerCapuchinItem.java:75: error: method renderItem in class ItemInHandRenderer cannot be applied to given types;
            renderer.renderItem(entitylivingbaseIn, itemstack, ItemDisplayContext.GROUND, false, matrixStackIn, bufferIn, packedLightIn);
                    ^
  required: LivingEntity,ItemStack,ItemDisplayContext,PoseStack,SubmitNodeCollector,int
  found:    EntityCapuchinMonkey,ItemStack,ItemDisplayContext,boolean,PoseStack,OrderedSubmitNodeCollector,int
  reason: actual and formal argument lists differ in length
C:\Users\justi\Documents\GitHub\AlexsMobs-26.2\src\main\java\com\github\alexthe666\alexsmobs\client\render\RenderCapuchinMonkey.java:14: error: type argument ModelCapuchinMonkey is not within bounds of type-variable M
public class RenderCapuchinMonkey extends MobRenderer<EntityCapuchinMonkey, LivingEntityRenderState, ModelCapuchinMonkey> {
                                                                                                     ^
  where M,S are type-variables:
    M extends EntityModel<? super S> declared in class MobRenderer
    S extends LivingEntityRenderState declared in class MobRenderer
C:\Users\justi\Documents\GitHub\AlexsMobs-26.2\src\main\java\com\github\alexthe666\alexsmobs\client\render\RenderCapuchinMonkey.java:14: error: RenderCapuchinMonkey is not abstract and does not override abstract method getTextureLocation(LivingEntityRenderState) in LivingEntityRenderer
public class RenderCapuchinMonkey extends MobRenderer<EntityCapuchinMonkey, LivingEntityRenderState, ModelCapuchinMonkey> {
       ^
C:\Users\justi\Documents\GitHub\AlexsMobs-26.2\src\main\java\com\github\alexthe666\alexsmobs\client\render\RenderCapuchinMonkey.java:22: error: incompatible types: LayerCapuchinItem cannot be converted to RenderLayer<LivingEntityRenderState,ModelCapuchinMonkey>
        this.addLayer(new LayerCapuchinItem(this));
                      ^
C:\Users\justi\Documents\GitHub\AlexsMobs-26.2\src\main\java\com\github\alexthe666\alexsmobs\client\render\layer\LayerCentipedeHeadEyes.java:14: error: type argument EntityCentipedeHead is not within bounds of type-variable S
public class LayerCentipedeHeadEyes extends RenderLayer<EntityCentipedeHead, AdvancedEntityModel<EntityCentipedeHead>> {
                                                        ^
  where S is a type-variable:
    S extends EntityRenderState declared in class RenderLayer
C:\Users\justi\Documents\GitHub\AlexsMobs-26.2\src\main\java\com\github\alexthe666\alexsmobs\client\render\layer\LayerCentipedeHeadEyes.java:14: error: LayerCentipedeHeadEyes is not abstract and does not override abstract method submit(PoseStack,SubmitNodeCollector,int,EntityCentipedeHead,float,float) in RenderLayer
public class LayerCentipedeHeadEyes extends RenderLayer<EntityCentipedeHead, AdvancedEntityModel<EntityCentipedeHead>> {
       ^
C:\Users\justi\Documents\GitHub\AlexsMobs-26.2\src\main\java\com\github\alexthe666\alexsmobs\client\render\layer\LayerCentipedeHeadEyes.java:18: error: incompatible types: RenderCentipedeHead cannot be converted to RenderLayerParent<EntityCentipedeHead,AdvancedEntityModel<EntityCentipedeHead>>
        super(render);
              ^
C:\Users\justi\Documents\GitHub\AlexsMobs-26.2\src\main\java\com\github\alexthe666\alexsmobs\client\render\layer\LayerCentipedeHeadEyes.java:22: error: cannot find symbol
        VertexConsumer ivertexbuilder = bufferIn.getBuffer(RenderType.eyes(TEXTURE));
                                                                     ^
  symbol:   method eyes(Identifier)
  location: class RenderType
C:\Users\justi\Documents\GitHub\AlexsMobs-26.2\src\main\java\com\github\alexthe666\alexsmobs\client\render\layer\LayerCentipedeHeadEyes.java:23: error: incompatible types: EntityCentipedeHead cannot be converted to LivingEntityRenderState
        this.getParentModel().renderToBuffer(matrixStackIn, ivertexbuilder, packedLightIn, LivingEntityRenderer.getOverlayCoords(entitylivingbaseIn, 0.0F), 1.0F, 1.0F, 1.0F, 1.0F);
                                                                                                                                 ^
C:\Users\justi\Documents\GitHub\AlexsMobs-26.2\src\main\java\com\github\alexthe666\alexsmobs\entity\EntityCentipedeHead.java:45: error: cannot find symbol
    private static final EntityDataAccessor<Optional<UUID>> CHILD_UUID = SynchedEntityData.defineId(EntityCentipedeHead.class, EntityDataSerializers.OPTIONAL_UUID);
                                                                                                                                                    ^
  symbol:   variable OPTIONAL_UUID
  location: class EntityDataSerializers
C:\Users\justi\Documents\GitHub\AlexsMobs-26.2\src\main\java\com\github\alexthe666\alexsmobs\entity\EntityCentipedeHead.java:116: error: method doHurtTarget in class Mob cannot be applied to given types;
        if (super.doHurtTarget(entityIn)) {
                 ^
  required: ServerLevel,Entity
  found:    Entity
  reason: actual and formal argument lists differ in length
C:\Users\justi\Documents\GitHub\AlexsMobs-26.2\src\main\java\com\github\alexthe666\alexsmobs\entity\EntityCentipedeHead.java:170: error: method finalizeSpawn in class Mob cannot be applied to given types;
        return super.finalizeSpawn(worldIn, difficultyIn, reason, spawnDataIn, dataTag);
                    ^
  required: ServerLevelAccessor,DifficultyInstance,EntitySpawnReason,SpawnGroupData
  found:    ServerLevelAccessor,DifficultyInstance,EntitySpawnReason,SpawnGroupData,CompoundTag
  reason: actual and formal argument lists differ in length
C:\Users\justi\Documents\GitHub\AlexsMobs-26.2\src\main\java\com\github\alexthe666\alexsmobs\entity\EntityCentipedeHead.java:202: error: method does not override or implement a method from a supertype
    @Override
    ^
C:\Users\justi\Documents\GitHub\AlexsMobs-26.2\src\main\java\com\github\alexthe666\alexsmobs\entity\EntityCentipedeHead.java:204: error: method isInvulnerableTo in class LivingEntity cannot be applied to given types;
        return source.is(DamageTypes.IN_WALL)  || super.isInvulnerableTo(source);
                                                       ^
  required: ServerLevel,DamageSource
  found:    DamageSource
  reason: actual and formal argument lists differ in length
C:\Users\justi\Documents\GitHub\AlexsMobs-26.2\src\main\java\com\github\alexthe666\alexsmobs\entity\EntityCentipedeHead.java:210: error: cannot find symbol
        isInsidePortal = false;
        ^
  symbol:   variable isInsidePortal
  location: class EntityCentipedeHead
C:\Users\justi\Documents\GitHub\AlexsMobs-26.2\src\main\java\com\github\alexthe666\alexsmobs\client\render\RenderCentipedeHead.java:19: error: type argument AdvancedEntityModel<EntityCentipedeHead> is not within bounds of type-variable M
public class RenderCentipedeHead extends MobRenderer<EntityCentipedeHead, LivingEntityRenderState, AdvancedEntityModel<EntityCentipedeHead>> {
                                                                                                                      ^
  where M,S are type-variables:
    M extends EntityModel<? super S> declared in class MobRenderer
    S extends LivingEntityRenderState declared in class MobRenderer
C:\Users\justi\Documents\GitHub\AlexsMobs-26.2\src\main\java\com\github\alexthe666\alexsmobs\client\render\RenderCentipedeHead.java:19: error: RenderCentipedeHead is not abstract and does not override abstract method getTextureLocation(LivingEntityRenderState) in LivingEntityRenderer
public class RenderCentipedeHead extends MobRenderer<EntityCentipedeHead, LivingEntityRenderState, AdvancedEntityModel<EntityCentipedeHead>> {
       ^
C:\Users\justi\Documents\GitHub\AlexsMobs-26.2\src\main\java\com\github\alexthe666\alexsmobs\client\render\RenderCentipedeHead.java:24: error: incompatible types: LayerCentipedeHeadEyes cannot be converted to RenderLayer<LivingEntityRenderState,AdvancedEntityModel<EntityCentipedeHead>>
        this.addLayer(new LayerCentipedeHeadEyes(this));
                      ^
C:\Users\justi\Documents\GitHub\AlexsMobs-26.2\src\main\java\com\github\alexthe666\alexsmobs\client\render\RenderCentipedeHead.java:27: error: method does not override or implement a method from a supertype
    @Override
    ^
C:\Users\justi\Documents\GitHub\AlexsMobs-26.2\src\main\java\com\github\alexthe666\alexsmobs\client\render\RenderCentipedeHead.java:29: error: incompatible types: EntityCentipedeHead cannot be converted to LivingEntityRenderState
        if (this.isShaking(entity)) {
                           ^
C:\Users\justi\Documents\GitHub\AlexsMobs-26.2\src\main\java\com\github\alexthe666\alexsmobs\entity\EntityCentipedeBody.java:38: error: cannot find symbol
    private static final EntityDataAccessor<Optional<UUID>> PARENT_UUID = SynchedEntityData.defineId(EntityCentipedeBody.class, EntityDataSerializers.OPTIONAL_UUID);
                                                                                                                                                     ^
  symbol:   variable OPTIONAL_UUID
  location: class EntityDataSerializers
C:\Users\justi\Documents\GitHub\AlexsMobs-26.2\src\main\java\com\github\alexthe666\alexsmobs\entity\EntityCentipedeBody.java:39: error: cannot find symbol
    private static final EntityDataAccessor<Optional<UUID>> CHILD_UUID = SynchedEntityData.defineId(EntityCentipedeBody.class, EntityDataSerializers.OPTIONAL_UUID);
                                                                                                                                                    ^
  symbol:   variable OPTIONAL_UUID
  location: class EntityDataSerializers
C:\Users\justi\Documents\GitHub\AlexsMobs-26.2\src\main\java\com\github\alexthe666\alexsmobs\entity\EntityCentipedeBody.java:55: error: method does not override or implement a method from a supertype
    @Override
    ^
C:\Users\justi\Documents\GitHub\AlexsMobs-26.2\src\main\java\com\github\alexthe666\alexsmobs\entity\EntityCentipedeBody.java:57: error: method isInvulnerableTo in class LivingEntity cannot be applied to given types;
        return  source.is(DamageTypes.IN_WALL)  || super.isInvulnerableTo(source);
                                                        ^
  required: ServerLevel,DamageSource
  found:    DamageSource
  reason: actual and formal argument lists differ in length
C:\Users\justi\Documents\GitHub\AlexsMobs-26.2\src\main\java\com\github\alexthe666\alexsmobs\entity\EntityCentipedeBody.java:67: error: cannot find symbol
        isInsidePortal = false;
        ^
  symbol:   variable isInsidePortal
  location: class EntityCentipedeBody
C:\Users\justi\Documents\GitHub\AlexsMobs-26.2\src\main\java\com\github\alexthe666\alexsmobs\entity\EntityCentipedeBody.java:163: error: hurt(DamageSource,float) in EntityCentipedeBody cannot override hurt(DamageSource,float) in Entity
    public boolean hurt(DamageSource source, float damage) {
                   ^
  overridden method is final
C:\Users\justi\Documents\GitHub\AlexsMobs-26.2\src\main\java\com\github\alexthe666\alexsmobs\entity\EntityCentipedeBody.java:162: error: method does not override or implement a method from a supertype
    @Override
    ^
C:\Users\justi\Documents\GitHub\AlexsMobs-26.2\src\main\java\com\github\alexthe666\alexsmobs\entity\EntityCentipedeBody.java:165: error: 'void' type not allowed here
        final boolean prev = parent != null && parent.hurt(source, damage * this.damageMultiplier);
                                                          ^
C:\Users\justi\Documents\GitHub\AlexsMobs-26.2\src\main\java\com\github\alexthe666\alexsmobs\entity\EntityCentipedeBody.java:185: error: startRiding(Entity) in EntityCentipedeBody cannot override startRiding(Entity) in Entity
    public boolean startRiding(Entity entityIn) {
                   ^
  overridden method is final
C:\Users\justi\Documents\GitHub\AlexsMobs-26.2\src\main\java\com\github\alexthe666\alexsmobs\entity\EntityCentipedeBody.java:237: error: cannot find symbol
        this.moveTo(avg.x, avg.y, avg.z, f, f2);
            ^
  symbol: method moveTo(double,double,double,float,float)
C:\Users\justi\Documents\GitHub\AlexsMobs-26.2\src\main\java\com\github\alexthe666\alexsmobs\client\render\layer\LayerCockroachMaracas.java:23: error: type argument EntityCockroach is not within bounds of type-variable S
public class LayerCockroachMaracas extends RenderLayer<EntityCockroach, ModelCockroach> {
                                                       ^
  where S is a type-variable:
    S extends EntityRenderState declared in class RenderLayer
C:\Users\justi\Documents\GitHub\AlexsMobs-26.2\src\main\java\com\github\alexthe666\alexsmobs\client\render\layer\LayerCockroachMaracas.java:23: error: LayerCockroachMaracas is not abstract and does not override abstract method submit(PoseStack,SubmitNodeCollector,int,EntityCockroach,float,float) in RenderLayer
public class LayerCockroachMaracas extends RenderLayer<EntityCockroach, ModelCockroach> {
       ^
C:\Users\justi\Documents\GitHub\AlexsMobs-26.2\src\main\java\com\github\alexthe666\alexsmobs\client\render\layer\LayerCockroachMaracas.java:30: error: incompatible types: RenderCockroach cannot be converted to RenderLayerParent<EntityCockroach,ModelCockroach>
        super(render);
              ^
C:\Users\justi\Documents\GitHub\AlexsMobs-26.2\src\main\java\com\github\alexthe666\alexsmobs\client\render\layer\LayerCockroachMaracas.java:50: error: method renderItem in class ItemInHandRenderer cannot be applied to given types;
            renderer.renderItem(entitylivingbaseIn, stack, ItemDisplayContext.GROUND, false, matrixStackIn, bufferIn, packedLightIn);
                    ^
  required: LivingEntity,ItemStack,ItemDisplayContext,PoseStack,SubmitNodeCollector,int
  found:    EntityCockroach,ItemStack,ItemDisplayContext,boolean,PoseStack,OrderedSubmitNodeCollector,int
  reason: actual and formal argument lists differ in length
C:\Users\justi\Documents\GitHub\AlexsMobs-26.2\src\main\java\com\github\alexthe666\alexsmobs\client\render\layer\LayerCockroachMaracas.java:58: error: method renderItem in class ItemInHandRenderer cannot be applied to given types;
            renderer.renderItem(entitylivingbaseIn, stack, ItemDisplayContext.GROUND, false, matrixStackIn, bufferIn, packedLightIn);
                    ^
  required: LivingEntity,ItemStack,ItemDisplayContext,PoseStack,SubmitNodeCollector,int
  found:    EntityCockroach,ItemStack,ItemDisplayContext,boolean,PoseStack,OrderedSubmitNodeCollector,int
  reason: actual and formal argument lists differ in length
C:\Users\justi\Documents\GitHub\AlexsMobs-26.2\src\main\java\com\github\alexthe666\alexsmobs\client\render\layer\LayerCockroachMaracas.java:66: error: method renderItem in class ItemInHandRenderer cannot be applied to given types;
            renderer.renderItem(entitylivingbaseIn, stack, ItemDisplayContext.GROUND, false, matrixStackIn, bufferIn, packedLightIn);
                    ^
  required: LivingEntity,ItemStack,ItemDisplayContext,PoseStack,SubmitNodeCollector,int
  found:    EntityCockroach,ItemStack,ItemDisplayContext,boolean,PoseStack,OrderedSubmitNodeCollector,int
  reason: actual and formal argument lists differ in length
C:\Users\justi\Documents\GitHub\AlexsMobs-26.2\src\main\java\com\github\alexthe666\alexsmobs\client\render\layer\LayerCockroachMaracas.java:74: error: method renderItem in class ItemInHandRenderer cannot be applied to given types;
            renderer.renderItem(entitylivingbaseIn, stack, ItemDisplayContext.GROUND, false, matrixStackIn, bufferIn, packedLightIn);
                    ^
  required: LivingEntity,ItemStack,ItemDisplayContext,PoseStack,SubmitNodeCollector,int
  found:    EntityCockroach,ItemStack,ItemDisplayContext,boolean,PoseStack,OrderedSubmitNodeCollector,int
  reason: actual and formal argument lists differ in length
C:\Users\justi\Documents\GitHub\AlexsMobs-26.2\src\main\java\com\github\alexthe666\alexsmobs\client\render\layer\LayerCockroachMaracas.java:83: error: cannot find symbol
                VertexConsumer ivertexbuilder = bufferIn.getBuffer(RenderType.entityCutoutNoCull(SOMBRERO_TEX));
                                                                             ^
  symbol:   method entityCutoutNoCull(Identifier)
  location: class RenderType
C:\Users\justi\Documents\GitHub\AlexsMobs-26.2\src\main\java\com\github\alexthe666\alexsmobs\client\render\layer\LayerCockroachMaracas.java:84: error: incompatible types: EntityCockroach cannot be converted to LivingEntityRenderState
                sombrero.renderToBuffer(matrixStackIn, ivertexbuilder, packedLightIn, LivingEntityRenderer.getOverlayCoords(entitylivingbaseIn, 0.0F), 1.0F, 1.0F, 1.0F, 1.0F);
                                                                                                                            ^
C:\Users\justi\Documents\GitHub\AlexsMobs-26.2\src\main\java\com\github\alexthe666\alexsmobs\client\render\RenderCockroach.java:14: error: type argument ModelCockroach is not within bounds of type-variable M
public class RenderCockroach extends MobRenderer<EntityCockroach, LivingEntityRenderState, ModelCockroach> {
                                                                                           ^
  where M,S are type-variables:
    M extends EntityModel<? super S> declared in class MobRenderer
    S extends LivingEntityRenderState declared in class MobRenderer
C:\Users\justi\Documents\GitHub\AlexsMobs-26.2\src\main\java\com\github\alexthe666\alexsmobs\client\render\RenderCockroach.java:14: error: RenderCockroach is not abstract and does not override abstract method getTextureLocation(LivingEntityRenderState) in LivingEntityRenderer
public class RenderCockroach extends MobRenderer<EntityCockroach, LivingEntityRenderState, ModelCockroach> {
       ^
C:\Users\justi\Documents\GitHub\AlexsMobs-26.2\src\main\java\com\github\alexthe666\alexsmobs\client\render\RenderCockroach.java:19: error: incompatible types: LayerCockroachMaracas cannot be converted to RenderLayer<LivingEntityRenderState,ModelCockroach>
        this.addLayer(new LayerCockroachMaracas(this, renderManagerIn));
                      ^
C:\Users\justi\Documents\GitHub\AlexsMobs-26.2\src\main\java\com\github\alexthe666\alexsmobs\client\render\layer\LayerCrimsonMosquitoBlood.java:14: error: type argument EntityCrimsonMosquito is not within bounds of type-variable S
public class LayerCrimsonMosquitoBlood extends RenderLayer<EntityCrimsonMosquito, ModelCrimsonMosquito> {
                                                           ^
  where S is a type-variable:
    S extends EntityRenderState declared in class RenderLayer
C:\Users\justi\Documents\GitHub\AlexsMobs-26.2\src\main\java\com\github\alexthe666\alexsmobs\client\render\layer\LayerCrimsonMosquitoBlood.java:14: error: LayerCrimsonMosquitoBlood is not abstract and does not override abstract method submit(PoseStack,SubmitNodeCollector,int,EntityCrimsonMosquito,float,float) in RenderLayer
public class LayerCrimsonMosquitoBlood extends RenderLayer<EntityCrimsonMosquito, ModelCrimsonMosquito> {
       ^
C:\Users\justi\Documents\GitHub\AlexsMobs-26.2\src\main\java\com\github\alexthe666\alexsmobs\client\render\layer\LayerCrimsonMosquitoBlood.java:19: error: incompatible types: RenderCrimsonMosquito cannot be converted to RenderLayerParent<EntityCrimsonMosquito,ModelCrimsonMosquito>
        super(renderCrimsonMosquito);
              ^
C:\Users\justi\Documents\GitHub\AlexsMobs-26.2\src\main\java\com\github\alexthe666\alexsmobs\client\render\layer\LayerCrimsonMosquitoBlood.java:24: error: cannot find symbol
            VertexConsumer ivertexbuilder = bufferIn.getBuffer(RenderType.eyes(entitylivingbaseIn.isSick() ? TEXTURE_SICK : TEXTURE));
                                                                         ^
  symbol:   method eyes(entitylivi[...]XTURE)
  location: class RenderType
C:\Users\justi\Documents\GitHub\AlexsMobs-26.2\src\main\java\com\github\alexthe666\alexsmobs\client\render\layer\LayerCrimsonMosquitoBlood.java:25: error: incompatible types: EntityCrimsonMosquito cannot be converted to LivingEntityRenderState
            this.getParentModel().renderToBuffer(matrixStackIn, ivertexbuilder, packedLightIn, LivingEntityRenderer.getOverlayCoords(entitylivingbaseIn, 0.0F), 1.0F, 1.0F, 1.0F, 1.0F);
                                                                                                                                     ^
C:\Users\justi\Documents\GitHub\AlexsMobs-26.2\src\main\java\com\github\alexthe666\alexsmobs\client\render\RenderCrimsonMosquito.java:14: error: type argument ModelCrimsonMosquito is not within bounds of type-variable M
public class RenderCrimsonMosquito extends MobRenderer<EntityCrimsonMosquito, LivingEntityRenderState, ModelCrimsonMosquito> {
                                                                                                       ^
  where M,S are type-variables:
    M extends EntityModel<? super S> declared in class MobRenderer
    S extends LivingEntityRenderState declared in class MobRenderer
C:\Users\justi\Documents\GitHub\AlexsMobs-26.2\src\main\java\com\github\alexthe666\alexsmobs\client\render\RenderCrimsonMosquito.java:14: error: RenderCrimsonMosquito is not abstract and does not override abstract method getTextureLocation(LivingEntityRenderState) in LivingEntityRenderer
public class RenderCrimsonMosquito extends MobRenderer<EntityCrimsonMosquito, LivingEntityRenderState, ModelCrimsonMosquito> {
       ^
C:\Users\justi\Documents\GitHub\AlexsMobs-26.2\src\main\java\com\github\alexthe666\alexsmobs\client\render\RenderCrimsonMosquito.java:22: error: incompatible types: LayerCrimsonMosquitoBlood cannot be converted to RenderLayer<LivingEntityRenderState,ModelCrimsonMosquito>
        this.addLayer(new LayerCrimsonMosquitoBlood(this));
                      ^
C:\Users\justi\Documents\GitHub\AlexsMobs-26.2\src\main\java\com\github\alexthe666\alexsmobs\client\render\RenderCrimsonMosquito.java:40: error: method setupRotations in class LivingEntityRenderer<T,S,M> cannot be applied to given types;
        super.setupRotations(entityLiving, matrixStackIn, ageInTicks, rotationYaw, partialTicks);
             ^
  required: LivingEntityRenderState,PoseStack,float,float
  found:    EntityCrimsonMosquito,PoseStack,float,float,float
  reason: actual and formal argument lists differ in length
  where T,S,M are type-variables:
    T extends LivingEntity declared in class LivingEntityRenderer
    S extends LivingEntityRenderState declared in class LivingEntityRenderer
    M extends EntityModel<? super S> declared in class LivingEntityRenderer
C:\Users\justi\Documents\GitHub\AlexsMobs-26.2\src\main\java\com\github\alexthe666\alexsmobs\client\render\layer\LayerCrowItem.java:16: error: type argument EntityCrow is not within bounds of type-variable S
public class LayerCrowItem extends RenderLayer<EntityCrow, ModelCrow> {
                                               ^
  where S is a type-variable:
    S extends EntityRenderState declared in class RenderLayer
C:\Users\justi\Documents\GitHub\AlexsMobs-26.2\src\main\java\com\github\alexthe666\alexsmobs\client\render\layer\LayerCrowItem.java:16: error: LayerCrowItem is not abstract and does not override abstract method submit(PoseStack,SubmitNodeCollector,int,EntityCrow,float,float) in RenderLayer
public class LayerCrowItem extends RenderLayer<EntityCrow, ModelCrow> {
       ^
C:\Users\justi\Documents\GitHub\AlexsMobs-26.2\src\main\java\com\github\alexthe666\alexsmobs\client\render\layer\LayerCrowItem.java:19: error: incompatible types: RenderCrow cannot be converted to RenderLayerParent<EntityCrow,ModelCrow>
        super(render);
              ^
C:\Users\justi\Documents\GitHub\AlexsMobs-26.2\src\main\java\com\github\alexthe666\alexsmobs\client\render\layer\LayerCrowItem.java:36: error: method renderItem in class ItemInHandRenderer cannot be applied to given types;
        renderer.renderItem(entitylivingbaseIn, itemstack, ItemDisplayContext.GROUND, false, matrixStackIn, bufferIn, packedLightIn);
                ^
  required: LivingEntity,ItemStack,ItemDisplayContext,PoseStack,SubmitNodeCollector,int
  found:    EntityCrow,ItemStack,ItemDisplayContext,boolean,PoseStack,OrderedSubmitNodeCollector,int
  reason: actual and formal argument lists differ in length
C:\Users\justi\Documents\GitHub\AlexsMobs-26.2\src\main\java\com\github\alexthe666\alexsmobs\client\render\RenderCrow.java:14: error: type argument ModelCrow is not within bounds of type-variable M
public class RenderCrow extends MobRenderer<EntityCrow, LivingEntityRenderState, ModelCrow> {
                                                                                 ^
  where M,S are type-variables:
    M extends EntityModel<? super S> declared in class MobRenderer
    S extends LivingEntityRenderState declared in class MobRenderer
C:\Users\justi\Documents\GitHub\AlexsMobs-26.2\src\main\java\com\github\alexthe666\alexsmobs\client\render\RenderCrow.java:14: error: RenderCrow is not abstract and does not override abstract method getTextureLocation(LivingEntityRenderState) in LivingEntityRenderer
public class RenderCrow extends MobRenderer<EntityCrow, LivingEntityRenderState, ModelCrow> {
       ^
C:\Users\justi\Documents\GitHub\AlexsMobs-26.2\src\main\java\com\github\alexthe666\alexsmobs\client\render\RenderCrow.java:19: error: incompatible types: LayerCrowItem cannot be converted to RenderLayer<LivingEntityRenderState,ModelCrow>
        this.addLayer(new LayerCrowItem(this));
                      ^
C:\Users\justi\Documents\GitHub\AlexsMobs-26.2\src\main\java\com\github\alexthe666\alexsmobs\client\render\layer\LayerElephantItem.java:15: error: type argument EntityElephant is not within bounds of type-variable S
public class LayerElephantItem extends RenderLayer<EntityElephant, ModelElephant> {
                                                   ^
  where S is a type-variable:
    S extends EntityRenderState declared in class RenderLayer
C:\Users\justi\Documents\GitHub\AlexsMobs-26.2\src\main\java\com\github\alexthe666\alexsmobs\client\render\layer\LayerElephantItem.java:15: error: LayerElephantItem is not abstract and does not override abstract method submit(PoseStack,SubmitNodeCollector,int,EntityElephant,float,float) in RenderLayer
public class LayerElephantItem extends RenderLayer<EntityElephant, ModelElephant> {
       ^
C:\Users\justi\Documents\GitHub\AlexsMobs-26.2\src\main\java\com\github\alexthe666\alexsmobs\client\render\layer\LayerElephantItem.java:18: error: incompatible types: RenderElephant cannot be converted to RenderLayerParent<EntityElephant,ModelElephant>
        super(render);
              ^
C:\Users\justi\Documents\GitHub\AlexsMobs-26.2\src\main\java\com\github\alexthe666\alexsmobs\client\render\layer\LayerElephantItem.java:36: error: cannot find symbol
        if(Minecraft.getInstance().getItemRenderer().getItemModelShaper().getItemModel(itemstack).isGui3d()){
                                  ^
  symbol:   method getItemRenderer()
  location: class Minecraft
C:\Users\justi\Documents\GitHub\AlexsMobs-26.2\src\main\java\com\github\alexthe666\alexsmobs\client\render\layer\LayerElephantItem.java:41: error: method renderItem in class ItemInHandRenderer cannot be applied to given types;
        renderer.renderItem(entitylivingbaseIn, itemstack, ItemDisplayContext.GROUND, false, matrixStackIn, bufferIn, packedLightIn);
                ^
  required: LivingEntity,ItemStack,ItemDisplayContext,PoseStack,SubmitNodeCollector,int
  found:    EntityElephant,ItemStack,ItemDisplayContext,boolean,PoseStack,OrderedSubmitNodeCollector,int
  reason: actual and formal argument lists differ in length
C:\Users\justi\Documents\GitHub\AlexsMobs-26.2\src\main\java\com\github\alexthe666\alexsmobs\client\render\RenderElephant.java:15: error: type argument ModelElephant is not within bounds of type-variable M
public class RenderElephant extends MobRenderer<EntityElephant, LivingEntityRenderState, ModelElephant> {
                                                                                         ^
  where M,S are type-variables:
    M extends EntityModel<? super S> declared in class MobRenderer
    S extends LivingEntityRenderState declared in class MobRenderer
C:\Users\justi\Documents\GitHub\AlexsMobs-26.2\src\main\java\com\github\alexthe666\alexsmobs\client\render\RenderElephant.java:15: error: RenderElephant is not abstract and does not override abstract method getTextureLocation(LivingEntityRenderState) in LivingEntityRenderer
public class RenderElephant extends MobRenderer<EntityElephant, LivingEntityRenderState, ModelElephant> {
       ^
C:\Users\justi\Documents\GitHub\AlexsMobs-26.2\src\main\java\com\github\alexthe666\alexsmobs\client\render\RenderElephant.java:21: error: incompatible types: LayerElephantOverlays cannot be converted to RenderLayer<LivingEntityRenderState,ModelElephant>
        this.addLayer(new LayerElephantOverlays(this));
                      ^
C:\Users\justi\Documents\GitHub\AlexsMobs-26.2\src\main\java\com\github\alexthe666\alexsmobs\client\render\RenderElephant.java:22: error: incompatible types: LayerElephantItem cannot be converted to RenderLayer<LivingEntityRenderState,ModelElephant>
        this.addLayer(new LayerElephantItem(this));
                      ^
C:\Users\justi\Documents\GitHub\AlexsMobs-26.2\src\main\java\com\github\alexthe666\alexsmobs\client\render\layer\LayerElephantOverlays.java:16: error: type argument EntityElephant is not within bounds of type-variable S
public class LayerElephantOverlays extends RenderLayer<EntityElephant, ModelElephant> {
                                                       ^
  where S is a type-variable:
    S extends EntityRenderState declared in class RenderLayer
C:\Users\justi\Documents\GitHub\AlexsMobs-26.2\src\main\java\com\github\alexthe666\alexsmobs\client\render\layer\LayerElephantOverlays.java:16: error: LayerElephantOverlays is not abstract and does not override abstract method submit(PoseStack,SubmitNodeCollector,int,EntityElephant,float,float) in RenderLayer
public class LayerElephantOverlays extends RenderLayer<EntityElephant, ModelElephant> {
       ^
C:\Users\justi\Documents\GitHub\AlexsMobs-26.2\src\main\java\com\github\alexthe666\alexsmobs\client\render\layer\LayerElephantOverlays.java:25: error: incompatible types: RenderElephant cannot be converted to RenderLayerParent<EntityElephant,ModelElephant>
        super(renderElephant);
              ^
C:\Users\justi\Documents\GitHub\AlexsMobs-26.2\src\main\java\com\github\alexthe666\alexsmobs\client\render\layer\LayerElephantOverlays.java:30: error: cannot find symbol
            VertexConsumer ivertexbuilder = bufferIn.getBuffer(RenderType.entityCutout(TEXTURE_CHEST));
                                                                         ^
  symbol:   method entityCutout(Identifier)
  location: class RenderType
C:\Users\justi\Documents\GitHub\AlexsMobs-26.2\src\main\java\com\github\alexthe666\alexsmobs\client\render\layer\LayerElephantOverlays.java:31: error: incompatible types: EntityElephant cannot be converted to LivingEntityRenderState
            this.getParentModel().renderToBuffer(matrixStackIn, ivertexbuilder, packedLightIn, LivingEntityRenderer.getOverlayCoords(elephant, 0.0F), 1.0F, 1.0F, 1.0F, 1.0F);
                                                                                                                                     ^
C:\Users\justi\Documents\GitHub\AlexsMobs-26.2\src\main\java\com\github\alexthe666\alexsmobs\client\render\layer\LayerElephantOverlays.java:42: error: cannot find symbol
            ((ModelElephant) this.getParentModel()).copyPropertiesTo(this.model);
                                                   ^
  symbol:   method copyPropertiesTo(ModelElephant)
  location: class ModelElephant
C:\Users\justi\Documents\GitHub\AlexsMobs-26.2\src\main\java\com\github\alexthe666\alexsmobs\client\render\layer\LayerElephantOverlays.java:44: error: cannot find symbol
            VertexConsumer lvt_13_1_ = bufferIn.getBuffer(RenderType.entityCutoutNoCull(lvt_12_3_));
                                                                    ^
  symbol:   method entityCutoutNoCull(Identifier)
  location: class RenderType
C:\Users\justi\Documents\GitHub\AlexsMobs-26.2\src\main\java\com\github\alexthe666\alexsmobs\client\render\layer\LayerEndergradeSaddle.java:14: error: type argument EntityEndergrade is not within bounds of type-variable S
public class LayerEndergradeSaddle extends RenderLayer<EntityEndergrade, ModelEndergrade> {
                                                       ^
  where S is a type-variable:
    S extends EntityRenderState declared in class RenderLayer
C:\Users\justi\Documents\GitHub\AlexsMobs-26.2\src\main\java\com\github\alexthe666\alexsmobs\client\render\layer\LayerEndergradeSaddle.java:14: error: LayerEndergradeSaddle is not abstract and does not override abstract method submit(PoseStack,SubmitNodeCollector,int,EntityEndergrade,float,float) in RenderLayer
public class LayerEndergradeSaddle extends RenderLayer<EntityEndergrade, ModelEndergrade> {
       ^
C:\Users\justi\Documents\GitHub\AlexsMobs-26.2\src\main\java\com\github\alexthe666\alexsmobs\client\render\layer\LayerEndergradeSaddle.java:18: error: incompatible types: RenderEndergrade cannot be converted to RenderLayerParent<EntityEndergrade,ModelEndergrade>
        super(renderGrizzlyBear);
              ^
C:\Users\justi\Documents\GitHub\AlexsMobs-26.2\src\main\java\com\github\alexthe666\alexsmobs\client\render\layer\LayerEndergradeSaddle.java:23: error: cannot find symbol
            VertexConsumer ivertexbuilder = bufferIn.getBuffer(RenderType.entityCutout(TEXTURE));
                                                                         ^
  symbol:   method entityCutout(Identifier)
  location: class RenderType
C:\Users\justi\Documents\GitHub\AlexsMobs-26.2\src\main\java\com\github\alexthe666\alexsmobs\client\render\layer\LayerEndergradeSaddle.java:24: error: incompatible types: EntityEndergrade cannot be converted to LivingEntityRenderState
            this.getParentModel().renderToBuffer(matrixStackIn, ivertexbuilder, packedLightIn, LivingEntityRenderer.getOverlayCoords(entitylivingbaseIn, 0.0F), 1.0F, 1.0F, 1.0F, 1.0F);
                                                                                                                                     ^
C:\Users\justi\Documents\GitHub\AlexsMobs-26.2\src\main\java\com\github\alexthe666\alexsmobs\client\render\RenderEndergrade.java:17: error: type argument ModelEndergrade is not within bounds of type-variable M
public class RenderEndergrade extends MobRenderer<EntityEndergrade, LivingEntityRenderState, ModelEndergrade> {
                                                                                             ^
  where M,S are type-variables:
    M extends EntityModel<? super S> declared in class MobRenderer
    S extends LivingEntityRenderState declared in class MobRenderer
C:\Users\justi\Documents\GitHub\AlexsMobs-26.2\src\main\java\com\github\alexthe666\alexsmobs\client\render\RenderEndergrade.java:17: error: RenderEndergrade is not abstract and does not override abstract method getTextureLocation(LivingEntityRenderState) in LivingEntityRenderer
public class RenderEndergrade extends MobRenderer<EntityEndergrade, LivingEntityRenderState, ModelEndergrade> {
       ^
C:\Users\justi\Documents\GitHub\AlexsMobs-26.2\src\main\java\com\github\alexthe666\alexsmobs\client\render\RenderEndergrade.java:22: error: incompatible types: LayerEndergradeSaddle cannot be converted to RenderLayer<LivingEntityRenderState,ModelEndergrade>
        this.addLayer(new LayerEndergradeSaddle(this));
                      ^
C:\Users\justi\Documents\GitHub\AlexsMobs-26.2\src\main\java\com\github\alexthe666\alexsmobs\client\render\RenderEndergrade.java:26: error: method does not override or implement a method from a supertype
    @Override
    ^
C:\Users\justi\Documents\GitHub\AlexsMobs-26.2\src\main\java\com\github\alexthe666\alexsmobs\client\render\RenderEndergrade.java:30: error: cannot find symbol
            return RenderType.itemEntityTranslucentCull(Identifier);
                             ^
  symbol:   method itemEntityTranslucentCull(Identifier)
  location: class RenderType
C:\Users\justi\Documents\GitHub\AlexsMobs-26.2\src\main\java\com\github\alexthe666\alexsmobs\client\render\RenderEndergrade.java:32: error: cannot find symbol
            return RenderType.entityTranslucent(Identifier);
                             ^
  symbol:   method entityTranslucent(Identifier)
  location: class RenderType
C:\Users\justi\Documents\GitHub\AlexsMobs-26.2\src\main\java\com\github\alexthe666\alexsmobs\client\render\RenderEndergrade.java:34: error: method outline in class RenderType cannot be applied to given types;
            return p_230496_4_ ? RenderType.outline(Identifier) : null;
                                           ^
  required: no arguments
  found:    Identifier
  reason: actual and formal argument lists differ in length
C:\Users\justi\Documents\GitHub\AlexsMobs-26.2\src\main\java\com\github\alexthe666\alexsmobs\client\render\layer\LayerGorillaItem.java:18: error: type argument EntityGorilla is not within bounds of type-variable S
public class LayerGorillaItem extends RenderLayer<EntityGorilla, ModelGorilla> {
                                                  ^
  where S is a type-variable:
    S extends EntityRenderState declared in class RenderLayer
C:\Users\justi\Documents\GitHub\AlexsMobs-26.2\src\main\java\com\github\alexthe666\alexsmobs\client\render\layer\LayerGorillaItem.java:18: error: LayerGorillaItem is not abstract and does not override abstract method submit(PoseStack,SubmitNodeCollector,int,EntityGorilla,float,float) in RenderLayer
public class LayerGorillaItem extends RenderLayer<EntityGorilla, ModelGorilla> {
       ^
C:\Users\justi\Documents\GitHub\AlexsMobs-26.2\src\main\java\com\github\alexthe666\alexsmobs\client\render\layer\LayerGorillaItem.java:21: error: incompatible types: RenderGorilla cannot be converted to RenderLayerParent<EntityGorilla,ModelGorilla>
        super(render);
              ^
C:\Users\justi\Documents\GitHub\AlexsMobs-26.2\src\main\java\com\github\alexthe666\alexsmobs\client\render\layer\LayerGorillaItem.java:39: error: method renderItem in class ItemInHandRenderer cannot be applied to given types;
            renderer.renderItem(entitylivingbaseIn, haloStack, ItemDisplayContext.GROUND, false, matrixStackIn, bufferIn, packedLightIn);
                    ^
  required: LivingEntity,ItemStack,ItemDisplayContext,PoseStack,SubmitNodeCollector,int
  found:    EntityGorilla,ItemStack,ItemDisplayContext,boolean,PoseStack,OrderedSubmitNodeCollector,int
  reason: actual and formal argument lists differ in length
C:\Users\justi\Documents\GitHub\AlexsMobs-26.2\src\main\java\com\github\alexthe666\alexsmobs\client\render\layer\LayerGorillaItem.java:58: error: method renderItem in class ItemInHandRenderer cannot be applied to given types;
        renderer.renderItem(entitylivingbaseIn, itemstack, ItemDisplayContext.GROUND, false, matrixStackIn, bufferIn, packedLightIn);
                ^
  required: LivingEntity,ItemStack,ItemDisplayContext,PoseStack,SubmitNodeCollector,int
  found:    EntityGorilla,ItemStack,ItemDisplayContext,boolean,PoseStack,OrderedSubmitNodeCollector,int
  reason: actual and formal argument lists differ in length
C:\Users\justi\Documents\GitHub\AlexsMobs-26.2\src\main\java\com\github\alexthe666\alexsmobs\client\render\RenderGorilla.java:14: error: type argument ModelGorilla is not within bounds of type-variable M
public class RenderGorilla extends MobRenderer<EntityGorilla, LivingEntityRenderState, ModelGorilla> {
                                                                                       ^
  where M,S are type-variables:
    M extends EntityModel<? super S> declared in class MobRenderer
    S extends LivingEntityRenderState declared in class MobRenderer
C:\Users\justi\Documents\GitHub\AlexsMobs-26.2\src\main\java\com\github\alexthe666\alexsmobs\client\render\RenderGorilla.java:14: error: RenderGorilla is not abstract and does not override abstract method getTextureLocation(LivingEntityRenderState) in LivingEntityRenderer
public class RenderGorilla extends MobRenderer<EntityGorilla, LivingEntityRenderState, ModelGorilla> {
       ^
C:\Users\justi\Documents\GitHub\AlexsMobs-26.2\src\main\java\com\github\alexthe666\alexsmobs\client\render\RenderGorilla.java:22: error: incompatible types: LayerGorillaItem cannot be converted to RenderLayer<LivingEntityRenderState,ModelGorilla>
        this.addLayer(new LayerGorillaItem(this));
                      ^
C:\Users\justi\Documents\GitHub\AlexsMobs-26.2\src\main\java\com\github\alexthe666\alexsmobs\client\render\layer\LayerGrizzlyHoney.java:14: error: type argument EntityGrizzlyBear is not within bounds of type-variable S
public class LayerGrizzlyHoney extends RenderLayer<EntityGrizzlyBear, ModelGrizzlyBear> {
                                                   ^
  where S is a type-variable:
    S extends EntityRenderState declared in class RenderLayer
C:\Users\justi\Documents\GitHub\AlexsMobs-26.2\src\main\java\com\github\alexthe666\alexsmobs\client\render\layer\LayerGrizzlyHoney.java:14: error: LayerGrizzlyHoney is not abstract and does not override abstract method submit(PoseStack,SubmitNodeCollector,int,EntityGrizzlyBear,float,float) in RenderLayer
public class LayerGrizzlyHoney extends RenderLayer<EntityGrizzlyBear, ModelGrizzlyBear> {
       ^
C:\Users\justi\Documents\GitHub\AlexsMobs-26.2\src\main\java\com\github\alexthe666\alexsmobs\client\render\layer\LayerGrizzlyHoney.java:18: error: incompatible types: RenderGrizzlyBear cannot be converted to RenderLayerParent<EntityGrizzlyBear,ModelGrizzlyBear>
        super(renderGrizzlyBear);
              ^
C:\Users\justi\Documents\GitHub\AlexsMobs-26.2\src\main\java\com\github\alexthe666\alexsmobs\client\render\layer\LayerGrizzlyHoney.java:23: error: cannot find symbol
            VertexConsumer ivertexbuilder = bufferIn.getBuffer(RenderType.entityTranslucent(TEXTURE));
                                                                         ^
  symbol:   method entityTranslucent(Identifier)
  location: class RenderType
C:\Users\justi\Documents\GitHub\AlexsMobs-26.2\src\main\java\com\github\alexthe666\alexsmobs\client\render\layer\LayerGrizzlyHoney.java:24: error: incompatible types: EntityGrizzlyBear cannot be converted to LivingEntityRenderState
            this.getParentModel().renderToBuffer(matrixStackIn, ivertexbuilder, packedLightIn, LivingEntityRenderer.getOverlayCoords(entitylivingbaseIn, 0.0F), 1.0F, 1.0F, 1.0F, 1.0F);
                                                                                                                                     ^
C:\Users\justi\Documents\GitHub\AlexsMobs-26.2\src\main\java\com\github\alexthe666\alexsmobs\client\render\RenderGrizzlyBear.java:21: error: type argument ModelGrizzlyBear is not within bounds of type-variable M
public class RenderGrizzlyBear extends MobRenderer<EntityGrizzlyBear, LivingEntityRenderState, ModelGrizzlyBear> {
                                                                                               ^
  where M,S are type-variables:
    M extends EntityModel<? super S> declared in class MobRenderer
    S extends LivingEntityRenderState declared in class MobRenderer
C:\Users\justi\Documents\GitHub\AlexsMobs-26.2\src\main\java\com\github\alexthe666\alexsmobs\client\render\RenderGrizzlyBear.java:21: error: RenderGrizzlyBear is not abstract and does not override abstract method getTextureLocation(LivingEntityRenderState) in LivingEntityRenderer
public class RenderGrizzlyBear extends MobRenderer<EntityGrizzlyBear, LivingEntityRenderState, ModelGrizzlyBear> {
       ^
C:\Users\justi\Documents\GitHub\AlexsMobs-26.2\src\main\java\com\github\alexthe666\alexsmobs\client\render\RenderGrizzlyBear.java:29: error: incompatible types: RenderGrizzlyBear.LayerFreddyEyes cannot be converted to RenderLayer<LivingEntityRenderState,ModelGrizzlyBear>
        this.addLayer(new LayerFreddyEyes());
                      ^
C:\Users\justi\Documents\GitHub\AlexsMobs-26.2\src\main\java\com\github\alexthe666\alexsmobs\client\render\RenderGrizzlyBear.java:30: error: incompatible types: LayerGrizzlyHoney cannot be converted to RenderLayer<LivingEntityRenderState,ModelGrizzlyBear>
        this.addLayer(new LayerGrizzlyHoney(this));
                      ^
C:\Users\justi\Documents\GitHub\AlexsMobs-26.2\src\main\java\com\github\alexthe666\alexsmobs\client\render\RenderGrizzlyBear.java:31: error: incompatible types: RenderGrizzlyBear.LayerSnow cannot be converted to RenderLayer<LivingEntityRenderState,ModelGrizzlyBear>
        this.addLayer(new LayerSnow());
                      ^
C:\Users\justi\Documents\GitHub\AlexsMobs-26.2\src\main\java\com\github\alexthe666\alexsmobs\client\render\RenderGrizzlyBear.java:32: error: incompatible types: LayerGrizzlyItem cannot be converted to RenderLayer<LivingEntityRenderState,ModelGrizzlyBear>
        this.addLayer(new LayerGrizzlyItem(this));
                      ^
C:\Users\justi\Documents\GitHub\AlexsMobs-26.2\src\main\java\com\github\alexthe666\alexsmobs\client\render\RenderGrizzlyBear.java:46: error: type argument EntityGrizzlyBear is not within bounds of type-variable S
    class LayerSnow extends RenderLayer<EntityGrizzlyBear, ModelGrizzlyBear> {
                                        ^
  where S is a type-variable:
    S extends EntityRenderState declared in class RenderLayer
C:\Users\justi\Documents\GitHub\AlexsMobs-26.2\src\main\java\com\github\alexthe666\alexsmobs\client\render\RenderGrizzlyBear.java:46: error: RenderGrizzlyBear.LayerSnow is not abstract and does not override abstract method submit(PoseStack,SubmitNodeCollector,int,EntityGrizzlyBear,float,float) in RenderLayer
    class LayerSnow extends RenderLayer<EntityGrizzlyBear, ModelGrizzlyBear> {
    ^
C:\Users\justi\Documents\GitHub\AlexsMobs-26.2\src\main\java\com\github\alexthe666\alexsmobs\client\render\RenderGrizzlyBear.java:49: error: incompatible types: RenderGrizzlyBear cannot be converted to RenderLayerParent<EntityGrizzlyBear,ModelGrizzlyBear>
            super(RenderGrizzlyBear.this);
                                   ^
C:\Users\justi\Documents\GitHub\AlexsMobs-26.2\src\main\java\com\github\alexthe666\alexsmobs\client\render\RenderGrizzlyBear.java:54: error: cannot find symbol
                VertexConsumer ivertexbuilder = bufferIn.getBuffer(RenderType.entityCutoutNoCull(TEXTURE_SNOWY));
                                                                             ^
  symbol:   method entityCutoutNoCull(Identifier)
  location: class RenderType
C:\Users\justi\Documents\GitHub\AlexsMobs-26.2\src\main\java\com\github\alexthe666\alexsmobs\client\render\RenderGrizzlyBear.java:55: error: incompatible types: EntityGrizzlyBear cannot be converted to LivingEntityRenderState
                this.getParentModel().renderToBuffer(matrixStackIn, ivertexbuilder, packedLightIn, LivingEntityRenderer.getOverlayCoords(entitylivingbaseIn, 0.0F), 1.0F, 1.0F, 1.0F, 1.0F);
                                                                                                                                         ^
C:\Users\justi\Documents\GitHub\AlexsMobs-26.2\src\main\java\com\github\alexthe666\alexsmobs\client\render\RenderGrizzlyBear.java:60: error: type argument EntityGrizzlyBear is not within bounds of type-variable S
    class LayerFreddyEyes extends RenderLayer<EntityGrizzlyBear, ModelGrizzlyBear> {
                                              ^
  where S is a type-variable:
    S extends EntityRenderState declared in class RenderLayer
C:\Users\justi\Documents\GitHub\AlexsMobs-26.2\src\main\java\com\github\alexthe666\alexsmobs\client\render\RenderGrizzlyBear.java:60: error: RenderGrizzlyBear.LayerFreddyEyes is not abstract and does not override abstract method submit(PoseStack,SubmitNodeCollector,int,EntityGrizzlyBear,float,float) in RenderLayer
    class LayerFreddyEyes extends RenderLayer<EntityGrizzlyBear, ModelGrizzlyBear> {
    ^
C:\Users\justi\Documents\GitHub\AlexsMobs-26.2\src\main\java\com\github\alexthe666\alexsmobs\client\render\RenderGrizzlyBear.java:63: error: incompatible types: RenderGrizzlyBear cannot be converted to RenderLayerParent<EntityGrizzlyBear,ModelGrizzlyBear>
            super(RenderGrizzlyBear.this);
                                   ^
C:\Users\justi\Documents\GitHub\AlexsMobs-26.2\src\main\java\com\github\alexthe666\alexsmobs\client\render\RenderGrizzlyBear.java:68: error: cannot find symbol
                VertexConsumer ivertexbuilder = bufferIn.getBuffer(AMRenderTypes.getEyesNoFog(TEXTURE_FREDDY_EYES));
                                                        ^
  symbol:   method getBuffer(RenderType)
  location: variable bufferIn of type OrderedSubmitNodeCollector
C:\Users\justi\Documents\GitHub\AlexsMobs-26.2\src\main\java\com\github\alexthe666\alexsmobs\client\render\RenderGrizzlyBear.java:69: error: incompatible types: EntityGrizzlyBear cannot be converted to LivingEntityRenderState
                this.getParentModel().renderToBuffer(matrixStackIn, ivertexbuilder, packedLightIn, LivingEntityRenderer.getOverlayCoords(entitylivingbaseIn, 0.0F), 1.0F, 1.0F, 1.0F, 0.1F);
                                                                                                                                         ^
C:\Users\justi\Documents\GitHub\AlexsMobs-26.2\src\main\java\com\github\alexthe666\alexsmobs\client\render\layer\LayerGrizzlyItem.java:16: error: type argument EntityGrizzlyBear is not within bounds of type-variable S
public class LayerGrizzlyItem extends RenderLayer<EntityGrizzlyBear, ModelGrizzlyBear> {
                                                  ^
  where S is a type-variable:
    S extends EntityRenderState declared in class RenderLayer
C:\Users\justi\Documents\GitHub\AlexsMobs-26.2\src\main\java\com\github\alexthe666\alexsmobs\client\render\layer\LayerGrizzlyItem.java:16: error: LayerGrizzlyItem is not abstract and does not override abstract method submit(PoseStack,SubmitNodeCollector,int,EntityGrizzlyBear,float,float) in RenderLayer
public class LayerGrizzlyItem extends RenderLayer<EntityGrizzlyBear, ModelGrizzlyBear> {
       ^
C:\Users\justi\Documents\GitHub\AlexsMobs-26.2\src\main\java\com\github\alexthe666\alexsmobs\client\render\layer\LayerGrizzlyItem.java:19: error: incompatible types: RenderGrizzlyBear cannot be converted to RenderLayerParent<EntityGrizzlyBear,ModelGrizzlyBear>
        super(renderGrizzlyBear);
              ^
C:\Users\justi\Documents\GitHub\AlexsMobs-26.2\src\main\java\com\github\alexthe666\alexsmobs\client\render\layer\LayerGrizzlyItem.java:39: error: method renderItem in class ItemInHandRenderer cannot be applied to given types;
        renderer.renderItem(entitylivingbaseIn, itemstack, ItemDisplayContext.GROUND, false, matrixStackIn, bufferIn, packedLightIn);
                ^
  required: LivingEntity,ItemStack,ItemDisplayContext,PoseStack,SubmitNodeCollector,int
  found:    EntityGrizzlyBear,ItemStack,ItemDisplayContext,boolean,PoseStack,OrderedSubmitNodeCollector,int
  reason: actual and formal argument lists differ in length
C:\Users\justi\Documents\GitHub\AlexsMobs-26.2\src\main\java\com\github\alexthe666\alexsmobs\client\render\layer\LayerKangarooArmor.java:33: error: type argument EntityKangaroo is not within bounds of type-variable S
public class LayerKangarooArmor extends RenderLayer<EntityKangaroo, ModelKangaroo> {
                                                    ^
  where S is a type-variable:
    S extends EntityRenderState declared in class RenderLayer
C:\Users\justi\Documents\GitHub\AlexsMobs-26.2\src\main\java\com\github\alexthe666\alexsmobs\client\render\layer\LayerKangarooArmor.java:33: error: LayerKangarooArmor is not abstract and does not override abstract method submit(PoseStack,SubmitNodeCollector,int,EntityKangaroo,float,float) in RenderLayer
public class LayerKangarooArmor extends RenderLayer<EntityKangaroo, ModelKangaroo> {
       ^
C:\Users\justi\Documents\GitHub\AlexsMobs-26.2\src\main\java\com\github\alexthe666\alexsmobs\client\render\layer\LayerKangarooArmor.java:40: error: incompatible types: RenderKangaroo cannot be converted to RenderLayerParent<EntityKangaroo,ModelKangaroo>
        super(render);
              ^
C:\Users\justi\Documents\GitHub\AlexsMobs-26.2\src\main\java\com\github\alexthe666\alexsmobs\client\render\layer\LayerKangarooArmor.java:41: error: cannot find symbol
        defaultBipedModel = new HumanoidModel(context.bakeLayer(ModelLayers.ARMOR_STAND_OUTER_ARMOR));
                                                                           ^
  symbol:   variable ARMOR_STAND_OUTER_ARMOR
  location: class ModelLayers
C:\Users\justi\Documents\GitHub\AlexsMobs-26.2\src\main\java\com\github\alexthe666\alexsmobs\client\render\layer\LayerKangarooArmor.java:46: error: cannot find symbol
        ArmorItem item = (ArmorItem) stack.getItem();
        ^
  symbol:   class ArmorItem
  location: class LayerKangarooArmor
C:\Users\justi\Documents\GitHub\AlexsMobs-26.2\src\main\java\com\github\alexthe666\alexsmobs\client\render\layer\LayerKangarooArmor.java:46: error: cannot find symbol
        ArmorItem item = (ArmorItem) stack.getItem();
                          ^
  symbol:   class ArmorItem
  location: class LayerKangarooArmor
C:\Users\justi\Documents\GitHub\AlexsMobs-26.2\src\main\java\com\github\alexthe666\alexsmobs\client\render\layer\LayerKangarooArmor.java:56: error: method getArmorTexture in class ClientHooks cannot be applied to given types;
        s1 = net.neoforged.neoforge.client.ClientHooks.getArmorTexture(entity, stack, s1, slot, type);
                                                      ^
  required: ItemStack,LayerType,Layer,Identifier
  found:    Entity,ItemStack,String,EquipmentSlot,String
  reason: actual and formal argument lists differ in length
C:\Users\justi\Documents\GitHub\AlexsMobs-26.2\src\main\java\com\github\alexthe666\alexsmobs\client\render\layer\LayerKangarooArmor.java:78: error: method renderItem in class ItemInHandRenderer cannot be applied to given types;
            renderer.renderItem(roo, haloStack, ItemDisplayContext.GROUND, false, matrixStackIn, bufferIn, packedLightIn);
                    ^
  required: LivingEntity,ItemStack,ItemDisplayContext,PoseStack,SubmitNodeCollector,int
  found:    EntityKangaroo,ItemStack,ItemDisplayContext,boolean,PoseStack,OrderedSubmitNodeCollector,int
  reason: actual and formal argument lists differ in length
C:\Users\justi\Documents\GitHub\AlexsMobs-26.2\src\main\java\com\github\alexthe666\alexsmobs\client\render\layer\LayerKangarooArmor.java:85: error: cannot find symbol
                if (itemstack.getItem() instanceof ArmorItem) {
                                                   ^
  symbol:   class ArmorItem
  location: class LayerKangarooArmor
C:\Users\justi\Documents\GitHub\AlexsMobs-26.2\src\main\java\com\github\alexthe666\alexsmobs\client\render\layer\LayerKangarooArmor.java:86: error: cannot find symbol
                    ArmorItem armoritem = (ArmorItem) itemstack.getItem();
                    ^
  symbol:   class ArmorItem
  location: class LayerKangarooArmor
C:\Users\justi\Documents\GitHub\AlexsMobs-26.2\src\main\java\com\github\alexthe666\alexsmobs\client\render\layer\LayerKangarooArmor.java:86: error: cannot find symbol
                    ArmorItem armoritem = (ArmorItem) itemstack.getItem();
                                           ^
  symbol:   class ArmorItem
  location: class LayerKangarooArmor
C:\Users\justi\Documents\GitHub\AlexsMobs-26.2\src\main\java\com\github\alexthe666\alexsmobs\client\render\layer\LayerKangarooArmor.java:101: error: cannot find symbol
                        if (armoritem instanceof net.minecraft.world.item.DyeableLeatherItem) { // Allow this for anything, not only cloth
                                                                         ^
  symbol:   class DyeableLeatherItem
  location: package net.minecraft.world.item
C:\Users\justi\Documents\GitHub\AlexsMobs-26.2\src\main\java\com\github\alexthe666\alexsmobs\client\render\layer\LayerKangarooArmor.java:102: error: cannot find symbol
                            final int i = ((net.minecraft.world.item.DyeableLeatherItem) armoritem).getColor(itemstack);
                                                                    ^
  symbol:   class DyeableLeatherItem
  location: package net.minecraft.world.item
C:\Users\justi\Documents\GitHub\AlexsMobs-26.2\src\main\java\com\github\alexthe666\alexsmobs\client\render\layer\LayerKangarooArmor.java:118: error: cannot find symbol
                    Minecraft.getInstance().getItemRenderer().renderStatic(itemstack, ItemDisplayContext.FIXED, packedLightIn, OverlayTexture.NO_OVERLAY, matrixStackIn, bufferIn, roo.level(), 0);
                                           ^
  symbol:   method getItemRenderer()
  location: class Minecraft
C:\Users\justi\Documents\GitHub\AlexsMobs-26.2\src\main\java\com\github\alexthe666\alexsmobs\client\render\layer\LayerKangarooArmor.java:125: error: cannot find symbol
                if (itemstack.getItem() instanceof ArmorItem) {
                                                   ^
  symbol:   class ArmorItem
  location: class LayerKangarooArmor
C:\Users\justi\Documents\GitHub\AlexsMobs-26.2\src\main\java\com\github\alexthe666\alexsmobs\client\render\layer\LayerKangarooArmor.java:126: error: cannot find symbol
                    ArmorItem armoritem = (ArmorItem) itemstack.getItem();
                    ^
  symbol:   class ArmorItem
  location: class LayerKangarooArmor
C:\Users\justi\Documents\GitHub\AlexsMobs-26.2\src\main\java\com\github\alexthe666\alexsmobs\client\render\layer\LayerKangarooArmor.java:126: error: cannot find symbol
                    ArmorItem armoritem = (ArmorItem) itemstack.getItem();
                                           ^
  symbol:   class ArmorItem
  location: class LayerKangarooArmor
C:\Users\justi\Documents\GitHub\AlexsMobs-26.2\src\main\java\com\github\alexthe666\alexsmobs\client\render\layer\LayerKangarooArmor.java:137: error: cannot find symbol
                        if (armoritem instanceof net.minecraft.world.item.DyeableLeatherItem) { // Allow this for anything, not only cloth
                                                                         ^
  symbol:   class DyeableLeatherItem
  location: package net.minecraft.world.item
C:\Users\justi\Documents\GitHub\AlexsMobs-26.2\src\main\java\com\github\alexthe666\alexsmobs\client\render\layer\LayerKangarooArmor.java:138: error: cannot find symbol
                            int i = ((net.minecraft.world.item.DyeableLeatherItem) armoritem).getColor(itemstack);
                                                              ^
  symbol:   class DyeableLeatherItem
  location: package net.minecraft.world.item
C:\Users\justi\Documents\GitHub\AlexsMobs-26.2\src\main\java\com\github\alexthe666\alexsmobs\client\render\layer\LayerKangarooArmor.java:171: error: cannot find symbol
        VertexConsumer ivertexbuilder = ItemRenderer.getFoilBuffer(bufferIn, RenderType.entityCutoutNoCull(armorResource), false, glintIn);
                                        ^
  symbol:   variable ItemRenderer
  location: class LayerKangarooArmor
C:\Users\justi\Documents\GitHub\AlexsMobs-26.2\src\main\java\com\github\alexthe666\alexsmobs\client\render\layer\LayerKangarooArmor.java:171: error: cannot find symbol
        VertexConsumer ivertexbuilder = ItemRenderer.getFoilBuffer(bufferIn, RenderType.entityCutoutNoCull(armorResource), false, glintIn);
                                                                                       ^
  symbol:   method entityCutoutNoCull(Identifier)
  location: class RenderType
C:\Users\justi\Documents\GitHub\AlexsMobs-26.2\src\main\java\com\github\alexthe666\alexsmobs\client\render\layer\LayerKangarooArmor.java:172: error: cannot find symbol
        renderer.getModel().copyPropertiesTo(modelIn);
                           ^
  symbol:   method copyPropertiesTo(HumanoidModel)
  location: class ModelKangaroo
C:\Users\justi\Documents\GitHub\AlexsMobs-26.2\src\main\java\com\github\alexthe666\alexsmobs\client\render\layer\LayerKangarooArmor.java:197: error: method renderToBuffer in class Model<S> cannot be applied to given types;
        modelIn.renderToBuffer(matrixStackIn, ivertexbuilder, packedLightIn, OverlayTexture.NO_OVERLAY, red, green, blue, 1.0F);
               ^
  required: PoseStack,VertexConsumer,int,int,int
  found:    PoseStack,VertexConsumer,int,int,float,float,float,float
  reason: actual and formal argument lists differ in length
  where S is a type-variable:
    S extends Object declared in class Model
C:\Users\justi\Documents\GitHub\AlexsMobs-26.2\src\main\java\com\github\alexthe666\alexsmobs\client\render\layer\LayerKangarooArmor.java:203: error: method renderToBuffer in class Model<S> cannot be applied to given types;
        modelIn.renderToBuffer(matrixStackIn, ivertexbuilder, packedLightIn, OverlayTexture.NO_OVERLAY, red, green, blue, 1.0F);
               ^
  required: PoseStack,VertexConsumer,int,int,int
  found:    PoseStack,VertexConsumer,int,int,float,float,float,float
  reason: actual and formal argument lists differ in length
  where S is a type-variable:
    S extends Object declared in class Model
C:\Users\justi\Documents\GitHub\AlexsMobs-26.2\src\main\java\com\github\alexthe666\alexsmobs\client\render\layer\LayerKangarooArmor.java:211: error: cannot find symbol
        VertexConsumer ivertexbuilder = ItemRenderer.getFoilBuffer(bufferIn, RenderType.entityCutoutNoCull(armorResource), false, glintIn);
                                        ^
  symbol:   variable ItemRenderer
  location: class LayerKangarooArmor
C:\Users\justi\Documents\GitHub\AlexsMobs-26.2\src\main\java\com\github\alexthe666\alexsmobs\client\render\layer\LayerKangarooArmor.java:211: error: cannot find symbol
        VertexConsumer ivertexbuilder = ItemRenderer.getFoilBuffer(bufferIn, RenderType.entityCutoutNoCull(armorResource), false, glintIn);
                                                                                       ^
  symbol:   method entityCutoutNoCull(Identifier)
  location: class RenderType
C:\Users\justi\Documents\GitHub\AlexsMobs-26.2\src\main\java\com\github\alexthe666\alexsmobs\client\render\layer\LayerKangarooArmor.java:212: error: cannot find symbol
        renderer.getModel().copyPropertiesTo(modelIn);
                           ^
  symbol:   method copyPropertiesTo(HumanoidModel)
  location: class ModelKangaroo
C:\Users\justi\Documents\GitHub\AlexsMobs-26.2\src\main\java\com\github\alexthe666\alexsmobs\client\render\layer\LayerKangarooArmor.java:225: error: method renderToBuffer in class Model<S> cannot be applied to given types;
        modelIn.renderToBuffer(matrixStackIn, ivertexbuilder, packedLightIn, OverlayTexture.NO_OVERLAY, red, green, blue, 1.0F);
               ^
  required: PoseStack,VertexConsumer,int,int,int
  found:    PoseStack,VertexConsumer,int,int,float,float,float,float
  reason: actual and formal argument lists differ in length
  where S is a type-variable:
    S extends Object declared in class Model
C:\Users\justi\Documents\GitHub\AlexsMobs-26.2\src\main\java\com\github\alexthe666\alexsmobs\client\render\layer\LayerKangarooArmor.java:255: error: cannot find symbol
        model.setAllVisible(false);
             ^
  symbol:   method setAllVisible(boolean)
  location: variable model of type HumanoidModel
C:\Users\justi\Documents\GitHub\AlexsMobs-26.2\src\main\java\com\github\alexthe666\alexsmobs\client\render\layer\LayerKangarooArmor.java:261: error: cannot find symbol
         Model basicModel = net.neoforged.neoforge.client.ClientHooks.getArmorModel(entity, itemStack, slot, model);
                                                                     ^
  symbol:   method getArmorModel(LivingEntity,ItemStack,EquipmentSlot,HumanoidModel)
  location: class ClientHooks
C:\Users\justi\Documents\GitHub\AlexsMobs-26.2\src\main\java\com\github\alexthe666\alexsmobs\client\render\RenderKangaroo.java:17: error: type argument ModelKangaroo is not within bounds of type-variable M
public class RenderKangaroo extends MobRenderer<EntityKangaroo, LivingEntityRenderState, ModelKangaroo> {
                                                                                         ^
  where M,S are type-variables:
    M extends EntityModel<? super S> declared in class MobRenderer
    S extends LivingEntityRenderState declared in class MobRenderer
C:\Users\justi\Documents\GitHub\AlexsMobs-26.2\src\main\java\com\github\alexthe666\alexsmobs\client\render\RenderKangaroo.java:17: error: RenderKangaroo is not abstract and does not override abstract method getTextureLocation(LivingEntityRenderState) in LivingEntityRenderer
public class RenderKangaroo extends MobRenderer<EntityKangaroo, LivingEntityRenderState, ModelKangaroo> {
       ^
C:\Users\justi\Documents\GitHub\AlexsMobs-26.2\src\main\java\com\github\alexthe666\alexsmobs\client\render\RenderKangaroo.java:22: error: incompatible types: LayerKangarooItem cannot be converted to RenderLayer<LivingEntityRenderState,ModelKangaroo>
        this.addLayer(new LayerKangarooItem(this));
                      ^
C:\Users\justi\Documents\GitHub\AlexsMobs-26.2\src\main\java\com\github\alexthe666\alexsmobs\client\render\RenderKangaroo.java:23: error: incompatible types: LayerKangarooArmor cannot be converted to RenderLayer<LivingEntityRenderState,ModelKangaroo>
        this.addLayer(new LayerKangarooArmor(this, renderManagerIn));
                      ^
C:\Users\justi\Documents\GitHub\AlexsMobs-26.2\src\main\java\com\github\alexthe666\alexsmobs\client\render\RenderKangaroo.java:24: error: incompatible types: LayerKangarooBaby cannot be converted to RenderLayer<LivingEntityRenderState,ModelKangaroo>
        this.addLayer(new LayerKangarooBaby(this));
                      ^
C:\Users\justi\Documents\GitHub\AlexsMobs-26.2\src\main\java\com\github\alexthe666\alexsmobs\client\render\layer\LayerKangarooBaby.java:21: error: type argument EntityKangaroo is not within bounds of type-variable S
public class LayerKangarooBaby extends RenderLayer<EntityKangaroo, ModelKangaroo> {
                                                   ^
  where S is a type-variable:
    S extends EntityRenderState declared in class RenderLayer
C:\Users\justi\Documents\GitHub\AlexsMobs-26.2\src\main\java\com\github\alexthe666\alexsmobs\client\render\layer\LayerKangarooBaby.java:21: error: LayerKangarooBaby is not abstract and does not override abstract method submit(PoseStack,SubmitNodeCollector,int,EntityKangaroo,float,float) in RenderLayer
public class LayerKangarooBaby extends RenderLayer<EntityKangaroo, ModelKangaroo> {
       ^
C:\Users\justi\Documents\GitHub\AlexsMobs-26.2\src\main\java\com\github\alexthe666\alexsmobs\client\render\layer\LayerKangarooBaby.java:24: error: incompatible types: RenderKangaroo cannot be converted to RenderLayerParent<EntityKangaroo,ModelKangaroo>
        super(render);
              ^
C:\Users\justi\Documents\GitHub\AlexsMobs-26.2\src\main\java\com\github\alexthe666\alexsmobs\client\render\layer\LayerKangarooBaby.java:56: error: wrong number of type arguments; required 2
        EntityRenderer<? super E> render = null;
                      ^
C:\Users\justi\Documents\GitHub\AlexsMobs-26.2\src\main\java\com\github\alexthe666\alexsmobs\client\render\layer\LayerKangarooItem.java:16: error: type argument EntityKangaroo is not within bounds of type-variable S
public class LayerKangarooItem extends RenderLayer<EntityKangaroo, ModelKangaroo> {
                                                   ^
  where S is a type-variable:
    S extends EntityRenderState declared in class RenderLayer
C:\Users\justi\Documents\GitHub\AlexsMobs-26.2\src\main\java\com\github\alexthe666\alexsmobs\client\render\layer\LayerKangarooItem.java:16: error: LayerKangarooItem is not abstract and does not override abstract method submit(PoseStack,SubmitNodeCollector,int,EntityKangaroo,float,float) in RenderLayer
public class LayerKangarooItem extends RenderLayer<EntityKangaroo, ModelKangaroo> {
       ^
C:\Users\justi\Documents\GitHub\AlexsMobs-26.2\src\main\java\com\github\alexthe666\alexsmobs\client\render\layer\LayerKangarooItem.java:19: error: incompatible types: RenderKangaroo cannot be converted to RenderLayerParent<EntityKangaroo,ModelKangaroo>
        super(render);
              ^
C:\Users\justi\Documents\GitHub\AlexsMobs-26.2\src\main\java\com\github\alexthe666\alexsmobs\client\render\layer\LayerKangarooItem.java:38: error: method renderItem in class ItemInHandRenderer cannot be applied to given types;
        renderer.renderItem(entitylivingbaseIn, itemstack, left ? ItemDisplayContext.THIRD_PERSON_LEFT_HAND : ItemDisplayContext.THIRD_PERSON_RIGHT_HAND, false, matrixStackIn, bufferIn, packedLightIn);
                ^
  required: LivingEntity,ItemStack,ItemDisplayContext,PoseStack,SubmitNodeCollector,int
  found:    EntityKangaroo,ItemStack,left ? Ite[...]_HAND,boolean,PoseStack,OrderedSubmitNodeCollector,int
  reason: actual and formal argument lists differ in length
C:\Users\justi\Documents\GitHub\AlexsMobs-26.2\src\main\java\com\github\alexthe666\alexsmobs\client\render\layer\LayerLeafcutterAntLeaf.java:19: error: type argument EntityLeafcutterAnt is not within bounds of type-variable S
public class LayerLeafcutterAntLeaf extends RenderLayer<EntityLeafcutterAnt, AdvancedEntityModel<EntityLeafcutterAnt>> {
                                                        ^
  where S is a type-variable:
    S extends EntityRenderState declared in class RenderLayer
C:\Users\justi\Documents\GitHub\AlexsMobs-26.2\src\main\java\com\github\alexthe666\alexsmobs\client\render\layer\LayerLeafcutterAntLeaf.java:19: error: LayerLeafcutterAntLeaf is not abstract and does not override abstract method submit(PoseStack,SubmitNodeCollector,int,EntityLeafcutterAnt,float,float) in RenderLayer
public class LayerLeafcutterAntLeaf extends RenderLayer<EntityLeafcutterAnt, AdvancedEntityModel<EntityLeafcutterAnt>> {
       ^
C:\Users\justi\Documents\GitHub\AlexsMobs-26.2\src\main\java\com\github\alexthe666\alexsmobs\client\render\layer\LayerLeafcutterAntLeaf.java:26: error: incompatible types: RenderLeafcutterAnt cannot be converted to RenderLayerParent<EntityLeafcutterAnt,AdvancedEntityModel<EntityLeafcutterAnt>>
        super(render);
              ^
C:\Users\justi\Documents\GitHub\AlexsMobs-26.2\src\main\java\com\github\alexthe666\alexsmobs\client\render\layer\LayerLeafcutterAntLeaf.java:37: error: cannot find symbol
            VertexConsumer ivertexbuilder = bufferIn.getBuffer(RenderType.entityCutoutNoCull(res));
                                                                         ^
  symbol:   method entityCutoutNoCull(Identifier)
  location: class RenderType
C:\Users\justi\Documents\GitHub\AlexsMobs-26.2\src\main\java\com\github\alexthe666\alexsmobs\client\render\layer\LayerLeafcutterAntLeaf.java:38: error: cannot find symbol
            int leafColor = Minecraft.getInstance().getItemColors().getColor(new ItemStack(Items.JUNGLE_LEAVES), 0);
                                                   ^
  symbol:   method getItemColors()
  location: class Minecraft
C:\Users\justi\Documents\GitHub\AlexsMobs-26.2\src\main\java\com\github\alexthe666\alexsmobs\client\render\layer\LayerLeafcutterAntLeaf.java:45: error: incompatible types: EntityLeafcutterAnt cannot be converted to LivingEntityRenderState
            this.getParentModel().renderToBuffer(matrixStackIn, ivertexbuilder, packedLightIn, LivingEntityRenderer.getOverlayCoords(entitylivingbaseIn, 0.0F), f, f1, f2, 1.0F);
                                                                                                                                     ^
C:\Users\justi\Documents\GitHub\AlexsMobs-26.2\src\main\java\com\github\alexthe666\alexsmobs\client\render\RenderLeafcutterAnt.java:21: error: type argument AdvancedEntityModel<EntityLeafcutterAnt> is not within bounds of type-variable M
public class RenderLeafcutterAnt extends MobRenderer<EntityLeafcutterAnt, LivingEntityRenderState, AdvancedEntityModel<EntityLeafcutterAnt>> {
                                                                                                                      ^
  where M,S are type-variables:
    M extends EntityModel<? super S> declared in class MobRenderer
    S extends LivingEntityRenderState declared in class MobRenderer
C:\Users\justi\Documents\GitHub\AlexsMobs-26.2\src\main\java\com\github\alexthe666\alexsmobs\client\render\RenderLeafcutterAnt.java:21: error: RenderLeafcutterAnt is not abstract and does not override abstract method getTextureLocation(LivingEntityRenderState) in LivingEntityRenderer
public class RenderLeafcutterAnt extends MobRenderer<EntityLeafcutterAnt, LivingEntityRenderState, AdvancedEntityModel<EntityLeafcutterAnt>> {
       ^
C:\Users\justi\Documents\GitHub\AlexsMobs-26.2\src\main\java\com\github\alexthe666\alexsmobs\client\render\RenderLeafcutterAnt.java:31: error: incompatible types: LayerLeafcutterAntLeaf cannot be converted to RenderLayer<LivingEntityRenderState,AdvancedEntityModel<EntityLeafcutterAnt>>
        this.addLayer(new LayerLeafcutterAntLeaf(this));
                      ^
C:\Users\justi\Documents\GitHub\AlexsMobs-26.2\src\main\java\com\github\alexthe666\alexsmobs\client\render\RenderLeafcutterAnt.java:35: error: method does not override or implement a method from a supertype
    @Override
    ^
C:\Users\justi\Documents\GitHub\AlexsMobs-26.2\src\main\java\com\github\alexthe666\alexsmobs\client\render\RenderLeafcutterAnt.java:37: error: incompatible types: EntityLeafcutterAnt cannot be converted to LivingEntityRenderState
        if (this.isShaking(entityLiving)) {
                           ^
C:\Users\justi\Documents\GitHub\AlexsMobs-26.2\src\main\java\com\github\alexthe666\alexsmobs\client\render\RenderLeafcutterAnt.java:97: error: method getFlipDegrees in class LivingEntityRenderer<T,S,M> cannot be applied to given types;
            matrixStackIn.mulPose(Axis.ZP.rotationDegrees(f * this.getFlipDegrees(entityLiving)));
                                                                  ^
  required: no arguments
  found:    EntityLeafcutterAnt
  reason: actual and formal argument lists differ in length
  where T,S,M are type-variables:
    T extends LivingEntity declared in class LivingEntityRenderer
    S extends LivingEntityRenderState declared in class LivingEntityRenderer
    M extends EntityModel<? super S> declared in class LivingEntityRenderer
C:\Users\justi\Documents\GitHub\AlexsMobs-26.2\src\main\java\com\github\alexthe666\alexsmobs\client\render\layer\LayerMantisShrimpItem.java:16: error: type argument EntityMantisShrimp is not within bounds of type-variable S
public class LayerMantisShrimpItem extends RenderLayer<EntityMantisShrimp, ModelMantisShrimp> {
                                                       ^
  where S is a type-variable:
    S extends EntityRenderState declared in class RenderLayer
C:\Users\justi\Documents\GitHub\AlexsMobs-26.2\src\main\java\com\github\alexthe666\alexsmobs\client\render\layer\LayerMantisShrimpItem.java:16: error: LayerMantisShrimpItem is not abstract and does not override abstract method submit(PoseStack,SubmitNodeCollector,int,EntityMantisShrimp,float,float) in RenderLayer
public class LayerMantisShrimpItem extends RenderLayer<EntityMantisShrimp, ModelMantisShrimp> {
       ^
C:\Users\justi\Documents\GitHub\AlexsMobs-26.2\src\main\java\com\github\alexthe666\alexsmobs\client\render\layer\LayerMantisShrimpItem.java:19: error: incompatible types: RenderMantisShrimp cannot be converted to RenderLayerParent<EntityMantisShrimp,ModelMantisShrimp>
        super(render);
              ^
C:\Users\justi\Documents\GitHub\AlexsMobs-26.2\src\main\java\com\github\alexthe666\alexsmobs\client\render\layer\LayerMantisShrimpItem.java:33: error: cannot find symbol
        if(!Minecraft.getInstance().getItemRenderer().getItemModelShaper().getItemModel(itemstack).isGui3d()){
                                   ^
  symbol:   method getItemRenderer()
  location: class Minecraft
C:\Users\justi\Documents\GitHub\AlexsMobs-26.2\src\main\java\com\github\alexthe666\alexsmobs\client\render\layer\LayerMantisShrimpItem.java:42: error: method renderItem in class ItemInHandRenderer cannot be applied to given types;
        renderer.renderItem(entitylivingbaseIn, itemstack, ItemDisplayContext.GROUND, false, matrixStackIn, bufferIn, packedLightIn);
                ^
  required: LivingEntity,ItemStack,ItemDisplayContext,PoseStack,SubmitNodeCollector,int
  found:    EntityMantisShrimp,ItemStack,ItemDisplayContext,boolean,PoseStack,OrderedSubmitNodeCollector,int
  reason: actual and formal argument lists differ in length
C:\Users\justi\Documents\GitHub\AlexsMobs-26.2\src\main\java\com\github\alexthe666\alexsmobs\client\render\RenderMantisShrimp.java:14: error: type argument ModelMantisShrimp is not within bounds of type-variable M
public class RenderMantisShrimp extends MobRenderer<EntityMantisShrimp, LivingEntityRenderState, ModelMantisShrimp> {
                                                                                                 ^
  where M,S are type-variables:
    M extends EntityModel<? super S> declared in class MobRenderer
    S extends LivingEntityRenderState declared in class MobRenderer
C:\Users\justi\Documents\GitHub\AlexsMobs-26.2\src\main\java\com\github\alexthe666\alexsmobs\client\render\RenderMantisShrimp.java:14: error: RenderMantisShrimp is not abstract and does not override abstract method getTextureLocation(LivingEntityRenderState) in LivingEntityRenderer
public class RenderMantisShrimp extends MobRenderer<EntityMantisShrimp, LivingEntityRenderState, ModelMantisShrimp> {
       ^
C:\Users\justi\Documents\GitHub\AlexsMobs-26.2\src\main\java\com\github\alexthe666\alexsmobs\client\render\RenderMantisShrimp.java:22: error: incompatible types: LayerMantisShrimpItem cannot be converted to RenderLayer<LivingEntityRenderState,ModelMantisShrimp>
        this.addLayer(new LayerMantisShrimpItem(this));
                      ^
C:\Users\justi\Documents\GitHub\AlexsMobs-26.2\src\main\java\com\github\alexthe666\alexsmobs\client\render\layer\LayerMimicubeHeldItem.java:17: error: type argument EntityMimicube is not within bounds of type-variable S
public class LayerMimicubeHeldItem extends RenderLayer<EntityMimicube, ModelMimicube> {
                                                       ^
  where S is a type-variable:
    S extends EntityRenderState declared in class RenderLayer
C:\Users\justi\Documents\GitHub\AlexsMobs-26.2\src\main\java\com\github\alexthe666\alexsmobs\client\render\layer\LayerMimicubeHeldItem.java:17: error: LayerMimicubeHeldItem is not abstract and does not override abstract method submit(PoseStack,SubmitNodeCollector,int,EntityMimicube,float,float) in RenderLayer
public class LayerMimicubeHeldItem extends RenderLayer<EntityMimicube, ModelMimicube> {
       ^
C:\Users\justi\Documents\GitHub\AlexsMobs-26.2\src\main\java\com\github\alexthe666\alexsmobs\client\render\layer\LayerMimicubeHeldItem.java:20: error: incompatible types: RenderMimicube cannot be converted to RenderLayerParent<EntityMimicube,ModelMimicube>
        super(render);
              ^
C:\Users\justi\Documents\GitHub\AlexsMobs-26.2\src\main\java\com\github\alexthe666\alexsmobs\client\render\layer\LayerMimicubeHeldItem.java:45: error: cannot find symbol
            Minecraft.getInstance().getItemRenderer().renderStatic(itemRight, ItemDisplayContext.THIRD_PERSON_RIGHT_HAND, rightSwap > 0 ? (int) (-100 * rightSwap) : packedLightIn, LivingEntityRenderer.getOverlayCoords(entitylivingbaseIn, 0.0F), matrixStackIn, bufferIn, entitylivingbaseIn.level(), 0);
                                   ^
  symbol:   method getItemRenderer()
  location: class Minecraft
C:\Users\justi\Documents\GitHub\AlexsMobs-26.2\src\main\java\com\github\alexthe666\alexsmobs\client\render\layer\LayerMimicubeHeldItem.java:45: error: incompatible types: EntityMimicube cannot be converted to LivingEntityRenderState
            Minecraft.getInstance().getItemRenderer().renderStatic(itemRight, ItemDisplayContext.THIRD_PERSON_RIGHT_HAND, rightSwap > 0 ? (int) (-100 * rightSwap) : packedLightIn, LivingEntityRenderer.getOverlayCoords(entitylivingbaseIn, 0.0F), matrixStackIn, bufferIn, entitylivingbaseIn.level(), 0);
                                                                                                                                                                                                                          ^
C:\Users\justi\Documents\GitHub\AlexsMobs-26.2\src\main\java\com\github\alexthe666\alexsmobs\client\render\layer\LayerMimicubeHeldItem.java:62: error: cannot find symbol
            Minecraft.getInstance().getItemRenderer().renderStatic(itemLeft, ItemDisplayContext.THIRD_PERSON_RIGHT_HAND, leftSwap > 0 ? (int) (-100 * leftSwap) : packedLightIn, LivingEntityRenderer.getOverlayCoords(entitylivingbaseIn, 0.0F), matrixStackIn, bufferIn, entitylivingbaseIn.level(), 0);
                                   ^
  symbol:   method getItemRenderer()
  location: class Minecraft
C:\Users\justi\Documents\GitHub\AlexsMobs-26.2\src\main\java\com\github\alexthe666\alexsmobs\client\render\layer\LayerMimicubeHeldItem.java:62: error: incompatible types: EntityMimicube cannot be converted to LivingEntityRenderState
            Minecraft.getInstance().getItemRenderer().renderStatic(itemLeft, ItemDisplayContext.THIRD_PERSON_RIGHT_HAND, leftSwap > 0 ? (int) (-100 * leftSwap) : packedLightIn, LivingEntityRenderer.getOverlayCoords(entitylivingbaseIn, 0.0F), matrixStackIn, bufferIn, entitylivingbaseIn.level(), 0);
                                                                                                                                                                                                                       ^
C:\Users\justi\Documents\GitHub\AlexsMobs-26.2\src\main\java\com\github\alexthe666\alexsmobs\client\render\RenderMimicube.java:16: error: type argument ModelMimicube is not within bounds of type-variable M
public class RenderMimicube extends MobRenderer<EntityMimicube, LivingEntityRenderState, ModelMimicube> {
                                                                                         ^
  where M,S are type-variables:
    M extends EntityModel<? super S> declared in class MobRenderer
    S extends LivingEntityRenderState declared in class MobRenderer
C:\Users\justi\Documents\GitHub\AlexsMobs-26.2\src\main\java\com\github\alexthe666\alexsmobs\client\render\RenderMimicube.java:16: error: RenderMimicube is not abstract and does not override abstract method getTextureLocation(LivingEntityRenderState) in LivingEntityRenderer
public class RenderMimicube extends MobRenderer<EntityMimicube, LivingEntityRenderState, ModelMimicube> {
       ^
C:\Users\justi\Documents\GitHub\AlexsMobs-26.2\src\main\java\com\github\alexthe666\alexsmobs\client\render\RenderMimicube.java:21: error: incompatible types: LayerMimicubeHelmet cannot be converted to RenderLayer<LivingEntityRenderState,ModelMimicube>
        this.addLayer(new LayerMimicubeHelmet(this, renderManagerIn));
                      ^
C:\Users\justi\Documents\GitHub\AlexsMobs-26.2\src\main\java\com\github\alexthe666\alexsmobs\client\render\RenderMimicube.java:22: error: incompatible types: LayerMimicubeHeldItem cannot be converted to RenderLayer<LivingEntityRenderState,ModelMimicube>
        this.addLayer(new LayerMimicubeHeldItem(this));
                      ^
C:\Users\justi\Documents\GitHub\AlexsMobs-26.2\src\main\java\com\github\alexthe666\alexsmobs\client\render\RenderMimicube.java:23: error: incompatible types: LayerMimicubeTexture cannot be converted to RenderLayer<LivingEntityRenderState,ModelMimicube>
        this.addLayer(new LayerMimicubeTexture(this));
                      ^
C:\Users\justi\Documents\GitHub\AlexsMobs-26.2\src\main\java\com\github\alexthe666\alexsmobs\client\render\layer\LayerMimicubeHelmet.java:28: error: type argument EntityMimicube is not within bounds of type-variable S
public class LayerMimicubeHelmet extends RenderLayer<EntityMimicube, ModelMimicube> {
                                                     ^
  where S is a type-variable:
    S extends EntityRenderState declared in class RenderLayer
C:\Users\justi\Documents\GitHub\AlexsMobs-26.2\src\main\java\com\github\alexthe666\alexsmobs\client\render\layer\LayerMimicubeHelmet.java:28: error: LayerMimicubeHelmet is not abstract and does not override abstract method submit(PoseStack,SubmitNodeCollector,int,EntityMimicube,float,float) in RenderLayer
public class LayerMimicubeHelmet extends RenderLayer<EntityMimicube, ModelMimicube> {
       ^
C:\Users\justi\Documents\GitHub\AlexsMobs-26.2\src\main\java\com\github\alexthe666\alexsmobs\client\render\layer\LayerMimicubeHelmet.java:35: error: incompatible types: RenderMimicube cannot be converted to RenderLayerParent<EntityMimicube,ModelMimicube>
        super(render);
              ^
C:\Users\justi\Documents\GitHub\AlexsMobs-26.2\src\main\java\com\github\alexthe666\alexsmobs\client\render\layer\LayerMimicubeHelmet.java:37: error: cannot find symbol
        defaultBipedModel = new HumanoidModel(renderManagerIn.bakeLayer(ModelLayers.ARMOR_STAND_OUTER_ARMOR));
                                                                                   ^
  symbol:   variable ARMOR_STAND_OUTER_ARMOR
  location: class ModelLayers
C:\Users\justi\Documents\GitHub\AlexsMobs-26.2\src\main\java\com\github\alexthe666\alexsmobs\client\render\layer\LayerMimicubeHelmet.java:41: error: cannot find symbol
        ArmorItem item = (ArmorItem) stack.getItem();
        ^
  symbol:   class ArmorItem
  location: class LayerMimicubeHelmet
C:\Users\justi\Documents\GitHub\AlexsMobs-26.2\src\main\java\com\github\alexthe666\alexsmobs\client\render\layer\LayerMimicubeHelmet.java:41: error: cannot find symbol
        ArmorItem item = (ArmorItem) stack.getItem();
                          ^
  symbol:   class ArmorItem
  location: class LayerMimicubeHelmet
C:\Users\justi\Documents\GitHub\AlexsMobs-26.2\src\main\java\com\github\alexthe666\alexsmobs\client\render\layer\LayerMimicubeHelmet.java:51: error: method getArmorTexture in class ClientHooks cannot be applied to given types;
        s1 = net.neoforged.neoforge.client.ClientHooks.getArmorTexture(entity, stack, s1, slot, type);
                                                      ^
  required: ItemStack,LayerType,Layer,Identifier
  found:    Entity,ItemStack,String,EquipmentSlot,String
  reason: actual and formal argument lists differ in length
C:\Users\justi\Documents\GitHub\AlexsMobs-26.2\src\main\java\com\github\alexthe666\alexsmobs\client\render\layer\LayerMimicubeHelmet.java:66: error: cannot find symbol
        if (itemstack.getItem() instanceof ArmorItem) {
                                           ^
  symbol:   class ArmorItem
  location: class LayerMimicubeHelmet
C:\Users\justi\Documents\GitHub\AlexsMobs-26.2\src\main\java\com\github\alexthe666\alexsmobs\client\render\layer\LayerMimicubeHelmet.java:67: error: cannot find symbol
            ArmorItem armoritem = (ArmorItem) itemstack.getItem();
            ^
  symbol:   class ArmorItem
  location: class LayerMimicubeHelmet
C:\Users\justi\Documents\GitHub\AlexsMobs-26.2\src\main\java\com\github\alexthe666\alexsmobs\client\render\layer\LayerMimicubeHelmet.java:67: error: cannot find symbol
            ArmorItem armoritem = (ArmorItem) itemstack.getItem();
                                   ^
  symbol:   class ArmorItem
  location: class LayerMimicubeHelmet
C:\Users\justi\Documents\GitHub\AlexsMobs-26.2\src\main\java\com\github\alexthe666\alexsmobs\client\render\layer\LayerMimicubeHelmet.java:82: error: cannot find symbol
                if (armoritem instanceof net.minecraft.world.item.DyeableLeatherItem) { // Allow this for anything, not only cloth
                                                                 ^
  symbol:   class DyeableLeatherItem
  location: package net.minecraft.world.item
C:\Users\justi\Documents\GitHub\AlexsMobs-26.2\src\main\java\com\github\alexthe666\alexsmobs\client\render\layer\LayerMimicubeHelmet.java:83: error: cannot find symbol
                    int i = ((net.minecraft.world.item.DyeableLeatherItem) armoritem).getColor(itemstack);
                                                      ^
  symbol:   class DyeableLeatherItem
  location: package net.minecraft.world.item
C:\Users\justi\Documents\GitHub\AlexsMobs-26.2\src\main\java\com\github\alexthe666\alexsmobs\client\render\layer\LayerMimicubeHelmet.java:99: error: cannot find symbol
        VertexConsumer ivertexbuilder = ItemRenderer.getFoilBuffer(bufferIn, RenderType.entityCutoutNoCull(armorResource), false, glintIn);
                                        ^
  symbol:   variable ItemRenderer
  location: class LayerMimicubeHelmet
C:\Users\justi\Documents\GitHub\AlexsMobs-26.2\src\main\java\com\github\alexthe666\alexsmobs\client\render\layer\LayerMimicubeHelmet.java:99: error: cannot find symbol
        VertexConsumer ivertexbuilder = ItemRenderer.getFoilBuffer(bufferIn, RenderType.entityCutoutNoCull(armorResource), false, glintIn);
                                                                                       ^
  symbol:   method entityCutoutNoCull(Identifier)
  location: class RenderType
C:\Users\justi\Documents\GitHub\AlexsMobs-26.2\src\main\java\com\github\alexthe666\alexsmobs\client\render\layer\LayerMimicubeHelmet.java:101: error: cannot find symbol
            renderer.getModel().copyPropertiesTo(modelIn);
                               ^
  symbol:   method copyPropertiesTo(HumanoidModel)
  location: class ModelMimicube
C:\Users\justi\Documents\GitHub\AlexsMobs-26.2\src\main\java\com\github\alexthe666\alexsmobs\client\render\layer\LayerMimicubeHelmet.java:111: error: cannot find symbol
            modelIn.hat.copyFrom(modelIn.head);
                       ^
  symbol:   method copyFrom(ModelPart)
  location: variable hat of type ModelPart
C:\Users\justi\Documents\GitHub\AlexsMobs-26.2\src\main\java\com\github\alexthe666\alexsmobs\client\render\layer\LayerMimicubeHelmet.java:112: error: cannot find symbol
            modelIn.body.copyFrom(modelIn.head);
                        ^
  symbol:   method copyFrom(ModelPart)
  location: variable body of type ModelPart
C:\Users\justi\Documents\GitHub\AlexsMobs-26.2\src\main\java\com\github\alexthe666\alexsmobs\client\render\layer\LayerMimicubeHelmet.java:114: error: method renderToBuffer in class Model<S> cannot be applied to given types;
        modelIn.renderToBuffer(matrixStackIn, ivertexbuilder, packedLightIn, OverlayTexture.NO_OVERLAY, red, green, blue, 1.0F);
               ^
  required: PoseStack,VertexConsumer,int,int,int
  found:    PoseStack,VertexConsumer,int,int,float,float,float,float
  reason: actual and formal argument lists differ in length
  where S is a type-variable:
    S extends Object declared in class Model
C:\Users\justi\Documents\GitHub\AlexsMobs-26.2\src\main\java\com\github\alexthe666\alexsmobs\client\render\layer\LayerMimicubeHelmet.java:141: error: cannot find symbol
        model.setAllVisible(false);
             ^
  symbol:   method setAllVisible(boolean)
  location: variable model of type HumanoidModel
C:\Users\justi\Documents\GitHub\AlexsMobs-26.2\src\main\java\com\github\alexthe666\alexsmobs\client\render\layer\LayerMimicubeHelmet.java:148: error: cannot find symbol
            Model basicModel = net.neoforged.neoforge.client.ClientHooks.getArmorModel(entity, itemStack, slot, model);
                                                                        ^
  symbol:   method getArmorModel(LivingEntity,ItemStack,EquipmentSlot,HumanoidModel)
  location: class ClientHooks
C:\Users\justi\Documents\GitHub\AlexsMobs-26.2\src\main\java\com\github\alexthe666\alexsmobs\client\render\layer\LayerMimicubeTexture.java:14: error: type argument EntityMimicube is not within bounds of type-variable S
public class LayerMimicubeTexture extends RenderLayer<EntityMimicube, ModelMimicube> {
                                                      ^
  where S is a type-variable:
    S extends EntityRenderState declared in class RenderLayer
C:\Users\justi\Documents\GitHub\AlexsMobs-26.2\src\main\java\com\github\alexthe666\alexsmobs\client\render\layer\LayerMimicubeTexture.java:14: error: LayerMimicubeTexture is not abstract and does not override abstract method submit(PoseStack,SubmitNodeCollector,int,EntityMimicube,float,float) in RenderLayer
public class LayerMimicubeTexture extends RenderLayer<EntityMimicube, ModelMimicube> {
       ^
C:\Users\justi\Documents\GitHub\AlexsMobs-26.2\src\main\java\com\github\alexthe666\alexsmobs\client\render\layer\LayerMimicubeTexture.java:18: error: incompatible types: RenderMimicube cannot be converted to RenderLayerParent<EntityMimicube,ModelMimicube>
        super(render);
              ^
C:\Users\justi\Documents\GitHub\AlexsMobs-26.2\src\main\java\com\github\alexthe666\alexsmobs\client\render\layer\LayerMimicubeTexture.java:22: error: cannot find symbol
        VertexConsumer ivertexbuilder = bufferIn.getBuffer(RenderType.entityTranslucent(TEXTURE));
                                                                     ^
  symbol:   method entityTranslucent(Identifier)
  location: class RenderType
C:\Users\justi\Documents\GitHub\AlexsMobs-26.2\src\main\java\com\github\alexthe666\alexsmobs\client\render\layer\LayerMimicubeTexture.java:23: error: incompatible types: EntityMimicube cannot be converted to LivingEntityRenderState
        this.getParentModel().renderToBuffer(matrixStackIn, ivertexbuilder, packedLightIn, LivingEntityRenderer.getOverlayCoords(entitylivingbaseIn, 0.0F), 1.0F, 1.0F, 1.0F, 1.0F);
                                                                                                                                 ^
C:\Users\justi\Documents\GitHub\AlexsMobs-26.2\src\main\java\com\github\alexthe666\alexsmobs\client\render\layer\LayerRaccoonEyes.java:16: error: type argument EntityRaccoon is not within bounds of type-variable S
public class LayerRaccoonEyes extends RenderLayer<EntityRaccoon, ModelRaccoon> {
                                                  ^
  where S is a type-variable:
    S extends EntityRenderState declared in class RenderLayer
C:\Users\justi\Documents\GitHub\AlexsMobs-26.2\src\main\java\com\github\alexthe666\alexsmobs\client\render\layer\LayerRaccoonEyes.java:16: error: LayerRaccoonEyes is not abstract and does not override abstract method submit(PoseStack,SubmitNodeCollector,int,EntityRaccoon,float,float) in RenderLayer
public class LayerRaccoonEyes extends RenderLayer<EntityRaccoon, ModelRaccoon> {
       ^
C:\Users\justi\Documents\GitHub\AlexsMobs-26.2\src\main\java\com\github\alexthe666\alexsmobs\client\render\layer\LayerRaccoonEyes.java:20: error: incompatible types: RenderRaccoon cannot be converted to RenderLayerParent<EntityRaccoon,ModelRaccoon>
        super(render);
              ^
C:\Users\justi\Documents\GitHub\AlexsMobs-26.2\src\main\java\com\github\alexthe666\alexsmobs\client\render\layer\LayerRaccoonEyes.java:24: error: cannot find symbol
        long roundedTime = raccoon.level().getDayTime() % 24000;
                                          ^
  symbol:   method getDayTime()
  location: class Level
C:\Users\justi\Documents\GitHub\AlexsMobs-26.2\src\main\java\com\github\alexthe666\alexsmobs\client\render\layer\LayerRaccoonEyes.java:36: error: cannot find symbol
            VertexConsumer ivertexbuilder = bufferIn.getBuffer(RenderType.eyes(TEXTURE));
                                                                         ^
  symbol:   method eyes(Identifier)
  location: class RenderType
C:\Users\justi\Documents\GitHub\AlexsMobs-26.2\src\main\java\com\github\alexthe666\alexsmobs\client\render\layer\LayerRaccoonEyes.java:37: error: incompatible types: EntityRaccoon cannot be converted to LivingEntityRenderState
            this.getParentModel().renderToBuffer(matrixStackIn, ivertexbuilder, packedLightIn, LivingEntityRenderer.getOverlayCoords(raccoon, 0.0F), 1.0F, 1.0F, 1.0F, 1.0F);
                                                                                                                                     ^
C:\Users\justi\Documents\GitHub\AlexsMobs-26.2\src\main\java\com\github\alexthe666\alexsmobs\client\render\RenderRaccoon.java:20: error: type argument ModelRaccoon is not within bounds of type-variable M
public class RenderRaccoon extends MobRenderer<EntityRaccoon, LivingEntityRenderState, ModelRaccoon> {
                                                                                       ^
  where M,S are type-variables:
    M extends EntityModel<? super S> declared in class MobRenderer
    S extends LivingEntityRenderState declared in class MobRenderer
C:\Users\justi\Documents\GitHub\AlexsMobs-26.2\src\main\java\com\github\alexthe666\alexsmobs\client\render\RenderRaccoon.java:20: error: RenderRaccoon is not abstract and does not override abstract method getTextureLocation(LivingEntityRenderState) in LivingEntityRenderer
public class RenderRaccoon extends MobRenderer<EntityRaccoon, LivingEntityRenderState, ModelRaccoon> {
       ^
C:\Users\justi\Documents\GitHub\AlexsMobs-26.2\src\main\java\com\github\alexthe666\alexsmobs\client\render\RenderRaccoon.java:27: error: incompatible types: LayerRaccoonEyes cannot be converted to RenderLayer<LivingEntityRenderState,ModelRaccoon>
        this.addLayer(new LayerRaccoonEyes(this));
                      ^
C:\Users\justi\Documents\GitHub\AlexsMobs-26.2\src\main\java\com\github\alexthe666\alexsmobs\client\render\RenderRaccoon.java:28: error: incompatible types: LayerRaccoonItem cannot be converted to RenderLayer<LivingEntityRenderState,ModelRaccoon>
        this.addLayer(new LayerRaccoonItem(this));
                      ^
C:\Users\justi\Documents\GitHub\AlexsMobs-26.2\src\main\java\com\github\alexthe666\alexsmobs\client\render\RenderRaccoon.java:29: error: incompatible types: BandanaLayer cannot be converted to RenderLayer<LivingEntityRenderState,ModelRaccoon>
        this.addLayer(new BandanaLayer(this));
                      ^
C:\Users\justi\Documents\GitHub\AlexsMobs-26.2\src\main\java\com\github\alexthe666\alexsmobs\client\render\RenderRaccoon.java:41: error: type argument EntityRaccoon is not within bounds of type-variable S
    private static class BandanaLayer extends RenderLayer<EntityRaccoon, ModelRaccoon> {
                                                          ^
  where S is a type-variable:
    S extends EntityRenderState declared in class RenderLayer
C:\Users\justi\Documents\GitHub\AlexsMobs-26.2\src\main\java\com\github\alexthe666\alexsmobs\client\render\RenderRaccoon.java:41: error: BandanaLayer is not abstract and does not override abstract method submit(PoseStack,SubmitNodeCollector,int,EntityRaccoon,float,float) in RenderLayer
    private static class BandanaLayer extends RenderLayer<EntityRaccoon, ModelRaccoon> {
                   ^
C:\Users\justi\Documents\GitHub\AlexsMobs-26.2\src\main\java\com\github\alexthe666\alexsmobs\client\render\RenderRaccoon.java:43: error: incompatible types: RenderRaccoon cannot be converted to RenderLayerParent<EntityRaccoon,ModelRaccoon>
            super(renderRaccoon);
                  ^
C:\Users\justi\Documents\GitHub\AlexsMobs-26.2\src\main\java\com\github\alexthe666\alexsmobs\client\render\RenderRaccoon.java:57: error: cannot find symbol
                    float[] lvt_20_1_ = Sheep.getColorArray(DyeColor.byId(lvt_17_1_));
                                             ^
  symbol:   method getColorArray(DyeColor)
  location: class Sheep
C:\Users\justi\Documents\GitHub\AlexsMobs-26.2\src\main\java\com\github\alexthe666\alexsmobs\client\render\RenderRaccoon.java:58: error: cannot find symbol
                    float[] lvt_21_1_ = Sheep.getColorArray(DyeColor.byId(lvt_18_1_));
                                             ^
  symbol:   method getColorArray(DyeColor)
  location: class Sheep
C:\Users\justi\Documents\GitHub\AlexsMobs-26.2\src\main\java\com\github\alexthe666\alexsmobs\client\render\RenderRaccoon.java:63: error: cannot find symbol
                    float[] lvt_14_2_ = Sheep.getColorArray(raccoon.getColor());
                                             ^
  symbol:   method getColorArray(DyeColor)
  location: class Sheep
C:\Users\justi\Documents\GitHub\AlexsMobs-26.2\src\main\java\com\github\alexthe666\alexsmobs\client\render\RenderRaccoon.java:68: error: cannot find symbol
                this.getParentModel().renderToBuffer(p_225628_1_, p_225628_2_.getBuffer(AMRenderTypes.entityCutoutNoCull(TEXTURE_BANDANA)), p_225628_3_, OverlayTexture.NO_OVERLAY, lvt_11_2_, lvt_12_2_, lvt_13_2_, 1.0F);
                                                                                                     ^
  symbol:   method entityCutoutNoCull(Identifier)
  location: class AMRenderTypes
C:\Users\justi\Documents\GitHub\AlexsMobs-26.2\src\main\java\com\github\alexthe666\alexsmobs\client\render\layer\LayerRaccoonItem.java:16: error: type argument EntityRaccoon is not within bounds of type-variable S
public class LayerRaccoonItem extends RenderLayer<EntityRaccoon, ModelRaccoon> {
                                                  ^
  where S is a type-variable:
    S extends EntityRenderState declared in class RenderLayer
C:\Users\justi\Documents\GitHub\AlexsMobs-26.2\src\main\java\com\github\alexthe666\alexsmobs\client\render\layer\LayerRaccoonItem.java:16: error: LayerRaccoonItem is not abstract and does not override abstract method submit(PoseStack,SubmitNodeCollector,int,EntityRaccoon,float,float) in RenderLayer
public class LayerRaccoonItem extends RenderLayer<EntityRaccoon, ModelRaccoon> {
       ^
C:\Users\justi\Documents\GitHub\AlexsMobs-26.2\src\main\java\com\github\alexthe666\alexsmobs\client\render\layer\LayerRaccoonItem.java:19: error: incompatible types: RenderRaccoon cannot be converted to RenderLayerParent<EntityRaccoon,ModelRaccoon>
        super(render);
              ^
C:\Users\justi\Documents\GitHub\AlexsMobs-26.2\src\main\java\com\github\alexthe666\alexsmobs\client\render\layer\LayerRaccoonItem.java:41: error: method renderItem in class ItemInHandRenderer cannot be applied to given types;
        renderer.renderItem(entitylivingbaseIn, itemstack, ItemDisplayContext.GROUND, false, matrixStackIn, bufferIn, packedLightIn);
                ^
  required: LivingEntity,ItemStack,ItemDisplayContext,PoseStack,SubmitNodeCollector,int
  found:    EntityRaccoon,ItemStack,ItemDisplayContext,boolean,PoseStack,OrderedSubmitNodeCollector,int
  reason: actual and formal argument lists differ in length
C:\Users\justi\Documents\GitHub\AlexsMobs-26.2\src\main\java\com\github\alexthe666\alexsmobs\client\render\layer\LayerRainbow.java:17: error: LayerRainbow is not abstract and does not override abstract method submit(PoseStack,SubmitNodeCollector,int,EntityRenderState,float,float) in RenderLayer
public class LayerRainbow extends RenderLayer {
       ^
C:\Users\justi\Documents\GitHub\AlexsMobs-26.2\src\main\java\com\github\alexthe666\alexsmobs\client\render\layer\LayerRainbow.java:26: error: method does not override or implement a method from a supertype
    @Override
    ^
C:\Users\justi\Documents\GitHub\AlexsMobs-26.2\src\main\java\com\github\alexthe666\alexsmobs\client\render\layer\LayerRainbow.java:31: error: cannot find symbol
            VertexConsumer ivertexbuilder = bufferIn.getBuffer(getRenderType(rainbowType));
                                                    ^
  symbol:   method getBuffer(RenderType)
  location: variable bufferIn of type OrderedSubmitNodeCollector
C:\Users\justi\Documents\GitHub\AlexsMobs-26.2\src\main\java\com\github\alexthe666\alexsmobs\client\render\layer\LayerRainbow.java:34: error: incompatible types: LivingEntity cannot be converted to LivingEntityRenderState
            this.getParentModel().renderToBuffer(matrixStackIn, ivertexbuilder, packedLightIn, LivingEntityRenderer.getOverlayCoords((LivingEntity)entity, 0), 1, 1, 1, alpha);
                                                                                                                                     ^
C:\Users\justi\Documents\GitHub\AlexsMobs-26.2\src\main\java\com\github\alexthe666\alexsmobs\client\render\layer\LayerRainbow.java:41: error: cannot find symbol
            case TRANS -> AMRenderTypes.TRANS_GLINT;
                                       ^
  symbol:   variable TRANS_GLINT
  location: class AMRenderTypes
C:\Users\justi\Documents\GitHub\AlexsMobs-26.2\src\main\java\com\github\alexthe666\alexsmobs\client\render\layer\LayerRainbow.java:42: error: cannot find symbol
            case NONBI -> AMRenderTypes.NONBI_GLINT;
                                       ^
  symbol:   variable NONBI_GLINT
  location: class AMRenderTypes
C:\Users\justi\Documents\GitHub\AlexsMobs-26.2\src\main\java\com\github\alexthe666\alexsmobs\client\render\layer\LayerRainbow.java:43: error: cannot find symbol
            case BI -> AMRenderTypes.BI_GLINT;
                                    ^
  symbol:   variable BI_GLINT
  location: class AMRenderTypes
C:\Users\justi\Documents\GitHub\AlexsMobs-26.2\src\main\java\com\github\alexthe666\alexsmobs\client\render\layer\LayerRainbow.java:44: error: cannot find symbol
            case ACE -> AMRenderTypes.ACE_GLINT;
                                     ^
  symbol:   variable ACE_GLINT
  location: class AMRenderTypes
C:\Users\justi\Documents\GitHub\AlexsMobs-26.2\src\main\java\com\github\alexthe666\alexsmobs\client\render\layer\LayerRainbow.java:45: error: cannot find symbol
            case WEEZER -> AMRenderTypes.WEEZER_GLINT;
                                        ^
  symbol:   variable WEEZER_GLINT
  location: class AMRenderTypes
C:\Users\justi\Documents\GitHub\AlexsMobs-26.2\src\main\java\com\github\alexthe666\alexsmobs\client\render\layer\LayerRainbow.java:46: error: cannot find symbol
            case BRAZIL -> AMRenderTypes.BRAZIL_GLINT;
                                        ^
  symbol:   variable BRAZIL_GLINT
  location: class AMRenderTypes
C:\Users\justi\Documents\GitHub\AlexsMobs-26.2\src\main\java\com\github\alexthe666\alexsmobs\client\render\layer\LayerRainbow.java:47: error: cannot find symbol
            default -> AMRenderTypes.RAINBOW_GLINT;
                                    ^
  symbol:   variable RAINBOW_GLINT
  location: class AMRenderTypes
C:\Users\justi\Documents\GitHub\AlexsMobs-26.2\src\main\java\com\github\alexthe666\alexsmobs\item\ItemRainbowJelly.java:33: error: no suitable constructor found for ItemParticleOption(ParticleType<ItemParticleOption>,ItemStack)
                playerIn.level().addParticle(new ItemParticleOption(ParticleTypes.ITEM, stack), target.getX() + (double) (random.nextFloat() * target.getBbWidth()) - (double) target.getBbWidth() * 0.5F, target.getY() + target.getBbHeight() * 0.5F + (double) (random.nextFloat() * target.getBbHeight() * 0.5F), target.getZ() + (double) (random.nextFloat() * target.getBbWidth()) - (double) target.getBbWidth() * 0.5F, d0, d1, d2);
                                             ^
    constructor ItemParticleOption.ItemParticleOption(ParticleType<ItemParticleOption>,Item) is not applicable
      (argument mismatch; ItemStack cannot be converted to Item)
    constructor ItemParticleOption.ItemParticleOption(ParticleType<ItemParticleOption>,ItemStackTemplate) is not applicable
      (argument mismatch; ItemStack cannot be converted to ItemStackTemplate)
C:\Users\justi\Documents\GitHub\AlexsMobs-26.2\src\main\java\com\github\alexthe666\alexsmobs\item\ItemRainbowJelly.java:47: error: cannot find symbol
        return this.isEdible() ? e.eat(level, st) : st;
                   ^
  symbol: method isEdible()
C:\Users\justi\Documents\GitHub\AlexsMobs-26.2\src\main\java\com\github\alexthe666\alexsmobs\item\ItemRainbowJelly.java:47: error: cannot find symbol
        return this.isEdible() ? e.eat(level, st) : st;
                                  ^
  symbol:   method eat(Level,ItemStack)
  location: variable e of type LivingEntity
C:\Users\justi\Documents\GitHub\AlexsMobs-26.2\src\main\java\com\github\alexthe666\alexsmobs\item\ItemRainbowJelly.java:51: error: cannot find symbol
        if (stack.getItem().isEdible()) {
                           ^
  symbol:   method isEdible()
  location: class Item
C:\Users\justi\Documents\GitHub\AlexsMobs-26.2\src\main\java\com\github\alexthe666\alexsmobs\client\render\layer\LayerSealItem.java:15: error: type argument EntitySeal is not within bounds of type-variable S
public class LayerSealItem extends RenderLayer<EntitySeal, ModelSeal> {
                                               ^
  where S is a type-variable:
    S extends EntityRenderState declared in class RenderLayer
C:\Users\justi\Documents\GitHub\AlexsMobs-26.2\src\main\java\com\github\alexthe666\alexsmobs\client\render\layer\LayerSealItem.java:15: error: LayerSealItem is not abstract and does not override abstract method submit(PoseStack,SubmitNodeCollector,int,EntitySeal,float,float) in RenderLayer
public class LayerSealItem extends RenderLayer<EntitySeal, ModelSeal> {
       ^
C:\Users\justi\Documents\GitHub\AlexsMobs-26.2\src\main\java\com\github\alexthe666\alexsmobs\client\render\layer\LayerSealItem.java:18: error: incompatible types: RenderSeal cannot be converted to RenderLayerParent<EntitySeal,ModelSeal>
        super(render);
              ^
C:\Users\justi\Documents\GitHub\AlexsMobs-26.2\src\main\java\com\github\alexthe666\alexsmobs\client\render\layer\LayerSealItem.java:37: error: method renderItem in class ItemInHandRenderer cannot be applied to given types;
        renderer.renderItem(entitylivingbaseIn, itemstack, ItemDisplayContext.GROUND, false, matrixStackIn, bufferIn, packedLightIn);
                ^
  required: LivingEntity,ItemStack,ItemDisplayContext,PoseStack,SubmitNodeCollector,int
  found:    EntitySeal,ItemStack,ItemDisplayContext,boolean,PoseStack,OrderedSubmitNodeCollector,int
  reason: actual and formal argument lists differ in length
C:\Users\justi\Documents\GitHub\AlexsMobs-26.2\src\main\java\com\github\alexthe666\alexsmobs\client\render\RenderSeal.java:24: error: type argument ModelSeal is not within bounds of type-variable M
public class RenderSeal extends MobRenderer<EntitySeal, LivingEntityRenderState, ModelSeal> {
                                                                                 ^
  where M,S are type-variables:
    M extends EntityModel<? super S> declared in class MobRenderer
    S extends LivingEntityRenderState declared in class MobRenderer
C:\Users\justi\Documents\GitHub\AlexsMobs-26.2\src\main\java\com\github\alexthe666\alexsmobs\client\render\RenderSeal.java:24: error: RenderSeal is not abstract and does not override abstract method getTextureLocation(LivingEntityRenderState) in LivingEntityRenderer
public class RenderSeal extends MobRenderer<EntitySeal, LivingEntityRenderState, ModelSeal> {
       ^
C:\Users\justi\Documents\GitHub\AlexsMobs-26.2\src\main\java\com\github\alexthe666\alexsmobs\client\render\RenderSeal.java:35: error: incompatible types: LayerSealItem cannot be converted to RenderLayer<LivingEntityRenderState,ModelSeal>
        this.addLayer(new LayerSealItem(this));
                      ^
C:\Users\justi\Documents\GitHub\AlexsMobs-26.2\src\main\java\com\github\alexthe666\alexsmobs\client\render\RenderSeal.java:36: error: incompatible types: SealTearsLayer cannot be converted to RenderLayer<LivingEntityRenderState,ModelSeal>
        this.addLayer(new SealTearsLayer(this));
                      ^
C:\Users\justi\Documents\GitHub\AlexsMobs-26.2\src\main\java\com\github\alexthe666\alexsmobs\client\render\RenderSeal.java:40: error: method shouldShowName in class MobRenderer<T,S,M> cannot be applied to given types;
        return super.shouldShowName(seal) || seal.isTearsEasterEgg();
                    ^
  required: EntitySeal,double
  found:    EntitySeal
  reason: actual and formal argument lists differ in length
  where T,S,M are type-variables:
    T extends Mob declared in class MobRenderer
    S extends LivingEntityRenderState declared in class MobRenderer
    M extends EntityModel<? super S> declared in class MobRenderer
C:\Users\justi\Documents\GitHub\AlexsMobs-26.2\src\main\java\com\github\alexthe666\alexsmobs\client\render\RenderSeal.java:50: error: method does not override or implement a method from a supertype
    @Override
    ^
C:\Users\justi\Documents\GitHub\AlexsMobs-26.2\src\main\java\com\github\alexthe666\alexsmobs\client\render\RenderSeal.java:54: error: cannot find symbol
            if (net.neoforged.neoforge.client.ClientHooks.isNameplateInRenderDistance(seal, d0)) {
                                                         ^
  symbol:   method isNameplateInRenderDistance(EntitySeal,double)
  location: class ClientHooks
C:\Users\justi\Documents\GitHub\AlexsMobs-26.2\src\main\java\com\github\alexthe666\alexsmobs\client\render\RenderSeal.java:71: error: cannot find symbol
                poseStack.mulPose(this.entityRenderDispatcher.cameraOrientation());
                                                             ^
  symbol:   method cameraOrientation()
  location: variable entityRenderDispatcher of type EntityRenderDispatcher
C:\Users\justi\Documents\GitHub\AlexsMobs-26.2\src\main\java\com\github\alexthe666\alexsmobs\client\render\RenderSeal.java:87: error: cannot find symbol
                    font.drawInBatch(widest, widestCenter, (float)i, j, false, matrix4f, bufferSrc, Font.DisplayMode.NORMAL, j, 240);
                        ^
  symbol:   method drawInBatch(String,float,float,int,boolean,Matrix4f,OrderedSubmitNodeCollector,DisplayMode,int,int)
  location: variable font of type Font
C:\Users\justi\Documents\GitHub\AlexsMobs-26.2\src\main\java\com\github\alexthe666\alexsmobs\client\render\RenderSeal.java:89: error: cannot find symbol
                    font.drawInBatch(print, f2, (float)i, 1, false, matrix4f, bufferSrc, Font.DisplayMode.NORMAL, j, 240);
                        ^
  symbol:   method drawInBatch(String,float,float,int,boolean,Matrix4f,OrderedSubmitNodeCollector,DisplayMode,int,int)
  location: variable font of type Font
C:\Users\justi\Documents\GitHub\AlexsMobs-26.2\src\main\java\com\github\alexthe666\alexsmobs\client\render\RenderSeal.java:90: error: cannot find symbol
                    font.drawInBatch(print, f2, (float)i, 0, false, matrix4f, bufferSrc, Font.DisplayMode.NORMAL, j, 240);
                        ^
  symbol:   method drawInBatch(String,float,float,int,boolean,Matrix4f,OrderedSubmitNodeCollector,DisplayMode,int,int)
  location: variable font of type Font
C:\Users\justi\Documents\GitHub\AlexsMobs-26.2\src\main\java\com\github\alexthe666\alexsmobs\client\render\RenderSeal.java:97: error: cannot find symbol
            super.renderNameTag(seal, text, poseStack, bufferSrc, numberIn);
                 ^
  symbol: method renderNameTag(EntitySeal,Component,PoseStack,OrderedSubmitNodeCollector,int)
C:\Users\justi\Documents\GitHub\AlexsMobs-26.2\src\main\java\com\github\alexthe666\alexsmobs\client\render\RenderSeal.java:101: error: type argument EntitySeal is not within bounds of type-variable S
    static class SealTearsLayer extends RenderLayer<EntitySeal, ModelSeal> {
                                                    ^
  where S is a type-variable:
    S extends EntityRenderState declared in class RenderLayer
C:\Users\justi\Documents\GitHub\AlexsMobs-26.2\src\main\java\com\github\alexthe666\alexsmobs\client\render\RenderSeal.java:101: error: SealTearsLayer is not abstract and does not override abstract method submit(PoseStack,SubmitNodeCollector,int,EntitySeal,float,float) in RenderLayer
    static class SealTearsLayer extends RenderLayer<EntitySeal, ModelSeal> {
           ^
C:\Users\justi\Documents\GitHub\AlexsMobs-26.2\src\main\java\com\github\alexthe666\alexsmobs\client\render\RenderSeal.java:104: error: incompatible types: RenderSeal cannot be converted to RenderLayerParent<EntitySeal,ModelSeal>
            super(p_i50928_1_);
                  ^
C:\Users\justi\Documents\GitHub\AlexsMobs-26.2\src\main\java\com\github\alexthe666\alexsmobs\client\render\RenderSeal.java:109: error: cannot find symbol
                VertexConsumer lead = bufferIn.getBuffer(AMRenderTypes.entityCutoutNoCull(TEXTURE_TEARS));
                                                                      ^
  symbol:   method entityCutoutNoCull(Identifier)
  location: class AMRenderTypes
C:\Users\justi\Documents\GitHub\AlexsMobs-26.2\src\main\java\com\github\alexthe666\alexsmobs\client\render\RenderSeal.java:110: error: incompatible types: EntitySeal cannot be converted to LivingEntityRenderState
                this.getParentModel().renderToBuffer(matrixStackIn, lead, packedLightIn, LivingEntityRenderer.getOverlayCoords(entitylivingbaseIn, 0), 1.0F, 1.0F, 1.0F, 1.0F);
                                                                                                                               ^
C:\Users\justi\Documents\GitHub\AlexsMobs-26.2\src\main\java\com\github\alexthe666\alexsmobs\client\render\layer\LayerSoulVultureGlow.java:13: error: type argument EntitySoulVulture is not within bounds of type-variable S
public class LayerSoulVultureGlow extends RenderLayer<EntitySoulVulture, ModelSoulVulture> {
                                                      ^
  where S is a type-variable:
    S extends EntityRenderState declared in class RenderLayer
C:\Users\justi\Documents\GitHub\AlexsMobs-26.2\src\main\java\com\github\alexthe666\alexsmobs\client\render\layer\LayerSoulVultureGlow.java:13: error: LayerSoulVultureGlow is not abstract and does not override abstract method submit(PoseStack,SubmitNodeCollector,int,EntitySoulVulture,float,float) in RenderLayer
public class LayerSoulVultureGlow extends RenderLayer<EntitySoulVulture, ModelSoulVulture> {
       ^
C:\Users\justi\Documents\GitHub\AlexsMobs-26.2\src\main\java\com\github\alexthe666\alexsmobs\client\render\layer\LayerSoulVultureGlow.java:20: error: incompatible types: RenderSoulVulture cannot be converted to RenderLayerParent<EntitySoulVulture,ModelSoulVulture>
        super(renderSoulVulture);
              ^
C:\Users\justi\Documents\GitHub\AlexsMobs-26.2\src\main\java\com\github\alexthe666\alexsmobs\client\render\layer\LayerSoulVultureGlow.java:24: error: cannot find symbol
        this.getParentModel().renderToBuffer(matrixStackIn, bufferIn.getBuffer(AMRenderTypes.getGhost(TEXTURE_GLOW)), 240, LivingEntityRenderer.getOverlayCoords(entitylivingbaseIn, 0.0F), 1.0F, 1.0F, 1.0F, 1F);
                                                                    ^
  symbol:   method getBuffer(RenderType)
  location: variable bufferIn of type OrderedSubmitNodeCollector
C:\Users\justi\Documents\GitHub\AlexsMobs-26.2\src\main\java\com\github\alexthe666\alexsmobs\client\render\layer\LayerSoulVultureGlow.java:24: error: incompatible types: EntitySoulVulture cannot be converted to LivingEntityRenderState
        this.getParentModel().renderToBuffer(matrixStackIn, bufferIn.getBuffer(AMRenderTypes.getGhost(TEXTURE_GLOW)), 240, LivingEntityRenderer.getOverlayCoords(entitylivingbaseIn, 0.0F), 1.0F, 1.0F, 1.0F, 1F);
                                                                                                                                                                 ^
C:\Users\justi\Documents\GitHub\AlexsMobs-26.2\src\main\java\com\github\alexthe666\alexsmobs\client\render\layer\LayerSoulVultureGlow.java:26: error: cannot find symbol
            this.getParentModel().renderToBuffer(matrixStackIn, bufferIn.getBuffer(AMRenderTypes.getGhost(getFlames(entitylivingbaseIn.tickCount))), 240, LivingEntityRenderer.getOverlayCoords(entitylivingbaseIn, 0.0F), 1.0F, 1.0F, 1.0F, 1F);
                                                                        ^
  symbol:   method getBuffer(RenderType)
  location: variable bufferIn of type OrderedSubmitNodeCollector
C:\Users\justi\Documents\GitHub\AlexsMobs-26.2\src\main\java\com\github\alexthe666\alexsmobs\client\render\layer\LayerSoulVultureGlow.java:26: error: incompatible types: EntitySoulVulture cannot be converted to LivingEntityRenderState
            this.getParentModel().renderToBuffer(matrixStackIn, bufferIn.getBuffer(AMRenderTypes.getGhost(getFlames(entitylivingbaseIn.tickCount))), 240, LivingEntityRenderer.getOverlayCoords(entitylivingbaseIn, 0.0F), 1.0F, 1.0F, 1.0F, 1F);
                                                                                                                                                                                                ^
C:\Users\justi\Documents\GitHub\AlexsMobs-26.2\src\main\java\com\github\alexthe666\alexsmobs\client\render\RenderSoulVulture.java:14: error: type argument ModelSoulVulture is not within bounds of type-variable M
public class RenderSoulVulture extends MobRenderer<EntitySoulVulture, LivingEntityRenderState, ModelSoulVulture> {
                                                                                               ^
  where M,S are type-variables:
    M extends EntityModel<? super S> declared in class MobRenderer
    S extends LivingEntityRenderState declared in class MobRenderer
C:\Users\justi\Documents\GitHub\AlexsMobs-26.2\src\main\java\com\github\alexthe666\alexsmobs\client\render\RenderSoulVulture.java:14: error: RenderSoulVulture is not abstract and does not override abstract method getTextureLocation(LivingEntityRenderState) in LivingEntityRenderer
public class RenderSoulVulture extends MobRenderer<EntitySoulVulture, LivingEntityRenderState, ModelSoulVulture> {
       ^
C:\Users\justi\Documents\GitHub\AlexsMobs-26.2\src\main\java\com\github\alexthe666\alexsmobs\client\render\RenderSoulVulture.java:19: error: incompatible types: LayerSoulVultureGlow cannot be converted to RenderLayer<LivingEntityRenderState,ModelSoulVulture>
        this.addLayer(new LayerSoulVultureGlow(this));
                      ^
C:\Users\justi\Documents\GitHub\AlexsMobs-26.2\src\main\java\com\github\alexthe666\alexsmobs\client\render\layer\LayerTigerEyes.java:16: error: type argument EntityTiger is not within bounds of type-variable S
public class LayerTigerEyes  extends RenderLayer<EntityTiger, ModelTiger> {
                                                 ^
  where S is a type-variable:
    S extends EntityRenderState declared in class RenderLayer
C:\Users\justi\Documents\GitHub\AlexsMobs-26.2\src\main\java\com\github\alexthe666\alexsmobs\client\render\layer\LayerTigerEyes.java:16: error: LayerTigerEyes is not abstract and does not override abstract method submit(PoseStack,SubmitNodeCollector,int,EntityTiger,float,float) in RenderLayer
public class LayerTigerEyes  extends RenderLayer<EntityTiger, ModelTiger> {
       ^
C:\Users\justi\Documents\GitHub\AlexsMobs-26.2\src\main\java\com\github\alexthe666\alexsmobs\client\render\layer\LayerTigerEyes.java:22: error: incompatible types: RenderTiger cannot be converted to RenderLayerParent<EntityTiger,ModelTiger>
        super(render);
              ^
C:\Users\justi\Documents\GitHub\AlexsMobs-26.2\src\main\java\com\github\alexthe666\alexsmobs\client\render\layer\LayerTigerEyes.java:27: error: cannot find symbol
            long roundedTime = tiger.level().getDayTime() % 24000;
                                            ^
  symbol:   method getDayTime()
  location: class Level
C:\Users\justi\Documents\GitHub\AlexsMobs-26.2\src\main\java\com\github\alexthe666\alexsmobs\client\render\layer\LayerTigerEyes.java:39: error: cannot find symbol
                VertexConsumer ivertexbuilder = bufferIn.getBuffer(RenderType.eyes(tiger.getRemainingPersistentAngerTime() > 0 ? TEXTURE_ANGRY : tiger.isWhite() ? TEXTURE_WHITE : TEXTURE));
                                                                             ^
  symbol:   method eyes(tiger.getR[...]XTURE)
  location: class RenderType
C:\Users\justi\Documents\GitHub\AlexsMobs-26.2\src\main\java\com\github\alexthe666\alexsmobs\client\render\layer\LayerTigerEyes.java:40: error: incompatible types: EntityTiger cannot be converted to LivingEntityRenderState
                this.getParentModel().renderToBuffer(matrixStackIn, ivertexbuilder, packedLightIn, LivingEntityRenderer.getOverlayCoords(tiger, 0.0F), 1.0F, 1.0F, 1.0F, 1.0F);
                                                                                                                                         ^
C:\Users\justi\Documents\GitHub\AlexsMobs-26.2\src\main\java\com\github\alexthe666\alexsmobs\client\render\RenderTiger.java:33: error: type argument ModelTiger is not within bounds of type-variable M
public class RenderTiger extends MobRenderer<EntityTiger, LivingEntityRenderState, ModelTiger> {
                                                                                   ^
  where M,S are type-variables:
    M extends EntityModel<? super S> declared in class MobRenderer
    S extends LivingEntityRenderState declared in class MobRenderer
C:\Users\justi\Documents\GitHub\AlexsMobs-26.2\src\main\java\com\github\alexthe666\alexsmobs\client\render\RenderTiger.java:33: error: RenderTiger is not abstract and does not override abstract method getTextureLocation(LivingEntityRenderState) in LivingEntityRenderer
public class RenderTiger extends MobRenderer<EntityTiger, LivingEntityRenderState, ModelTiger> {
       ^
C:\Users\justi\Documents\GitHub\AlexsMobs-26.2\src\main\java\com\github\alexthe666\alexsmobs\client\render\RenderTiger.java:43: error: incompatible types: LayerTigerEyes cannot be converted to RenderLayer<LivingEntityRenderState,ModelTiger>
        this.addLayer(new LayerTigerEyes(this));
                      ^
C:\Users\justi\Documents\GitHub\AlexsMobs-26.2\src\main\java\com\github\alexthe666\alexsmobs\client\render\RenderTiger.java:50: error: wrong number of type arguments; required 3
        if (net.neoforged.neoforge.common.NeoForge.EVENT_BUS.post(new net.neoforged.neoforge.client.event.RenderLivingEvent.Pre<EntityTiger, ModelTiger>(entityIn, this, partialTicks, matrixStackIn, bufferIn, packedLightIn)))
                                                                                                                               ^
C:\Users\justi\Documents\GitHub\AlexsMobs-26.2\src\main\java\com\github\alexthe666\alexsmobs\client\render\RenderTiger.java:50: error: incompatible types: inference variable T has incompatible upper bounds Boolean,Event
        if (net.neoforged.neoforge.common.NeoForge.EVENT_BUS.post(new net.neoforged.neoforge.client.event.RenderLivingEvent.Pre<EntityTiger, ModelTiger>(entityIn, this, partialTicks, matrixStackIn, bufferIn, packedLightIn)))
                                                                 ^
  where T is a type-variable:
    T extends Event declared in method <T>post(T)
C:\Users\justi\Documents\GitHub\AlexsMobs-26.2\src\main\java\com\github\alexthe666\alexsmobs\client\render\RenderTiger.java:53: error: cannot find symbol
        this.model.attackTime = this.getAttackAnim(entityIn, partialTicks);
                  ^
  symbol:   variable attackTime
  location: variable model of type M
  where M,S are type-variables:
    M extends EntityModel<? super S> declared in class LivingEntityRenderer
    S extends LivingEntityRenderState declared in class LivingEntityRenderer
C:\Users\justi\Documents\GitHub\AlexsMobs-26.2\src\main\java\com\github\alexthe666\alexsmobs\client\render\RenderTiger.java:53: error: cannot find symbol
        this.model.attackTime = this.getAttackAnim(entityIn, partialTicks);
                                    ^
  symbol: method getAttackAnim(EntityTiger,float)
C:\Users\justi\Documents\GitHub\AlexsMobs-26.2\src\main\java\com\github\alexthe666\alexsmobs\client\render\RenderTiger.java:56: error: cannot find symbol
        this.model.riding = shouldSit;
                  ^
  symbol:   variable riding
  location: variable model of type M
  where M,S are type-variables:
    M extends EntityModel<? super S> declared in class LivingEntityRenderer
    S extends LivingEntityRenderState declared in class LivingEntityRenderer
C:\Users\justi\Documents\GitHub\AlexsMobs-26.2\src\main\java\com\github\alexthe666\alexsmobs\client\render\RenderTiger.java:57: error: cannot find symbol
        this.model.young = entityIn.isBaby();
                  ^
  symbol:   variable young
  location: variable model of type M
  where M,S are type-variables:
    M extends EntityModel<? super S> declared in class LivingEntityRenderer
    S extends LivingEntityRenderState declared in class LivingEntityRenderer
C:\Users\justi\Documents\GitHub\AlexsMobs-26.2\src\main\java\com\github\alexthe666\alexsmobs\client\render\RenderTiger.java:91: error: cannot find symbol
        float f7 = this.getBob(entityIn, partialTicks);
                       ^
  symbol: method getBob(EntityTiger,float)
C:\Users\justi\Documents\GitHub\AlexsMobs-26.2\src\main\java\com\github\alexthe666\alexsmobs\client\render\RenderTiger.java:92: error: method setupRotations in class LivingEntityRenderer<T,S,M> cannot be applied to given types;
        this.setupRotations(entityIn, matrixStackIn, f7, f, partialTicks);
            ^
  required: LivingEntityRenderState,PoseStack,float,float
  found:    EntityTiger,PoseStack,float,float,float
  reason: actual and formal argument lists differ in length
  where T,S,M are type-variables:
    T extends LivingEntity declared in class LivingEntityRenderer
    S extends LivingEntityRenderState declared in class LivingEntityRenderer
    M extends EntityModel<? super S> declared in class LivingEntityRenderer
C:\Users\justi\Documents\GitHub\AlexsMobs-26.2\src\main\java\com\github\alexthe666\alexsmobs\client\render\RenderTiger.java:113: error: incompatible types: EntityTiger cannot be converted to LivingEntityRenderState
        boolean flag = this.isBodyVisible(entityIn);
                                          ^
C:\Users\justi\Documents\GitHub\AlexsMobs-26.2\src\main\java\com\github\alexthe666\alexsmobs\client\render\RenderTiger.java:120: error: cannot find symbol
            VertexConsumer ivertexbuilder = bufferIn.getBuffer(rendertype);
                                                    ^
  symbol:   method getBuffer(RenderType)
  location: variable bufferIn of type OrderedSubmitNodeCollector
C:\Users\justi\Documents\GitHub\AlexsMobs-26.2\src\main\java\com\github\alexthe666\alexsmobs\client\render\RenderTiger.java:121: error: method getWhiteOverlayProgress in class LivingEntityRenderer<T,S,M> cannot be applied to given types;
            int i = getOverlayCoords(entityIn, this.getWhiteOverlayProgress(entityIn, partialTicks));
                                                   ^
  required: LivingEntityRenderState
  found:    EntityTiger,float
  reason: actual and formal argument lists differ in length
  where T,S,M are type-variables:
    T extends LivingEntity declared in class LivingEntityRenderer
    S extends LivingEntityRenderState declared in class LivingEntityRenderer
    M extends EntityModel<? super S> declared in class LivingEntityRenderer
C:\Users\justi\Documents\GitHub\AlexsMobs-26.2\src\main\java\com\github\alexthe666\alexsmobs\client\render\RenderTiger.java:127: error: cannot find symbol
                layerrenderer.render(matrixStackIn, bufferIn, packedLightIn, entityIn, f5, f8, partialTicks, f7, f2, f6);
                             ^
  symbol:   method render(PoseStack,OrderedSubmitNodeCollector,int,EntityTiger,float,float,float,float,float,float)
  location: variable layerrenderer of type RenderLayer
C:\Users\justi\Documents\GitHub\AlexsMobs-26.2\src\main\java\com\github\alexthe666\alexsmobs\client\render\RenderTiger.java:136: error: RenderNameTagEvent is abstract; cannot be instantiated
        RenderNameTagEvent renderNameplateEvent = new RenderNameTagEvent(entityIn, entityIn.getDisplayName(), this, matrixStackIn, bufferIn, packedLightIn, partialTicks);
                                                  ^
C:\Users\justi\Documents\GitHub\AlexsMobs-26.2\src\main\java\com\github\alexthe666\alexsmobs\client\render\RenderTiger.java:138: error: cannot find symbol
        if (renderNameplateEvent.getResult() != net.neoforged.bus.api.Event.Result.DENY && (renderNameplateEvent.getResult() == net.neoforged.bus.api.Event.Result.ALLOW || this.shouldShowName(entityIn))) {
                                ^
  symbol:   method getResult()
  location: variable renderNameplateEvent of type RenderNameTagEvent
C:\Users\justi\Documents\GitHub\AlexsMobs-26.2\src\main\java\com\github\alexthe666\alexsmobs\client\render\RenderTiger.java:138: error: cannot find symbol
        if (renderNameplateEvent.getResult() != net.neoforged.bus.api.Event.Result.DENY && (renderNameplateEvent.getResult() == net.neoforged.bus.api.Event.Result.ALLOW || this.shouldShowName(entityIn))) {
                                                                           ^
  symbol:   variable Result
  location: class Event
C:\Users\justi\Documents\GitHub\AlexsMobs-26.2\src\main\java\com\github\alexthe666\alexsmobs\client\render\RenderTiger.java:138: error: cannot find symbol
        if (renderNameplateEvent.getResult() != net.neoforged.bus.api.Event.Result.DENY && (renderNameplateEvent.getResult() == net.neoforged.bus.api.Event.Result.ALLOW || this.shouldShowName(entityIn))) {
                                                                                                                ^
  symbol:   method getResult()
  location: variable renderNameplateEvent of type RenderNameTagEvent
C:\Users\justi\Documents\GitHub\AlexsMobs-26.2\src\main\java\com\github\alexthe666\alexsmobs\client\render\RenderTiger.java:138: error: cannot find symbol
        if (renderNameplateEvent.getResult() != net.neoforged.bus.api.Event.Result.DENY && (renderNameplateEvent.getResult() == net.neoforged.bus.api.Event.Result.ALLOW || this.shouldShowName(entityIn))) {
                                                                                                                                                           ^
  symbol:   variable Result
  location: class Event
C:\Users\justi\Documents\GitHub\AlexsMobs-26.2\src\main\java\com\github\alexthe666\alexsmobs\client\render\RenderTiger.java:138: error: method shouldShowName in class MobRenderer<T,S,M> cannot be applied to given types;
        if (renderNameplateEvent.getResult() != net.neoforged.bus.api.Event.Result.DENY && (renderNameplateEvent.getResult() == net.neoforged.bus.api.Event.Result.ALLOW || this.shouldShowName(entityIn))) {
                                                                                                                                                                                ^
  required: EntityTiger,double
  found:    EntityTiger
  reason: actual and formal argument lists differ in length
  where T,S,M are type-variables:
    T extends Mob declared in class MobRenderer
    S extends LivingEntityRenderState declared in class MobRenderer
    M extends EntityModel<? super S> declared in class MobRenderer
C:\Users\justi\Documents\GitHub\AlexsMobs-26.2\src\main\java\com\github\alexthe666\alexsmobs\client\render\RenderTiger.java:139: error: cannot find symbol
            this.renderNameTag(entityIn, renderNameplateEvent.getContent(), matrixStackIn, bufferIn, packedLightIn);
                                                             ^
  symbol:   method getContent()
  location: variable renderNameplateEvent of type RenderNameTagEvent
C:\Users\justi\Documents\GitHub\AlexsMobs-26.2\src\main\java\com\github\alexthe666\alexsmobs\client\render\RenderTiger.java:141: error: wrong number of type arguments; required 3
        net.neoforged.neoforge.common.NeoForge.EVENT_BUS.post(new net.neoforged.neoforge.client.event.RenderLivingEvent.Post<EntityTiger, ModelTiger>(entityIn, this, partialTicks, matrixStackIn, bufferIn, packedLightIn));
                                                                                                                            ^
C:\Users\justi\Documents\GitHub\AlexsMobs-26.2\src\main\java\com\github\alexthe666\alexsmobs\client\render\RenderTiger.java:159: error: cannot find symbol
        VertexConsumer vertexconsumer = p_115465_.getBuffer(RenderType.leash());
                                                                      ^
  symbol:   method leash()
  location: class RenderType
C:\Users\justi\Documents\GitHub\AlexsMobs-26.2\src\main\java\com\github\alexthe666\alexsmobs\client\render\RenderTiger.java:190: error: cannot find symbol
        int k = LightTexture.pack(i, j);
                ^
  symbol:   variable LightTexture
  location: class RenderTiger
C:\Users\justi\Documents\GitHub\AlexsMobs-26.2\src\main\java\com\github\alexthe666\alexsmobs\client\render\RenderTiger.java:198: error: cannot find symbol
        p_174308_.vertex(p_174309_, f5 - p_174319_, f6 + p_174318_, f7 + p_174320_).color(f2, f3, f4, 1.0F).uv2(k).endVertex();
                 ^
  symbol:   method vertex(Matrix4f,float,float,float)
  location: variable p_174308_ of type VertexConsumer
C:\Users\justi\Documents\GitHub\AlexsMobs-26.2\src\main\java\com\github\alexthe666\alexsmobs\client\render\RenderTiger.java:199: error: cannot find symbol
        p_174308_.vertex(p_174309_, f5 + p_174319_, f6 + p_174317_ - p_174318_, f7 - p_174320_).color(f2, f3, f4, 1.0F).uv2(k).endVertex();
                 ^
  symbol:   method vertex(Matrix4f,float,float,float)
  location: variable p_174308_ of type VertexConsumer
C:\Users\justi\Documents\GitHub\AlexsMobs-26.2\src\main\java\com\github\alexthe666\alexsmobs\client\render\RenderTiger.java:206: error: method does not override or implement a method from a supertype
    @Override
    ^
C:\Users\justi\Documents\GitHub\AlexsMobs-26.2\src\main\java\com\github\alexthe666\alexsmobs\client\render\RenderTiger.java:210: error: cannot find symbol
            return RenderType.itemEntityTranslucentCull(Identifier);
                             ^
  symbol:   method itemEntityTranslucentCull(Identifier)
  location: class RenderType
C:\Users\justi\Documents\GitHub\AlexsMobs-26.2\src\main\java\com\github\alexthe666\alexsmobs\client\render\RenderTiger.java:212: error: incompatible types: EntityTiger cannot be converted to LivingEntityRenderState
            return super.getRenderType(tiger, b0, b1, b2);
                                       ^
C:\Users\justi\Documents\GitHub\AlexsMobs-26.2\src\main\java\com\github\alexthe666\alexsmobs\client\render\layer\LayerTusklinGear.java:15: error: type argument EntityTusklin is not within bounds of type-variable S
public class LayerTusklinGear extends RenderLayer<EntityTusklin, ModelTusklin> {
                                                  ^
  where S is a type-variable:
    S extends EntityRenderState declared in class RenderLayer
C:\Users\justi\Documents\GitHub\AlexsMobs-26.2\src\main\java\com\github\alexthe666\alexsmobs\client\render\layer\LayerTusklinGear.java:15: error: LayerTusklinGear is not abstract and does not override abstract method submit(PoseStack,SubmitNodeCollector,int,EntityTusklin,float,float) in RenderLayer
public class LayerTusklinGear extends RenderLayer<EntityTusklin, ModelTusklin> {
       ^
C:\Users\justi\Documents\GitHub\AlexsMobs-26.2\src\main\java\com\github\alexthe666\alexsmobs\client\render\layer\LayerTusklinGear.java:20: error: incompatible types: RenderTusklin cannot be converted to RenderLayerParent<EntityTusklin,ModelTusklin>
        super(render);
              ^
C:\Users\justi\Documents\GitHub\AlexsMobs-26.2\src\main\java\com\github\alexthe666\alexsmobs\client\render\layer\LayerTusklinGear.java:25: error: cannot find symbol
            VertexConsumer ivertexbuilder = bufferIn.getBuffer(RenderType.entityCutout(TEXTURE_SADDLE));
                                                                         ^
  symbol:   method entityCutout(Identifier)
  location: class RenderType
C:\Users\justi\Documents\GitHub\AlexsMobs-26.2\src\main\java\com\github\alexthe666\alexsmobs\client\render\layer\LayerTusklinGear.java:26: error: incompatible types: EntityTusklin cannot be converted to LivingEntityRenderState
            this.getParentModel().renderToBuffer(matrixStackIn, ivertexbuilder, packedLightIn, LivingEntityRenderer.getOverlayCoords(entitylivingbaseIn, 0.0F), 1.0F, 1.0F, 1.0F, 1.0F);
                                                                                                                                     ^
C:\Users\justi\Documents\GitHub\AlexsMobs-26.2\src\main\java\com\github\alexthe666\alexsmobs\client\render\layer\LayerTusklinGear.java:29: error: cannot find symbol
            VertexConsumer ivertexbuilder = ItemRenderer.getArmorFoilBuffer(bufferIn, RenderType.armorCutoutNoCull(TEXTURE_SHOES), false, entitylivingbaseIn.getShoeStack().hasFoil());
                                            ^
  symbol:   variable ItemRenderer
  location: class LayerTusklinGear
C:\Users\justi\Documents\GitHub\AlexsMobs-26.2\src\main\java\com\github\alexthe666\alexsmobs\client\render\layer\LayerTusklinGear.java:29: error: cannot find symbol
            VertexConsumer ivertexbuilder = ItemRenderer.getArmorFoilBuffer(bufferIn, RenderType.armorCutoutNoCull(TEXTURE_SHOES), false, entitylivingbaseIn.getShoeStack().hasFoil());
                                                                                                ^
  symbol:   method armorCutoutNoCull(Identifier)
  location: class RenderType
C:\Users\justi\Documents\GitHub\AlexsMobs-26.2\src\main\java\com\github\alexthe666\alexsmobs\client\render\layer\LayerTusklinGear.java:30: error: incompatible types: EntityTusklin cannot be converted to LivingEntityRenderState
            this.getParentModel().renderToBuffer(matrixStackIn, ivertexbuilder, packedLightIn, LivingEntityRenderer.getOverlayCoords(entitylivingbaseIn, 0.0F), 1.0F, 1.0F, 1.0F, 1.0F);
                                                                                                                                     ^
C:\Users\justi\Documents\GitHub\AlexsMobs-26.2\src\main\java\com\github\alexthe666\alexsmobs\client\render\RenderTusklin.java:13: error: type argument ModelTusklin is not within bounds of type-variable M
public class RenderTusklin extends MobRenderer<EntityTusklin, LivingEntityRenderState, ModelTusklin> {
                                                                                       ^
  where M,S are type-variables:
    M extends EntityModel<? super S> declared in class MobRenderer
    S extends LivingEntityRenderState declared in class MobRenderer
C:\Users\justi\Documents\GitHub\AlexsMobs-26.2\src\main\java\com\github\alexthe666\alexsmobs\client\render\RenderTusklin.java:13: error: RenderTusklin is not abstract and does not override abstract method getTextureLocation(LivingEntityRenderState) in LivingEntityRenderer
public class RenderTusklin extends MobRenderer<EntityTusklin, LivingEntityRenderState, ModelTusklin> {
       ^
C:\Users\justi\Documents\GitHub\AlexsMobs-26.2\src\main\java\com\github\alexthe666\alexsmobs\client\render\RenderTusklin.java:19: error: incompatible types: LayerTusklinGear cannot be converted to RenderLayer<LivingEntityRenderState,ModelTusklin>
        this.addLayer(new LayerTusklinGear(this));
                      ^
C:\Users\justi\Documents\GitHub\AlexsMobs-26.2\src\main\java\com\github\alexthe666\alexsmobs\client\render\RenderTusklin.java:26: error: method does not override or implement a method from a supertype
    @Override
    ^
C:\Users\justi\Documents\GitHub\AlexsMobs-26.2\src\main\java\com\github\alexthe666\alexsmobs\client\render\layer\LayerUnderminerItem.java:20: error: type argument EntityUnderminer is not within bounds of type-variable S
public class LayerUnderminerItem extends RenderLayer<EntityUnderminer, EntityModel<EntityUnderminer>> {
                                                     ^
  where S is a type-variable:
    S extends EntityRenderState declared in class RenderLayer
C:\Users\justi\Documents\GitHub\AlexsMobs-26.2\src\main\java\com\github\alexthe666\alexsmobs\client\render\layer\LayerUnderminerItem.java:20: error: type argument EntityUnderminer is not within bounds of type-variable T
public class LayerUnderminerItem extends RenderLayer<EntityUnderminer, EntityModel<EntityUnderminer>> {
                                                                                   ^
  where T is a type-variable:
    T extends EntityRenderState declared in class EntityModel
C:\Users\justi\Documents\GitHub\AlexsMobs-26.2\src\main\java\com\github\alexthe666\alexsmobs\client\render\layer\LayerUnderminerItem.java:20: error: LayerUnderminerItem is not abstract and does not override abstract method submit(PoseStack,SubmitNodeCollector,int,EntityUnderminer,float,float) in RenderLayer
public class LayerUnderminerItem extends RenderLayer<EntityUnderminer, EntityModel<EntityUnderminer>> {
       ^
C:\Users\justi\Documents\GitHub\AlexsMobs-26.2\src\main\java\com\github\alexthe666\alexsmobs\client\render\layer\LayerUnderminerItem.java:23: error: incompatible types: RenderUnderminer cannot be converted to RenderLayerParent<EntityUnderminer,EntityModel<EntityUnderminer>>
        super(render);
              ^
C:\Users\justi\Documents\GitHub\AlexsMobs-26.2\src\main\java\com\github\alexthe666\alexsmobs\client\render\layer\LayerUnderminerItem.java:48: error: method renderItem in class ItemInHandRenderer cannot be applied to given types;
            renderer.renderItem(entitylivingbaseIn, itemstack, ItemDisplayContext.THIRD_PERSON_RIGHT_HAND, false, matrixStackIn, bufferIn, packedLightIn);
                    ^
  required: LivingEntity,ItemStack,ItemDisplayContext,PoseStack,SubmitNodeCollector,int
  found:    EntityUnderminer,ItemStack,ItemDisplayContext,boolean,PoseStack,OrderedSubmitNodeCollector,int
  reason: actual and formal argument lists differ in length
C:\Users\justi\Documents\GitHub\AlexsMobs-26.2\src\main\java\com\github\alexthe666\alexsmobs\client\render\layer\LayerUnderminerItem.java:55: error: incompatible types: EntityModel<EntityUnderminer> cannot be converted to ModelUnderminerDwarf
        if(getParentModel() instanceof ModelUnderminerDwarf){
                         ^
C:\Users\justi\Documents\GitHub\AlexsMobs-26.2\src\main\java\com\github\alexthe666\alexsmobs\client\render\layer\LayerUnderminerItem.java:56: error: incompatible types: EntityModel<EntityUnderminer> cannot be converted to ModelUnderminerDwarf
            ((ModelUnderminerDwarf)getParentModel()).translateToHand(arm, matrixStack);
                                                 ^
C:\Users\justi\Documents\GitHub\AlexsMobs-26.2\src\main\java\com\github\alexthe666\alexsmobs\client\render\layer\LayerUnderminerItem.java:58: error: method translateToHand in interface ArmedModel<T> cannot be applied to given types;
            ((ArmedModel)getParentModel()).translateToHand(arm, matrixStack);
                                          ^
  required: EntityRenderState,HumanoidArm,PoseStack
  found:    HumanoidArm,PoseStack
  reason: actual and formal argument lists differ in length
  where T is a type-variable:
    T extends EntityRenderState declared in interface ArmedModel
C:\Users\justi\Documents\GitHub\AlexsMobs-26.2\src\main\java\com\github\alexthe666\alexsmobs\client\render\RenderUnderminer.java:38: error: type argument EntityModel<EntityUnderminer> is not within bounds of type-variable M
public class RenderUnderminer extends MobRenderer<EntityUnderminer, LivingEntityRenderState, EntityModel<EntityUnderminer>> {
                                                                                                        ^
  where M,S are type-variables:
    M extends EntityModel<? super S> declared in class MobRenderer
    S extends LivingEntityRenderState declared in class MobRenderer
C:\Users\justi\Documents\GitHub\AlexsMobs-26.2\src\main\java\com\github\alexthe666\alexsmobs\client\render\RenderUnderminer.java:38: error: type argument EntityUnderminer is not within bounds of type-variable T
public class RenderUnderminer extends MobRenderer<EntityUnderminer, LivingEntityRenderState, EntityModel<EntityUnderminer>> {
                                                                                                         ^
  where T is a type-variable:
    T extends EntityRenderState declared in class EntityModel
C:\Users\justi\Documents\GitHub\AlexsMobs-26.2\src\main\java\com\github\alexthe666\alexsmobs\client\render\RenderUnderminer.java:38: error: RenderUnderminer is not abstract and does not override abstract method getTextureLocation(LivingEntityRenderState) in LivingEntityRenderer
public class RenderUnderminer extends MobRenderer<EntityUnderminer, LivingEntityRenderState, EntityModel<EntityUnderminer>> {
       ^
C:\Users\justi\Documents\GitHub\AlexsMobs-26.2\src\main\java\com\github\alexthe666\alexsmobs\client\render\RenderUnderminer.java:44: error: type argument EntityUnderminer is not within bounds of type-variable T
    private static HumanoidModel<EntityUnderminer> NORMAL_MODEL = null;
                                 ^
  where T is a type-variable:
    T extends HumanoidRenderState declared in class HumanoidModel
C:\Users\justi\Documents\GitHub\AlexsMobs-26.2\src\main\java\com\github\alexthe666\alexsmobs\client\render\RenderUnderminer.java:45: error: invalid method reference
    private static final List<RenderType> DESTROY_TYPES = BREAKING_LOCATIONS.stream().map(AMRenderTypes::getGhostCrumbling).collect(Collectors.toList());
                                                                                          ^
  cannot find symbol
    symbol:   method getGhostCrumbling()
    location: class AMRenderTypes
C:\Users\justi\Documents\GitHub\AlexsMobs-26.2\src\main\java\com\github\alexthe666\alexsmobs\client\render\RenderUnderminer.java:49: error: incompatible types: ModelUnderminerDwarf cannot be converted to EntityModel<EntityUnderminer>
        super(renderManagerIn, DWARF_MODEL, 0.4F);
                               ^
C:\Users\justi\Documents\GitHub\AlexsMobs-26.2\src\main\java\com\github\alexthe666\alexsmobs\client\render\RenderUnderminer.java:50: error: incompatible types: cannot infer type arguments for HumanoidModel<>
        NORMAL_MODEL = new HumanoidModel<>(Minecraft.getInstance().getEntityModels().bakeLayer(AMModelLayers.UNDERMINER));
                                        ^
    reason: inference variable T has incompatible bounds
      equality constraints: EntityUnderminer
      upper bounds: HumanoidRenderState
  where T is a type-variable:
    T extends HumanoidRenderState declared in class HumanoidModel
C:\Users\justi\Documents\GitHub\AlexsMobs-26.2\src\main\java\com\github\alexthe666\alexsmobs\client\render\RenderUnderminer.java:51: error: incompatible types: LayerUnderminerItem cannot be converted to RenderLayer<LivingEntityRenderState,EntityModel<EntityUnderminer>>
        this.addLayer(new LayerUnderminerItem(this));
                      ^
C:\Users\justi\Documents\GitHub\AlexsMobs-26.2\src\main\java\com\github\alexthe666\alexsmobs\client\render\RenderUnderminer.java:79: error: wrong number of type arguments; required 3
        if (net.neoforged.neoforge.common.NeoForge.EVENT_BUS.post(new net.neoforged.neoforge.client.event.RenderLivingEvent.Pre<EntityUnderminer, EntityModel<EntityUnderminer>>(entityIn, this, partialTicks, matrixStackIn, bufferIn, packedLightIn)))
                                                                                                                               ^
C:\Users\justi\Documents\GitHub\AlexsMobs-26.2\src\main\java\com\github\alexthe666\alexsmobs\client\render\RenderUnderminer.java:79: error: incompatible types: inference variable T has incompatible upper bounds Boolean,Event
        if (net.neoforged.neoforge.common.NeoForge.EVENT_BUS.post(new net.neoforged.neoforge.client.event.RenderLivingEvent.Pre<EntityUnderminer, EntityModel<EntityUnderminer>>(entityIn, this, partialTicks, matrixStackIn, bufferIn, packedLightIn)))
                                                                 ^
  where T is a type-variable:
    T extends Event declared in method <T>post(T)
C:\Users\justi\Documents\GitHub\AlexsMobs-26.2\src\main\java\com\github\alexthe666\alexsmobs\client\render\RenderUnderminer.java:82: error: cannot find symbol
        this.model.attackTime = this.getAttackAnim(entityIn, partialTicks);
                  ^
  symbol:   variable attackTime
  location: variable model of type M
  where M,S are type-variables:
    M extends EntityModel<? super S> declared in class LivingEntityRenderer
    S extends LivingEntityRenderState declared in class LivingEntityRenderer
C:\Users\justi\Documents\GitHub\AlexsMobs-26.2\src\main\java\com\github\alexthe666\alexsmobs\client\render\RenderUnderminer.java:82: error: cannot find symbol
        this.model.attackTime = this.getAttackAnim(entityIn, partialTicks);
                                    ^
  symbol: method getAttackAnim(EntityUnderminer,float)
C:\Users\justi\Documents\GitHub\AlexsMobs-26.2\src\main\java\com\github\alexthe666\alexsmobs\client\render\RenderUnderminer.java:85: error: cannot find symbol
        this.model.riding = shouldSit;
                  ^
  symbol:   variable riding
  location: variable model of type M
  where M,S are type-variables:
    M extends EntityModel<? super S> declared in class LivingEntityRenderer
    S extends LivingEntityRenderState declared in class LivingEntityRenderer
C:\Users\justi\Documents\GitHub\AlexsMobs-26.2\src\main\java\com\github\alexthe666\alexsmobs\client\render\RenderUnderminer.java:86: error: cannot find symbol
        this.model.young = entityIn.isBaby();
                  ^
  symbol:   variable young
  location: variable model of type M
  where M,S are type-variables:
    M extends EntityModel<? super S> declared in class LivingEntityRenderer
    S extends LivingEntityRenderState declared in class LivingEntityRenderer
C:\Users\justi\Documents\GitHub\AlexsMobs-26.2\src\main\java\com\github\alexthe666\alexsmobs\client\render\RenderUnderminer.java:120: error: cannot find symbol
        float f7 = this.getBob(entityIn, partialTicks);
                       ^
  symbol: method getBob(EntityUnderminer,float)
C:\Users\justi\Documents\GitHub\AlexsMobs-26.2\src\main\java\com\github\alexthe666\alexsmobs\client\render\RenderUnderminer.java:121: error: method setupRotations in class LivingEntityRenderer<T,S,M> cannot be applied to given types;
        this.setupRotations(entityIn, matrixStackIn, f7, f, partialTicks);
            ^
  required: LivingEntityRenderState,PoseStack,float,float
  found:    EntityUnderminer,PoseStack,float,float,float
  reason: actual and formal argument lists differ in length
  where T,S,M are type-variables:
    T extends LivingEntity declared in class LivingEntityRenderer
    S extends LivingEntityRenderState declared in class LivingEntityRenderer
    M extends EntityModel<? super S> declared in class LivingEntityRenderer
C:\Users\justi\Documents\GitHub\AlexsMobs-26.2\src\main\java\com\github\alexthe666\alexsmobs\client\render\RenderUnderminer.java:139: error: incompatible types: ModelUnderminerDwarf cannot be converted to EntityModel<EntityUnderminer>
            this.model = DWARF_MODEL;
                         ^
C:\Users\justi\Documents\GitHub\AlexsMobs-26.2\src\main\java\com\github\alexthe666\alexsmobs\client\render\RenderUnderminer.java:143: error: cannot find symbol
        this.model.prepareMobModel(entityIn, f5, f8, partialTicks);
                  ^
  symbol:   method prepareMobModel(EntityUnderminer,float,float,float)
  location: variable model of type M
  where M,S are type-variables:
    M extends EntityModel<? super S> declared in class LivingEntityRenderer
    S extends LivingEntityRenderState declared in class LivingEntityRenderer
C:\Users\justi\Documents\GitHub\AlexsMobs-26.2\src\main\java\com\github\alexthe666\alexsmobs\client\render\RenderUnderminer.java:144: error: method setupAnim in class Model<S> cannot be applied to given types;
        this.model.setupAnim(entityIn, f5, f8, f7, f2, f6);
                  ^
  required: EntityUnderminer
  found:    EntityUnderminer,float,float,float,float,float
  reason: actual and formal argument lists differ in length
  where S is a type-variable:
    S extends Object declared in class Model
C:\Users\justi\Documents\GitHub\AlexsMobs-26.2\src\main\java\com\github\alexthe666\alexsmobs\client\render\RenderUnderminer.java:146: error: incompatible types: EntityUnderminer cannot be converted to LivingEntityRenderState
        boolean flag = this.isBodyVisible(entityIn);
                                          ^
C:\Users\justi\Documents\GitHub\AlexsMobs-26.2\src\main\java\com\github\alexthe666\alexsmobs\client\render\RenderUnderminer.java:154: error: method getWhiteOverlayProgress in class LivingEntityRenderer<T,S,M> cannot be applied to given types;
            int i = getOverlayCoords(entityIn, this.getWhiteOverlayProgress(entityIn, partialTicks));
                                                   ^
  required: LivingEntityRenderState
  found:    EntityUnderminer,float
  reason: actual and formal argument lists differ in length
  where T,S,M are type-variables:
    T extends LivingEntity declared in class LivingEntityRenderer
    S extends LivingEntityRenderState declared in class LivingEntityRenderer
    M extends EntityModel<? super S> declared in class LivingEntityRenderer
C:\Users\justi\Documents\GitHub\AlexsMobs-26.2\src\main\java\com\github\alexthe666\alexsmobs\client\render\RenderUnderminer.java:161: error: cannot find symbol
                layerrenderer.render(matrixStackIn, bufferIn, packedLightIn, entityIn, f5, f8, partialTicks, f7, f2, f6);
                             ^
  symbol:   method render(PoseStack,OrderedSubmitNodeCollector,int,EntityUnderminer,float,float,float,float,float,float)
  location: variable layerrenderer of type RenderLayer
C:\Users\justi\Documents\GitHub\AlexsMobs-26.2\src\main\java\com\github\alexthe666\alexsmobs\client\render\RenderUnderminer.java:166: error: RenderNameTagEvent is abstract; cannot be instantiated
        RenderNameTagEvent renderNameplateEvent = new RenderNameTagEvent(entityIn, entityIn.getDisplayName(), this, matrixStackIn, bufferIn, packedLightIn, partialTicks);
                                                  ^
C:\Users\justi\Documents\GitHub\AlexsMobs-26.2\src\main\java\com\github\alexthe666\alexsmobs\client\render\RenderUnderminer.java:168: error: cannot find symbol
        if (renderNameplateEvent.getResult() != net.neoforged.bus.api.Event.Result.DENY && (renderNameplateEvent.getResult() == net.neoforged.bus.api.Event.Result.ALLOW || this.shouldShowName(entityIn))) {
                                ^
  symbol:   method getResult()
  location: variable renderNameplateEvent of type RenderNameTagEvent
C:\Users\justi\Documents\GitHub\AlexsMobs-26.2\src\main\java\com\github\alexthe666\alexsmobs\client\render\RenderUnderminer.java:168: error: cannot find symbol
        if (renderNameplateEvent.getResult() != net.neoforged.bus.api.Event.Result.DENY && (renderNameplateEvent.getResult() == net.neoforged.bus.api.Event.Result.ALLOW || this.shouldShowName(entityIn))) {
                                                                           ^
  symbol:   variable Result
  location: class Event
C:\Users\justi\Documents\GitHub\AlexsMobs-26.2\src\main\java\com\github\alexthe666\alexsmobs\client\render\RenderUnderminer.java:168: error: cannot find symbol
        if (renderNameplateEvent.getResult() != net.neoforged.bus.api.Event.Result.DENY && (renderNameplateEvent.getResult() == net.neoforged.bus.api.Event.Result.ALLOW || this.shouldShowName(entityIn))) {
                                                                                                                ^
  symbol:   method getResult()
  location: variable renderNameplateEvent of type RenderNameTagEvent
C:\Users\justi\Documents\GitHub\AlexsMobs-26.2\src\main\java\com\github\alexthe666\alexsmobs\client\render\RenderUnderminer.java:168: error: cannot find symbol
        if (renderNameplateEvent.getResult() != net.neoforged.bus.api.Event.Result.DENY && (renderNameplateEvent.getResult() == net.neoforged.bus.api.Event.Result.ALLOW || this.shouldShowName(entityIn))) {
                                                                                                                                                           ^
  symbol:   variable Result
  location: class Event
C:\Users\justi\Documents\GitHub\AlexsMobs-26.2\src\main\java\com\github\alexthe666\alexsmobs\client\render\RenderUnderminer.java:168: error: method shouldShowName in class MobRenderer<T,S,M> cannot be applied to given types;
        if (renderNameplateEvent.getResult() != net.neoforged.bus.api.Event.Result.DENY && (renderNameplateEvent.getResult() == net.neoforged.bus.api.Event.Result.ALLOW || this.shouldShowName(entityIn))) {
                                                                                                                                                                                ^
  required: EntityUnderminer,double
  found:    EntityUnderminer
  reason: actual and formal argument lists differ in length
  where T,S,M are type-variables:
    T extends Mob declared in class MobRenderer
    S extends LivingEntityRenderState declared in class MobRenderer
    M extends EntityModel<? super S> declared in class MobRenderer
C:\Users\justi\Documents\GitHub\AlexsMobs-26.2\src\main\java\com\github\alexthe666\alexsmobs\client\render\RenderUnderminer.java:169: error: cannot find symbol
            this.renderNameTag(entityIn, renderNameplateEvent.getContent(), matrixStackIn, bufferIn, packedLightIn);
                                                             ^
  symbol:   method getContent()
  location: variable renderNameplateEvent of type RenderNameTagEvent
C:\Users\justi\Documents\GitHub\AlexsMobs-26.2\src\main\java\com\github\alexthe666\alexsmobs\client\render\RenderUnderminer.java:171: error: wrong number of type arguments; required 3
        net.neoforged.neoforge.common.NeoForge.EVENT_BUS.post(new net.neoforged.neoforge.client.event.RenderLivingEvent.Post<EntityUnderminer, EntityModel<EntityUnderminer>>(entityIn, this, partialTicks, matrixStackIn, bufferIn, packedLightIn));
                                                                                                                            ^
C:\Users\justi\Documents\GitHub\AlexsMobs-26.2\src\main\java\com\github\alexthe666\alexsmobs\client\render\RenderUnderminer.java:183: error: cannot find symbol
            VertexConsumer vertexconsumer1 = new SheetedDecalTextureGenerator(bufferIn.getBuffer(DESTROY_TYPES.get(progress)), posestack$pose.pose(), posestack$pose.normal(), 1.0F);
                                                                                      ^
  symbol:   method getBuffer(RenderType)
  location: variable bufferIn of type OrderedSubmitNodeCollector
C:\Users\justi\Documents\GitHub\AlexsMobs-26.2\src\main\java\com\github\alexthe666\alexsmobs\client\render\RenderUnderminer.java:185: error: package net.neoforged.neoforge.client.model.data does not exist
            net.neoforged.neoforge.client.model.data.ModelData modelData = entityIn.level().getModelDataManager().getAt(miningPos);
                                                    ^
C:\Users\justi\Documents\GitHub\AlexsMobs-26.2\src\main\java\com\github\alexthe666\alexsmobs\client\render\RenderUnderminer.java:186: error: cannot find symbol
            Minecraft.getInstance().getBlockRenderer().renderBreakingTexture(entityIn.level().getBlockState(miningPos), miningPos, entityIn.level(), matrixStackIn, vertexconsumer1, modelData == null ? net.neoforged.neoforge.client.model.data.ModelData.EMPTY : modelData);
                                   ^
  symbol:   method getBlockRenderer()
  location: class Minecraft
C:\Users\justi\Documents\GitHub\AlexsMobs-26.2\src\main\java\com\github\alexthe666\alexsmobs\client\render\RenderUnderminer.java:186: error: package net.neoforged.neoforge.client.model.data does not exist
            Minecraft.getInstance().getBlockRenderer().renderBreakingTexture(entityIn.level().getBlockState(miningPos), miningPos, entityIn.level(), matrixStackIn, vertexconsumer1, modelData == null ? net.neoforged.neoforge.client.model.data.ModelData.EMPTY : modelData);
                                                                                                                                                                                                                                                 ^
C:\Users\justi\Documents\GitHub\AlexsMobs-26.2\src\main\java\com\github\alexthe666\alexsmobs\client\render\RenderUnderminer.java:193: error: incompatible types: EntityUnderminer cannot be converted to LivingEntityRenderState
        this.model.renderToBuffer(matrixStackIn, source.getBuffer(defRenderType), packedLightIn, LivingEntityRenderer.getOverlayCoords(entityIn, 0.0F), hurt ? 0.4F : 1.0F, hurt ? 0.8F : 1.0F, hurt ? 0.7F : 1.0F, alphaIn);
                                                                                                                                       ^
C:\Users\justi\Documents\GitHub\AlexsMobs-26.2\src\main\java\com\github\alexthe666\alexsmobs\client\render\RenderUnderminer.java:193: error: cannot find symbol
        this.model.renderToBuffer(matrixStackIn, source.getBuffer(defRenderType), packedLightIn, LivingEntityRenderer.getOverlayCoords(entityIn, 0.0F), hurt ? 0.4F : 1.0F, hurt ? 0.8F : 1.0F, hurt ? 0.7F : 1.0F, alphaIn);
                                                       ^
  symbol:   method getBuffer(RenderType)
  location: variable source of type OrderedSubmitNodeCollector
C:\Users\justi\Documents\GitHub\AlexsMobs-26.2\src\main\java\com\github\alexthe666\alexsmobs\client\render\RenderUnderminer.java:200: error: method outline in class RenderType cannot be applied to given types;
        return outline ? RenderType.outline(Identifier) : AMRenderTypes.getUnderminer(Identifier);
                                   ^
  required: no arguments
  found:    Identifier
  reason: actual and formal argument lists differ in length
C:\Users\justi\Documents\GitHub\AlexsMobs-26.2\src\main\java\com\github\alexthe666\alexsmobs\client\render\RenderUnderminer.java:200: error: cannot find symbol
        return outline ? RenderType.outline(Identifier) : AMRenderTypes.getUnderminer(Identifier);
                                                                       ^
  symbol:   method getUnderminer(Identifier)
  location: class AMRenderTypes
C:\Users\justi\Documents\GitHub\AlexsMobs-26.2\src\main\java\com\github\alexthe666\alexsmobs\client\render\layer\LayerVoidWormGlow.java:24: error: type argument T is not within bounds of type-variable S
public abstract class LayerVoidWormGlow<T extends LivingEntity> extends RenderLayer<T, EntityModel<T>>  {
                                                                                    ^
  where T,S are type-variables:
    T extends LivingEntity declared in class LayerVoidWormGlow
    S extends EntityRenderState declared in class RenderLayer
C:\Users\justi\Documents\GitHub\AlexsMobs-26.2\src\main\java\com\github\alexthe666\alexsmobs\client\render\layer\LayerVoidWormGlow.java:24: error: type argument T#1 is not within bounds of type-variable T#2
public abstract class LayerVoidWormGlow<T extends LivingEntity> extends RenderLayer<T, EntityModel<T>>  {
                                                                                                   ^
  where T#1,T#2 are type-variables:
    T#1 extends LivingEntity declared in class LayerVoidWormGlow
    T#2 extends EntityRenderState declared in class EntityModel
C:\Users\justi\Documents\GitHub\AlexsMobs-26.2\src\main\java\com\github\alexthe666\alexsmobs\client\render\layer\LayerVoidWormGlow.java:28: error: type argument T#1 is not within bounds of type-variable T#2
    private EntityModel<T> layerModel;
                        ^
  where T#1,T#2 are type-variables:
    T#1 extends LivingEntity declared in class LayerVoidWormGlow
    T#2 extends EntityRenderState declared in class EntityModel
C:\Users\justi\Documents\GitHub\AlexsMobs-26.2\src\main\java\com\github\alexthe666\alexsmobs\client\render\layer\LayerVoidWormGlow.java:29: error: incompatible types: ModelVoidWormBody cannot be converted to EntityModel
    private final EntityModel bodyModel = new ModelVoidWormBody(1.001F);
                                          ^
C:\Users\justi\Documents\GitHub\AlexsMobs-26.2\src\main\java\com\github\alexthe666\alexsmobs\client\render\layer\LayerVoidWormGlow.java:30: error: incompatible types: ModelVoidWormTail cannot be converted to EntityModel
    private final EntityModel tailModel = new ModelVoidWormTail(1.001F);
                                          ^
C:\Users\justi\Documents\GitHub\AlexsMobs-26.2\src\main\java\com\github\alexthe666\alexsmobs\client\render\layer\LayerVoidWormGlow.java:32: error: type argument T is not within bounds of type-variable S
    public LayerVoidWormGlow(RenderLayerParent<T, EntityModel<T>> renderer, ResourceManager resourceManager, EntityModel<T> layerModel) {
                                               ^
  where T,S are type-variables:
    T extends LivingEntity declared in class LayerVoidWormGlow
    S extends EntityRenderState declared in interface RenderLayerParent
C:\Users\justi\Documents\GitHub\AlexsMobs-26.2\src\main\java\com\github\alexthe666\alexsmobs\client\render\layer\LayerVoidWormGlow.java:32: error: type argument T#1 is not within bounds of type-variable T#2
    public LayerVoidWormGlow(RenderLayerParent<T, EntityModel<T>> renderer, ResourceManager resourceManager, EntityModel<T> layerModel) {
                                                              ^
  where T#1,T#2 are type-variables:
    T#1 extends LivingEntity declared in class LayerVoidWormGlow
    T#2 extends EntityRenderState declared in class EntityModel
C:\Users\justi\Documents\GitHub\AlexsMobs-26.2\src\main\java\com\github\alexthe666\alexsmobs\client\render\layer\LayerVoidWormGlow.java:32: error: type argument T#1 is not within bounds of type-variable T#2
    public LayerVoidWormGlow(RenderLayerParent<T, EntityModel<T>> renderer, ResourceManager resourceManager, EntityModel<T> layerModel) {
                                                                                                                         ^
  where T#1,T#2 are type-variables:
    T#1 extends LivingEntity declared in class LayerVoidWormGlow
    T#2 extends EntityRenderState declared in class EntityModel
C:\Users\justi\Documents\GitHub\AlexsMobs-26.2\src\main\java\com\github\alexthe666\alexsmobs\client\render\layer\LayerVoidWormGlow.java:39: error: method does not override or implement a method from a supertype
    @Override
    ^
C:\Users\justi\Documents\GitHub\AlexsMobs-26.2\src\main\java\com\github\alexthe666\alexsmobs\client\render\layer\LayerVoidWormGlow.java:49: error: method setupAnim in class Model<S> cannot be applied to given types;
                this.layerModel.setupAnim(worm, limbSwing, limbSwingAmount, ageInTicks, netHeadYaw, headPitch);
                               ^
  required: T
  found:    T,float,float,float,float,float
  reason: actual and formal argument lists differ in length
  where T,S are type-variables:
    T extends LivingEntity declared in class LayerVoidWormGlow
    S extends Object declared in class Model
C:\Users\justi\Documents\GitHub\AlexsMobs-26.2\src\main\java\com\github\alexthe666\alexsmobs\client\render\layer\LayerVoidWormGlow.java:50: error: cannot find symbol
                VertexConsumer consumer = AMRenderTypes.createMergedVertexConsumer(bufferIn.getBuffer(AMRenderTypes.VOID_WORM_PORTAL_OVERLAY), bufferIn.getBuffer(RenderType.entityCutoutNoCull(texture)));
                                                                                                                   ^
  symbol:   variable VOID_WORM_PORTAL_OVERLAY
  location: class AMRenderTypes
C:\Users\justi\Documents\GitHub\AlexsMobs-26.2\src\main\java\com\github\alexthe666\alexsmobs\client\render\layer\LayerVoidWormGlow.java:50: error: cannot find symbol
                VertexConsumer consumer = AMRenderTypes.createMergedVertexConsumer(bufferIn.getBuffer(AMRenderTypes.VOID_WORM_PORTAL_OVERLAY), bufferIn.getBuffer(RenderType.entityCutoutNoCull(texture)));
                                                                                                                                                                            ^
  symbol:   method entityCutoutNoCull(Identifier)
  location: class RenderType
C:\Users\justi\Documents\GitHub\AlexsMobs-26.2\src\main\java\com\github\alexthe666\alexsmobs\client\render\layer\LayerVoidWormGlow.java:51: error: method renderToBuffer in class Model<S> cannot be applied to given types;
                this.layerModel.renderToBuffer(matrixStackIn, consumer, 240, OverlayTexture.NO_OVERLAY, 1.0F, 1.0F, 1.0F, 1.0F);
                               ^
  required: PoseStack,VertexConsumer,int,int,int
  found:    PoseStack,VertexConsumer,int,int,float,float,float,float
  reason: actual and formal argument lists differ in length
  where S is a type-variable:
    S extends Object declared in class Model
C:\Users\justi\Documents\GitHub\AlexsMobs-26.2\src\main\java\com\github\alexthe666\alexsmobs\client\render\layer\LayerVoidWormGlow.java:54: error: incompatible types: T cannot be converted to LivingEntityRenderState
                this.getParentModel().renderToBuffer(matrixStackIn, bufferIn.getBuffer(RenderType.eyes(texture)), 240, LivingEntityRenderer.getOverlayCoords(worm, 1.0F), 1.0F, 1.0F, 1.0F, f);
                                                                                                                                                             ^
  where T is a type-variable:
    T extends LivingEntity declared in class LayerVoidWormGlow
C:\Users\justi\Documents\GitHub\AlexsMobs-26.2\src\main\java\com\github\alexthe666\alexsmobs\client\render\layer\LayerVoidWormGlow.java:54: error: cannot find symbol
                this.getParentModel().renderToBuffer(matrixStackIn, bufferIn.getBuffer(RenderType.eyes(texture)), 240, LivingEntityRenderer.getOverlayCoords(worm, 1.0F), 1.0F, 1.0F, 1.0F, f);
                                                                                                 ^
  symbol:   method eyes(Identifier)
  location: class RenderType
C:\Users\justi\Documents\GitHub\AlexsMobs-26.2\src\main\java\com\github\alexthe666\alexsmobs\client\render\layer\LayerVoidWormGlow.java:70: error: cannot find symbol
                VoidWormMetadataSection section = resource.metadata().getSection(VoidWormMetadataSection.SERIALIZER).orElse(new VoidWormMetadataSection());
                                                                                                        ^
  symbol:   variable SERIALIZER
  location: class VoidWormMetadataSection
C:\Users\justi\Documents\GitHub\AlexsMobs-26.2\src\main\java\com\github\alexthe666\alexsmobs\client\render\layer\LayerWarpedToadGlow.java:15: error: type argument EntityWarpedToad is not within bounds of type-variable S
public class LayerWarpedToadGlow extends RenderLayer<EntityWarpedToad, ModelWarpedToad> {
                                                     ^
  where S is a type-variable:
    S extends EntityRenderState declared in class RenderLayer
C:\Users\justi\Documents\GitHub\AlexsMobs-26.2\src\main\java\com\github\alexthe666\alexsmobs\client\render\layer\LayerWarpedToadGlow.java:15: error: LayerWarpedToadGlow is not abstract and does not override abstract method submit(PoseStack,SubmitNodeCollector,int,EntityWarpedToad,float,float) in RenderLayer
public class LayerWarpedToadGlow extends RenderLayer<EntityWarpedToad, ModelWarpedToad> {
       ^
C:\Users\justi\Documents\GitHub\AlexsMobs-26.2\src\main\java\com\github\alexthe666\alexsmobs\client\render\layer\LayerWarpedToadGlow.java:20: error: incompatible types: RenderWarpedToad cannot be converted to RenderLayerParent<EntityWarpedToad,ModelWarpedToad>
        super(renderWarpedToad);
              ^
C:\Users\justi\Documents\GitHub\AlexsMobs-26.2\src\main\java\com\github\alexthe666\alexsmobs\client\render\layer\LayerWarpedToadGlow.java:25: error: cannot find symbol
            VertexConsumer ivertexbuilder = bufferIn.getBuffer(AMRenderTypes.getEyesFlickering(entitylivingbaseIn.isBlinking() ? TEXTURE_BLINKING : TEXTURE, 0));
                                                    ^
  symbol:   method getBuffer(RenderType)
  location: variable bufferIn of type OrderedSubmitNodeCollector
C:\Users\justi\Documents\GitHub\AlexsMobs-26.2\src\main\java\com\github\alexthe666\alexsmobs\client\render\layer\LayerWarpedToadGlow.java:27: error: incompatible types: EntityWarpedToad cannot be converted to LivingEntityRenderState
            this.getParentModel().renderToBuffer(matrixStackIn, ivertexbuilder, 240, LivingEntityRenderer.getOverlayCoords(entitylivingbaseIn, 0.0F), 1.0F, 1.0F, 1.0F, alpha);
                                                                                                                           ^
C:\Users\justi\Documents\GitHub\AlexsMobs-26.2\src\main\java\com\github\alexthe666\alexsmobs\client\render\RenderWarpedToad.java:14: error: type argument ModelWarpedToad is not within bounds of type-variable M
public class RenderWarpedToad extends MobRenderer<EntityWarpedToad, LivingEntityRenderState, ModelWarpedToad> {
                                                                                             ^
  where M,S are type-variables:
    M extends EntityModel<? super S> declared in class MobRenderer
    S extends LivingEntityRenderState declared in class MobRenderer
C:\Users\justi\Documents\GitHub\AlexsMobs-26.2\src\main\java\com\github\alexthe666\alexsmobs\client\render\RenderWarpedToad.java:14: error: RenderWarpedToad is not abstract and does not override abstract method getTextureLocation(LivingEntityRenderState) in LivingEntityRenderer
public class RenderWarpedToad extends MobRenderer<EntityWarpedToad, LivingEntityRenderState, ModelWarpedToad> {
       ^
C:\Users\justi\Documents\GitHub\AlexsMobs-26.2\src\main\java\com\github\alexthe666\alexsmobs\client\render\RenderWarpedToad.java:22: error: incompatible types: LayerWarpedToadGlow cannot be converted to RenderLayer<LivingEntityRenderState,ModelWarpedToad>
        this.addLayer(new LayerWarpedToadGlow(this));
                      ^
C:\Users\justi\Documents\GitHub\AlexsMobs-26.2\src\main\java\com\github\alexthe666\alexsmobs\client\render\misc\VoidWormMetadataSection.java:8: error: cannot find symbol
    public static final MetadataSectionType<VoidWormMetadataSection> TYPE = MetadataSectionType.fromCodec("void_worm", com.mojang.serialization.Codec.unit(VoidWormMetadataSection::new));
                                                                                                                                                     ^
  symbol:   method unit(VoidWormMe[...]::new)
  location: interface Codec
C:\Users\justi\Documents\GitHub\AlexsMobs-26.2\src\main\java\com\github\alexthe666\alexsmobs\client\render\OctopusColorRegistry.java:29: error: cannot find symbol
                colorizer = Minecraft.getInstance().getBlockColors().getColor(stack, null, null, 0);
                                                                    ^
  symbol:   method getColor(BlockState,<null>,<null>,int)
  location: class BlockColors
C:\Users\justi\Documents\GitHub\AlexsMobs-26.2\src\main\java\com\github\alexthe666\alexsmobs\client\render\OctopusColorRegistry.java:73: error: cannot find symbol
        return Minecraft.getInstance().getBlockRenderer().getBlockModelShaper().getBlockModel(state).getParticleIcon();
                                      ^
  symbol:   method getBlockRenderer()
  location: class Minecraft
C:\Users\justi\Documents\GitHub\AlexsMobs-26.2\src\main\java\com\github\alexthe666\alexsmobs\client\render\RenderAlligatorSnappingTurtle.java:18: error: type argument ModelAlligatorSnappingTurtle is not within bounds of type-variable M
public class RenderAlligatorSnappingTurtle extends MobRenderer<EntityAlligatorSnappingTurtle, LivingEntityRenderState, ModelAlligatorSnappingTurtle> {
                                                                                                                       ^
  where M,S are type-variables:
    M extends EntityModel<? super S> declared in class MobRenderer
    S extends LivingEntityRenderState declared in class MobRenderer
C:\Users\justi\Documents\GitHub\AlexsMobs-26.2\src\main\java\com\github\alexthe666\alexsmobs\client\render\RenderAlligatorSnappingTurtle.java:18: error: RenderAlligatorSnappingTurtle is not abstract and does not override abstract method getTextureLocation(LivingEntityRenderState) in LivingEntityRenderer
public class RenderAlligatorSnappingTurtle extends MobRenderer<EntityAlligatorSnappingTurtle, LivingEntityRenderState, ModelAlligatorSnappingTurtle> {
       ^
C:\Users\justi\Documents\GitHub\AlexsMobs-26.2\src\main\java\com\github\alexthe666\alexsmobs\client\render\RenderAlligatorSnappingTurtle.java:24: error: incompatible types: AlligatorSnappingTurtleMossLayer cannot be converted to RenderLayer<LivingEntityRenderState,ModelAlligatorSnappingTurtle>
        this.addLayer(new AlligatorSnappingTurtleMossLayer(this));
                      ^
C:\Users\justi\Documents\GitHub\AlexsMobs-26.2\src\main\java\com\github\alexthe666\alexsmobs\client\render\RenderAlligatorSnappingTurtle.java:36: error: type argument EntityAlligatorSnappingTurtle is not within bounds of type-variable S
    static class AlligatorSnappingTurtleMossLayer extends RenderLayer<EntityAlligatorSnappingTurtle, ModelAlligatorSnappingTurtle> {
                                                                      ^
  where S is a type-variable:
    S extends EntityRenderState declared in class RenderLayer
C:\Users\justi\Documents\GitHub\AlexsMobs-26.2\src\main\java\com\github\alexthe666\alexsmobs\client\render\RenderAlligatorSnappingTurtle.java:36: error: AlligatorSnappingTurtleMossLayer is not abstract and does not override abstract method submit(PoseStack,SubmitNodeCollector,int,EntityAlligatorSnappingTurtle,float,float) in RenderLayer
    static class AlligatorSnappingTurtleMossLayer extends RenderLayer<EntityAlligatorSnappingTurtle, ModelAlligatorSnappingTurtle> {
           ^
C:\Users\justi\Documents\GitHub\AlexsMobs-26.2\src\main\java\com\github\alexthe666\alexsmobs\client\render\RenderAlligatorSnappingTurtle.java:39: error: incompatible types: RenderAlligatorSnappingTurtle cannot be converted to RenderLayerParent<EntityAlligatorSnappingTurtle,ModelAlligatorSnappingTurtle>
            super(p_i50928_1_);
                  ^
C:\Users\justi\Documents\GitHub\AlexsMobs-26.2\src\main\java\com\github\alexthe666\alexsmobs\client\render\RenderAlligatorSnappingTurtle.java:45: error: cannot find symbol
                VertexConsumer mossbuffer = bufferIn.getBuffer(AMRenderTypes.entityTranslucent(TEXTURE_MOSS));
                                                                            ^
  symbol:   method entityTranslucent(Identifier)
  location: class AMRenderTypes
C:\Users\justi\Documents\GitHub\AlexsMobs-26.2\src\main\java\com\github\alexthe666\alexsmobs\client\render\RenderAlligatorSnappingTurtle.java:46: error: incompatible types: EntityAlligatorSnappingTurtle cannot be converted to LivingEntityRenderState
                this.getParentModel().renderToBuffer(matrixStackIn, mossbuffer, packedLightIn, LivingEntityRenderer.getOverlayCoords(entitylivingbaseIn, 0), 1.0F, 1.0F, 1.0F, Math.min(1.0F, mossAlpha));
                                                                                                                                     ^
C:\Users\justi\Documents\GitHub\AlexsMobs-26.2\src\main\java\com\github\alexthe666\alexsmobs\client\render\RenderAnaconda.java:14: error: type argument ModelAnaconda<EntityAnaconda> is not within bounds of type-variable M
public class RenderAnaconda extends MobRenderer<EntityAnaconda, LivingEntityRenderState, ModelAnaconda<EntityAnaconda>> {
                                                                                                      ^
  where M,S are type-variables:
    M extends EntityModel<? super S> declared in class MobRenderer
    S extends LivingEntityRenderState declared in class MobRenderer
C:\Users\justi\Documents\GitHub\AlexsMobs-26.2\src\main\java\com\github\alexthe666\alexsmobs\client\render\RenderAnaconda.java:14: error: RenderAnaconda is not abstract and does not override abstract method getTextureLocation(LivingEntityRenderState) in LivingEntityRenderer
public class RenderAnaconda extends MobRenderer<EntityAnaconda, LivingEntityRenderState, ModelAnaconda<EntityAnaconda>> {
       ^
C:\Users\justi\Documents\GitHub\AlexsMobs-26.2\src\main\java\com\github\alexthe666\alexsmobs\entity\EntityAnaconda.java:55: error: cannot find symbol
    private static final EntityDataAccessor<Optional<UUID>> CHILD_UUID = SynchedEntityData.defineId(EntityAnaconda.class, EntityDataSerializers.OPTIONAL_UUID);
                                                                                                                                               ^
  symbol:   variable OPTIONAL_UUID
  location: class EntityDataSerializers
C:\Users\justi\Documents\GitHub\AlexsMobs-26.2\src\main\java\com\github\alexthe666\alexsmobs\entity\EntityAnaconda.java:126: error: no suitable method found for of(TagKey<Item>)
        this.goalSelector.addGoal(4, new TemptGoal(this, 1.25D, Ingredient.of(AMTagRegistry.ANACONDA_FOODSTUFFS), false));
                                                                          ^
    method Ingredient.of(ItemLike) is not applicable
      (argument mismatch; TagKey<Item> cannot be converted to ItemLike)
    method Ingredient.of(ItemLike...) is not applicable
      (varargs mismatch; TagKey<Item> cannot be converted to ItemLike)
    method Ingredient.of(Stream<? extends ItemLike>) is not applicable
      (argument mismatch; TagKey<Item> cannot be converted to Stream<? extends ItemLike>)
    method Ingredient.of(HolderSet<Item>) is not applicable
      (argument mismatch; TagKey<Item> cannot be converted to HolderSet<Item>)
C:\Users\justi\Documents\GitHub\AlexsMobs-26.2\src\main\java\com\github\alexthe666\alexsmobs\entity\EntityAnaconda.java:133: error: incompatible types: Predicate<LivingEntity> cannot be converted to Selector
        this.targetSelector.addGoal(1, new NearestAttackableTargetGoal(this, LivingEntity.class, 200, false, false, AMEntityRegistry.buildPredicateFromTag(AMTagRegistry.ANACONDA_TARGETS)));
                                                                                                                                                          ^
C:\Users\justi\Documents\GitHub\AlexsMobs-26.2\src\main\java\com\github\alexthe666\alexsmobs\entity\EntityAnaconda.java:426: error: getScale() in EntityAnaconda cannot override getScale() in LivingEntity
    public float getScale() {
                 ^
  overridden method is final
C:\Users\justi\Documents\GitHub\AlexsMobs-26.2\src\main\java\com\github\alexthe666\alexsmobs\entity\EntityAnaconda.java:471: error: cannot find symbol
        return (float) (40 * -Math.sin(this.walkDist * 3 - (i))) * f + this.strangleProgress * 0.2F * i * strangleIntensity;
                                           ^
  symbol: variable walkDist
C:\Users\justi\Documents\GitHub\AlexsMobs-26.2\src\main\java\com\github\alexthe666\alexsmobs\entity\EntityAnaconda.java:519: error: no suitable method found for create(ServerLevel)
        EntityAnaconda anaconda = AMEntityRegistry.ANACONDA.get().create(serverWorld);
                                                                 ^
    method EntityType.create(ServerLevel,@org.jspecify.annotations.Nullable PostSpawnProcessor<EntityAnaconda>,BlockPos,EntitySpawnReason,boolean,boolean) is not applicable
      (actual and formal argument lists differ in length)
    method EntityType.create(Level,EntitySpawnReason) is not applicable
      (actual and formal argument lists differ in length)
    method EntityType.create(Level,EntitySpawnRequest) is not applicable
      (actual and formal argument lists differ in length)
    method EntityType.create(ValueInput,Level,EntitySpawnRequest) is not applicable
      (actual and formal argument lists differ in length)
    method EntityType.create(EntityType<?>,ValueInput,Level,EntitySpawnReason) is not applicable
      (actual and formal argument lists differ in length)
C:\Users\justi\Documents\GitHub\AlexsMobs-26.2\src\main\java\com\github\alexthe666\alexsmobs\entity\EntityAnaconda.java:524: error: method does not override or implement a method from a supertype
    @Override
    ^
C:\Users\justi\Documents\GitHub\AlexsMobs-26.2\src\main\java\com\github\alexthe666\alexsmobs\entity\EntityAnaconda.java:528: error: incompatible types: CompoundTag cannot be converted to ValueOutput
            living.addAdditionalSaveData(emptyNbt);
                                         ^
C:\Users\justi\Documents\GitHub\AlexsMobs-26.2\src\main\java\com\github\alexthe666\alexsmobs\entity\EntityAnaconda.java:529: error: cannot find symbol
            emptyNbt.putString("DeathLootTable", BuiltInLootTables.EMPTY.toString());
                                                                  ^
  symbol:   variable EMPTY
  location: class BuiltInLootTables
C:\Users\justi\Documents\GitHub\AlexsMobs-26.2\src\main\java\com\github\alexthe666\alexsmobs\entity\EntityAnaconda.java:530: error: incompatible types: CompoundTag cannot be converted to ValueInput
            living.readAdditionalSaveData(emptyNbt);
                                          ^
C:\Users\justi\Documents\GitHub\AlexsMobs-26.2\src\main\java\com\github\alexthe666\alexsmobs\entity\EntityAnaconda.java:536: error: method awardKillScore in class Entity cannot be applied to given types;
        super.awardKillScore(entity, score, src);
             ^
  required: Entity,DamageSource
  found:    Entity,int,DamageSource
  reason: actual and formal argument lists differ in length
C:\Users\justi\Documents\GitHub\AlexsMobs-26.2\src\main\java\com\github\alexthe666\alexsmobs\entity\EntityAnaconda.java:539: error: method does not override or implement a method from a supertype
    @Override
    ^
C:\Users\justi\Documents\GitHub\AlexsMobs-26.2\src\main\java\com\github\alexthe666\alexsmobs\entity\EntityAnaconda.java:541: error: method isInvulnerableTo in class LivingEntity cannot be applied to given types;
        return source.is(DamageTypes.IN_WALL)  || super.isInvulnerableTo(source);
                                                       ^
  required: ServerLevel,DamageSource
  found:    DamageSource
  reason: actual and formal argument lists differ in length
C:\Users\justi\Documents\GitHub\AlexsMobs-26.2\src\main\java\com\github\alexthe666\alexsmobs\entity\EntityAnaconda.java:568: error: method finalizeSpawn in class AgeableMob cannot be applied to given types;
        return super.finalizeSpawn(worldIn, difficultyIn, reason, spawnDataIn, dataTag);
                    ^
  required: ServerLevelAccessor,DifficultyInstance,EntitySpawnReason,SpawnGroupData
  found:    ServerLevelAccessor,DifficultyInstance,EntitySpawnReason,SpawnGroupData,CompoundTag
  reason: actual and formal argument lists differ in length
C:\Users\justi\Documents\GitHub\AlexsMobs-26.2\src\main\java\com\github\alexthe666\alexsmobs\entity\EntityAnacondaPart.java:42: error: cannot find symbol
    private static final EntityDataAccessor<Optional<UUID>> CHILD_UUID = SynchedEntityData.defineId(EntityAnacondaPart.class, EntityDataSerializers.OPTIONAL_UUID);
                                                                                                                                                   ^
  symbol:   variable OPTIONAL_UUID
  location: class EntityDataSerializers
C:\Users\justi\Documents\GitHub\AlexsMobs-26.2\src\main\java\com\github\alexthe666\alexsmobs\entity\EntityAnacondaPart.java:43: error: cannot find symbol
    private static final EntityDataAccessor<Optional<UUID>> PARENT_UUID = SynchedEntityData.defineId(EntityAnacondaPart.class, EntityDataSerializers.OPTIONAL_UUID);
                                                                                                                                                    ^
  symbol:   variable OPTIONAL_UUID
  location: class EntityDataSerializers
C:\Users\justi\Documents\GitHub\AlexsMobs-26.2\src\main\java\com\github\alexthe666\alexsmobs\entity\EntityAnacondaPart.java:74: error: method does not override or implement a method from a supertype
    @Override
    ^
C:\Users\justi\Documents\GitHub\AlexsMobs-26.2\src\main\java\com\github\alexthe666\alexsmobs\entity\EntityAnacondaPart.java:76: error: method interact in class Entity cannot be applied to given types;
        return this.getParent() == null ? super.interact(p_19978_, p_19979_) : this.getParent().interact(p_19978_, p_19979_);
                                               ^
  required: Player,InteractionHand,Vec3
  found:    Player,InteractionHand
  reason: actual and formal argument lists differ in length
C:\Users\justi\Documents\GitHub\AlexsMobs-26.2\src\main\java\com\github\alexthe666\alexsmobs\entity\EntityAnacondaPart.java:76: error: method interact in class Entity cannot be applied to given types;
        return this.getParent() == null ? super.interact(p_19978_, p_19979_) : this.getParent().interact(p_19978_, p_19979_);
                                                                                               ^
  required: Player,InteractionHand,Vec3
  found:    Player,InteractionHand
  reason: actual and formal argument lists differ in length
C:\Users\justi\Documents\GitHub\AlexsMobs-26.2\src\main\java\com\github\alexthe666\alexsmobs\entity\EntityAnacondaPart.java:83: error: method does not override or implement a method from a supertype
    @Override
    ^
C:\Users\justi\Documents\GitHub\AlexsMobs-26.2\src\main\java\com\github\alexthe666\alexsmobs\entity\EntityAnacondaPart.java:85: error: method isInvulnerableTo in class LivingEntity cannot be applied to given types;
        return source.is(DamageTypes.IN_WALL)  || super.isInvulnerableTo(source);
                                                       ^
  required: ServerLevel,DamageSource
  found:    DamageSource
  reason: actual and formal argument lists differ in length
C:\Users\justi\Documents\GitHub\AlexsMobs-26.2\src\main\java\com\github\alexthe666\alexsmobs\entity\EntityAnacondaPart.java:99: error: cannot find symbol
        isInsidePortal = false;
        ^
  symbol:   variable isInsidePortal
  location: class EntityAnacondaPart
C:\Users\justi\Documents\GitHub\AlexsMobs-26.2\src\main\java\com\github\alexthe666\alexsmobs\entity\EntityAnacondaPart.java:171: error: cannot find symbol
        this.moveTo(avg.x, avg.y, avg.z, f, f2);
            ^
  symbol: method moveTo(double,double,double,float,float)
C:\Users\justi\Documents\GitHub\AlexsMobs-26.2\src\main\java\com\github\alexthe666\alexsmobs\entity\EntityAnacondaPart.java:239: error: incompatible types: void cannot be converted to boolean
               return e.hurt(source, f);
                            ^
C:\Users\justi\Documents\GitHub\AlexsMobs-26.2\src\main\java\com\github\alexthe666\alexsmobs\entity\EntityAnacondaPart.java:246: error: hurt(DamageSource,float) in EntityAnacondaPart cannot override hurt(DamageSource,float) in Entity
    public boolean hurt(DamageSource source, float damage) {
                   ^
  overridden method is final
C:\Users\justi\Documents\GitHub\AlexsMobs-26.2\src\main\java\com\github\alexthe666\alexsmobs\entity\EntityAnacondaPart.java:245: error: method does not override or implement a method from a supertype
    @Override
    ^
C:\Users\justi\Documents\GitHub\AlexsMobs-26.2\src\main\java\com\github\alexthe666\alexsmobs\entity\EntityAnacondaPart.java:273: error: method does not override or implement a method from a supertype
    @Override
    ^
C:\Users\justi\Documents\GitHub\AlexsMobs-26.2\src\main\java\com\github\alexthe666\alexsmobs\client\render\RenderAnacondaPart.java:19: error: type argument AdvancedEntityModel<EntityAnacondaPart> is not within bounds of type-variable M
public class RenderAnacondaPart extends LivingEntityRenderer<EntityAnacondaPart, LivingEntityRenderState, AdvancedEntityModel<EntityAnacondaPart>> {
                                                                                                                             ^
  where M,S are type-variables:
    M extends EntityModel<? super S> declared in class LivingEntityRenderer
    S extends LivingEntityRenderState declared in class LivingEntityRenderer
C:\Users\justi\Documents\GitHub\AlexsMobs-26.2\src\main\java\com\github\alexthe666\alexsmobs\client\render\RenderAnacondaPart.java:19: error: RenderAnacondaPart is not abstract and does not override abstract method getTextureLocation(LivingEntityRenderState) in LivingEntityRenderer
public class RenderAnacondaPart extends LivingEntityRenderer<EntityAnacondaPart, LivingEntityRenderState, AdvancedEntityModel<EntityAnacondaPart>> {
       ^
C:\Users\justi\Documents\GitHub\AlexsMobs-26.2\src\main\java\com\github\alexthe666\alexsmobs\client\render\RenderAnacondaPart.java:30: error: incompatible types: EntityAnacondaPart cannot be converted to LivingEntityRenderState
        if (this.isShaking(entity)) {
                           ^
C:\Users\justi\Documents\GitHub\AlexsMobs-26.2\src\main\java\com\github\alexthe666\alexsmobs\client\render\RenderAnacondaPart.java:48: error: method getFlipDegrees in class LivingEntityRenderer<T,S,M> cannot be applied to given types;
            stack.mulPose(Axis.ZP.rotationDegrees(f * this.getFlipDegrees(entity)));
                                                          ^
  required: no arguments
  found:    EntityAnacondaPart
  reason: actual and formal argument lists differ in length
  where T,S,M are type-variables:
    T extends LivingEntity declared in class LivingEntityRenderer
    S extends LivingEntityRenderState declared in class LivingEntityRenderer
    M extends EntityModel<? super S> declared in class LivingEntityRenderer
C:\Users\justi\Documents\GitHub\AlexsMobs-26.2\src\main\java\com\github\alexthe666\alexsmobs\client\render\RenderAnacondaPart.java:60: error: method shouldShowName in class LivingEntityRenderer<T,S,M> cannot be applied to given types;
        return super.shouldShowName(entity) && (entity.shouldShowName() || entity.hasCustomName() && entity == this.entityRenderDispatcher.crosshairPickEntity);
                    ^
  required: EntityAnacondaPart,double
  found:    EntityAnacondaPart
  reason: actual and formal argument lists differ in length
  where T,S,M are type-variables:
    T extends LivingEntity declared in class LivingEntityRenderer
    S extends LivingEntityRenderState declared in class LivingEntityRenderer
    M extends EntityModel<? super S> declared in class LivingEntityRenderer
C:\Users\justi\Documents\GitHub\AlexsMobs-26.2\src\main\java\com\github\alexthe666\alexsmobs\client\render\RenderBaldEagle.java:28: error: type argument ModelBaldEagle is not within bounds of type-variable M
public class RenderBaldEagle extends MobRenderer<EntityBaldEagle, LivingEntityRenderState, ModelBaldEagle> {
                                                                                           ^
  where M,S are type-variables:
    M extends EntityModel<? super S> declared in class MobRenderer
    S extends LivingEntityRenderState declared in class MobRenderer
C:\Users\justi\Documents\GitHub\AlexsMobs-26.2\src\main\java\com\github\alexthe666\alexsmobs\client\render\RenderBaldEagle.java:28: error: RenderBaldEagle is not abstract and does not override abstract method getTextureLocation(LivingEntityRenderState) in LivingEntityRenderer
public class RenderBaldEagle extends MobRenderer<EntityBaldEagle, LivingEntityRenderState, ModelBaldEagle> {
       ^
C:\Users\justi\Documents\GitHub\AlexsMobs-26.2\src\main\java\com\github\alexthe666\alexsmobs\client\render\RenderBaldEagle.java:34: error: incompatible types: CapLayer cannot be converted to RenderLayer<LivingEntityRenderState,ModelBaldEagle>
        this.addLayer(new CapLayer(this));
                      ^
C:\Users\justi\Documents\GitHub\AlexsMobs-26.2\src\main\java\com\github\alexthe666\alexsmobs\client\render\RenderBaldEagle.java:81: error: type argument EntityBaldEagle is not within bounds of type-variable S
    static class CapLayer extends RenderLayer<EntityBaldEagle, ModelBaldEagle> {
                                              ^
  where S is a type-variable:
    S extends EntityRenderState declared in class RenderLayer
C:\Users\justi\Documents\GitHub\AlexsMobs-26.2\src\main\java\com\github\alexthe666\alexsmobs\client\render\RenderBaldEagle.java:81: error: CapLayer is not abstract and does not override abstract method submit(PoseStack,SubmitNodeCollector,int,EntityBaldEagle,float,float) in RenderLayer
    static class CapLayer extends RenderLayer<EntityBaldEagle, ModelBaldEagle> {
           ^
C:\Users\justi\Documents\GitHub\AlexsMobs-26.2\src\main\java\com\github\alexthe666\alexsmobs\client\render\RenderBaldEagle.java:84: error: incompatible types: RenderBaldEagle cannot be converted to RenderLayerParent<EntityBaldEagle,ModelBaldEagle>
            super(p_i50928_1_);
                  ^
C:\Users\justi\Documents\GitHub\AlexsMobs-26.2\src\main\java\com\github\alexthe666\alexsmobs\client\render\RenderBaldEagle.java:89: error: cannot find symbol
                VertexConsumer lead = bufferIn.getBuffer(RenderType.entityTranslucent(TEXTURE_CAP));
                                                                   ^
  symbol:   method entityTranslucent(Identifier)
  location: class RenderType
C:\Users\justi\Documents\GitHub\AlexsMobs-26.2\src\main\java\com\github\alexthe666\alexsmobs\client\render\RenderBaldEagle.java:90: error: incompatible types: EntityBaldEagle cannot be converted to LivingEntityRenderState
                this.getParentModel().renderToBuffer(matrixStackIn, lead, packedLightIn, LivingEntityRenderer.getOverlayCoords(entitylivingbaseIn, 0), 1.0F, 1.0F, 1.0F, 1.0F);
                                                                                                                               ^
C:\Users\justi\Documents\GitHub\AlexsMobs-26.2\src\main\java\com\github\alexthe666\alexsmobs\client\render\RenderBananaSlug.java:23: error: type argument ModelBananaSlug is not within bounds of type-variable M
public class RenderBananaSlug extends MobRenderer<EntityBananaSlug, LivingEntityRenderState, ModelBananaSlug> {
                                                                                             ^
  where M,S are type-variables:
    M extends EntityModel<? super S> declared in class MobRenderer
    S extends LivingEntityRenderState declared in class MobRenderer
C:\Users\justi\Documents\GitHub\AlexsMobs-26.2\src\main\java\com\github\alexthe666\alexsmobs\client\render\RenderBananaSlug.java:23: error: RenderBananaSlug is not abstract and does not override abstract method getTextureLocation(LivingEntityRenderState) in LivingEntityRenderer
public class RenderBananaSlug extends MobRenderer<EntityBananaSlug, LivingEntityRenderState, ModelBananaSlug> {
       ^
C:\Users\justi\Documents\GitHub\AlexsMobs-26.2\src\main\java\com\github\alexthe666\alexsmobs\client\render\RenderBananaSlug.java:32: error: incompatible types: RenderBananaSlug.LayerSlime cannot be converted to RenderLayer<LivingEntityRenderState,ModelBananaSlug>
        this.addLayer(new LayerSlime());
                      ^
C:\Users\justi\Documents\GitHub\AlexsMobs-26.2\src\main\java\com\github\alexthe666\alexsmobs\client\render\RenderBananaSlug.java:67: error: method does not override or implement a method from a supertype
    @Override
    ^
C:\Users\justi\Documents\GitHub\AlexsMobs-26.2\src\main\java\com\github\alexthe666\alexsmobs\client\render\RenderBananaSlug.java:70: error: method setupRotations in class LivingEntityRenderer<T,S,M> cannot be applied to given types;
            super.setupRotations(entityLiving, matrixStackIn, ageInTicks, rotationYaw, partialTicks);
                 ^
  required: LivingEntityRenderState,PoseStack,float,float
  found:    EntityBananaSlug,PoseStack,float,float,float
  reason: actual and formal argument lists differ in length
  where T,S,M are type-variables:
    T extends LivingEntity declared in class LivingEntityRenderer
    S extends LivingEntityRenderState declared in class LivingEntityRenderer
    M extends EntityModel<? super S> declared in class LivingEntityRenderer
C:\Users\justi\Documents\GitHub\AlexsMobs-26.2\src\main\java\com\github\alexthe666\alexsmobs\client\render\RenderBananaSlug.java:73: error: incompatible types: EntityBananaSlug cannot be converted to LivingEntityRenderState
        if (this.isShaking(entityLiving)) {
                           ^
C:\Users\justi\Documents\GitHub\AlexsMobs-26.2\src\main\java\com\github\alexthe666\alexsmobs\client\render\RenderBananaSlug.java:106: error: method getFlipDegrees in class LivingEntityRenderer<T,S,M> cannot be applied to given types;
            matrixStackIn.mulPose(Axis.ZP.rotationDegrees(f * this.getFlipDegrees(entityLiving)));
                                                                  ^
  required: no arguments
  found:    EntityBananaSlug
  reason: actual and formal argument lists differ in length
  where T,S,M are type-variables:
    T extends LivingEntity declared in class LivingEntityRenderer
    S extends LivingEntityRenderState declared in class LivingEntityRenderer
    M extends EntityModel<? super S> declared in class LivingEntityRenderer
C:\Users\justi\Documents\GitHub\AlexsMobs-26.2\src\main\java\com\github\alexthe666\alexsmobs\client\render\RenderBananaSlug.java:131: error: type argument EntityBananaSlug is not within bounds of type-variable S
    class LayerSlime extends RenderLayer<EntityBananaSlug, ModelBananaSlug> {
                                         ^
  where S is a type-variable:
    S extends EntityRenderState declared in class RenderLayer
C:\Users\justi\Documents\GitHub\AlexsMobs-26.2\src\main\java\com\github\alexthe666\alexsmobs\client\render\RenderBananaSlug.java:131: error: RenderBananaSlug.LayerSlime is not abstract and does not override abstract method submit(PoseStack,SubmitNodeCollector,int,EntityBananaSlug,float,float) in RenderLayer
    class LayerSlime extends RenderLayer<EntityBananaSlug, ModelBananaSlug> {
    ^
C:\Users\justi\Documents\GitHub\AlexsMobs-26.2\src\main\java\com\github\alexthe666\alexsmobs\client\render\RenderBananaSlug.java:134: error: incompatible types: RenderBananaSlug cannot be converted to RenderLayerParent<EntityBananaSlug,ModelBananaSlug>
            super(RenderBananaSlug.this);
                                  ^
C:\Users\justi\Documents\GitHub\AlexsMobs-26.2\src\main\java\com\github\alexthe666\alexsmobs\client\render\RenderBananaSlug.java:140: error: cannot find symbol
                VertexConsumer ivertexbuilder = bufferIn.getBuffer(RenderType.entityTranslucent(TEXTURE_SLIME));
                                                                             ^
  symbol:   method entityTranslucent(Identifier)
  location: class RenderType
C:\Users\justi\Documents\GitHub\AlexsMobs-26.2\src\main\java\com\github\alexthe666\alexsmobs\client\render\RenderBananaSlug.java:141: error: incompatible types: EntityBananaSlug cannot be converted to LivingEntityRenderState
                this.getParentModel().renderToBuffer(matrixStackIn, ivertexbuilder, packedLightIn, LivingEntityRenderer.getOverlayCoords(entitylivingbaseIn, 0.0F), 1.0F, 1.0F, 1.0F, alpha);
                                                                                                                                         ^
C:\Users\justi\Documents\GitHub\AlexsMobs-26.2\src\main\java\com\github\alexthe666\alexsmobs\client\render\RenderBison.java:20: error: type argument AdvancedEntityModel<EntityBison> is not within bounds of type-variable M
public class RenderBison extends MobRenderer<EntityBison, LivingEntityRenderState, AdvancedEntityModel<EntityBison>> {
                                                                                                      ^
  where M,S are type-variables:
    M extends EntityModel<? super S> declared in class MobRenderer
    S extends LivingEntityRenderState declared in class MobRenderer
C:\Users\justi\Documents\GitHub\AlexsMobs-26.2\src\main\java\com\github\alexthe666\alexsmobs\client\render\RenderBison.java:20: error: RenderBison is not abstract and does not override abstract method getTextureLocation(LivingEntityRenderState) in LivingEntityRenderer
public class RenderBison extends MobRenderer<EntityBison, LivingEntityRenderState, AdvancedEntityModel<EntityBison>> {
       ^
C:\Users\justi\Documents\GitHub\AlexsMobs-26.2\src\main\java\com\github\alexthe666\alexsmobs\client\render\RenderBison.java:31: error: incompatible types: RenderBison.LayerSnow cannot be converted to RenderLayer<LivingEntityRenderState,AdvancedEntityModel<EntityBison>>
        this.addLayer(new LayerSnow());
                      ^
C:\Users\justi\Documents\GitHub\AlexsMobs-26.2\src\main\java\com\github\alexthe666\alexsmobs\client\render\RenderBison.java:46: error: type argument EntityBison is not within bounds of type-variable S
    class LayerSnow extends RenderLayer<EntityBison, AdvancedEntityModel<EntityBison>> {
                                        ^
  where S is a type-variable:
    S extends EntityRenderState declared in class RenderLayer
C:\Users\justi\Documents\GitHub\AlexsMobs-26.2\src\main\java\com\github\alexthe666\alexsmobs\client\render\RenderBison.java:46: error: RenderBison.LayerSnow is not abstract and does not override abstract method submit(PoseStack,SubmitNodeCollector,int,EntityBison,float,float) in RenderLayer
    class LayerSnow extends RenderLayer<EntityBison, AdvancedEntityModel<EntityBison>> {
    ^
C:\Users\justi\Documents\GitHub\AlexsMobs-26.2\src\main\java\com\github\alexthe666\alexsmobs\client\render\RenderBison.java:49: error: incompatible types: RenderBison cannot be converted to RenderLayerParent<EntityBison,AdvancedEntityModel<EntityBison>>
            super(RenderBison.this);
                             ^
C:\Users\justi\Documents\GitHub\AlexsMobs-26.2\src\main\java\com\github\alexthe666\alexsmobs\client\render\RenderBison.java:54: error: cannot find symbol
                VertexConsumer ivertexbuilder = bufferIn.getBuffer(RenderType.entityCutoutNoCull(entitylivingbaseIn.isBaby() ? TEXTURE_BABY_SNOWY : TEXTURE_SNOWY));
                                                                             ^
  symbol:   method entityCutoutNoCull(entitylivi[...]SNOWY)
  location: class RenderType
C:\Users\justi\Documents\GitHub\AlexsMobs-26.2\src\main\java\com\github\alexthe666\alexsmobs\client\render\RenderBison.java:55: error: incompatible types: EntityBison cannot be converted to LivingEntityRenderState
                this.getParentModel().renderToBuffer(matrixStackIn, ivertexbuilder, packedLightIn, LivingEntityRenderer.getOverlayCoords(entitylivingbaseIn, 0.0F), 1.0F, 1.0F, 1.0F, 1.0F);
                                                                                                                                         ^
C:\Users\justi\Documents\GitHub\AlexsMobs-26.2\src\main\java\com\github\alexthe666\alexsmobs\client\render\RenderBlobfish.java:15: error: type argument EntityModel<EntityBlobfish> is not within bounds of type-variable M
public class RenderBlobfish extends MobRenderer<EntityBlobfish, LivingEntityRenderState, EntityModel<EntityBlobfish>> {
                                                                                                    ^
  where M,S are type-variables:
    M extends EntityModel<? super S> declared in class MobRenderer
    S extends LivingEntityRenderState declared in class MobRenderer
C:\Users\justi\Documents\GitHub\AlexsMobs-26.2\src\main\java\com\github\alexthe666\alexsmobs\client\render\RenderBlobfish.java:15: error: type argument EntityBlobfish is not within bounds of type-variable T
public class RenderBlobfish extends MobRenderer<EntityBlobfish, LivingEntityRenderState, EntityModel<EntityBlobfish>> {
                                                                                                     ^
  where T is a type-variable:
    T extends EntityRenderState declared in class EntityModel
C:\Users\justi\Documents\GitHub\AlexsMobs-26.2\src\main\java\com\github\alexthe666\alexsmobs\client\render\RenderBlobfish.java:15: error: RenderBlobfish is not abstract and does not override abstract method getTextureLocation(LivingEntityRenderState) in LivingEntityRenderer
public class RenderBlobfish extends MobRenderer<EntityBlobfish, LivingEntityRenderState, EntityModel<EntityBlobfish>> {
       ^
C:\Users\justi\Documents\GitHub\AlexsMobs-26.2\src\main\java\com\github\alexthe666\alexsmobs\client\render\RenderBlobfish.java:22: error: incompatible types: ModelBlobfish cannot be converted to EntityModel<EntityBlobfish>
        super(renderManagerIn, new ModelBlobfish(), 0.35F);
                               ^
C:\Users\justi\Documents\GitHub\AlexsMobs-26.2\src\main\java\com\github\alexthe666\alexsmobs\client\render\RenderBlobfish.java:27: error: incompatible types: ModelBlobfishDepressurized cannot be converted to EntityModel<EntityBlobfish>
            model = modelDepressurized;
                    ^
C:\Users\justi\Documents\GitHub\AlexsMobs-26.2\src\main\java\com\github\alexthe666\alexsmobs\client\render\RenderBlobfish.java:29: error: incompatible types: ModelBlobfish cannot be converted to EntityModel<EntityBlobfish>
            model = modelFish;
                    ^
C:\Users\justi\Documents\GitHub\AlexsMobs-26.2\src\main\java\com\github\alexthe666\alexsmobs\client\render\RenderBlueJay.java:23: error: type argument ModelBlueJay is not within bounds of type-variable M
public class RenderBlueJay extends MobRenderer<EntityBlueJay, LivingEntityRenderState, ModelBlueJay> {
                                                                                       ^
  where M,S are type-variables:
    M extends EntityModel<? super S> declared in class MobRenderer
    S extends LivingEntityRenderState declared in class MobRenderer
C:\Users\justi\Documents\GitHub\AlexsMobs-26.2\src\main\java\com\github\alexthe666\alexsmobs\client\render\RenderBlueJay.java:23: error: RenderBlueJay is not abstract and does not override abstract method getTextureLocation(LivingEntityRenderState) in LivingEntityRenderer
public class RenderBlueJay extends MobRenderer<EntityBlueJay, LivingEntityRenderState, ModelBlueJay> {
       ^
C:\Users\justi\Documents\GitHub\AlexsMobs-26.2\src\main\java\com\github\alexthe666\alexsmobs\client\render\RenderBlueJay.java:29: error: incompatible types: RenderBlueJay.LayerShiny cannot be converted to RenderLayer<LivingEntityRenderState,ModelBlueJay>
        this.addLayer(new LayerShiny());
                      ^
C:\Users\justi\Documents\GitHub\AlexsMobs-26.2\src\main\java\com\github\alexthe666\alexsmobs\client\render\RenderBlueJay.java:37: error: incompatible types: EntityModel cannot be converted to ModelRaccoon
                if (raccoonRenderer instanceof LivingEntityRenderer && ((LivingEntityRenderer) raccoonRenderer).getModel() instanceof ModelRaccoon raccoonModel) {
                                                                                                                        ^
C:\Users\justi\Documents\GitHub\AlexsMobs-26.2\src\main\java\com\github\alexthe666\alexsmobs\client\render\RenderBlueJay.java:55: error: type argument EntityBlueJay is not within bounds of type-variable S
    class LayerShiny extends RenderLayer<EntityBlueJay, ModelBlueJay> {
                                         ^
  where S is a type-variable:
    S extends EntityRenderState declared in class RenderLayer
C:\Users\justi\Documents\GitHub\AlexsMobs-26.2\src\main\java\com\github\alexthe666\alexsmobs\client\render\RenderBlueJay.java:55: error: RenderBlueJay.LayerShiny is not abstract and does not override abstract method submit(PoseStack,SubmitNodeCollector,int,EntityBlueJay,float,float) in RenderLayer
    class LayerShiny extends RenderLayer<EntityBlueJay, ModelBlueJay> {
    ^
C:\Users\justi\Documents\GitHub\AlexsMobs-26.2\src\main\java\com\github\alexthe666\alexsmobs\client\render\RenderBlueJay.java:58: error: incompatible types: RenderBlueJay cannot be converted to RenderLayerParent<EntityBlueJay,ModelBlueJay>
            super(RenderBlueJay.this);
                               ^
C:\Users\justi\Documents\GitHub\AlexsMobs-26.2\src\main\java\com\github\alexthe666\alexsmobs\client\render\RenderBlueJay.java:63: error: cannot find symbol
                VertexConsumer ivertexbuilder = bufferIn.getBuffer(RenderType.entityTranslucent(TEXTURE_SHINY));
                                                                             ^
  symbol:   method entityTranslucent(Identifier)
  location: class RenderType
C:\Users\justi\Documents\GitHub\AlexsMobs-26.2\src\main\java\com\github\alexthe666\alexsmobs\client\render\RenderBlueJay.java:65: error: incompatible types: EntityBlueJay cannot be converted to LivingEntityRenderState
                this.getParentModel().renderToBuffer(matrixStackIn, ivertexbuilder, packedLightIn, LivingEntityRenderer.getOverlayCoords(entitylivingbaseIn, 0.0F), 1.0F, 1.0F, 1.0F, alpha);
                                                                                                                                         ^
C:\Users\justi\Documents\GitHub\AlexsMobs-26.2\src\main\java\com\github\alexthe666\alexsmobs\client\render\RenderBoneSerpent.java:13: error: type argument ModelBoneSerpentHead is not within bounds of type-variable M
public class RenderBoneSerpent extends MobRenderer<EntityBoneSerpent, LivingEntityRenderState, ModelBoneSerpentHead> {
                                                                                               ^
  where M,S are type-variables:
    M extends EntityModel<? super S> declared in class MobRenderer
    S extends LivingEntityRenderState declared in class MobRenderer
C:\Users\justi\Documents\GitHub\AlexsMobs-26.2\src\main\java\com\github\alexthe666\alexsmobs\client\render\RenderBoneSerpent.java:13: error: RenderBoneSerpent is not abstract and does not override abstract method getTextureLocation(LivingEntityRenderState) in LivingEntityRenderer
public class RenderBoneSerpent extends MobRenderer<EntityBoneSerpent, LivingEntityRenderState, ModelBoneSerpentHead> {
       ^
C:\Users\justi\Documents\GitHub\AlexsMobs-26.2\src\main\java\com\github\alexthe666\alexsmobs\client\render\RenderBoneSerpentPart.java:15: error: type argument AdvancedEntityModel<EntityBoneSerpentPart> is not within bounds of type-variable M
public class RenderBoneSerpentPart extends LivingEntityRenderer<EntityBoneSerpentPart, LivingEntityRenderState, AdvancedEntityModel<EntityBoneSerpentPart>> {
                                                                                                                                   ^
  where M,S are type-variables:
    M extends EntityModel<? super S> declared in class LivingEntityRenderer
    S extends LivingEntityRenderState declared in class LivingEntityRenderer
C:\Users\justi\Documents\GitHub\AlexsMobs-26.2\src\main\java\com\github\alexthe666\alexsmobs\client\render\RenderBoneSerpentPart.java:15: error: RenderBoneSerpentPart is not abstract and does not override abstract method getTextureLocation(LivingEntityRenderState) in LivingEntityRenderer
public class RenderBoneSerpentPart extends LivingEntityRenderer<EntityBoneSerpentPart, LivingEntityRenderState, AdvancedEntityModel<EntityBoneSerpentPart>> {
       ^
C:\Users\justi\Documents\GitHub\AlexsMobs-26.2\src\main\java\com\github\alexthe666\alexsmobs\client\render\RenderBoneSerpentPart.java:26: error: method shouldShowName in class LivingEntityRenderer<T,S,M> cannot be applied to given types;
        return super.shouldShowName(entity) && (entity.shouldShowName() || entity.hasCustomName() && entity == this.entityRenderDispatcher.crosshairPickEntity);
                    ^
  required: EntityBoneSerpentPart,double
  found:    EntityBoneSerpentPart
  reason: actual and formal argument lists differ in length
  where T,S,M are type-variables:
    T extends LivingEntity declared in class LivingEntityRenderer
    S extends LivingEntityRenderState declared in class LivingEntityRenderer
    M extends EntityModel<? super S> declared in class LivingEntityRenderer
C:\Users\justi\Documents\GitHub\AlexsMobs-26.2\src\main\java\com\github\alexthe666\alexsmobs\client\render\RenderBunfungus.java:21: error: type argument ModelBunfungus is not within bounds of type-variable M
public class RenderBunfungus extends MobRenderer<EntityBunfungus, LivingEntityRenderState, ModelBunfungus> {
                                                                                           ^
  where M,S are type-variables:
    M extends EntityModel<? super S> declared in class MobRenderer
    S extends LivingEntityRenderState declared in class MobRenderer
C:\Users\justi\Documents\GitHub\AlexsMobs-26.2\src\main\java\com\github\alexthe666\alexsmobs\client\render\RenderBunfungus.java:21: error: RenderBunfungus is not abstract and does not override abstract method getTextureLocation(LivingEntityRenderState) in LivingEntityRenderer
public class RenderBunfungus extends MobRenderer<EntityBunfungus, LivingEntityRenderState, ModelBunfungus> {
       ^
C:\Users\justi\Documents\GitHub\AlexsMobs-26.2\src\main\java\com\github\alexthe666\alexsmobs\client\render\RenderBunfungus.java:27: error: incompatible types: LayerHeldItem cannot be converted to RenderLayer<LivingEntityRenderState,ModelBunfungus>
        this.addLayer(new LayerHeldItem(this));
                      ^
C:\Users\justi\Documents\GitHub\AlexsMobs-26.2\src\main\java\com\github\alexthe666\alexsmobs\client\render\RenderBunfungus.java:42: error: type argument EntityBunfungus is not within bounds of type-variable S
    static class LayerHeldItem extends RenderLayer<EntityBunfungus, ModelBunfungus> {
                                                   ^
  where S is a type-variable:
    S extends EntityRenderState declared in class RenderLayer
C:\Users\justi\Documents\GitHub\AlexsMobs-26.2\src\main\java\com\github\alexthe666\alexsmobs\client\render\RenderBunfungus.java:42: error: LayerHeldItem is not abstract and does not override abstract method submit(PoseStack,SubmitNodeCollector,int,EntityBunfungus,float,float) in RenderLayer
    static class LayerHeldItem extends RenderLayer<EntityBunfungus, ModelBunfungus> {
           ^
C:\Users\justi\Documents\GitHub\AlexsMobs-26.2\src\main\java\com\github\alexthe666\alexsmobs\client\render\RenderBunfungus.java:45: error: incompatible types: RenderBunfungus cannot be converted to RenderLayerParent<EntityBunfungus,ModelBunfungus>
            super(render);
                  ^
C:\Users\justi\Documents\GitHub\AlexsMobs-26.2\src\main\java\com\github\alexthe666\alexsmobs\client\render\RenderBunfungus.java:62: error: method renderItem in class ItemInHandRenderer cannot be applied to given types;
            renderer.renderItem(entitylivingbaseIn, itemstack, ItemDisplayContext.GROUND, false, matrixStackIn, bufferIn, packedLightIn);
                    ^
  required: LivingEntity,ItemStack,ItemDisplayContext,PoseStack,SubmitNodeCollector,int
  found:    EntityBunfungus,ItemStack,ItemDisplayContext,boolean,PoseStack,OrderedSubmitNodeCollector,int
  reason: actual and formal argument lists differ in length
C:\Users\justi\Documents\GitHub\AlexsMobs-26.2\src\main\java\com\github\alexthe666\alexsmobs\client\render\RenderCachalotEcho.java:19: error: RenderCachalotEcho is not abstract and does not override abstract method createRenderState() in EntityRenderer
public class RenderCachalotEcho extends EntityRenderer<EntityCachalotEcho, EntityRenderState> {
       ^
C:\Users\justi\Documents\GitHub\AlexsMobs-26.2\src\main\java\com\github\alexthe666\alexsmobs\client\render\RenderCachalotEcho.java:47: error: cannot find symbol
        super.render(entityIn, entityYaw, partialTicks, matrixStackIn, bufferIn, packedLightIn);
             ^
  symbol: method render(EntityCachalotEcho,float,float,PoseStack,OrderedSubmitNodeCollector,int)
C:\Users\justi\Documents\GitHub\AlexsMobs-26.2\src\main\java\com\github\alexthe666\alexsmobs\client\render\RenderCachalotEcho.java:58: error: cannot find symbol
        VertexConsumer ivertexbuilder = bufferIn.getBuffer(RenderType.entityCutoutNoCull(res));
                                                                     ^
  symbol:   method entityCutoutNoCull(Identifier)
  location: class RenderType
C:\Users\justi\Documents\GitHub\AlexsMobs-26.2\src\main\java\com\github\alexthe666\alexsmobs\client\render\RenderCachalotEcho.java:69: error: method does not override or implement a method from a supertype
    @Override
    ^
C:\Users\justi\Documents\GitHub\AlexsMobs-26.2\src\main\java\com\github\alexthe666\alexsmobs\client\render\RenderCachalotEcho.java:76: error: cannot find symbol
        p_229039_3_.vertex(p_229039_1_, (float) p_229039_4_, (float) p_229039_5_, (float) p_229039_6_).color(255, 255, 255, 255).uv(p_229039_7_, p_229039_8_).overlayCoords(OverlayTexture.NO_OVERLAY).uv2(p_229039_12_).normal(p_229039_2_, (float) p_229039_9_, (float) p_229039_11_, (float) p_229039_10_).endVertex();
                   ^
  symbol:   method vertex(Matrix4f,float,float,float)
  location: variable p_229039_3_ of type VertexConsumer
C:\Users\justi\Documents\GitHub\AlexsMobs-26.2\src\main\java\com\github\alexthe666\alexsmobs\entity\EntityCachalotEcho.java:28: error: EntityCachalotEcho is not abstract and does not override abstract method hurtServer(ServerLevel,DamageSource,float) in Entity
public class EntityCachalotEcho extends Entity {
       ^
C:\Users\justi\Documents\GitHub\AlexsMobs-26.2\src\main\java\com\github\alexthe666\alexsmobs\entity\EntityCachalotEcho.java:91: error: method does not override or implement a method from a supertype
    @Override
    ^
C:\Users\justi\Documents\GitHub\AlexsMobs-26.2\src\main\java\com\github\alexthe666\alexsmobs\entity\EntityCachalotEcho.java:93: error: method getAddEntityPacket in class Entity cannot be applied to given types;
        return super.getAddEntityPacket();
                    ^
  required: ServerEntity
  found:    no arguments
  reason: actual and formal argument lists differ in length
C:\Users\justi\Documents\GitHub\AlexsMobs-26.2\src\main\java\com\github\alexthe666\alexsmobs\entity\EntityCachalotEcho.java:283: error: cannot find symbol
            this.moveTo(this.getX(), this.getY(), this.getZ(), this.getYRot(), this.getXRot());
                ^
  symbol: method moveTo(double,double,double,float,float)
C:\Users\justi\Documents\GitHub\AlexsMobs-26.2\src\main\java\com\github\alexthe666\alexsmobs\client\render\RenderCaiman.java:12: error: type argument ModelCaiman is not within bounds of type-variable M
public class RenderCaiman extends MobRenderer<EntityCaiman, LivingEntityRenderState, ModelCaiman> {
                                                                                     ^
  where M,S are type-variables:
    M extends EntityModel<? super S> declared in class MobRenderer
    S extends LivingEntityRenderState declared in class MobRenderer
C:\Users\justi\Documents\GitHub\AlexsMobs-26.2\src\main\java\com\github\alexthe666\alexsmobs\client\render\RenderCaiman.java:12: error: RenderCaiman is not abstract and does not override abstract method getTextureLocation(LivingEntityRenderState) in LivingEntityRenderer
public class RenderCaiman extends MobRenderer<EntityCaiman, LivingEntityRenderState, ModelCaiman> {
       ^
C:\Users\justi\Documents\GitHub\AlexsMobs-26.2\src\main\java\com\github\alexthe666\alexsmobs\client\render\RenderCatfish.java:16: error: type argument EntityModel<EntityCatfish> is not within bounds of type-variable M
public class RenderCatfish extends MobRenderer<EntityCatfish, LivingEntityRenderState, EntityModel<EntityCatfish>> {
                                                                                                  ^
  where M,S are type-variables:
    M extends EntityModel<? super S> declared in class MobRenderer
    S extends LivingEntityRenderState declared in class MobRenderer
C:\Users\justi\Documents\GitHub\AlexsMobs-26.2\src\main\java\com\github\alexthe666\alexsmobs\client\render\RenderCatfish.java:16: error: type argument EntityCatfish is not within bounds of type-variable T
public class RenderCatfish extends MobRenderer<EntityCatfish, LivingEntityRenderState, EntityModel<EntityCatfish>> {
                                                                                                   ^
  where T is a type-variable:
    T extends EntityRenderState declared in class EntityModel
C:\Users\justi\Documents\GitHub\AlexsMobs-26.2\src\main\java\com\github\alexthe666\alexsmobs\client\render\RenderCatfish.java:16: error: RenderCatfish is not abstract and does not override abstract method getTextureLocation(LivingEntityRenderState) in LivingEntityRenderer
public class RenderCatfish extends MobRenderer<EntityCatfish, LivingEntityRenderState, EntityModel<EntityCatfish>> {
       ^
C:\Users\justi\Documents\GitHub\AlexsMobs-26.2\src\main\java\com\github\alexthe666\alexsmobs\client\render\RenderCatfish.java:28: error: incompatible types: ModelCatfishSmall cannot be converted to EntityModel<EntityCatfish>
        super(renderManagerIn, new ModelCatfishSmall(), 0.5F);
                               ^
C:\Users\justi\Documents\GitHub\AlexsMobs-26.2\src\main\java\com\github\alexthe666\alexsmobs\client\render\RenderCatfish.java:33: error: incompatible types: ModelCatfishLarge cannot be converted to EntityModel<EntityCatfish>
            model = modelLarge;
                    ^
C:\Users\justi\Documents\GitHub\AlexsMobs-26.2\src\main\java\com\github\alexthe666\alexsmobs\client\render\RenderCatfish.java:35: error: incompatible types: ModelCatfishMedium cannot be converted to EntityModel<EntityCatfish>
            model = modelMedium;
                    ^
C:\Users\justi\Documents\GitHub\AlexsMobs-26.2\src\main\java\com\github\alexthe666\alexsmobs\client\render\RenderCatfish.java:37: error: incompatible types: ModelCatfishSmall cannot be converted to EntityModel<EntityCatfish>
            model = modelSmall;
                    ^
C:\Users\justi\Documents\GitHub\AlexsMobs-26.2\src\main\java\com\github\alexthe666\alexsmobs\client\render\RenderCentipedeBody.java:18: error: type argument AdvancedEntityModel<EntityCentipedeBody> is not within bounds of type-variable M
public class RenderCentipedeBody extends MobRenderer<EntityCentipedeBody, LivingEntityRenderState, AdvancedEntityModel<EntityCentipedeBody>> {
                                                                                                                      ^
  where M,S are type-variables:
    M extends EntityModel<? super S> declared in class MobRenderer
    S extends LivingEntityRenderState declared in class MobRenderer
C:\Users\justi\Documents\GitHub\AlexsMobs-26.2\src\main\java\com\github\alexthe666\alexsmobs\client\render\RenderCentipedeBody.java:18: error: RenderCentipedeBody is not abstract and does not override abstract method getTextureLocation(LivingEntityRenderState) in LivingEntityRenderer
public class RenderCentipedeBody extends MobRenderer<EntityCentipedeBody, LivingEntityRenderState, AdvancedEntityModel<EntityCentipedeBody>> {
       ^
C:\Users\justi\Documents\GitHub\AlexsMobs-26.2\src\main\java\com\github\alexthe666\alexsmobs\client\render\RenderCentipedeBody.java:29: error: method does not override or implement a method from a supertype
    @Override
    ^
C:\Users\justi\Documents\GitHub\AlexsMobs-26.2\src\main\java\com\github\alexthe666\alexsmobs\client\render\RenderCentipedeBody.java:32: error: incompatible types: EntityCentipedeBody cannot be converted to LivingEntityRenderState
        if (this.isShaking(entity)) {
                           ^
C:\Users\justi\Documents\GitHub\AlexsMobs-26.2\src\main\java\com\github\alexthe666\alexsmobs\client\render\RenderCentipedeTail.java:18: error: type argument AdvancedEntityModel<EntityCentipedeTail> is not within bounds of type-variable M
public class RenderCentipedeTail extends MobRenderer<EntityCentipedeTail, LivingEntityRenderState, AdvancedEntityModel<EntityCentipedeTail>> {
                                                                                                                      ^
  where M,S are type-variables:
    M extends EntityModel<? super S> declared in class MobRenderer
    S extends LivingEntityRenderState declared in class MobRenderer
C:\Users\justi\Documents\GitHub\AlexsMobs-26.2\src\main\java\com\github\alexthe666\alexsmobs\client\render\RenderCentipedeTail.java:18: error: RenderCentipedeTail is not abstract and does not override abstract method getTextureLocation(LivingEntityRenderState) in LivingEntityRenderer
public class RenderCentipedeTail extends MobRenderer<EntityCentipedeTail, LivingEntityRenderState, AdvancedEntityModel<EntityCentipedeTail>> {
       ^
C:\Users\justi\Documents\GitHub\AlexsMobs-26.2\src\main\java\com\github\alexthe666\alexsmobs\client\render\RenderCentipedeTail.java:29: error: method does not override or implement a method from a supertype
    @Override
    ^
C:\Users\justi\Documents\GitHub\AlexsMobs-26.2\src\main\java\com\github\alexthe666\alexsmobs\client\render\RenderCentipedeTail.java:32: error: incompatible types: EntityCentipedeTail cannot be converted to LivingEntityRenderState
        if (this.isShaking(entity)) {
                           ^
C:\Users\justi\Documents\GitHub\AlexsMobs-26.2\src\main\java\com\github\alexthe666\alexsmobs\client\render\RenderCombJelly.java:20: error: type argument ModelCombJelly is not within bounds of type-variable M
public class RenderCombJelly extends MobRenderer<EntityCombJelly, LivingEntityRenderState, ModelCombJelly> {
                                                                                           ^
  where M,S are type-variables:
    M extends EntityModel<? super S> declared in class MobRenderer
    S extends LivingEntityRenderState declared in class MobRenderer
C:\Users\justi\Documents\GitHub\AlexsMobs-26.2\src\main\java\com\github\alexthe666\alexsmobs\client\render\RenderCombJelly.java:20: error: RenderCombJelly is not abstract and does not override abstract method getTextureLocation(LivingEntityRenderState) in LivingEntityRenderer
public class RenderCombJelly extends MobRenderer<EntityCombJelly, LivingEntityRenderState, ModelCombJelly> {
       ^
C:\Users\justi\Documents\GitHub\AlexsMobs-26.2\src\main\java\com\github\alexthe666\alexsmobs\client\render\RenderCombJelly.java:28: error: incompatible types: RainbowLayer cannot be converted to RenderLayer<LivingEntityRenderState,ModelCombJelly>
        this.addLayer(new RainbowLayer(this));
                      ^
C:\Users\justi\Documents\GitHub\AlexsMobs-26.2\src\main\java\com\github\alexthe666\alexsmobs\client\render\RenderCombJelly.java:43: error: cannot find symbol
            return RenderType.itemEntityTranslucentCull(Identifier);
                             ^
  symbol:   method itemEntityTranslucentCull(Identifier)
  location: class RenderType
C:\Users\justi\Documents\GitHub\AlexsMobs-26.2\src\main\java\com\github\alexthe666\alexsmobs\client\render\RenderCombJelly.java:45: error: cannot find symbol
            return RenderType.entityTranslucent(Identifier);
                             ^
  symbol:   method entityTranslucent(Identifier)
  location: class RenderType
C:\Users\justi\Documents\GitHub\AlexsMobs-26.2\src\main\java\com\github\alexthe666\alexsmobs\client\render\RenderCombJelly.java:47: error: method outline in class RenderType cannot be applied to given types;
            return outline ? RenderType.outline(Identifier) : null;
                                       ^
  required: no arguments
  found:    Identifier
  reason: actual and formal argument lists differ in length
C:\Users\justi\Documents\GitHub\AlexsMobs-26.2\src\main\java\com\github\alexthe666\alexsmobs\client\render\RenderCombJelly.java:56: error: type argument EntityCombJelly is not within bounds of type-variable S
    static class RainbowLayer extends RenderLayer<EntityCombJelly, ModelCombJelly> {
                                                  ^
  where S is a type-variable:
    S extends EntityRenderState declared in class RenderLayer
C:\Users\justi\Documents\GitHub\AlexsMobs-26.2\src\main\java\com\github\alexthe666\alexsmobs\client\render\RenderCombJelly.java:56: error: RainbowLayer is not abstract and does not override abstract method submit(PoseStack,SubmitNodeCollector,int,EntityCombJelly,float,float) in RenderLayer
    static class RainbowLayer extends RenderLayer<EntityCombJelly, ModelCombJelly> {
           ^
C:\Users\justi\Documents\GitHub\AlexsMobs-26.2\src\main\java\com\github\alexthe666\alexsmobs\client\render\RenderCombJelly.java:59: error: incompatible types: RenderCombJelly cannot be converted to RenderLayerParent<EntityCombJelly,ModelCombJelly>
            super(render);
                  ^
C:\Users\justi\Documents\GitHub\AlexsMobs-26.2\src\main\java\com\github\alexthe666\alexsmobs\client\render\RenderCombJelly.java:63: error: cannot find symbol
            VertexConsumer rainbow = AMRenderTypes.createMergedVertexConsumer(bufferIn.getBuffer(AMRenderTypes.COMBJELLY_RAINBOW_GLINT), bufferIn.getBuffer(RenderType.entityCutoutNoCull(TEXTURE_OVERLAY)));
                                                                                                              ^
  symbol:   variable COMBJELLY_RAINBOW_GLINT
  location: class AMRenderTypes
C:\Users\justi\Documents\GitHub\AlexsMobs-26.2\src\main\java\com\github\alexthe666\alexsmobs\client\render\RenderCombJelly.java:63: error: cannot find symbol
            VertexConsumer rainbow = AMRenderTypes.createMergedVertexConsumer(bufferIn.getBuffer(AMRenderTypes.COMBJELLY_RAINBOW_GLINT), bufferIn.getBuffer(RenderType.entityCutoutNoCull(TEXTURE_OVERLAY)));
                                                                                                                                                                      ^
  symbol:   method entityCutoutNoCull(Identifier)
  location: class RenderType
C:\Users\justi\Documents\GitHub\AlexsMobs-26.2\src\main\java\com\github\alexthe666\alexsmobs\client\render\RenderCombJelly.java:65: error: method renderToBuffer in class Model<S> cannot be applied to given types;
            STRIPES_MODEL.renderToBuffer(matrixStackIn, rainbow, packedLightIn, OverlayTexture.NO_OVERLAY, 1, 1, 1, 1.0F);
                         ^
  required: PoseStack,VertexConsumer,int,int,int
  found:    PoseStack,VertexConsumer,int,int,int,int,int,float
  reason: actual and formal argument lists differ in length
  where S is a type-variable:
    S extends Object declared in class Model
C:\Users\justi\Documents\GitHub\AlexsMobs-26.2\src\main\java\com\github\alexthe666\alexsmobs\client\render\RenderCosmaw.java:21: error: type argument ModelCosmaw is not within bounds of type-variable M
public class RenderCosmaw extends MobRenderer<EntityCosmaw, LivingEntityRenderState, ModelCosmaw> {
                                                                                     ^
  where M,S are type-variables:
    M extends EntityModel<? super S> declared in class MobRenderer
    S extends LivingEntityRenderState declared in class MobRenderer
C:\Users\justi\Documents\GitHub\AlexsMobs-26.2\src\main\java\com\github\alexthe666\alexsmobs\client\render\RenderCosmaw.java:21: error: RenderCosmaw is not abstract and does not override abstract method getTextureLocation(LivingEntityRenderState) in LivingEntityRenderer
public class RenderCosmaw extends MobRenderer<EntityCosmaw, LivingEntityRenderState, ModelCosmaw> {
       ^
C:\Users\justi\Documents\GitHub\AlexsMobs-26.2\src\main\java\com\github\alexthe666\alexsmobs\client\render\RenderCosmaw.java:27: error: incompatible types: RenderCosmaw.LayerHeldItem cannot be converted to RenderLayer<LivingEntityRenderState,ModelCosmaw>
        this.addLayer(new LayerHeldItem());
                      ^
C:\Users\justi\Documents\GitHub\AlexsMobs-26.2\src\main\java\com\github\alexthe666\alexsmobs\client\render\RenderCosmaw.java:39: error: type argument EntityCosmaw is not within bounds of type-variable S
    class LayerHeldItem extends RenderLayer<EntityCosmaw, ModelCosmaw> {
                                            ^
  where S is a type-variable:
    S extends EntityRenderState declared in class RenderLayer
C:\Users\justi\Documents\GitHub\AlexsMobs-26.2\src\main\java\com\github\alexthe666\alexsmobs\client\render\RenderCosmaw.java:39: error: RenderCosmaw.LayerHeldItem is not abstract and does not override abstract method submit(PoseStack,SubmitNodeCollector,int,EntityCosmaw,float,float) in RenderLayer
    class LayerHeldItem extends RenderLayer<EntityCosmaw, ModelCosmaw> {
    ^
C:\Users\justi\Documents\GitHub\AlexsMobs-26.2\src\main\java\com\github\alexthe666\alexsmobs\client\render\RenderCosmaw.java:42: error: incompatible types: RenderCosmaw cannot be converted to RenderLayerParent<EntityCosmaw,ModelCosmaw>
            super(RenderCosmaw.this);
                              ^
C:\Users\justi\Documents\GitHub\AlexsMobs-26.2\src\main\java\com\github\alexthe666\alexsmobs\client\render\RenderCosmaw.java:55: error: method renderItem in class ItemInHandRenderer cannot be applied to given types;
            renderer.renderItem(entitylivingbaseIn, itemstack, ItemDisplayContext.GROUND, false, matrixStackIn, bufferIn, packedLightIn);
                    ^
  required: LivingEntity,ItemStack,ItemDisplayContext,PoseStack,SubmitNodeCollector,int
  found:    EntityCosmaw,ItemStack,ItemDisplayContext,boolean,PoseStack,OrderedSubmitNodeCollector,int
  reason: actual and formal argument lists differ in length
C:\Users\justi\Documents\GitHub\AlexsMobs-26.2\src\main\java\com\github\alexthe666\alexsmobs\client\render\RenderCosmicCod.java:14: error: type argument EntityModel<EntityCosmicCod> is not within bounds of type-variable M
public class RenderCosmicCod extends MobRenderer<EntityCosmicCod, LivingEntityRenderState, EntityModel<EntityCosmicCod>> {
                                                                                                      ^
  where M,S are type-variables:
    M extends EntityModel<? super S> declared in class MobRenderer
    S extends LivingEntityRenderState declared in class MobRenderer
C:\Users\justi\Documents\GitHub\AlexsMobs-26.2\src\main\java\com\github\alexthe666\alexsmobs\client\render\RenderCosmicCod.java:14: error: type argument EntityCosmicCod is not within bounds of type-variable T
public class RenderCosmicCod extends MobRenderer<EntityCosmicCod, LivingEntityRenderState, EntityModel<EntityCosmicCod>> {
                                                                                                       ^
  where T is a type-variable:
    T extends EntityRenderState declared in class EntityModel
C:\Users\justi\Documents\GitHub\AlexsMobs-26.2\src\main\java\com\github\alexthe666\alexsmobs\client\render\RenderCosmicCod.java:14: error: RenderCosmicCod is not abstract and does not override abstract method getTextureLocation(LivingEntityRenderState) in LivingEntityRenderer
public class RenderCosmicCod extends MobRenderer<EntityCosmicCod, LivingEntityRenderState, EntityModel<EntityCosmicCod>> {
       ^
C:\Users\justi\Documents\GitHub\AlexsMobs-26.2\src\main\java\com\github\alexthe666\alexsmobs\client\render\RenderCosmicCod.java:19: error: incompatible types: ModelCosmicCod cannot be converted to EntityModel<EntityCosmicCod>
        super(renderManagerIn, new ModelCosmicCod(), 0.25F);
                               ^
C:\Users\justi\Documents\GitHub\AlexsMobs-26.2\src\main\java\com\github\alexthe666\alexsmobs\client\render\RenderCosmicCod.java:20: error: cannot infer type arguments for LayerBasicGlow<>
        this.addLayer(new LayerBasicGlow<>(this, TEXTURE_EYES));
                      ^
  reason: inference variable T has incompatible bounds
    equality constraints: EntityCosmicCod,LivingEntityRenderState
    upper bounds: LivingEntity
  where T is a type-variable:
    T extends LivingEntity declared in class LayerBasicGlow
C:\Users\justi\Documents\GitHub\AlexsMobs-26.2\src\main\java\com\github\alexthe666\alexsmobs\client\render\RenderCrocodile.java:17: error: type argument ModelCrocodile is not within bounds of type-variable M
public class RenderCrocodile extends MobRenderer<EntityCrocodile, LivingEntityRenderState, ModelCrocodile> {
                                                                                           ^
  where M,S are type-variables:
    M extends EntityModel<? super S> declared in class MobRenderer
    S extends LivingEntityRenderState declared in class MobRenderer
C:\Users\justi\Documents\GitHub\AlexsMobs-26.2\src\main\java\com\github\alexthe666\alexsmobs\client\render\RenderCrocodile.java:17: error: RenderCrocodile is not abstract and does not override abstract method getTextureLocation(LivingEntityRenderState) in LivingEntityRenderer
public class RenderCrocodile extends MobRenderer<EntityCrocodile, LivingEntityRenderState, ModelCrocodile> {
       ^
C:\Users\justi\Documents\GitHub\AlexsMobs-26.2\src\main\java\com\github\alexthe666\alexsmobs\client\render\RenderCrocodile.java:24: error: incompatible types: CrownLayer cannot be converted to RenderLayer<LivingEntityRenderState,ModelCrocodile>
        this.addLayer(new CrownLayer(this));
                      ^
C:\Users\justi\Documents\GitHub\AlexsMobs-26.2\src\main\java\com\github\alexthe666\alexsmobs\client\render\RenderCrocodile.java:36: error: type argument EntityCrocodile is not within bounds of type-variable S
    static class CrownLayer extends RenderLayer<EntityCrocodile, ModelCrocodile> {
                                                ^
  where S is a type-variable:
    S extends EntityRenderState declared in class RenderLayer
C:\Users\justi\Documents\GitHub\AlexsMobs-26.2\src\main\java\com\github\alexthe666\alexsmobs\client\render\RenderCrocodile.java:36: error: CrownLayer is not abstract and does not override abstract method submit(PoseStack,SubmitNodeCollector,int,EntityCrocodile,float,float) in RenderLayer
    static class CrownLayer extends RenderLayer<EntityCrocodile, ModelCrocodile> {
           ^
C:\Users\justi\Documents\GitHub\AlexsMobs-26.2\src\main\java\com\github\alexthe666\alexsmobs\client\render\RenderCrocodile.java:39: error: incompatible types: RenderCrocodile cannot be converted to RenderLayerParent<EntityCrocodile,ModelCrocodile>
            super(p_i50928_1_);
                  ^
C:\Users\justi\Documents\GitHub\AlexsMobs-26.2\src\main\java\com\github\alexthe666\alexsmobs\client\render\RenderCrocodile.java:44: error: cannot find symbol
                VertexConsumer shoeBuffer = bufferIn.getBuffer(AMRenderTypes.entityCutoutNoCull(TEXTURE_CROWN));
                                                                            ^
  symbol:   method entityCutoutNoCull(Identifier)
  location: class AMRenderTypes
C:\Users\justi\Documents\GitHub\AlexsMobs-26.2\src\main\java\com\github\alexthe666\alexsmobs\client\render\RenderDevilsHolePupfish.java:13: error: type argument ModelDevilsHolePupfish is not within bounds of type-variable M
public class RenderDevilsHolePupfish extends MobRenderer<EntityDevilsHolePupfish, LivingEntityRenderState, ModelDevilsHolePupfish> {
                                                                                                           ^
  where M,S are type-variables:
    M extends EntityModel<? super S> declared in class MobRenderer
    S extends LivingEntityRenderState declared in class MobRenderer
C:\Users\justi\Documents\GitHub\AlexsMobs-26.2\src\main\java\com\github\alexthe666\alexsmobs\client\render\RenderDevilsHolePupfish.java:13: error: RenderDevilsHolePupfish is not abstract and does not override abstract method getTextureLocation(LivingEntityRenderState) in LivingEntityRenderer
public class RenderDevilsHolePupfish extends MobRenderer<EntityDevilsHolePupfish, LivingEntityRenderState, ModelDevilsHolePupfish> {
       ^
C:\Users\justi\Documents\GitHub\AlexsMobs-26.2\src\main\java\com\github\alexthe666\alexsmobs\client\render\RenderDropBear.java:18: error: type argument ModelDropBear is not within bounds of type-variable M
public class RenderDropBear extends MobRenderer<EntityDropBear, LivingEntityRenderState, ModelDropBear> {
                                                                                         ^
  where M,S are type-variables:
    M extends EntityModel<? super S> declared in class MobRenderer
    S extends LivingEntityRenderState declared in class MobRenderer
C:\Users\justi\Documents\GitHub\AlexsMobs-26.2\src\main\java\com\github\alexthe666\alexsmobs\client\render\RenderDropBear.java:18: error: RenderDropBear is not abstract and does not override abstract method getTextureLocation(LivingEntityRenderState) in LivingEntityRenderer
public class RenderDropBear extends MobRenderer<EntityDropBear, LivingEntityRenderState, ModelDropBear> {
       ^
C:\Users\justi\Documents\GitHub\AlexsMobs-26.2\src\main\java\com\github\alexthe666\alexsmobs\client\render\RenderDropBear.java:24: error: incompatible types: EyeLayer cannot be converted to RenderLayer<LivingEntityRenderState,ModelDropBear>
        this.addLayer(new EyeLayer(this));
                      ^
C:\Users\justi\Documents\GitHub\AlexsMobs-26.2\src\main\java\com\github\alexthe666\alexsmobs\client\render\RenderDropBear.java:35: error: type argument EntityDropBear is not within bounds of type-variable S
    static class EyeLayer extends RenderLayer<EntityDropBear, ModelDropBear> {
                                              ^
  where S is a type-variable:
    S extends EntityRenderState declared in class RenderLayer
C:\Users\justi\Documents\GitHub\AlexsMobs-26.2\src\main\java\com\github\alexthe666\alexsmobs\client\render\RenderDropBear.java:35: error: EyeLayer is not abstract and does not override abstract method submit(PoseStack,SubmitNodeCollector,int,EntityDropBear,float,float) in RenderLayer
    static class EyeLayer extends RenderLayer<EntityDropBear, ModelDropBear> {
           ^
C:\Users\justi\Documents\GitHub\AlexsMobs-26.2\src\main\java\com\github\alexthe666\alexsmobs\client\render\RenderDropBear.java:38: error: incompatible types: RenderDropBear cannot be converted to RenderLayerParent<EntityDropBear,ModelDropBear>
            super(render);
                  ^
C:\Users\justi\Documents\GitHub\AlexsMobs-26.2\src\main\java\com\github\alexthe666\alexsmobs\client\render\RenderDropBear.java:42: error: cannot find symbol
            VertexConsumer ivertexbuilder = bufferIn.getBuffer(RenderType.eyes(TEXTURE_EYES));
                                                                         ^
  symbol:   method eyes(Identifier)
  location: class RenderType
C:\Users\justi\Documents\GitHub\AlexsMobs-26.2\src\main\java\com\github\alexthe666\alexsmobs\client\render\RenderDropBear.java:43: error: incompatible types: EntityDropBear cannot be converted to LivingEntityRenderState
            this.getParentModel().renderToBuffer(matrixStackIn, ivertexbuilder, packedLightIn, LivingEntityRenderer.getOverlayCoords(entitylivingbaseIn, 0.0F), 1.0F, 1.0F, 1.0F, 1.0F);
                                                                                                                                     ^
C:\Users\justi\Documents\GitHub\AlexsMobs-26.2\src\main\java\com\github\alexthe666\alexsmobs\client\render\RenderEmu.java:13: error: type argument ModelEmu is not within bounds of type-variable M
public class RenderEmu extends MobRenderer<EntityEmu, LivingEntityRenderState, ModelEmu> {
                                                                               ^
  where M,S are type-variables:
    M extends EntityModel<? super S> declared in class MobRenderer
    S extends LivingEntityRenderState declared in class MobRenderer
C:\Users\justi\Documents\GitHub\AlexsMobs-26.2\src\main\java\com\github\alexthe666\alexsmobs\client\render\RenderEmu.java:13: error: RenderEmu is not abstract and does not override abstract method getTextureLocation(LivingEntityRenderState) in LivingEntityRenderer
public class RenderEmu extends MobRenderer<EntityEmu, LivingEntityRenderState, ModelEmu> {
       ^
C:\Users\justi\Documents\GitHub\AlexsMobs-26.2\src\main\java\com\github\alexthe666\alexsmobs\client\render\RenderEnderiophage.java:20: error: type argument ModelEnderiophage is not within bounds of type-variable M
public class RenderEnderiophage extends MobRenderer<EntityEnderiophage, LivingEntityRenderState, ModelEnderiophage> {
                                                                                                 ^
  where M,S are type-variables:
    M extends EntityModel<? super S> declared in class MobRenderer
    S extends LivingEntityRenderState declared in class MobRenderer
C:\Users\justi\Documents\GitHub\AlexsMobs-26.2\src\main\java\com\github\alexthe666\alexsmobs\client\render\RenderEnderiophage.java:20: error: RenderEnderiophage is not abstract and does not override abstract method getTextureLocation(LivingEntityRenderState) in LivingEntityRenderer
public class RenderEnderiophage extends MobRenderer<EntityEnderiophage, LivingEntityRenderState, ModelEnderiophage> {
       ^
C:\Users\justi\Documents\GitHub\AlexsMobs-26.2\src\main\java\com\github\alexthe666\alexsmobs\client\render\RenderEnderiophage.java:30: error: incompatible types: EnderiophageEyesLayer cannot be converted to RenderLayer<LivingEntityRenderState,ModelEnderiophage>
        this.addLayer(new EnderiophageEyesLayer(this));
                      ^
C:\Users\justi\Documents\GitHub\AlexsMobs-26.2\src\main\java\com\github\alexthe666\alexsmobs\client\render\RenderEnderiophage.java:34: error: method does not override or implement a method from a supertype
    @Override
    ^
C:\Users\justi\Documents\GitHub\AlexsMobs-26.2\src\main\java\com\github\alexthe666\alexsmobs\client\render\RenderEnderiophage.java:38: error: cannot find symbol
            return RenderType.itemEntityTranslucentCull(Identifier);
                             ^
  symbol:   method itemEntityTranslucentCull(Identifier)
  location: class RenderType
C:\Users\justi\Documents\GitHub\AlexsMobs-26.2\src\main\java\com\github\alexthe666\alexsmobs\client\render\RenderEnderiophage.java:40: error: cannot find symbol
            return RenderType.entityTranslucent(Identifier);
                             ^
  symbol:   method entityTranslucent(Identifier)
  location: class RenderType
C:\Users\justi\Documents\GitHub\AlexsMobs-26.2\src\main\java\com\github\alexthe666\alexsmobs\client\render\RenderEnderiophage.java:42: error: method outline in class RenderType cannot be applied to given types;
            return p_230496_4_ ? RenderType.outline(Identifier) : null;
                                           ^
  required: no arguments
  found:    Identifier
  reason: actual and formal argument lists differ in length
C:\Users\justi\Documents\GitHub\AlexsMobs-26.2\src\main\java\com\github\alexthe666\alexsmobs\client\render\RenderEnderiophage.java:56: error: type argument EntityEnderiophage is not within bounds of type-variable S
    static class EnderiophageEyesLayer extends EyesLayer<EntityEnderiophage, ModelEnderiophage> {
                                                         ^
  where S is a type-variable:
    S extends EntityRenderState declared in class EyesLayer
C:\Users\justi\Documents\GitHub\AlexsMobs-26.2\src\main\java\com\github\alexthe666\alexsmobs\client\render\RenderEnderiophage.java:59: error: incompatible types: RenderEnderiophage cannot be converted to RenderLayerParent<EntityEnderiophage,ModelEnderiophage>
            super(p_i50928_1_);
                  ^
C:\Users\justi\Documents\GitHub\AlexsMobs-26.2\src\main\java\com\github\alexthe666\alexsmobs\client\render\RenderEnderiophage.java:64: error: cannot find symbol
            VertexConsumer ivertexbuilder = bufferIn.getBuffer(this.getRenderType(entitylivingbaseIn));
                                                    ^
  symbol:   method getBuffer(RenderType)
  location: variable bufferIn of type OrderedSubmitNodeCollector
C:\Users\justi\Documents\GitHub\AlexsMobs-26.2\src\main\java\com\github\alexthe666\alexsmobs\client\render\RenderFarseer.java:36: error: type argument ModelFarseer is not within bounds of type-variable M
public class RenderFarseer extends MobRenderer<EntityFarseer, LivingEntityRenderState, ModelFarseer> {
                                                                                       ^
  where M,S are type-variables:
    M extends EntityModel<? super S> declared in class MobRenderer
    S extends LivingEntityRenderState declared in class MobRenderer
C:\Users\justi\Documents\GitHub\AlexsMobs-26.2\src\main\java\com\github\alexthe666\alexsmobs\client\render\RenderFarseer.java:36: error: RenderFarseer is not abstract and does not override abstract method getTextureLocation(LivingEntityRenderState) in LivingEntityRenderer
public class RenderFarseer extends MobRenderer<EntityFarseer, LivingEntityRenderState, ModelFarseer> {
       ^
C:\Users\justi\Documents\GitHub\AlexsMobs-26.2\src\main\java\com\github\alexthe666\alexsmobs\client\render\RenderFarseer.java:54: error: incompatible types: RenderFarseer.LayerOverlay cannot be converted to RenderLayer<LivingEntityRenderState,ModelFarseer>
        this.addLayer(new LayerOverlay());
                      ^
C:\Users\justi\Documents\GitHub\AlexsMobs-26.2\src\main\java\com\github\alexthe666\alexsmobs\client\render\RenderFarseer.java:82: error: wrong number of type arguments; required 3
        if (net.neoforged.neoforge.common.NeoForge.EVENT_BUS.post(new net.neoforged.neoforge.client.event.RenderLivingEvent.Pre<EntityFarseer, ModelFarseer>(entityIn, this, partialTicks, matrixStackIn, bufferIn, packedLightIn)))
                                                                                                                               ^
C:\Users\justi\Documents\GitHub\AlexsMobs-26.2\src\main\java\com\github\alexthe666\alexsmobs\client\render\RenderFarseer.java:82: error: incompatible types: inference variable T has incompatible upper bounds Boolean,Event
        if (net.neoforged.neoforge.common.NeoForge.EVENT_BUS.post(new net.neoforged.neoforge.client.event.RenderLivingEvent.Pre<EntityFarseer, ModelFarseer>(entityIn, this, partialTicks, matrixStackIn, bufferIn, packedLightIn)))
                                                                 ^
  where T is a type-variable:
    T extends Event declared in method <T>post(T)
C:\Users\justi\Documents\GitHub\AlexsMobs-26.2\src\main\java\com\github\alexthe666\alexsmobs\client\render\RenderFarseer.java:86: error: cannot find symbol
        Quaternionf camera = this.entityRenderDispatcher.cameraOrientation();
                                                        ^
  symbol:   method cameraOrientation()
  location: variable entityRenderDispatcher of type EntityRenderDispatcher
C:\Users\justi\Documents\GitHub\AlexsMobs-26.2\src\main\java\com\github\alexthe666\alexsmobs\client\render\RenderFarseer.java:89: error: cannot find symbol
        this.model.attackTime = this.getAttackAnim(entityIn, partialTicks);
                  ^
  symbol:   variable attackTime
  location: variable model of type M
  where M,S are type-variables:
    M extends EntityModel<? super S> declared in class LivingEntityRenderer
    S extends LivingEntityRenderState declared in class LivingEntityRenderer
C:\Users\justi\Documents\GitHub\AlexsMobs-26.2\src\main\java\com\github\alexthe666\alexsmobs\client\render\RenderFarseer.java:89: error: cannot find symbol
        this.model.attackTime = this.getAttackAnim(entityIn, partialTicks);
                                    ^
  symbol: method getAttackAnim(EntityFarseer,float)
C:\Users\justi\Documents\GitHub\AlexsMobs-26.2\src\main\java\com\github\alexthe666\alexsmobs\client\render\RenderFarseer.java:92: error: cannot find symbol
        this.model.riding = shouldSit;
                  ^
  symbol:   variable riding
  location: variable model of type M
  where M,S are type-variables:
    M extends EntityModel<? super S> declared in class LivingEntityRenderer
    S extends LivingEntityRenderState declared in class LivingEntityRenderer
C:\Users\justi\Documents\GitHub\AlexsMobs-26.2\src\main\java\com\github\alexthe666\alexsmobs\client\render\RenderFarseer.java:93: error: cannot find symbol
        this.model.young = entityIn.isBaby();
                  ^
  symbol:   variable young
  location: variable model of type M
  where M,S are type-variables:
    M extends EntityModel<? super S> declared in class LivingEntityRenderer
    S extends LivingEntityRenderState declared in class LivingEntityRenderer
C:\Users\justi\Documents\GitHub\AlexsMobs-26.2\src\main\java\com\github\alexthe666\alexsmobs\client\render\RenderFarseer.java:127: error: cannot find symbol
        float f7 = this.getBob(entityIn, partialTicks);
                       ^
  symbol: method getBob(EntityFarseer,float)
C:\Users\justi\Documents\GitHub\AlexsMobs-26.2\src\main\java\com\github\alexthe666\alexsmobs\client\render\RenderFarseer.java:134: error: method scale in class LivingEntityRenderer<T,S,M> cannot be applied to given types;
        this.scale(entityIn, matrixStackIn, partialTicks);
            ^
  required: LivingEntityRenderState,PoseStack
  found:    EntityFarseer,PoseStack,float
  reason: actual and formal argument lists differ in length
  where T,S,M are type-variables:
    T extends LivingEntity declared in class LivingEntityRenderer
    S extends LivingEntityRenderState declared in class LivingEntityRenderer
    M extends EntityModel<? super S> declared in class LivingEntityRenderer
C:\Users\justi\Documents\GitHub\AlexsMobs-26.2\src\main\java\com\github\alexthe666\alexsmobs\client\render\RenderFarseer.java:153: error: incompatible types: EntityFarseer cannot be converted to LivingEntityRenderState
        boolean flag = this.isBodyVisible(entityIn);
                                          ^
C:\Users\justi\Documents\GitHub\AlexsMobs-26.2\src\main\java\com\github\alexthe666\alexsmobs\client\render\RenderFarseer.java:163: error: method getWhiteOverlayProgress in class LivingEntityRenderer<T,S,M> cannot be applied to given types;
            int i = getOverlayCoords(entityIn, this.getWhiteOverlayProgress(entityIn, partialTicks));
                                                   ^
  required: LivingEntityRenderState
  found:    EntityFarseer,float
  reason: actual and formal argument lists differ in length
  where T,S,M are type-variables:
    T extends LivingEntity declared in class LivingEntityRenderer
    S extends LivingEntityRenderState declared in class LivingEntityRenderer
    M extends EntityModel<? super S> declared in class LivingEntityRenderer
C:\Users\justi\Documents\GitHub\AlexsMobs-26.2\src\main\java\com\github\alexthe666\alexsmobs\client\render\RenderFarseer.java:168: error: cannot find symbol
                layerrenderer.render(matrixStackIn, bufferIn, packedLightIn, entityIn, f5, f8, partialTicks, f7, f2, f6);
                             ^
  symbol:   method render(PoseStack,OrderedSubmitNodeCollector,int,EntityFarseer,float,float,float,float,float,float)
  location: variable layerrenderer of type RenderLayer
C:\Users\justi\Documents\GitHub\AlexsMobs-26.2\src\main\java\com\github\alexthe666\alexsmobs\client\render\RenderFarseer.java:173: error: RenderNameTagEvent is abstract; cannot be instantiated
        RenderNameTagEvent renderNameplateEvent = new RenderNameTagEvent(entityIn, entityIn.getDisplayName(), this, matrixStackIn, bufferIn, packedLightIn, partialTicks);
                                                  ^
C:\Users\justi\Documents\GitHub\AlexsMobs-26.2\src\main\java\com\github\alexthe666\alexsmobs\client\render\RenderFarseer.java:175: error: cannot find symbol
        if (renderNameplateEvent.getResult() != net.neoforged.bus.api.Event.Result.DENY && (renderNameplateEvent.getResult() == net.neoforged.bus.api.Event.Result.ALLOW || this.shouldShowName(entityIn))) {
                                ^
  symbol:   method getResult()
  location: variable renderNameplateEvent of type RenderNameTagEvent
C:\Users\justi\Documents\GitHub\AlexsMobs-26.2\src\main\java\com\github\alexthe666\alexsmobs\client\render\RenderFarseer.java:175: error: cannot find symbol
        if (renderNameplateEvent.getResult() != net.neoforged.bus.api.Event.Result.DENY && (renderNameplateEvent.getResult() == net.neoforged.bus.api.Event.Result.ALLOW || this.shouldShowName(entityIn))) {
                                                                           ^
  symbol:   variable Result
  location: class Event
C:\Users\justi\Documents\GitHub\AlexsMobs-26.2\src\main\java\com\github\alexthe666\alexsmobs\client\render\RenderFarseer.java:175: error: cannot find symbol
        if (renderNameplateEvent.getResult() != net.neoforged.bus.api.Event.Result.DENY && (renderNameplateEvent.getResult() == net.neoforged.bus.api.Event.Result.ALLOW || this.shouldShowName(entityIn))) {
                                                                                                                ^
  symbol:   method getResult()
  location: variable renderNameplateEvent of type RenderNameTagEvent
C:\Users\justi\Documents\GitHub\AlexsMobs-26.2\src\main\java\com\github\alexthe666\alexsmobs\client\render\RenderFarseer.java:175: error: cannot find symbol
        if (renderNameplateEvent.getResult() != net.neoforged.bus.api.Event.Result.DENY && (renderNameplateEvent.getResult() == net.neoforged.bus.api.Event.Result.ALLOW || this.shouldShowName(entityIn))) {
                                                                                                                                                           ^
  symbol:   variable Result
  location: class Event
C:\Users\justi\Documents\GitHub\AlexsMobs-26.2\src\main\java\com\github\alexthe666\alexsmobs\client\render\RenderFarseer.java:175: error: method shouldShowName in class MobRenderer<T,S,M> cannot be applied to given types;
        if (renderNameplateEvent.getResult() != net.neoforged.bus.api.Event.Result.DENY && (renderNameplateEvent.getResult() == net.neoforged.bus.api.Event.Result.ALLOW || this.shouldShowName(entityIn))) {
                                                                                                                                                                                ^
  required: EntityFarseer,double
  found:    EntityFarseer
  reason: actual and formal argument lists differ in length
  where T,S,M are type-variables:
    T extends Mob declared in class MobRenderer
    S extends LivingEntityRenderState declared in class MobRenderer
    M extends EntityModel<? super S> declared in class MobRenderer
C:\Users\justi\Documents\GitHub\AlexsMobs-26.2\src\main\java\com\github\alexthe666\alexsmobs\client\render\RenderFarseer.java:176: error: cannot find symbol
            this.renderNameTag(entityIn, renderNameplateEvent.getContent(), matrixStackIn, bufferIn, packedLightIn);
                                                             ^
  symbol:   method getContent()
  location: variable renderNameplateEvent of type RenderNameTagEvent
C:\Users\justi\Documents\GitHub\AlexsMobs-26.2\src\main\java\com\github\alexthe666\alexsmobs\client\render\RenderFarseer.java:178: error: wrong number of type arguments; required 3
        net.neoforged.neoforge.common.NeoForge.EVENT_BUS.post(new net.neoforged.neoforge.client.event.RenderLivingEvent.Post<EntityFarseer, ModelFarseer>(entityIn, this, partialTicks, matrixStackIn, bufferIn, packedLightIn));
                                                                                                                            ^
C:\Users\justi\Documents\GitHub\AlexsMobs-26.2\src\main\java\com\github\alexthe666\alexsmobs\client\render\RenderFarseer.java:190: error: cannot find symbol
            VertexConsumer portalStatic = AMRenderTypes.createMergedVertexConsumer(bufferIn.getBuffer(AMRenderTypes.STATIC_PORTAL), bufferIn.getBuffer(RenderType.entityTranslucent(PORTAL_TEXTURES[portalTexture])));
                                                                                                                   ^
  symbol:   variable STATIC_PORTAL
  location: class AMRenderTypes
C:\Users\justi\Documents\GitHub\AlexsMobs-26.2\src\main\java\com\github\alexthe666\alexsmobs\client\render\RenderFarseer.java:190: error: cannot find symbol
            VertexConsumer portalStatic = AMRenderTypes.createMergedVertexConsumer(bufferIn.getBuffer(AMRenderTypes.STATIC_PORTAL), bufferIn.getBuffer(RenderType.entityTranslucent(PORTAL_TEXTURES[portalTexture])));
                                                                                                                                                                 ^
  symbol:   method entityTranslucent(Identifier)
  location: class RenderType
C:\Users\justi\Documents\GitHub\AlexsMobs-26.2\src\main\java\com\github\alexthe666\alexsmobs\client\render\RenderFarseer.java:210: error: cannot find symbol
            VertexConsumer beamStatic = bufferIn.getBuffer(AMRenderTypes.getFarseerBeam());
                                                                        ^
  symbol:   method getFarseerBeam()
  location: class AMRenderTypes
C:\Users\justi\Documents\GitHub\AlexsMobs-26.2\src\main\java\com\github\alexthe666\alexsmobs\client\render\RenderFarseer.java:239: error: cannot find symbol
            VertexConsumer staticyInsides = AMRenderTypes.createMergedVertexConsumer(source.getBuffer(AMRenderTypes.STATIC_ENTITY), source.getBuffer(RenderType.entityTranslucent(TEXTURE_EYE)));
                                                                                                                   ^
  symbol:   variable STATIC_ENTITY
  location: class AMRenderTypes
C:\Users\justi\Documents\GitHub\AlexsMobs-26.2\src\main\java\com\github\alexthe666\alexsmobs\client\render\RenderFarseer.java:239: error: cannot find symbol
            VertexConsumer staticyInsides = AMRenderTypes.createMergedVertexConsumer(source.getBuffer(AMRenderTypes.STATIC_ENTITY), source.getBuffer(RenderType.entityTranslucent(TEXTURE_EYE)));
                                                                                                                                                               ^
  symbol:   method entityTranslucent(Identifier)
  location: class RenderType
C:\Users\justi\Documents\GitHub\AlexsMobs-26.2\src\main\java\com\github\alexthe666\alexsmobs\client\render\RenderFarseer.java:240: error: method renderToBuffer in class Model<S> cannot be applied to given types;
            EYE_MODEL.renderToBuffer(matrixStackIn, staticyInsides, packedLightIn, NO_OVERLAY, 1.0F, 1.0F, 1.0F, 1F);
                     ^
  required: PoseStack,VertexConsumer,int,int,int
  found:    PoseStack,VertexConsumer,int,int,float,float,float,float
  reason: actual and formal argument lists differ in length
  where S is a type-variable:
    S extends Object declared in class Model
C:\Users\justi\Documents\GitHub\AlexsMobs-26.2\src\main\java\com\github\alexthe666\alexsmobs\client\render\RenderFarseer.java:248: error: cannot find symbol
            VertexConsumer staticyScars = AMRenderTypes.createMergedVertexConsumer(source.getBuffer(AMRenderTypes.STATIC_ENTITY), source.getBuffer(RenderType.entityTranslucent(TEXTURE_SCARS)));
                                                                                                                 ^
  symbol:   variable STATIC_ENTITY
  location: class AMRenderTypes
C:\Users\justi\Documents\GitHub\AlexsMobs-26.2\src\main\java\com\github\alexthe666\alexsmobs\client\render\RenderFarseer.java:248: error: cannot find symbol
            VertexConsumer staticyScars = AMRenderTypes.createMergedVertexConsumer(source.getBuffer(AMRenderTypes.STATIC_ENTITY), source.getBuffer(RenderType.entityTranslucent(TEXTURE_SCARS)));
                                                                                                                                                             ^
  symbol:   method entityTranslucent(Identifier)
  location: class RenderType
C:\Users\justi\Documents\GitHub\AlexsMobs-26.2\src\main\java\com\github\alexthe666\alexsmobs\client\render\RenderFarseer.java:249: error: method renderToBuffer in class Model<S> cannot be applied to given types;
            SCARS_MODEL.renderToBuffer(matrixStackIn, staticyScars, packedLightIn, overlayColors, 1.0F, 1.0F, 1.0F, 0.3F);
                       ^
  required: PoseStack,VertexConsumer,int,int,int
  found:    PoseStack,VertexConsumer,int,int,float,float,float,float
  reason: actual and formal argument lists differ in length
  where S is a type-variable:
    S extends Object declared in class Model
C:\Users\justi\Documents\GitHub\AlexsMobs-26.2\src\main\java\com\github\alexthe666\alexsmobs\client\render\RenderFarseer.java:251: error: cannot find symbol
        this.model.renderToBuffer(matrixStackIn, source.getBuffer(defRenderType), packedLightIn, overlayColors, 1.0F, 1.0F, 1.0F, alphaIn);
                                                       ^
  symbol:   method getBuffer(RenderType)
  location: variable source of type OrderedSubmitNodeCollector
C:\Users\justi\Documents\GitHub\AlexsMobs-26.2\src\main\java\com\github\alexthe666\alexsmobs\client\render\RenderFarseer.java:257: error: cannot find symbol
        RenderType afterimage = RenderType.entityTranslucentEmissive(this.getTextureLocation(entityIn));
                                          ^
  symbol:   method entityTranslucentEmissive(Identifier)
  location: class RenderType
C:\Users\justi\Documents\GitHub\AlexsMobs-26.2\src\main\java\com\github\alexthe666\alexsmobs\client\render\RenderFarseer.java:270: error: cannot find symbol
        AFTERIMAGE_MODEL.renderToBuffer(matrixStackIn, source.getBuffer(afterimage), 240, overlayColors, 1.0F, 0F, 0F, afterimageAlpha1);
                                                             ^
  symbol:   method getBuffer(RenderType)
  location: variable source of type OrderedSubmitNodeCollector
C:\Users\justi\Documents\GitHub\AlexsMobs-26.2\src\main\java\com\github\alexthe666\alexsmobs\client\render\RenderFarseer.java:274: error: cannot find symbol
        AFTERIMAGE_MODEL.renderToBuffer(matrixStackIn, source.getBuffer(afterimage), 240, overlayColors, 0F, 0F, 1.0F, afterimageAlpha2);
                                                             ^
  symbol:   method getBuffer(RenderType)
  location: variable source of type OrderedSubmitNodeCollector
C:\Users\justi\Documents\GitHub\AlexsMobs-26.2\src\main\java\com\github\alexthe666\alexsmobs\client\render\RenderFarseer.java:281: error: cannot find symbol
        p_114220_.vertex(p_114221_, 0.0F, 0.0F, 0.0F).color(255, 255, 255, 255).uv(xOffset + 0.5F, yOffset).overlayCoords(NO_OVERLAY).uv2(240).normal(p_114092_, 0.0F, 1.0F, 0.0F).endVertex();
                 ^
  symbol:   method vertex(Matrix4f,float,float,float)
  location: variable p_114220_ of type VertexConsumer
C:\Users\justi\Documents\GitHub\AlexsMobs-26.2\src\main\java\com\github\alexthe666\alexsmobs\client\render\RenderFarseer.java:285: error: cannot find symbol
        p_114215_.vertex(p_114216_, -HALF_SQRT_3 * p_114218_, p_114217_, 0).color(255, 255, 255, 0).uv(xOffset, yOffset + 1).overlayCoords(NO_OVERLAY).uv2(240).normal(p_114092_, 0.0F, -1.0F, 0.0F).endVertex();
                 ^
  symbol:   method vertex(Matrix4f,float,float,int)
  location: variable p_114215_ of type VertexConsumer
C:\Users\justi\Documents\GitHub\AlexsMobs-26.2\src\main\java\com\github\alexthe666\alexsmobs\client\render\RenderFarseer.java:289: error: cannot find symbol
        p_114224_.vertex(p_114225_, HALF_SQRT_3 * p_114227_, p_114226_, 0).color(255, 255, 255, 0).uv(xOffset + 1, yOffset + 1).overlayCoords(NO_OVERLAY).uv2(240).normal(p_114092_, 0.0F, -1.0F, 0.0F).endVertex();
                 ^
  symbol:   method vertex(Matrix4f,float,float,int)
  location: variable p_114224_ of type VertexConsumer
C:\Users\justi\Documents\GitHub\AlexsMobs-26.2\src\main\java\com\github\alexthe666\alexsmobs\client\render\RenderFarseer.java:293: error: cannot find symbol
        p_114090_.vertex(p_114091_, p_114094_ - 0.5F, (float)p_114095_ - 0.25F, 0.0F).color(1F, 1F, 1F,  alpha).uv((float)p_114096_, (float)p_114097_).overlayCoords(NO_OVERLAY).uv2(240).normal(p_114092_, 0.0F, -1.0F, 0.0F).endVertex();
                 ^
  symbol:   method vertex(Matrix4f,float,float,float)
  location: variable p_114090_ of type VertexConsumer
C:\Users\justi\Documents\GitHub\AlexsMobs-26.2\src\main\java\com\github\alexthe666\alexsmobs\client\render\RenderFarseer.java:295: error: method does not override or implement a method from a supertype
    @Override
    ^
C:\Users\justi\Documents\GitHub\AlexsMobs-26.2\src\main\java\com\github\alexthe666\alexsmobs\client\render\RenderFarseer.java:299: error: incompatible types: EntityFarseer cannot be converted to LivingEntityRenderState
        if (this.isShaking(farseer)) {
                           ^
C:\Users\justi\Documents\GitHub\AlexsMobs-26.2\src\main\java\com\github\alexthe666\alexsmobs\client\render\RenderFarseer.java:314: error: method getFlipDegrees in class LivingEntityRenderer<T,S,M> cannot be applied to given types;
            matrixStackIn.mulPose(Axis.YP.rotationDegrees(f * this.getFlipDegrees(farseer) * invCameraAmount) );
                                                                  ^
  required: no arguments
  found:    EntityFarseer
  reason: actual and formal argument lists differ in length
  where T,S,M are type-variables:
    T extends LivingEntity declared in class LivingEntityRenderer
    S extends LivingEntityRenderState declared in class LivingEntityRenderer
    M extends EntityModel<? super S> declared in class LivingEntityRenderer
C:\Users\justi\Documents\GitHub\AlexsMobs-26.2\src\main\java\com\github\alexthe666\alexsmobs\client\render\RenderFarseer.java:327: error: cannot find symbol
            return RenderType.itemEntityTranslucentCull(Identifier);
                             ^
  symbol:   method itemEntityTranslucentCull(Identifier)
  location: class RenderType
C:\Users\justi\Documents\GitHub\AlexsMobs-26.2\src\main\java\com\github\alexthe666\alexsmobs\client\render\RenderFarseer.java:331: error: method outline in class RenderType cannot be applied to given types;
            return outline ? RenderType.outline(Identifier) : null;
                                       ^
  required: no arguments
  found:    Identifier
  reason: actual and formal argument lists differ in length
C:\Users\justi\Documents\GitHub\AlexsMobs-26.2\src\main\java\com\github\alexthe666\alexsmobs\client\render\RenderFarseer.java:339: error: type argument EntityFarseer is not within bounds of type-variable S
    class LayerOverlay extends RenderLayer<EntityFarseer, ModelFarseer> {
                                           ^
  where S is a type-variable:
    S extends EntityRenderState declared in class RenderLayer
C:\Users\justi\Documents\GitHub\AlexsMobs-26.2\src\main\java\com\github\alexthe666\alexsmobs\client\render\RenderFarseer.java:339: error: RenderFarseer.LayerOverlay is not abstract and does not override abstract method submit(PoseStack,SubmitNodeCollector,int,EntityFarseer,float,float) in RenderLayer
    class LayerOverlay extends RenderLayer<EntityFarseer, ModelFarseer> {
    ^
C:\Users\justi\Documents\GitHub\AlexsMobs-26.2\src\main\java\com\github\alexthe666\alexsmobs\client\render\RenderFarseer.java:342: error: incompatible types: RenderFarseer cannot be converted to RenderLayerParent<EntityFarseer,ModelFarseer>
            super(RenderFarseer.this);
                               ^
C:\Users\justi\Documents\GitHub\AlexsMobs-26.2\src\main\java\com\github\alexthe666\alexsmobs\client\render\RenderFarseer.java:347: error: cannot find symbol
                VertexConsumer ivertexbuilder = bufferIn.getBuffer(RenderType.entityCutoutNoCull(TEXTURE_CLAWS));
                                                                             ^
  symbol:   method entityCutoutNoCull(Identifier)
  location: class RenderType
C:\Users\justi\Documents\GitHub\AlexsMobs-26.2\src\main\java\com\github\alexthe666\alexsmobs\client\render\RenderFarseer.java:348: error: incompatible types: EntityFarseer cannot be converted to LivingEntityRenderState
                this.getParentModel().renderToBuffer(matrixStackIn, ivertexbuilder, packedLightIn, LivingEntityRenderer.getOverlayCoords(entitylivingbaseIn, 0.0F), 1.0F, 1.0F, 1.0F, 1.0F);
                                                                                                                                         ^
C:\Users\justi\Documents\GitHub\AlexsMobs-26.2\src\main\java\com\github\alexthe666\alexsmobs\client\render\RenderFart.java:18: error: RenderFart is not abstract and does not override abstract method createRenderState() in EntityRenderer
public class RenderFart extends EntityRenderer<EntityFart, EntityRenderState> {
       ^
C:\Users\justi\Documents\GitHub\AlexsMobs-26.2\src\main\java\com\github\alexthe666\alexsmobs\client\render\RenderFart.java:33: error: cannot find symbol
        VertexConsumer ivertexbuilder = bufferIn.getBuffer(RenderType.entityTranslucent(FART_TEXTURE));
                                                                     ^
  symbol:   method entityTranslucent(Identifier)
  location: class RenderType
C:\Users\justi\Documents\GitHub\AlexsMobs-26.2\src\main\java\com\github\alexthe666\alexsmobs\client\render\RenderFart.java:35: error: method renderToBuffer in class Model<S> cannot be applied to given types;
        MODEL.renderToBuffer(matrixStackIn, ivertexbuilder, packedLightIn, OverlayTexture.NO_OVERLAY, 1.0F, 1.0F, 1.0F, alpha);
             ^
  required: PoseStack,VertexConsumer,int,int,int
  found:    PoseStack,VertexConsumer,int,int,float,float,float,float
  reason: actual and formal argument lists differ in length
  where S is a type-variable:
    S extends Object declared in class Model
C:\Users\justi\Documents\GitHub\AlexsMobs-26.2\src\main\java\com\github\alexthe666\alexsmobs\client\render\RenderFart.java:37: error: cannot find symbol
        super.render(entityIn, entityYaw, partialTicks, matrixStackIn, bufferIn, packedLightIn);
             ^
  symbol: method render(EntityFart,float,float,PoseStack,OrderedSubmitNodeCollector,int)
C:\Users\justi\Documents\GitHub\AlexsMobs-26.2\src\main\java\com\github\alexthe666\alexsmobs\client\render\RenderFlutter.java:16: error: type argument EntityModel<EntityFlutter> is not within bounds of type-variable M
public class RenderFlutter extends MobRenderer<EntityFlutter, LivingEntityRenderState, EntityModel<EntityFlutter>> {
                                                                                                  ^
  where M,S are type-variables:
    M extends EntityModel<? super S> declared in class MobRenderer
    S extends LivingEntityRenderState declared in class MobRenderer
C:\Users\justi\Documents\GitHub\AlexsMobs-26.2\src\main\java\com\github\alexthe666\alexsmobs\client\render\RenderFlutter.java:16: error: type argument EntityFlutter is not within bounds of type-variable T
public class RenderFlutter extends MobRenderer<EntityFlutter, LivingEntityRenderState, EntityModel<EntityFlutter>> {
                                                                                                   ^
  where T is a type-variable:
    T extends EntityRenderState declared in class EntityModel
C:\Users\justi\Documents\GitHub\AlexsMobs-26.2\src\main\java\com\github\alexthe666\alexsmobs\client\render\RenderFlutter.java:16: error: RenderFlutter is not abstract and does not override abstract method getTextureLocation(LivingEntityRenderState) in LivingEntityRenderer
public class RenderFlutter extends MobRenderer<EntityFlutter, LivingEntityRenderState, EntityModel<EntityFlutter>> {
       ^
C:\Users\justi\Documents\GitHub\AlexsMobs-26.2\src\main\java\com\github\alexthe666\alexsmobs\client\render\RenderFlutter.java:23: error: incompatible types: ModelFlutter cannot be converted to EntityModel<EntityFlutter>
        super(renderManagerIn, new ModelFlutter(), 0.25F);
                               ^
C:\Users\justi\Documents\GitHub\AlexsMobs-26.2\src\main\java\com\github\alexthe666\alexsmobs\client\render\RenderFlutter.java:24: error: cannot infer type arguments for LayerBasicGlow<>
        this.addLayer(new LayerBasicGlow<>(this, TEXTURE_EYES));
                      ^
  reason: inference variable T has incompatible bounds
    equality constraints: EntityFlutter,LivingEntityRenderState
    upper bounds: LivingEntity
  where T is a type-variable:
    T extends LivingEntity declared in class LayerBasicGlow
C:\Users\justi\Documents\GitHub\AlexsMobs-26.2\src\main\java\com\github\alexthe666\alexsmobs\client\render\RenderFlutter.java:29: error: incompatible types: ModelFlutterPotted cannot be converted to EntityModel<EntityFlutter>
            model = modelPotted;
                    ^
C:\Users\justi\Documents\GitHub\AlexsMobs-26.2\src\main\java\com\github\alexthe666\alexsmobs\client\render\RenderFlutter.java:31: error: incompatible types: ModelFlutter cannot be converted to EntityModel<EntityFlutter>
            model = modelFlutter;
                    ^
C:\Users\justi\Documents\GitHub\AlexsMobs-26.2\src\main\java\com\github\alexthe666\alexsmobs\client\render\RenderFly.java:13: error: type argument ModelFly is not within bounds of type-variable M
public class RenderFly extends MobRenderer<EntityFly, LivingEntityRenderState, ModelFly> {
                                                                               ^
  where M,S are type-variables:
    M extends EntityModel<? super S> declared in class MobRenderer
    S extends LivingEntityRenderState declared in class MobRenderer
C:\Users\justi\Documents\GitHub\AlexsMobs-26.2\src\main\java\com\github\alexthe666\alexsmobs\client\render\RenderFly.java:13: error: RenderFly is not abstract and does not override abstract method getTextureLocation(LivingEntityRenderState) in LivingEntityRenderer
public class RenderFly extends MobRenderer<EntityFly, LivingEntityRenderState, ModelFly> {
       ^
C:\Users\justi\Documents\GitHub\AlexsMobs-26.2\src\main\java\com\github\alexthe666\alexsmobs\client\render\RenderFly.java:33: error: method setupRotations in class LivingEntityRenderer<T,S,M> cannot be applied to given types;
        super.setupRotations(entityLiving, matrixStackIn, ageInTicks, rotationYaw, partialTicks);
             ^
  required: LivingEntityRenderState,PoseStack,float,float
  found:    EntityFly,PoseStack,float,float,float
  reason: actual and formal argument lists differ in length
  where T,S,M are type-variables:
    T extends LivingEntity declared in class LivingEntityRenderer
    S extends LivingEntityRenderState declared in class LivingEntityRenderer
    M extends EntityModel<? super S> declared in class LivingEntityRenderer
C:\Users\justi\Documents\GitHub\AlexsMobs-26.2\src\main\java\com\github\alexthe666\alexsmobs\client\render\RenderFlyingFish.java:13: error: type argument ModelFlyingFish is not within bounds of type-variable M
public class RenderFlyingFish extends MobRenderer<EntityFlyingFish, LivingEntityRenderState, ModelFlyingFish> {
                                                                                             ^
  where M,S are type-variables:
    M extends EntityModel<? super S> declared in class MobRenderer
    S extends LivingEntityRenderState declared in class MobRenderer
C:\Users\justi\Documents\GitHub\AlexsMobs-26.2\src\main\java\com\github\alexthe666\alexsmobs\client\render\RenderFlyingFish.java:13: error: RenderFlyingFish is not abstract and does not override abstract method getTextureLocation(LivingEntityRenderState) in LivingEntityRenderer
public class RenderFlyingFish extends MobRenderer<EntityFlyingFish, LivingEntityRenderState, ModelFlyingFish> {
       ^
C:\Users\justi\Documents\GitHub\AlexsMobs-26.2\src\main\java\com\github\alexthe666\alexsmobs\client\render\RenderFrilledShark.java:18: error: type argument ModelFrilledShark is not within bounds of type-variable M
public class RenderFrilledShark extends MobRenderer<EntityFrilledShark, LivingEntityRenderState, ModelFrilledShark> {
                                                                                                 ^
  where M,S are type-variables:
    M extends EntityModel<? super S> declared in class MobRenderer
    S extends LivingEntityRenderState declared in class MobRenderer
C:\Users\justi\Documents\GitHub\AlexsMobs-26.2\src\main\java\com\github\alexthe666\alexsmobs\client\render\RenderFrilledShark.java:18: error: RenderFrilledShark is not abstract and does not override abstract method getTextureLocation(LivingEntityRenderState) in LivingEntityRenderer
public class RenderFrilledShark extends MobRenderer<EntityFrilledShark, LivingEntityRenderState, ModelFrilledShark> {
       ^
C:\Users\justi\Documents\GitHub\AlexsMobs-26.2\src\main\java\com\github\alexthe666\alexsmobs\client\render\RenderFrilledShark.java:27: error: incompatible types: TeethLayer cannot be converted to RenderLayer<LivingEntityRenderState,ModelFrilledShark>
        this.addLayer(new TeethLayer(this));
                      ^
C:\Users\justi\Documents\GitHub\AlexsMobs-26.2\src\main\java\com\github\alexthe666\alexsmobs\client\render\RenderFrilledShark.java:38: error: type argument EntityFrilledShark is not within bounds of type-variable S
    static class TeethLayer extends RenderLayer<EntityFrilledShark, ModelFrilledShark> {
                                                ^
  where S is a type-variable:
    S extends EntityRenderState declared in class RenderLayer
C:\Users\justi\Documents\GitHub\AlexsMobs-26.2\src\main\java\com\github\alexthe666\alexsmobs\client\render\RenderFrilledShark.java:38: error: TeethLayer is not abstract and does not override abstract method submit(PoseStack,SubmitNodeCollector,int,EntityFrilledShark,float,float) in RenderLayer
    static class TeethLayer extends RenderLayer<EntityFrilledShark, ModelFrilledShark> {
           ^
C:\Users\justi\Documents\GitHub\AlexsMobs-26.2\src\main\java\com\github\alexthe666\alexsmobs\client\render\RenderFrilledShark.java:42: error: incompatible types: RenderFrilledShark cannot be converted to RenderLayerParent<EntityFrilledShark,ModelFrilledShark>
            super(render);
                  ^
C:\Users\justi\Documents\GitHub\AlexsMobs-26.2\src\main\java\com\github\alexthe666\alexsmobs\client\render\RenderFrilledShark.java:46: error: cannot find symbol
            VertexConsumer glintBuilder = buffer.getBuffer(AMRenderTypes.getEyesFlickering(TEXTURE_TEETH, 240));
                                                ^
  symbol:   method getBuffer(RenderType)
  location: variable buffer of type OrderedSubmitNodeCollector
C:\Users\justi\Documents\GitHub\AlexsMobs-26.2\src\main\java\com\github\alexthe666\alexsmobs\client\render\RenderFrilledShark.java:47: error: method renderToBuffer in class Model<S> cannot be applied to given types;
            this.getParentModel().renderToBuffer(matrixStackIn, glintBuilder, 240, NO_OVERLAY, 1, 1, 1, 1);
                                 ^
  required: PoseStack,VertexConsumer,int,int,int
  found:    PoseStack,VertexConsumer,int,int,int,int,int,int
  reason: actual and formal argument lists differ in length
  where S is a type-variable:
    S extends Object declared in class Model
C:\Users\justi\Documents\GitHub\AlexsMobs-26.2\src\main\java\com\github\alexthe666\alexsmobs\client\render\RenderFroststalker.java:13: error: type argument ModelFroststalker is not within bounds of type-variable M
public class RenderFroststalker extends MobRenderer<EntityFroststalker, LivingEntityRenderState, ModelFroststalker> {
                                                                                                 ^
  where M,S are type-variables:
    M extends EntityModel<? super S> declared in class MobRenderer
    S extends LivingEntityRenderState declared in class MobRenderer
C:\Users\justi\Documents\GitHub\AlexsMobs-26.2\src\main\java\com\github\alexthe666\alexsmobs\client\render\RenderFroststalker.java:13: error: RenderFroststalker is not abstract and does not override abstract method getTextureLocation(LivingEntityRenderState) in LivingEntityRenderer
public class RenderFroststalker extends MobRenderer<EntityFroststalker, LivingEntityRenderState, ModelFroststalker> {
       ^
C:\Users\justi\Documents\GitHub\AlexsMobs-26.2\src\main\java\com\github\alexthe666\alexsmobs\client\render\RenderGazelle.java:13: error: type argument ModelGazelle is not within bounds of type-variable M
public class RenderGazelle extends MobRenderer<EntityGazelle, LivingEntityRenderState, ModelGazelle> {
                                                                                       ^
  where M,S are type-variables:
    M extends EntityModel<? super S> declared in class MobRenderer
    S extends LivingEntityRenderState declared in class MobRenderer
C:\Users\justi\Documents\GitHub\AlexsMobs-26.2\src\main\java\com\github\alexthe666\alexsmobs\client\render\RenderGazelle.java:13: error: RenderGazelle is not abstract and does not override abstract method getTextureLocation(LivingEntityRenderState) in LivingEntityRenderer
public class RenderGazelle extends MobRenderer<EntityGazelle, LivingEntityRenderState, ModelGazelle> {
       ^
C:\Users\justi\Documents\GitHub\AlexsMobs-26.2\src\main\java\com\github\alexthe666\alexsmobs\client\render\RenderGeladaMonkey.java:13: error: type argument ModelGeladaMonkey is not within bounds of type-variable M
public class RenderGeladaMonkey extends MobRenderer<EntityGeladaMonkey, LivingEntityRenderState, ModelGeladaMonkey> {
                                                                                                 ^
  where M,S are type-variables:
    M extends EntityModel<? super S> declared in class MobRenderer
    S extends LivingEntityRenderState declared in class MobRenderer
C:\Users\justi\Documents\GitHub\AlexsMobs-26.2\src\main\java\com\github\alexthe666\alexsmobs\client\render\RenderGeladaMonkey.java:13: error: RenderGeladaMonkey is not abstract and does not override abstract method getTextureLocation(LivingEntityRenderState) in LivingEntityRenderer
public class RenderGeladaMonkey extends MobRenderer<EntityGeladaMonkey, LivingEntityRenderState, ModelGeladaMonkey> {
       ^
C:\Users\justi\Documents\GitHub\AlexsMobs-26.2\src\main\java\com\github\alexthe666\alexsmobs\client\render\RenderGiantSquid.java:20: error: type argument ModelGiantSquid is not within bounds of type-variable M
public class RenderGiantSquid extends MobRenderer<EntityGiantSquid, LivingEntityRenderState, ModelGiantSquid> {
                                                                                             ^
  where M,S are type-variables:
    M extends EntityModel<? super S> declared in class MobRenderer
    S extends LivingEntityRenderState declared in class MobRenderer
C:\Users\justi\Documents\GitHub\AlexsMobs-26.2\src\main\java\com\github\alexthe666\alexsmobs\client\render\RenderGiantSquid.java:20: error: RenderGiantSquid is not abstract and does not override abstract method getTextureLocation(LivingEntityRenderState) in LivingEntityRenderer
public class RenderGiantSquid extends MobRenderer<EntityGiantSquid, LivingEntityRenderState, ModelGiantSquid> {
       ^
C:\Users\justi\Documents\GitHub\AlexsMobs-26.2\src\main\java\com\github\alexthe666\alexsmobs\client\render\RenderGiantSquid.java:27: error: incompatible types: LayerDepressurization cannot be converted to RenderLayer<LivingEntityRenderState,ModelGiantSquid>
        this.addLayer(new LayerDepressurization(this));
                      ^
C:\Users\justi\Documents\GitHub\AlexsMobs-26.2\src\main\java\com\github\alexthe666\alexsmobs\client\render\RenderGiantSquid.java:57: error: type argument EntityGiantSquid is not within bounds of type-variable S
    static class LayerDepressurization extends RenderLayer<EntityGiantSquid, ModelGiantSquid> {
                                                           ^
  where S is a type-variable:
    S extends EntityRenderState declared in class RenderLayer
C:\Users\justi\Documents\GitHub\AlexsMobs-26.2\src\main\java\com\github\alexthe666\alexsmobs\client\render\RenderGiantSquid.java:57: error: LayerDepressurization is not abstract and does not override abstract method submit(PoseStack,SubmitNodeCollector,int,EntityGiantSquid,float,float) in RenderLayer
    static class LayerDepressurization extends RenderLayer<EntityGiantSquid, ModelGiantSquid> {
           ^
C:\Users\justi\Documents\GitHub\AlexsMobs-26.2\src\main\java\com\github\alexthe666\alexsmobs\client\render\RenderGiantSquid.java:60: error: incompatible types: RenderGiantSquid cannot be converted to RenderLayerParent<EntityGiantSquid,ModelGiantSquid>
            super(render);
                  ^
C:\Users\justi\Documents\GitHub\AlexsMobs-26.2\src\main\java\com\github\alexthe666\alexsmobs\client\render\RenderGiantSquid.java:64: error: cannot find symbol
            VertexConsumer ivertexbuilder = bufferIn.getBuffer(RenderType.entityTranslucent(TEXTURE_DEPRESSURIZED));
                                                                         ^
  symbol:   method entityTranslucent(Identifier)
  location: class RenderType
C:\Users\justi\Documents\GitHub\AlexsMobs-26.2\src\main\java\com\github\alexthe666\alexsmobs\client\render\RenderGiantSquid.java:66: error: incompatible types: EntityGiantSquid cannot be converted to LivingEntityRenderState
            this.getParentModel().renderToBuffer(matrixStackIn, ivertexbuilder, packedLightIn, LivingEntityRenderer.getOverlayCoords(squid, 0.0F), 1.0F, 1.0F, 1.0F, alpha);
                                                                                                                                     ^
C:\Users\justi\Documents\GitHub\AlexsMobs-26.2\src\main\java\com\github\alexthe666\alexsmobs\client\render\RenderGust.java:18: error: RenderGust is not abstract and does not override abstract method createRenderState() in EntityRenderer
public class RenderGust extends EntityRenderer<EntityGust, EntityRenderState> {
       ^
C:\Users\justi\Documents\GitHub\AlexsMobs-26.2\src\main\java\com\github\alexthe666\alexsmobs\client\render\RenderGust.java:37: error: cannot find symbol
        VertexConsumer ivertexbuilder = bufferIn.getBuffer(RenderType.entityTranslucent(TEXTURE));
                                                                     ^
  symbol:   method entityTranslucent(Identifier)
  location: class RenderType
C:\Users\justi\Documents\GitHub\AlexsMobs-26.2\src\main\java\com\github\alexthe666\alexsmobs\client\render\RenderGust.java:43: error: cannot find symbol
        super.render(entityIn, entityYaw, partialTicks, matrixStackIn, bufferIn, packedLightIn);
             ^
  symbol: method render(EntityGust,float,float,PoseStack,OrderedSubmitNodeCollector,int)
C:\Users\justi\Documents\GitHub\AlexsMobs-26.2\src\main\java\com\github\alexthe666\alexsmobs\client\render\RenderGuster.java:20: error: type argument ModelGuster is not within bounds of type-variable M
public class RenderGuster extends MobRenderer<EntityGuster, LivingEntityRenderState, ModelGuster> {
                                                                                     ^
  where M,S are type-variables:
    M extends EntityModel<? super S> declared in class MobRenderer
    S extends LivingEntityRenderState declared in class MobRenderer
C:\Users\justi\Documents\GitHub\AlexsMobs-26.2\src\main\java\com\github\alexthe666\alexsmobs\client\render\RenderGuster.java:20: error: RenderGuster is not abstract and does not override abstract method getTextureLocation(LivingEntityRenderState) in LivingEntityRenderer
public class RenderGuster extends MobRenderer<EntityGuster, LivingEntityRenderState, ModelGuster> {
       ^
C:\Users\justi\Documents\GitHub\AlexsMobs-26.2\src\main\java\com\github\alexthe666\alexsmobs\client\render\RenderGuster.java:30: error: incompatible types: GusterEyesLayer cannot be converted to RenderLayer<LivingEntityRenderState,ModelGuster>
        this.addLayer(new GusterEyesLayer(this));
                      ^
C:\Users\justi\Documents\GitHub\AlexsMobs-26.2\src\main\java\com\github\alexthe666\alexsmobs\client\render\RenderGuster.java:37: error: cannot find symbol
            return RenderType.entityTranslucent(Identifier);
                             ^
  symbol:   method entityTranslucent(Identifier)
  location: class RenderType
C:\Users\justi\Documents\GitHub\AlexsMobs-26.2\src\main\java\com\github\alexthe666\alexsmobs\client\render\RenderGuster.java:39: error: cannot find symbol
            return RenderType.entityTranslucent(Identifier);
                             ^
  symbol:   method entityTranslucent(Identifier)
  location: class RenderType
C:\Users\justi\Documents\GitHub\AlexsMobs-26.2\src\main\java\com\github\alexthe666\alexsmobs\client\render\RenderGuster.java:41: error: method outline in class RenderType cannot be applied to given types;
            return p_230496_4_ ? RenderType.outline(Identifier) : null;
                                           ^
  required: no arguments
  found:    Identifier
  reason: actual and formal argument lists differ in length
C:\Users\justi\Documents\GitHub\AlexsMobs-26.2\src\main\java\com\github\alexthe666\alexsmobs\client\render\RenderGuster.java:50: error: type argument EntityGuster is not within bounds of type-variable S
    static class GusterEyesLayer extends EyesLayer<EntityGuster, ModelGuster> {
                                                   ^
  where S is a type-variable:
    S extends EntityRenderState declared in class EyesLayer
C:\Users\justi\Documents\GitHub\AlexsMobs-26.2\src\main\java\com\github\alexthe666\alexsmobs\client\render\RenderGuster.java:53: error: incompatible types: RenderGuster cannot be converted to RenderLayerParent<EntityGuster,ModelGuster>
            super(p_i50928_1_);
                  ^
C:\Users\justi\Documents\GitHub\AlexsMobs-26.2\src\main\java\com\github\alexthe666\alexsmobs\client\render\RenderGuster.java:58: error: cannot find symbol
                VertexConsumer ivertexbuilder = bufferIn.getBuffer(entitylivingbaseIn.getVariant() == 2 ? AMRenderTypes.getEyesNoCull(TEXTURE_SOUL_EYES) : AMRenderTypes.getEyesNoCull(TEXTURE_EYES));
                                                        ^
  symbol:   method getBuffer(entitylivi[...]EYES))
  location: variable bufferIn of type OrderedSubmitNodeCollector
C:\Users\justi\Documents\GitHub\AlexsMobs-26.2\src\main\java\com\github\alexthe666\alexsmobs\client\render\RenderHammerheadShark.java:13: error: type argument ModelHammerheadShark is not within bounds of type-variable M
public class RenderHammerheadShark extends MobRenderer<EntityHammerheadShark, LivingEntityRenderState, ModelHammerheadShark> {
                                                                                                       ^
  where M,S are type-variables:
    M extends EntityModel<? super S> declared in class MobRenderer
    S extends LivingEntityRenderState declared in class MobRenderer
C:\Users\justi\Documents\GitHub\AlexsMobs-26.2\src\main\java\com\github\alexthe666\alexsmobs\client\render\RenderHammerheadShark.java:13: error: RenderHammerheadShark is not abstract and does not override abstract method getTextureLocation(LivingEntityRenderState) in LivingEntityRenderer
public class RenderHammerheadShark extends MobRenderer<EntityHammerheadShark, LivingEntityRenderState, ModelHammerheadShark> {
       ^
C:\Users\justi\Documents\GitHub\AlexsMobs-26.2\src\main\java\com\github\alexthe666\alexsmobs\client\render\RenderHemolymph.java:19: error: RenderHemolymph is not abstract and does not override abstract method createRenderState() in EntityRenderer
public class RenderHemolymph extends EntityRenderer<EntityHemolymph, EntityRenderState> {
       ^
C:\Users\justi\Documents\GitHub\AlexsMobs-26.2\src\main\java\com\github\alexthe666\alexsmobs\client\render\RenderHemolymph.java:39: error: cannot find symbol
        VertexConsumer lvt_18_2_ = p_225623_5_.getBuffer(RenderType.entityCutout(this.getTextureLocation(p_225623_1_)));
                                                                   ^
  symbol:   method entityCutout(Identifier)
  location: class RenderType
C:\Users\justi\Documents\GitHub\AlexsMobs-26.2\src\main\java\com\github\alexthe666\alexsmobs\client\render\RenderHemolymph.java:61: error: cannot find symbol
        super.render(p_225623_1_, p_225623_2_, p_225623_3_, p_225623_4_, p_225623_5_, p_225623_6_);
             ^
  symbol: method render(EntityHemolymph,float,float,PoseStack,OrderedSubmitNodeCollector,int)
C:\Users\justi\Documents\GitHub\AlexsMobs-26.2\src\main\java\com\github\alexthe666\alexsmobs\client\render\RenderHemolymph.java:65: error: cannot find symbol
        p_229039_3_.vertex(p_229039_1_, (float)p_229039_4_, (float)p_229039_5_, (float)p_229039_6_).color(255, 255, 255, 255).uv(p_229039_7_, p_229039_8_).overlayCoords(OverlayTexture.NO_OVERLAY).uv2(p_229039_12_).normal(p_229039_2_, (float)p_229039_9_, (float)p_229039_11_, (float)p_229039_10_).endVertex();
                   ^
  symbol:   method vertex(Matrix4f,float,float,float)
  location: variable p_229039_3_ of type VertexConsumer
C:\Users\justi\Documents\GitHub\AlexsMobs-26.2\src\main\java\com\github\alexthe666\alexsmobs\client\render\RenderHemolymph.java:68: error: method does not override or implement a method from a supertype
    @Override
    ^
C:\Users\justi\Documents\GitHub\AlexsMobs-26.2\src\main\java\com\github\alexthe666\alexsmobs\entity\EntityHemolymph.java:28: error: EntityHemolymph is not abstract and does not override abstract method hurtServer(ServerLevel,DamageSource,float) in Entity
public class EntityHemolymph extends Entity {
       ^
C:\Users\justi\Documents\GitHub\AlexsMobs-26.2\src\main\java\com\github\alexthe666\alexsmobs\entity\EntityHemolymph.java:69: error: method does not override or implement a method from a supertype
    @Override
    ^
C:\Users\justi\Documents\GitHub\AlexsMobs-26.2\src\main\java\com\github\alexthe666\alexsmobs\entity\EntityHemolymph.java:71: error: method getAddEntityPacket in class Entity cannot be applied to given types;
        return super.getAddEntityPacket();
                    ^
  required: ServerEntity
  found:    no arguments
  reason: actual and formal argument lists differ in length
C:\Users\justi\Documents\GitHub\AlexsMobs-26.2\src\main\java\com\github\alexthe666\alexsmobs\entity\EntityHemolymph.java:222: error: cannot find symbol
            this.moveTo(this.getX(), this.getY(), this.getZ(), this.getYRot(), this.getXRot());
                ^
  symbol: method moveTo(double,double,double,float,float)
C:\Users\justi\Documents\GitHub\AlexsMobs-26.2\src\main\java\com\github\alexthe666\alexsmobs\client\render\RenderHummingbird.java:13: error: type argument ModelHummingbird is not within bounds of type-variable M
public class RenderHummingbird extends MobRenderer<EntityHummingbird, LivingEntityRenderState, ModelHummingbird> {
                                                                                               ^
  where M,S are type-variables:
    M extends EntityModel<? super S> declared in class MobRenderer
    S extends LivingEntityRenderState declared in class MobRenderer
C:\Users\justi\Documents\GitHub\AlexsMobs-26.2\src\main\java\com\github\alexthe666\alexsmobs\client\render\RenderHummingbird.java:13: error: RenderHummingbird is not abstract and does not override abstract method getTextureLocation(LivingEntityRenderState) in LivingEntityRenderer
public class RenderHummingbird extends MobRenderer<EntityHummingbird, LivingEntityRenderState, ModelHummingbird> {
       ^
C:\Users\justi\Documents\GitHub\AlexsMobs-26.2\src\main\java\com\github\alexthe666\alexsmobs\client\render\RenderIceShard.java:19: error: RenderIceShard is not abstract and does not override abstract method createRenderState() in EntityRenderer
public class RenderIceShard extends EntityRenderer<EntityIceShard, EntityRenderState> {
       ^
C:\Users\justi\Documents\GitHub\AlexsMobs-26.2\src\main\java\com\github\alexthe666\alexsmobs\client\render\RenderIceShard.java:39: error: cannot find symbol
        VertexConsumer lvt_18_2_ = p_225623_5_.getBuffer(RenderType.entityCutout(this.getTextureLocation(p_225623_1_)));
                                                                   ^
  symbol:   method entityCutout(Identifier)
  location: class RenderType
C:\Users\justi\Documents\GitHub\AlexsMobs-26.2\src\main\java\com\github\alexthe666\alexsmobs\client\render\RenderIceShard.java:61: error: cannot find symbol
        super.render(p_225623_1_, p_225623_2_, p_225623_3_, p_225623_4_, p_225623_5_, p_225623_6_);
             ^
  symbol: method render(EntityIceShard,float,float,PoseStack,OrderedSubmitNodeCollector,int)
C:\Users\justi\Documents\GitHub\AlexsMobs-26.2\src\main\java\com\github\alexthe666\alexsmobs\client\render\RenderIceShard.java:65: error: cannot find symbol
        p_229039_3_.vertex(p_229039_1_, (float)p_229039_4_, (float)p_229039_5_, (float)p_229039_6_).color(255, 255, 255, 255).uv(p_229039_7_, p_229039_8_).overlayCoords(OverlayTexture.NO_OVERLAY).uv2(p_229039_12_).normal(p_229039_2_, (float)p_229039_9_, (float)p_229039_11_, (float)p_229039_10_).endVertex();
                   ^
  symbol:   method vertex(Matrix4f,float,float,float)
  location: variable p_229039_3_ of type VertexConsumer
C:\Users\justi\Documents\GitHub\AlexsMobs-26.2\src\main\java\com\github\alexthe666\alexsmobs\client\render\RenderIceShard.java:68: error: method does not override or implement a method from a supertype
    @Override
    ^
C:\Users\justi\Documents\GitHub\AlexsMobs-26.2\src\main\java\com\github\alexthe666\alexsmobs\entity\EntityIceShard.java:28: error: EntityIceShard is not abstract and does not override abstract method hurtServer(ServerLevel,DamageSource,float) in Entity
public class EntityIceShard extends Entity {
       ^
C:\Users\justi\Documents\GitHub\AlexsMobs-26.2\src\main\java\com\github\alexthe666\alexsmobs\entity\EntityIceShard.java:62: error: method does not override or implement a method from a supertype
    @Override
    ^
C:\Users\justi\Documents\GitHub\AlexsMobs-26.2\src\main\java\com\github\alexthe666\alexsmobs\entity\EntityIceShard.java:64: error: method getAddEntityPacket in class Entity cannot be applied to given types;
        return super.getAddEntityPacket();
                    ^
  required: ServerEntity
  found:    no arguments
  reason: actual and formal argument lists differ in length
C:\Users\justi\Documents\GitHub\AlexsMobs-26.2\src\main\java\com\github\alexthe666\alexsmobs\entity\EntityIceShard.java:216: error: cannot find symbol
            this.moveTo(this.getX(), this.getY(), this.getZ(), this.getYRot(), this.getXRot());
                ^
  symbol: method moveTo(double,double,double,float,float)
C:\Users\justi\Documents\GitHub\AlexsMobs-26.2\src\main\java\com\github\alexthe666\alexsmobs\client\render\RenderJerboa.java:13: error: type argument ModelJerboa is not within bounds of type-variable M
public class RenderJerboa extends MobRenderer<EntityJerboa, LivingEntityRenderState, ModelJerboa> {
                                                                                     ^
  where M,S are type-variables:
    M extends EntityModel<? super S> declared in class MobRenderer
    S extends LivingEntityRenderState declared in class MobRenderer
C:\Users\justi\Documents\GitHub\AlexsMobs-26.2\src\main\java\com\github\alexthe666\alexsmobs\client\render\RenderJerboa.java:13: error: RenderJerboa is not abstract and does not override abstract method getTextureLocation(LivingEntityRenderState) in LivingEntityRenderer
public class RenderJerboa extends MobRenderer<EntityJerboa, LivingEntityRenderState, ModelJerboa> {
       ^
C:\Users\justi\Documents\GitHub\AlexsMobs-26.2\src\main\java\com\github\alexthe666\alexsmobs\client\render\RenderKomodoDragon.java:17: error: type argument ModelKomodoDragon is not within bounds of type-variable M
public class RenderKomodoDragon extends MobRenderer<EntityKomodoDragon, LivingEntityRenderState, ModelKomodoDragon> {
                                                                                                 ^
  where M,S are type-variables:
    M extends EntityModel<? super S> declared in class MobRenderer
    S extends LivingEntityRenderState declared in class MobRenderer
C:\Users\justi\Documents\GitHub\AlexsMobs-26.2\src\main\java\com\github\alexthe666\alexsmobs\client\render\RenderKomodoDragon.java:17: error: RenderKomodoDragon is not abstract and does not override abstract method getTextureLocation(LivingEntityRenderState) in LivingEntityRenderer
public class RenderKomodoDragon extends MobRenderer<EntityKomodoDragon, LivingEntityRenderState, ModelKomodoDragon> {
       ^
C:\Users\justi\Documents\GitHub\AlexsMobs-26.2\src\main\java\com\github\alexthe666\alexsmobs\client\render\RenderKomodoDragon.java:24: error: incompatible types: LayerSaddle cannot be converted to RenderLayer<LivingEntityRenderState,ModelKomodoDragon>
        this.addLayer(new LayerSaddle(this));
                      ^
C:\Users\justi\Documents\GitHub\AlexsMobs-26.2\src\main\java\com\github\alexthe666\alexsmobs\client\render\RenderKomodoDragon.java:34: error: type argument EntityKomodoDragon is not within bounds of type-variable S
    static class LayerSaddle extends RenderLayer<EntityKomodoDragon, ModelKomodoDragon> {
                                                 ^
  where S is a type-variable:
    S extends EntityRenderState declared in class RenderLayer
C:\Users\justi\Documents\GitHub\AlexsMobs-26.2\src\main\java\com\github\alexthe666\alexsmobs\client\render\RenderKomodoDragon.java:34: error: LayerSaddle is not abstract and does not override abstract method submit(PoseStack,SubmitNodeCollector,int,EntityKomodoDragon,float,float) in RenderLayer
    static class LayerSaddle extends RenderLayer<EntityKomodoDragon, ModelKomodoDragon> {
           ^
C:\Users\justi\Documents\GitHub\AlexsMobs-26.2\src\main\java\com\github\alexthe666\alexsmobs\client\render\RenderKomodoDragon.java:40: error: incompatible types: RenderKomodoDragon cannot be converted to RenderLayerParent<EntityKomodoDragon,ModelKomodoDragon>
            super(render);
                  ^
C:\Users\justi\Documents\GitHub\AlexsMobs-26.2\src\main\java\com\github\alexthe666\alexsmobs\client\render\RenderKomodoDragon.java:45: error: cannot find symbol
                VertexConsumer maid = bufferIn.getBuffer(AMRenderTypes.entityCutoutNoCull(TEXTURE_MAID));
                                                                      ^
  symbol:   method entityCutoutNoCull(Identifier)
  location: class AMRenderTypes
C:\Users\justi\Documents\GitHub\AlexsMobs-26.2\src\main\java\com\github\alexthe666\alexsmobs\client\render\RenderKomodoDragon.java:46: error: cannot find symbol
                this.getParentModel().copyPropertiesTo(MAID_MODEL);
                                     ^
  symbol:   method copyPropertiesTo(ModelKomodoDragon)
  location: class ModelKomodoDragon
C:\Users\justi\Documents\GitHub\AlexsMobs-26.2\src\main\java\com\github\alexthe666\alexsmobs\client\render\RenderKomodoDragon.java:49: error: incompatible types: EntityKomodoDragon cannot be converted to LivingEntityRenderState
                MAID_MODEL.renderToBuffer(matrixStackIn, maid, packedLightIn, LivingEntityRenderer.getOverlayCoords(entitylivingbaseIn, 0), 1.0F, 1.0F, 1.0F, 1.0F);
                                                                                                                    ^
C:\Users\justi\Documents\GitHub\AlexsMobs-26.2\src\main\java\com\github\alexthe666\alexsmobs\client\render\RenderKomodoDragon.java:52: error: cannot find symbol
                VertexConsumer saddle = bufferIn.getBuffer(AMRenderTypes.entityCutoutNoCull(TEXTURE_SADDLE));
                                                                        ^
  symbol:   method entityCutoutNoCull(Identifier)
  location: class AMRenderTypes
C:\Users\justi\Documents\GitHub\AlexsMobs-26.2\src\main\java\com\github\alexthe666\alexsmobs\client\render\RenderKomodoDragon.java:53: error: cannot find symbol
                this.getParentModel().copyPropertiesTo(SADDLE_MODEL);
                                     ^
  symbol:   method copyPropertiesTo(ModelKomodoDragon)
  location: class ModelKomodoDragon
C:\Users\justi\Documents\GitHub\AlexsMobs-26.2\src\main\java\com\github\alexthe666\alexsmobs\client\render\RenderKomodoDragon.java:56: error: incompatible types: EntityKomodoDragon cannot be converted to LivingEntityRenderState
                SADDLE_MODEL.renderToBuffer(matrixStackIn, saddle, packedLightIn, LivingEntityRenderer.getOverlayCoords(entitylivingbaseIn, 0), 1.0F, 1.0F, 1.0F, 1.0F);
                                                                                                                        ^
C:\Users\justi\Documents\GitHub\AlexsMobs-26.2\src\main\java\com\github\alexthe666\alexsmobs\client\render\RenderLaviathan.java:29: error: type argument ModelLaviathan is not within bounds of type-variable M
public class RenderLaviathan extends MobRenderer<EntityLaviathan, LivingEntityRenderState, ModelLaviathan> {
                                                                                           ^
  where M,S are type-variables:
    M extends EntityModel<? super S> declared in class MobRenderer
    S extends LivingEntityRenderState declared in class MobRenderer
C:\Users\justi\Documents\GitHub\AlexsMobs-26.2\src\main\java\com\github\alexthe666\alexsmobs\client\render\RenderLaviathan.java:29: error: RenderLaviathan is not abstract and does not override abstract method getTextureLocation(LivingEntityRenderState) in LivingEntityRenderer
public class RenderLaviathan extends MobRenderer<EntityLaviathan, LivingEntityRenderState, ModelLaviathan> {
       ^
C:\Users\justi\Documents\GitHub\AlexsMobs-26.2\src\main\java\com\github\alexthe666\alexsmobs\client\render\RenderLaviathan.java:45: error: incompatible types: LayerOverlays cannot be converted to RenderLayer<LivingEntityRenderState,ModelLaviathan>
        this.addLayer(new LayerOverlays(this));
                      ^
C:\Users\justi\Documents\GitHub\AlexsMobs-26.2\src\main\java\com\github\alexthe666\alexsmobs\client\render\RenderLaviathan.java:52: error: cannot find symbol
        int k = LightTexture.pack(i, j);
                ^
  symbol:   variable LightTexture
  location: class RenderLaviathan
C:\Users\justi\Documents\GitHub\AlexsMobs-26.2\src\main\java\com\github\alexthe666\alexsmobs\client\render\RenderLaviathan.java:64: error: cannot find symbol
        p_174308_.vertex(p_174309_, f5 - p_174319_, f6 + p_174318_, f7 + p_174320_).color(f2, f3, f4, 1.0F).uv2(k).endVertex();
                 ^
  symbol:   method vertex(Matrix4f,float,float,float)
  location: variable p_174308_ of type VertexConsumer
C:\Users\justi\Documents\GitHub\AlexsMobs-26.2\src\main\java\com\github\alexthe666\alexsmobs\client\render\RenderLaviathan.java:65: error: cannot find symbol
        p_174308_.vertex(p_174309_, f5 + p_174319_, f6 + p_174317_ - p_174318_, f7 - p_174320_).color(f2, f3, f4, 1.0F).uv2(k).endVertex();
                 ^
  symbol:   method vertex(Matrix4f,float,float,float)
  location: variable p_174308_ of type VertexConsumer
C:\Users\justi\Documents\GitHub\AlexsMobs-26.2\src\main\java\com\github\alexthe666\alexsmobs\client\render\RenderLaviathan.java:82: error: cannot find symbol
        super.render(mob, p_115456_, partialTick, ms, p_115459_, p_115460_);
             ^
  symbol: method render(EntityLaviathan,float,float,PoseStack,OrderedSubmitNodeCollector,int)
C:\Users\justi\Documents\GitHub\AlexsMobs-26.2\src\main\java\com\github\alexthe666\alexsmobs\client\render\RenderLaviathan.java:158: error: cannot find symbol
        VertexConsumer vertexconsumer = p_115465_.getBuffer(RenderType.leash());
                                                                      ^
  symbol:   method leash()
  location: class RenderType
C:\Users\justi\Documents\GitHub\AlexsMobs-26.2\src\main\java\com\github\alexthe666\alexsmobs\client\render\RenderLaviathan.java:209: error: type argument EntityLaviathan is not within bounds of type-variable S
    static class LayerOverlays extends RenderLayer<EntityLaviathan, ModelLaviathan> {
                                                   ^
  where S is a type-variable:
    S extends EntityRenderState declared in class RenderLayer
C:\Users\justi\Documents\GitHub\AlexsMobs-26.2\src\main\java\com\github\alexthe666\alexsmobs\client\render\RenderLaviathan.java:209: error: LayerOverlays is not abstract and does not override abstract method submit(PoseStack,SubmitNodeCollector,int,EntityLaviathan,float,float) in RenderLayer
    static class LayerOverlays extends RenderLayer<EntityLaviathan, ModelLaviathan> {
           ^
C:\Users\justi\Documents\GitHub\AlexsMobs-26.2\src\main\java\com\github\alexthe666\alexsmobs\client\render\RenderLaviathan.java:212: error: incompatible types: RenderLaviathan cannot be converted to RenderLayerParent<EntityLaviathan,ModelLaviathan>
            super(render);
                  ^
C:\Users\justi\Documents\GitHub\AlexsMobs-26.2\src\main\java\com\github\alexthe666\alexsmobs\client\render\RenderLaviathan.java:217: error: cannot find symbol
                VertexConsumer ivertexbuilder = bufferIn.getBuffer(RenderType.eyes(TEXTURE_GLOW));
                                                                             ^
  symbol:   method eyes(Identifier)
  location: class RenderType
C:\Users\justi\Documents\GitHub\AlexsMobs-26.2\src\main\java\com\github\alexthe666\alexsmobs\client\render\RenderLaviathan.java:221: error: cannot find symbol
                VertexConsumer ivertexbuilder = bufferIn.getBuffer(RenderType.entityCutoutNoCull(TEXTURE_GEAR));
                                                                             ^
  symbol:   method entityCutoutNoCull(Identifier)
  location: class RenderType
C:\Users\justi\Documents\GitHub\AlexsMobs-26.2\src\main\java\com\github\alexthe666\alexsmobs\client\render\RenderLaviathan.java:225: error: cannot find symbol
                VertexConsumer ivertexbuilder = bufferIn.getBuffer(RenderType.entityCutoutNoCull(TEXTURE_HELMET));
                                                                             ^
  symbol:   method entityCutoutNoCull(Identifier)
  location: class RenderType
C:\Users\justi\Documents\GitHub\AlexsMobs-26.2\src\main\java\com\github\alexthe666\alexsmobs\client\render\RenderLobster.java:13: error: type argument ModelLobster is not within bounds of type-variable M
public class RenderLobster extends MobRenderer<EntityLobster, LivingEntityRenderState, ModelLobster> {
                                                                                       ^
  where M,S are type-variables:
    M extends EntityModel<? super S> declared in class MobRenderer
    S extends LivingEntityRenderState declared in class MobRenderer
C:\Users\justi\Documents\GitHub\AlexsMobs-26.2\src\main\java\com\github\alexthe666\alexsmobs\client\render\RenderLobster.java:13: error: RenderLobster is not abstract and does not override abstract method getTextureLocation(LivingEntityRenderState) in LivingEntityRenderer
public class RenderLobster extends MobRenderer<EntityLobster, LivingEntityRenderState, ModelLobster> {
       ^
C:\Users\justi\Documents\GitHub\AlexsMobs-26.2\src\main\java\com\github\alexthe666\alexsmobs\client\render\RenderManedWolf.java:13: error: type argument ModelManedWolf is not within bounds of type-variable M
public class RenderManedWolf extends MobRenderer<EntityManedWolf, LivingEntityRenderState, ModelManedWolf> {
                                                                                           ^
  where M,S are type-variables:
    M extends EntityModel<? super S> declared in class MobRenderer
    S extends LivingEntityRenderState declared in class MobRenderer
C:\Users\justi\Documents\GitHub\AlexsMobs-26.2\src\main\java\com\github\alexthe666\alexsmobs\client\render\RenderManedWolf.java:13: error: RenderManedWolf is not abstract and does not override abstract method getTextureLocation(LivingEntityRenderState) in LivingEntityRenderer
public class RenderManedWolf extends MobRenderer<EntityManedWolf, LivingEntityRenderState, ModelManedWolf> {
       ^
C:\Users\justi\Documents\GitHub\AlexsMobs-26.2\src\main\java\com\github\alexthe666\alexsmobs\client\render\RenderMimicOctopus.java:27: error: type argument ModelMimicOctopus is not within bounds of type-variable M
public class RenderMimicOctopus extends MobRenderer<EntityMimicOctopus, LivingEntityRenderState, ModelMimicOctopus> {
                                                                                                 ^
  where M,S are type-variables:
    M extends EntityModel<? super S> declared in class MobRenderer
    S extends LivingEntityRenderState declared in class MobRenderer
C:\Users\justi\Documents\GitHub\AlexsMobs-26.2\src\main\java\com\github\alexthe666\alexsmobs\client\render\RenderMimicOctopus.java:27: error: RenderMimicOctopus is not abstract and does not override abstract method getTextureLocation(LivingEntityRenderState) in LivingEntityRenderer
public class RenderMimicOctopus extends MobRenderer<EntityMimicOctopus, LivingEntityRenderState, ModelMimicOctopus> {
       ^
C:\Users\justi\Documents\GitHub\AlexsMobs-26.2\src\main\java\com\github\alexthe666\alexsmobs\client\render\RenderMimicOctopus.java:36: error: cannot find symbol
    private static final RenderType BEAM_RENDER_TYPE = RenderType.entityCutoutNoCull(GUARDIAN_BEAM_TEXTURE);
                                                                 ^
  symbol:   method entityCutoutNoCull(Identifier)
  location: class RenderType
C:\Users\justi\Documents\GitHub\AlexsMobs-26.2\src\main\java\com\github\alexthe666\alexsmobs\client\render\RenderMimicOctopus.java:40: error: incompatible types: OverlayLayer cannot be converted to RenderLayer<LivingEntityRenderState,ModelMimicOctopus>
        this.addLayer(new OverlayLayer(this));
                      ^
C:\Users\justi\Documents\GitHub\AlexsMobs-26.2\src\main\java\com\github\alexthe666\alexsmobs\client\render\RenderMimicOctopus.java:44: error: cannot find symbol
        p_229108_0_.vertex(p_229108_1_, p_229108_3_, p_229108_4_, p_229108_5_).color(p_229108_6_, p_229108_7_, p_229108_8_, 255).uv(p_229108_9_, p_229108_10_).overlayCoords(OverlayTexture.NO_OVERLAY).uv2(15728880).normal(p_229108_2_, 0.0F, 1.0F, 0.0F).endVertex();
                   ^
  symbol:   method vertex(Matrix4f,float,float,float)
  location: variable p_229108_0_ of type VertexConsumer
C:\Users\justi\Documents\GitHub\AlexsMobs-26.2\src\main\java\com\github\alexthe666\alexsmobs\client\render\RenderMimicOctopus.java:93: error: cannot find symbol
            VertexConsumer ivertexbuilder = bufferIn.getBuffer(BEAM_RENDER_TYPE);
                                                    ^
  symbol:   method getBuffer(RenderType)
  location: variable bufferIn of type OrderedSubmitNodeCollector
C:\Users\justi\Documents\GitHub\AlexsMobs-26.2\src\main\java\com\github\alexthe666\alexsmobs\client\render\RenderMimicOctopus.java:116: error: cannot find symbol
        super.render(entityIn, entityYaw, partialTicks, matrixStackIn, bufferIn, packedLightIn);
             ^
  symbol: method render(EntityMimicOctopus,float,float,PoseStack,OrderedSubmitNodeCollector,int)
C:\Users\justi\Documents\GitHub\AlexsMobs-26.2\src\main\java\com\github\alexthe666\alexsmobs\client\render\RenderMimicOctopus.java:154: error: type argument EntityMimicOctopus is not within bounds of type-variable S
    static class OverlayLayer extends RenderLayer<EntityMimicOctopus, ModelMimicOctopus> {
                                                  ^
  where S is a type-variable:
    S extends EntityRenderState declared in class RenderLayer
C:\Users\justi\Documents\GitHub\AlexsMobs-26.2\src\main\java\com\github\alexthe666\alexsmobs\client\render\RenderMimicOctopus.java:154: error: OverlayLayer is not abstract and does not override abstract method submit(PoseStack,SubmitNodeCollector,int,EntityMimicOctopus,float,float) in RenderLayer
    static class OverlayLayer extends RenderLayer<EntityMimicOctopus, ModelMimicOctopus> {
           ^
C:\Users\justi\Documents\GitHub\AlexsMobs-26.2\src\main\java\com\github\alexthe666\alexsmobs\client\render\RenderMimicOctopus.java:158: error: incompatible types: RenderMimicOctopus cannot be converted to RenderLayerParent<EntityMimicOctopus,ModelMimicOctopus>
            super(render);
                  ^
C:\Users\justi\Documents\GitHub\AlexsMobs-26.2\src\main\java\com\github\alexthe666\alexsmobs\client\render\RenderMimicOctopus.java:205: error: cannot find symbol
                VertexConsumer prev = buffer.getBuffer(AMRenderTypes.entityTranslucent(getFor(entitylivingbaseIn.getPrevMimicState())));
                                                                    ^
  symbol:   method entityTranslucent(Identifier)
  location: class AMRenderTypes
C:\Users\justi\Documents\GitHub\AlexsMobs-26.2\src\main\java\com\github\alexthe666\alexsmobs\client\render\RenderMimicOctopus.java:209: error: incompatible types: EntityMimicOctopus cannot be converted to LivingEntityRenderState
                this.getParentModel().renderToBuffer(matrixStackIn, prev, packedLightIn, getOverlayCoords(entitylivingbaseIn, 0), r, g, b, alphaPrev);
                                                                                                          ^
C:\Users\justi\Documents\GitHub\AlexsMobs-26.2\src\main\java\com\github\alexthe666\alexsmobs\client\render\RenderMimicOctopus.java:212: error: cannot find symbol
            VertexConsumer current = buffer.getBuffer(AMRenderTypes.entityTranslucent(getFor(entitylivingbaseIn.getMimicState())));
                                                                   ^
  symbol:   method entityTranslucent(Identifier)
  location: class AMRenderTypes
C:\Users\justi\Documents\GitHub\AlexsMobs-26.2\src\main\java\com\github\alexthe666\alexsmobs\client\render\RenderMimicOctopus.java:213: error: incompatible types: EntityMimicOctopus cannot be converted to LivingEntityRenderState
            this.getParentModel().renderToBuffer(matrixStackIn, current, packedLightIn, getOverlayCoords(entitylivingbaseIn, 0), r, g, b, a * alphaCurrent);
                                                                                                         ^
C:\Users\justi\Documents\GitHub\AlexsMobs-26.2\src\main\java\com\github\alexthe666\alexsmobs\client\render\RenderMimicOctopus.java:214: error: cannot find symbol
            VertexConsumer eyes = buffer.getBuffer(AMRenderTypes.entityTranslucent(TEXTURE_EYES));
                                                                ^
  symbol:   method entityTranslucent(Identifier)
  location: class AMRenderTypes
C:\Users\justi\Documents\GitHub\AlexsMobs-26.2\src\main\java\com\github\alexthe666\alexsmobs\client\render\RenderMimicOctopus.java:215: error: incompatible types: EntityMimicOctopus cannot be converted to LivingEntityRenderState
            this.getParentModel().renderToBuffer(matrixStackIn, eyes, packedLightIn, getOverlayCoords(entitylivingbaseIn, 0), 1.0F, 1.0F, 1.0F, 1.0F);
                                                                                                      ^
C:\Users\justi\Documents\GitHub\AlexsMobs-26.2\src\main\java\com\github\alexthe666\alexsmobs\client\render\RenderMoose.java:18: error: type argument ModelMoose is not within bounds of type-variable M
public class RenderMoose extends MobRenderer<EntityMoose, LivingEntityRenderState, ModelMoose> {
                                                                                   ^
  where M,S are type-variables:
    M extends EntityModel<? super S> declared in class MobRenderer
    S extends LivingEntityRenderState declared in class MobRenderer
C:\Users\justi\Documents\GitHub\AlexsMobs-26.2\src\main\java\com\github\alexthe666\alexsmobs\client\render\RenderMoose.java:18: error: RenderMoose is not abstract and does not override abstract method getTextureLocation(LivingEntityRenderState) in LivingEntityRenderer
public class RenderMoose extends MobRenderer<EntityMoose, LivingEntityRenderState, ModelMoose> {
       ^
C:\Users\justi\Documents\GitHub\AlexsMobs-26.2\src\main\java\com\github\alexthe666\alexsmobs\client\render\RenderMoose.java:26: error: incompatible types: RenderMoose.LayerSnow cannot be converted to RenderLayer<LivingEntityRenderState,ModelMoose>
        this.addLayer(new LayerSnow());
                      ^
C:\Users\justi\Documents\GitHub\AlexsMobs-26.2\src\main\java\com\github\alexthe666\alexsmobs\client\render\RenderMoose.java:38: error: type argument EntityMoose is not within bounds of type-variable S
    class LayerSnow extends RenderLayer<EntityMoose, ModelMoose> {
                                        ^
  where S is a type-variable:
    S extends EntityRenderState declared in class RenderLayer
C:\Users\justi\Documents\GitHub\AlexsMobs-26.2\src\main\java\com\github\alexthe666\alexsmobs\client\render\RenderMoose.java:38: error: RenderMoose.LayerSnow is not abstract and does not override abstract method submit(PoseStack,SubmitNodeCollector,int,EntityMoose,float,float) in RenderLayer
    class LayerSnow extends RenderLayer<EntityMoose, ModelMoose> {
    ^
C:\Users\justi\Documents\GitHub\AlexsMobs-26.2\src\main\java\com\github\alexthe666\alexsmobs\client\render\RenderMoose.java:41: error: incompatible types: RenderMoose cannot be converted to RenderLayerParent<EntityMoose,ModelMoose>
            super(RenderMoose.this);
                             ^
C:\Users\justi\Documents\GitHub\AlexsMobs-26.2\src\main\java\com\github\alexthe666\alexsmobs\client\render\RenderMoose.java:46: error: cannot find symbol
                VertexConsumer ivertexbuilder = bufferIn.getBuffer(RenderType.entityCutoutNoCull(entitylivingbaseIn.isAntlered() && !entitylivingbaseIn.isBaby() ? TEXTURE_SNOWY_ANTLERED : TEXTURE_SNOWY));
                                                                             ^
  symbol:   method entityCutoutNoCull(entitylivi[...]SNOWY)
  location: class RenderType
C:\Users\justi\Documents\GitHub\AlexsMobs-26.2\src\main\java\com\github\alexthe666\alexsmobs\client\render\RenderMoose.java:47: error: incompatible types: EntityMoose cannot be converted to LivingEntityRenderState
                this.getParentModel().renderToBuffer(matrixStackIn, ivertexbuilder, packedLightIn, LivingEntityRenderer.getOverlayCoords(entitylivingbaseIn, 0.0F), 1.0F, 1.0F, 1.0F, 1.0F);
                                                                                                                                         ^
C:\Users\justi\Documents\GitHub\AlexsMobs-26.2\src\main\java\com\github\alexthe666\alexsmobs\client\render\RenderMosquitoSpit.java:19: error: RenderMosquitoSpit is not abstract and does not override abstract method createRenderState() in EntityRenderer
public class RenderMosquitoSpit extends EntityRenderer<EntityMosquitoSpit, EntityRenderState> {
       ^
C:\Users\justi\Documents\GitHub\AlexsMobs-26.2\src\main\java\com\github\alexthe666\alexsmobs\client\render\RenderMosquitoSpit.java:25: error: cannot infer type arguments for LlamaSpitModel
        this.model = new LlamaSpitModel<>(renderManagerIn.bakeLayer(ModelLayers.LLAMA_SPIT));
                                       ^
  reason: cannot use '<>' with non-generic class LlamaSpitModel
C:\Users\justi\Documents\GitHub\AlexsMobs-26.2\src\main\java\com\github\alexthe666\alexsmobs\client\render\RenderMosquitoSpit.java:33: error: cannot find symbol
        VertexConsumer ivertexbuilder = bufferIn.getBuffer(this.model.renderType(SPIT_TEXTURE));
                                                ^
  symbol:   method getBuffer(RenderType)
  location: variable bufferIn of type OrderedSubmitNodeCollector
C:\Users\justi\Documents\GitHub\AlexsMobs-26.2\src\main\java\com\github\alexthe666\alexsmobs\client\render\RenderMosquitoSpit.java:34: error: method renderToBuffer in class Model<S> cannot be applied to given types;
        this.model.renderToBuffer(matrixStackIn, ivertexbuilder, 240, OverlayTexture.NO_OVERLAY, 1.0F, 1.0F, 1.0F, 1.0F);
                  ^
  required: PoseStack,VertexConsumer,int,int,int
  found:    PoseStack,VertexConsumer,int,int,float,float,float,float
  reason: actual and formal argument lists differ in length
  where S is a type-variable:
    S extends Object declared in class Model
C:\Users\justi\Documents\GitHub\AlexsMobs-26.2\src\main\java\com\github\alexthe666\alexsmobs\client\render\RenderMosquitoSpit.java:36: error: cannot find symbol
        super.render(entityIn, entityYaw, partialTicks, matrixStackIn, bufferIn, packedLightIn);
             ^
  symbol: method render(EntityMosquitoSpit,float,float,PoseStack,OrderedSubmitNodeCollector,int)
C:\Users\justi\Documents\GitHub\AlexsMobs-26.2\src\main\java\com\github\alexthe666\alexsmobs\entity\EntityMosquitoSpit.java:27: error: EntityMosquitoSpit is not abstract and does not override abstract method hurtServer(ServerLevel,DamageSource,float) in Entity
public class EntityMosquitoSpit extends Entity {
       ^
C:\Users\justi\Documents\GitHub\AlexsMobs-26.2\src\main\java\com\github\alexthe666\alexsmobs\entity\EntityMosquitoSpit.java:56: error: method does not override or implement a method from a supertype
    @Override
    ^
C:\Users\justi\Documents\GitHub\AlexsMobs-26.2\src\main\java\com\github\alexthe666\alexsmobs\entity\EntityMosquitoSpit.java:58: error: method getAddEntityPacket in class Entity cannot be applied to given types;
        return super.getAddEntityPacket();
                    ^
  required: ServerEntity
  found:    no arguments
  reason: actual and formal argument lists differ in length
C:\Users\justi\Documents\GitHub\AlexsMobs-26.2\src\main\java\com\github\alexthe666\alexsmobs\entity\EntityMosquitoSpit.java:208: error: cannot find symbol
            this.moveTo(this.getX(), this.getY(), this.getZ(), this.getYRot(), this.getXRot());
                ^
  symbol: method moveTo(double,double,double,float,float)
C:\Users\justi\Documents\GitHub\AlexsMobs-26.2\src\main\java\com\github\alexthe666\alexsmobs\client\render\RenderMudBall.java:18: error: RenderMudBall is not abstract and does not override abstract method createRenderState() in EntityRenderer
public class RenderMudBall extends EntityRenderer<EntityMudBall, EntityRenderState> {
       ^
C:\Users\justi\Documents\GitHub\AlexsMobs-26.2\src\main\java\com\github\alexthe666\alexsmobs\client\render\RenderMudBall.java:28: error: cannot find symbol
        p_114083_.mulPose(this.entityRenderDispatcher.cameraOrientation());
                                                     ^
  symbol:   method cameraOrientation()
  location: variable entityRenderDispatcher of type EntityRenderDispatcher
C:\Users\justi\Documents\GitHub\AlexsMobs-26.2\src\main\java\com\github\alexthe666\alexsmobs\client\render\RenderMudBall.java:33: error: cannot find symbol
        VertexConsumer $$9 = p_114084_.getBuffer(RenderType.entityCutoutNoCull(TEXTURE));
                                                           ^
  symbol:   method entityCutoutNoCull(Identifier)
  location: class RenderType
C:\Users\justi\Documents\GitHub\AlexsMobs-26.2\src\main\java\com\github\alexthe666\alexsmobs\client\render\RenderMudBall.java:39: error: cannot find symbol
        super.render(entityMudBall, f, f2, p_114083_, p_114084_, p_114085_);
             ^
  symbol: method render(EntityMudBall,float,float,PoseStack,OrderedSubmitNodeCollector,int)
C:\Users\justi\Documents\GitHub\AlexsMobs-26.2\src\main\java\com\github\alexthe666\alexsmobs\client\render\RenderMudBall.java:43: error: cannot find symbol
        p_114090_.vertex(p_114091_, p_114094_ - 0.5F, (float)p_114095_ - 0.25F, 0.0F).color(255, 255, 255, 255).uv((float)p_114096_, (float)p_114097_).overlayCoords(OverlayTexture.NO_OVERLAY).uv2(p_114093_).normal(p_114092_, 0.0F, 1.0F, 0.0F).endVertex();
                 ^
  symbol:   method vertex(Matrix4f,float,float,float)
  location: variable p_114090_ of type VertexConsumer
C:\Users\justi\Documents\GitHub\AlexsMobs-26.2\src\main\java\com\github\alexthe666\alexsmobs\entity\EntityMobProjectile.java:54: error: method does not override or implement a method from a supertype
    @Override
    ^
C:\Users\justi\Documents\GitHub\AlexsMobs-26.2\src\main\java\com\github\alexthe666\alexsmobs\entity\EntityMobProjectile.java:56: error: method getAddEntityPacket in class Entity cannot be applied to given types;
        return super.getAddEntityPacket();
                    ^
  required: ServerEntity
  found:    no arguments
  reason: actual and formal argument lists differ in length
C:\Users\justi\Documents\GitHub\AlexsMobs-26.2\src\main\java\com\github\alexthe666\alexsmobs\entity\EntityMobProjectile.java:98: error: incompatible types: void cannot be converted to boolean
            boolean b = result.getEntity().hurt(damageSources().mobProjectile(this, (LivingEntity) entity), this.getDamage());
                                               ^
C:\Users\justi\Documents\GitHub\AlexsMobs-26.2\src\main\java\com\github\alexthe666\alexsmobs\entity\EntityMobProjectile.java:204: error: cannot find symbol
            this.moveTo(this.getX(), this.getY(), this.getZ(), this.getYRot(), this.getXRot());
                ^
  symbol: method moveTo(double,double,double,float,float)
C:\Users\justi\Documents\GitHub\AlexsMobs-26.2\src\main\java\com\github\alexthe666\alexsmobs\entity\EntityMobProjectile.java:221: error: cannot find symbol
                if(alsoTameable.getOwnerUUID() != null && tamableAnimal.getOwnerUUID() != null && tamableAnimal.getOwnerUUID().equals(alsoTameable.getOwnerUUID())){
                               ^
  symbol:   method getOwnerUUID()
  location: variable alsoTameable of type TamableAnimal
C:\Users\justi\Documents\GitHub\AlexsMobs-26.2\src\main\java\com\github\alexthe666\alexsmobs\entity\EntityMobProjectile.java:221: error: cannot find symbol
                if(alsoTameable.getOwnerUUID() != null && tamableAnimal.getOwnerUUID() != null && tamableAnimal.getOwnerUUID().equals(alsoTameable.getOwnerUUID())){
                                                                       ^
  symbol:   method getOwnerUUID()
  location: variable tamableAnimal of type TamableAnimal
C:\Users\justi\Documents\GitHub\AlexsMobs-26.2\src\main\java\com\github\alexthe666\alexsmobs\entity\EntityMobProjectile.java:221: error: cannot find symbol
                if(alsoTameable.getOwnerUUID() != null && tamableAnimal.getOwnerUUID() != null && tamableAnimal.getOwnerUUID().equals(alsoTameable.getOwnerUUID())){
                                                                                                               ^
  symbol:   method getOwnerUUID()
  location: variable tamableAnimal of type TamableAnimal
C:\Users\justi\Documents\GitHub\AlexsMobs-26.2\src\main\java\com\github\alexthe666\alexsmobs\entity\EntityMobProjectile.java:221: error: cannot find symbol
                if(alsoTameable.getOwnerUUID() != null && tamableAnimal.getOwnerUUID() != null && tamableAnimal.getOwnerUUID().equals(alsoTameable.getOwnerUUID())){
                                                                                                                                                  ^
  symbol:   method getOwnerUUID()
  location: variable alsoTameable of type TamableAnimal
C:\Users\justi\Documents\GitHub\AlexsMobs-26.2\src\main\java\com\github\alexthe666\alexsmobs\entity\EntityMobProjectile.java:225: error: cannot find symbol
            return tamableAnimal.getOwnerUUID() != null && tamableAnimal.getOwnerUUID().equals(entity.getUUID()) || shooter.isAlliedTo(entity);
                                ^
  symbol:   method getOwnerUUID()
  location: variable tamableAnimal of type TamableAnimal
C:\Users\justi\Documents\GitHub\AlexsMobs-26.2\src\main\java\com\github\alexthe666\alexsmobs\entity\EntityMobProjectile.java:225: error: cannot find symbol
            return tamableAnimal.getOwnerUUID() != null && tamableAnimal.getOwnerUUID().equals(entity.getUUID()) || shooter.isAlliedTo(entity);
                                                                        ^
  symbol:   method getOwnerUUID()
  location: variable tamableAnimal of type TamableAnimal
C:\Users\justi\Documents\GitHub\AlexsMobs-26.2\src\main\java\com\github\alexthe666\alexsmobs\entity\EntityMudBall.java:17: error: EntityMudBall is not abstract and does not override abstract method hurtServer(ServerLevel,DamageSource,float) in Entity
public class EntityMudBall extends EntityMobProjectile {
       ^
C:\Users\justi\Documents\GitHub\AlexsMobs-26.2\src\main\java\com\github\alexthe666\alexsmobs\entity\EntityMudBall.java:51: error: cannot find symbol
            hurt.addEffect(new MobEffectInstance(MobEffects.MOVEMENT_SLOWDOWN, 60));
                                                           ^
  symbol:   variable MOVEMENT_SLOWDOWN
  location: class MobEffects
C:\Users\justi\Documents\GitHub\AlexsMobs-26.2\src\main\java\com\github\alexthe666\alexsmobs\client\render\RenderMudskipper.java:13: error: type argument ModelMudskipper is not within bounds of type-variable M
public class RenderMudskipper extends MobRenderer<EntityMudskipper, LivingEntityRenderState, ModelMudskipper> {
                                                                                             ^
  where M,S are type-variables:
    M extends EntityModel<? super S> declared in class MobRenderer
    S extends LivingEntityRenderState declared in class MobRenderer
C:\Users\justi\Documents\GitHub\AlexsMobs-26.2\src\main\java\com\github\alexthe666\alexsmobs\client\render\RenderMudskipper.java:13: error: RenderMudskipper is not abstract and does not override abstract method getTextureLocation(LivingEntityRenderState) in LivingEntityRenderer
public class RenderMudskipper extends MobRenderer<EntityMudskipper, LivingEntityRenderState, ModelMudskipper> {
       ^
C:\Users\justi\Documents\GitHub\AlexsMobs-26.2\src\main\java\com\github\alexthe666\alexsmobs\client\render\RenderMungus.java:33: error: type argument ModelMungus is not within bounds of type-variable M
public class RenderMungus extends MobRenderer<EntityMungus, LivingEntityRenderState, ModelMungus> {
                                                                                     ^
  where M,S are type-variables:
    M extends EntityModel<? super S> declared in class MobRenderer
    S extends LivingEntityRenderState declared in class MobRenderer
C:\Users\justi\Documents\GitHub\AlexsMobs-26.2\src\main\java\com\github\alexthe666\alexsmobs\client\render\RenderMungus.java:33: error: RenderMungus is not abstract and does not override abstract method getTextureLocation(LivingEntityRenderState) in LivingEntityRenderer
public class RenderMungus extends MobRenderer<EntityMungus, LivingEntityRenderState, ModelMungus> {
       ^
C:\Users\justi\Documents\GitHub\AlexsMobs-26.2\src\main\java\com\github\alexthe666\alexsmobs\client\render\RenderMungus.java:43: error: incompatible types: MungusSackLayer cannot be converted to RenderLayer<LivingEntityRenderState,ModelMungus>
        this.addLayer(new MungusSackLayer(this));
                      ^
C:\Users\justi\Documents\GitHub\AlexsMobs-26.2\src\main\java\com\github\alexthe666\alexsmobs\client\render\RenderMungus.java:44: error: incompatible types: MungusMushroomLayer cannot be converted to RenderLayer<LivingEntityRenderState,ModelMungus>
        this.addLayer(new MungusMushroomLayer(this));
                      ^
C:\Users\justi\Documents\GitHub\AlexsMobs-26.2\src\main\java\com\github\alexthe666\alexsmobs\client\render\RenderMungus.java:52: error: cannot find symbol
        p_229108_0_.vertex(p_229108_1_, p_229108_3_, p_229108_4_, p_229108_5_).color(p_229108_6_, p_229108_7_, p_229108_8_, 255).uv(p_229108_9_, p_229108_10_).overlayCoords(OverlayTexture.NO_OVERLAY).uv2(240).normal(p_229108_2_, 0.0F, 1.0F, 0.0F).endVertex();
                   ^
  symbol:   method vertex(Matrix4f,float,float,float)
  location: variable p_229108_0_ of type VertexConsumer
C:\Users\justi\Documents\GitHub\AlexsMobs-26.2\src\main\java\com\github\alexthe666\alexsmobs\client\render\RenderMungus.java:65: error: method setupRotations in class LivingEntityRenderer<T,S,M> cannot be applied to given types;
            super.setupRotations(entityLiving, matrixStackIn, ageInTicks, rotationYaw, partialTicks);
                 ^
  required: LivingEntityRenderState,PoseStack,float,float
  found:    EntityMungus,PoseStack,float,float,float
  reason: actual and formal argument lists differ in length
  where T,S,M are type-variables:
    T extends LivingEntity declared in class LivingEntityRenderer
    S extends LivingEntityRenderState declared in class LivingEntityRenderer
    M extends EntityModel<? super S> declared in class LivingEntityRenderer
C:\Users\justi\Documents\GitHub\AlexsMobs-26.2\src\main\java\com\github\alexthe666\alexsmobs\client\render\RenderMungus.java:107: error: cannot find symbol
        super.render(entityIn, entityYaw, partialTicks, matrixStackIn, bufferIn, packedLightIn);
             ^
  symbol: method render(EntityMungus,float,float,PoseStack,OrderedSubmitNodeCollector,int)
C:\Users\justi\Documents\GitHub\AlexsMobs-26.2\src\main\java\com\github\alexthe666\alexsmobs\client\render\RenderMungus.java:156: error: cannot find symbol
            VertexConsumer ivertexbuilder = bufferIn.getBuffer(beamType);
                                                    ^
  symbol:   method getBuffer(RenderType)
  location: variable bufferIn of type OrderedSubmitNodeCollector
C:\Users\justi\Documents\GitHub\AlexsMobs-26.2\src\main\java\com\github\alexthe666\alexsmobs\client\render\RenderMungus.java:186: error: type argument EntityMungus is not within bounds of type-variable S
    static class MungusSackLayer extends RenderLayer<EntityMungus, ModelMungus> {
                                                     ^
  where S is a type-variable:
    S extends EntityRenderState declared in class RenderLayer
C:\Users\justi\Documents\GitHub\AlexsMobs-26.2\src\main\java\com\github\alexthe666\alexsmobs\client\render\RenderMungus.java:186: error: MungusSackLayer is not abstract and does not override abstract method submit(PoseStack,SubmitNodeCollector,int,EntityMungus,float,float) in RenderLayer
    static class MungusSackLayer extends RenderLayer<EntityMungus, ModelMungus> {
           ^
C:\Users\justi\Documents\GitHub\AlexsMobs-26.2\src\main\java\com\github\alexthe666\alexsmobs\client\render\RenderMungus.java:189: error: incompatible types: RenderMungus cannot be converted to RenderLayerParent<EntityMungus,ModelMungus>
            super(p_i50928_1_);
                  ^
C:\Users\justi\Documents\GitHub\AlexsMobs-26.2\src\main\java\com\github\alexthe666\alexsmobs\client\render\RenderMungus.java:193: error: cannot find symbol
            VertexConsumer lead = bufferIn.getBuffer(AMRenderTypes.getEyesFlickering(TEXTURE_SACK_OVERLAY, 0));
                                          ^
  symbol:   method getBuffer(RenderType)
  location: variable bufferIn of type OrderedSubmitNodeCollector
C:\Users\justi\Documents\GitHub\AlexsMobs-26.2\src\main\java\com\github\alexthe666\alexsmobs\client\render\RenderMungus.java:197: error: cannot find symbol
                VertexConsumer beam = bufferIn.getBuffer(AMRenderTypes.getGhost(TEXTURE_BEAM_OVERLAY));
                                              ^
  symbol:   method getBuffer(RenderType)
  location: variable bufferIn of type OrderedSubmitNodeCollector
C:\Users\justi\Documents\GitHub\AlexsMobs-26.2\src\main\java\com\github\alexthe666\alexsmobs\client\render\RenderMungus.java:199: error: incompatible types: EntityMungus cannot be converted to LivingEntityRenderState
                this.getParentModel().renderToBuffer(matrixStackIn, beam, 240, LivingEntityRenderer.getOverlayCoords(entitylivingbaseIn, 0), 1.0F, 1.0F, 1.0F, beamAlpha);
                                                                                                                     ^
C:\Users\justi\Documents\GitHub\AlexsMobs-26.2\src\main\java\com\github\alexthe666\alexsmobs\client\render\RenderMungus.java:203: error: cannot find symbol
                VertexConsumer shoeBuffer = bufferIn.getBuffer(AMRenderTypes.entityCutoutNoCull(TEXTURE_SHOES));
                                                                            ^
  symbol:   method entityCutoutNoCull(Identifier)
  location: class AMRenderTypes
C:\Users\justi\Documents\GitHub\AlexsMobs-26.2\src\main\java\com\github\alexthe666\alexsmobs\client\render\RenderMungus.java:213: error: type argument EntityMungus is not within bounds of type-variable S
    static class MungusMushroomLayer extends RenderLayer<EntityMungus, ModelMungus> {
                                                         ^
  where S is a type-variable:
    S extends EntityRenderState declared in class RenderLayer
C:\Users\justi\Documents\GitHub\AlexsMobs-26.2\src\main\java\com\github\alexthe666\alexsmobs\client\render\RenderMungus.java:213: error: MungusMushroomLayer is not abstract and does not override abstract method submit(PoseStack,SubmitNodeCollector,int,EntityMungus,float,float) in RenderLayer
    static class MungusMushroomLayer extends RenderLayer<EntityMungus, ModelMungus> {
           ^
C:\Users\justi\Documents\GitHub\AlexsMobs-26.2\src\main\java\com\github\alexthe666\alexsmobs\client\render\RenderMungus.java:216: error: incompatible types: RenderMungus cannot be converted to RenderLayerParent<EntityMungus,ModelMungus>
            super(p_i50928_1_);
                  ^
C:\Users\justi\Documents\GitHub\AlexsMobs-26.2\src\main\java\com\github\alexthe666\alexsmobs\client\render\RenderMungus.java:220: error: cannot find symbol
            BlockRenderDispatcher blockrendererdispatcher = Minecraft.getInstance().getBlockRenderer();
            ^
  symbol:   class BlockRenderDispatcher
  location: class MungusMushroomLayer
C:\Users\justi\Documents\GitHub\AlexsMobs-26.2\src\main\java\com\github\alexthe666\alexsmobs\client\render\RenderMungus.java:220: error: cannot find symbol
            BlockRenderDispatcher blockrendererdispatcher = Minecraft.getInstance().getBlockRenderer();
                                                                                   ^
  symbol:   method getBlockRenderer()
  location: class Minecraft
C:\Users\justi\Documents\GitHub\AlexsMobs-26.2\src\main\java\com\github\alexthe666\alexsmobs\client\render\RenderMungus.java:225: error: incompatible types: EntityMungus cannot be converted to LivingEntityRenderState
            int i = LivingEntityRenderer.getOverlayCoords(entitylivingbaseIn, 0.0F);
                                                          ^
C:\Users\justi\Documents\GitHub\AlexsMobs-26.2\src\main\java\com\github\alexthe666\alexsmobs\client\render\RenderMurmurBody.java:18: error: type argument ModelMurmurBody is not within bounds of type-variable M
public class RenderMurmurBody extends MobRenderer<EntityMurmur, LivingEntityRenderState, ModelMurmurBody> {
                                                                                         ^
  where M,S are type-variables:
    M extends EntityModel<? super S> declared in class MobRenderer
    S extends LivingEntityRenderState declared in class MobRenderer
C:\Users\justi\Documents\GitHub\AlexsMobs-26.2\src\main\java\com\github\alexthe666\alexsmobs\client\render\RenderMurmurBody.java:18: error: RenderMurmurBody is not abstract and does not override abstract method getTextureLocation(LivingEntityRenderState) in LivingEntityRenderer
public class RenderMurmurBody extends MobRenderer<EntityMurmur, LivingEntityRenderState, ModelMurmurBody> {
       ^
C:\Users\justi\Documents\GitHub\AlexsMobs-26.2\src\main\java\com\github\alexthe666\alexsmobs\client\render\RenderMurmurBody.java:34: error: cannot find symbol
        super.render(body, entityYaw, partialTicks, matrixStackIn, bufferIn, packedLightIn);
             ^
  symbol: method render(EntityMurmur,float,float,PoseStack,OrderedSubmitNodeCollector,int)
C:\Users\justi\Documents\GitHub\AlexsMobs-26.2\src\main\java\com\github\alexthe666\alexsmobs\client\render\RenderMurmurBody.java:37: error: cannot find symbol
            float f7 = this.getBob(body, partialTicks);
                           ^
  symbol: method getBob(EntityMurmur,float)
C:\Users\justi\Documents\GitHub\AlexsMobs-26.2\src\main\java\com\github\alexthe666\alexsmobs\client\render\RenderMurmurBody.java:39: error: method getWhiteOverlayProgress in class LivingEntityRenderer<T,S,M> cannot be applied to given types;
            int overlayCoords = getOverlayCoords(body, this.getWhiteOverlayProgress(body, partialTicks));
                                                           ^
  required: LivingEntityRenderState
  found:    EntityMurmur,float
  reason: actual and formal argument lists differ in length
  where T,S,M are type-variables:
    T extends LivingEntity declared in class LivingEntityRenderer
    S extends LivingEntityRenderState declared in class LivingEntityRenderer
    M extends EntityModel<? super S> declared in class LivingEntityRenderer
C:\Users\justi\Documents\GitHub\AlexsMobs-26.2\src\main\java\com\github\alexthe666\alexsmobs\client\render\RenderMurmurBody.java:41: error: method setupRotations in class LivingEntityRenderer<T,S,M> cannot be applied to given types;
            this.setupRotations(body, matrixStackIn, f7, f, partialTicks);
                ^
  required: LivingEntityRenderState,PoseStack,float,float
  found:    EntityMurmur,PoseStack,float,float,float
  reason: actual and formal argument lists differ in length
  where T,S,M are type-variables:
    T extends LivingEntity declared in class LivingEntityRenderer
    S extends LivingEntityRenderState declared in class LivingEntityRenderer
    M extends EntityModel<? super S> declared in class LivingEntityRenderer
C:\Users\justi\Documents\GitHub\AlexsMobs-26.2\src\main\java\com\github\alexthe666\alexsmobs\client\render\RenderMurmurBody.java:48: error: cannot find symbol
            HEAD_MODEL.renderToBuffer(matrixStackIn, bufferIn.getBuffer(RenderType.entityCutoutNoCull(loc)), packedLightIn, overlayCoords, 1, 1F, 1, 1);
                                                                                  ^
  symbol:   method entityCutoutNoCull(Identifier)
  location: class RenderType
C:\Users\justi\Documents\GitHub\AlexsMobs-26.2\src\main\java\com\github\alexthe666\alexsmobs\client\render\RenderMurmurBody.java:52: error: cannot find symbol
            NECK_MODEL.renderToBuffer(matrixStackIn, bufferIn.getBuffer(RenderType.entityCutoutNoCull(loc)), packedLightIn, overlayCoords, 1, 1F, 1, 1);
                                                                                  ^
  symbol:   method entityCutoutNoCull(Identifier)
  location: class RenderType
C:\Users\justi\Documents\GitHub\AlexsMobs-26.2\src\main\java\com\github\alexthe666\alexsmobs\client\render\RenderMurmurHead.java:24: error: type argument ModelMurmurHead is not within bounds of type-variable M
public class RenderMurmurHead extends MobRenderer<EntityMurmurHead, LivingEntityRenderState, ModelMurmurHead> {
                                                                                             ^
  where M,S are type-variables:
    M extends EntityModel<? super S> declared in class MobRenderer
    S extends LivingEntityRenderState declared in class MobRenderer
C:\Users\justi\Documents\GitHub\AlexsMobs-26.2\src\main\java\com\github\alexthe666\alexsmobs\client\render\RenderMurmurHead.java:24: error: RenderMurmurHead is not abstract and does not override abstract method getTextureLocation(LivingEntityRenderState) in LivingEntityRenderer
public class RenderMurmurHead extends MobRenderer<EntityMurmurHead, LivingEntityRenderState, ModelMurmurHead> {
       ^
C:\Users\justi\Documents\GitHub\AlexsMobs-26.2\src\main\java\com\github\alexthe666\alexsmobs\client\render\RenderMurmurHead.java:54: error: cannot find symbol
        super.render(head, entityYaw, partialTicks, matrixStackIn, bufferIn, packedLightIn);
             ^
  symbol: method render(EntityMurmurHead,float,float,PoseStack,OrderedSubmitNodeCollector,int)
C:\Users\justi\Documents\GitHub\AlexsMobs-26.2\src\main\java\com\github\alexthe666\alexsmobs\client\render\RenderMurmurHead.java:63: error: cannot find symbol
            RenderType renderType = RenderType.entityCutoutNoCull(getTextureLocation(head));
                                              ^
  symbol:   method entityCutoutNoCull(Identifier)
  location: class RenderType
C:\Users\justi\Documents\GitHub\AlexsMobs-26.2\src\main\java\com\github\alexthe666\alexsmobs\client\render\RenderMurmurHead.java:64: error: method getWhiteOverlayProgress in class LivingEntityRenderer<T,S,M> cannot be applied to given types;
            int overlayCoords = getOverlayCoords(head, this.getWhiteOverlayProgress(head, partialTicks));
                                                           ^
  required: LivingEntityRenderState
  found:    EntityMurmurHead,float
  reason: actual and formal argument lists differ in length
  where T,S,M are type-variables:
    T extends LivingEntity declared in class LivingEntityRenderer
    S extends LivingEntityRenderState declared in class LivingEntityRenderer
    M extends EntityModel<? super S> declared in class LivingEntityRenderer
C:\Users\justi\Documents\GitHub\AlexsMobs-26.2\src\main\java\com\github\alexthe666\alexsmobs\client\render\RenderMurmurHead.java:75: error: cannot find symbol
                renderNeckCube(currentNeckButt, next, matrixStackIn, bufferIn.getBuffer(renderType), neckLight, overlayCoords, headYaw);
                                                                             ^
  symbol:   method getBuffer(RenderType)
  location: variable bufferIn of type OrderedSubmitNodeCollector
C:\Users\justi\Documents\GitHub\AlexsMobs-26.2\src\main\java\com\github\alexthe666\alexsmobs\client\render\RenderMurmurHead.java:98: error: method renderToBuffer in class Model<S> cannot be applied to given types;
        NECK_MODEL.renderToBuffer(poseStack, buffer, packedLightIn, overlayCoords, 1, 1F, 1, 1);
                  ^
  required: PoseStack,VertexConsumer,int,int,int
  found:    PoseStack,VertexConsumer,int,int,int,float,int,int
  reason: actual and formal argument lists differ in length
  where S is a type-variable:
    S extends Object declared in class Model
C:\Users\justi\Documents\GitHub\AlexsMobs-26.2\src\main\java\com\github\alexthe666\alexsmobs\client\render\RenderMurmurHead.java:105: error: cannot find symbol
            int i = LevelRenderer.getLightColor(head.level(), blockpos);
                                 ^
  symbol:   method getLightColor(Level,BlockPos)
  location: class LevelRenderer
C:\Users\justi\Documents\GitHub\AlexsMobs-26.2\src\main\java\com\github\alexthe666\alexsmobs\client\render\RenderMurmurHead.java:106: error: cannot find symbol
            int j = LevelRenderer.getLightColor(head.level(), blockpos.above());
                                 ^
  symbol:   method getLightColor(Level,BlockPos)
  location: class LevelRenderer
C:\Users\justi\Documents\GitHub\AlexsMobs-26.2\src\main\java\com\github\alexthe666\alexsmobs\client\render\RenderNothing.java:11: error: RenderNothing is not abstract and does not override abstract method getTextureLocation(LivingEntityRenderState) in LivingEntityRenderer
public class RenderNothing extends LivingEntityRenderer {
       ^
C:\Users\justi\Documents\GitHub\AlexsMobs-26.2\src\main\java\com\github\alexthe666\alexsmobs\client\render\RenderNothing.java:18: error: method does not override or implement a method from a supertype
    @Override
    ^
C:\Users\justi\Documents\GitHub\AlexsMobs-26.2\src\main\java\com\github\alexthe666\alexsmobs\client\render\RenderNothing.java:24: error: method shouldShowName in class LivingEntityRenderer<T,S,M> cannot be applied to given types;
        return super.shouldShowName(entity) && (entity.shouldShowName() || entity.hasCustomName() && entity == this.entityRenderDispatcher.crosshairPickEntity);
                    ^
  required: LivingEntity,double
  found:    LivingEntity
  reason: actual and formal argument lists differ in length
  where T,S,M are type-variables:
    T extends LivingEntity declared in class LivingEntityRenderer
    S extends LivingEntityRenderState declared in class LivingEntityRenderer
    M extends EntityModel<? super S> declared in class LivingEntityRenderer
C:\Users\justi\Documents\GitHub\AlexsMobs-26.2\src\main\java\com\github\alexthe666\alexsmobs\client\render\RenderNothing.java:26: error: method does not override or implement a method from a supertype
    @Override
    ^
C:\Users\justi\Documents\GitHub\AlexsMobs-26.2\src\main\java\com\github\alexthe666\alexsmobs\client\render\RenderOrca.java:13: error: type argument ModelOrca is not within bounds of type-variable M
public class RenderOrca extends MobRenderer<EntityOrca, LivingEntityRenderState, ModelOrca> {
                                                                                 ^
  where M,S are type-variables:
    M extends EntityModel<? super S> declared in class MobRenderer
    S extends LivingEntityRenderState declared in class MobRenderer
C:\Users\justi\Documents\GitHub\AlexsMobs-26.2\src\main\java\com\github\alexthe666\alexsmobs\client\render\RenderOrca.java:13: error: RenderOrca is not abstract and does not override abstract method getTextureLocation(LivingEntityRenderState) in LivingEntityRenderer
public class RenderOrca extends MobRenderer<EntityOrca, LivingEntityRenderState, ModelOrca> {
       ^
C:\Users\justi\Documents\GitHub\AlexsMobs-26.2\src\main\java\com\github\alexthe666\alexsmobs\client\render\RenderPlatypus.java:18: error: type argument ModelPlatypus is not within bounds of type-variable M
public class RenderPlatypus extends MobRenderer<EntityPlatypus, LivingEntityRenderState, ModelPlatypus> {
                                                                                         ^
  where M,S are type-variables:
    M extends EntityModel<? super S> declared in class MobRenderer
    S extends LivingEntityRenderState declared in class MobRenderer
C:\Users\justi\Documents\GitHub\AlexsMobs-26.2\src\main\java\com\github\alexthe666\alexsmobs\client\render\RenderPlatypus.java:18: error: RenderPlatypus is not abstract and does not override abstract method getTextureLocation(LivingEntityRenderState) in LivingEntityRenderer
public class RenderPlatypus extends MobRenderer<EntityPlatypus, LivingEntityRenderState, ModelPlatypus> {
       ^
C:\Users\justi\Documents\GitHub\AlexsMobs-26.2\src\main\java\com\github\alexthe666\alexsmobs\client\render\RenderPlatypus.java:24: error: incompatible types: FedoraLayer cannot be converted to RenderLayer<LivingEntityRenderState,ModelPlatypus>
        this.addLayer(new FedoraLayer(this));
                      ^
C:\Users\justi\Documents\GitHub\AlexsMobs-26.2\src\main\java\com\github\alexthe666\alexsmobs\client\render\RenderPlatypus.java:35: error: type argument EntityPlatypus is not within bounds of type-variable S
    static class FedoraLayer extends RenderLayer<EntityPlatypus, ModelPlatypus> {
                                                 ^
  where S is a type-variable:
    S extends EntityRenderState declared in class RenderLayer
C:\Users\justi\Documents\GitHub\AlexsMobs-26.2\src\main\java\com\github\alexthe666\alexsmobs\client\render\RenderPlatypus.java:35: error: FedoraLayer is not abstract and does not override abstract method submit(PoseStack,SubmitNodeCollector,int,EntityPlatypus,float,float) in RenderLayer
    static class FedoraLayer extends RenderLayer<EntityPlatypus, ModelPlatypus> {
           ^
C:\Users\justi\Documents\GitHub\AlexsMobs-26.2\src\main\java\com\github\alexthe666\alexsmobs\client\render\RenderPlatypus.java:39: error: incompatible types: RenderPlatypus cannot be converted to RenderLayerParent<EntityPlatypus,ModelPlatypus>
            super(renderGrizzlyBear);
                  ^
C:\Users\justi\Documents\GitHub\AlexsMobs-26.2\src\main\java\com\github\alexthe666\alexsmobs\client\render\RenderPlatypus.java:44: error: cannot find symbol
                VertexConsumer ivertexbuilder = bufferIn.getBuffer(RenderType.entityCutout(TEXTURE));
                                                                             ^
  symbol:   method entityCutout(Identifier)
  location: class RenderType
C:\Users\justi\Documents\GitHub\AlexsMobs-26.2\src\main\java\com\github\alexthe666\alexsmobs\client\render\RenderPlatypus.java:45: error: incompatible types: EntityPlatypus cannot be converted to LivingEntityRenderState
                this.getParentModel().renderToBuffer(matrixStackIn, ivertexbuilder, packedLightIn, LivingEntityRenderer.getOverlayCoords(entitylivingbaseIn, 0.0F), 1.0F, 1.0F, 1.0F, 1.0F);
                                                                                                                                         ^
C:\Users\justi\Documents\GitHub\AlexsMobs-26.2\src\main\java\com\github\alexthe666\alexsmobs\client\render\RenderPollenBall.java:17: error: RenderPollenBall is not abstract and does not override abstract method createRenderState() in EntityRenderer
public class RenderPollenBall extends EntityRenderer<EntityPollenBall, EntityRenderState> {
       ^
C:\Users\justi\Documents\GitHub\AlexsMobs-26.2\src\main\java\com\github\alexthe666\alexsmobs\client\render\RenderPollenBall.java:24: error: method does not override or implement a method from a supertype
    @Override
    ^
C:\Users\justi\Documents\GitHub\AlexsMobs-26.2\src\main\java\com\github\alexthe666\alexsmobs\client\render\RenderPollenBall.java:29: error: method does not override or implement a method from a supertype
    @Override
    ^
C:\Users\justi\Documents\GitHub\AlexsMobs-26.2\src\main\java\com\github\alexthe666\alexsmobs\client\render\RenderPollenBall.java:38: error: cannot find symbol
        VertexConsumer ivertexbuilder = bufferIn.getBuffer(AMRenderTypes.getFullBright(getTextureLocation(entityIn)));
                                                ^
  symbol:   method getBuffer(RenderType)
  location: variable bufferIn of type OrderedSubmitNodeCollector
C:\Users\justi\Documents\GitHub\AlexsMobs-26.2\src\main\java\com\github\alexthe666\alexsmobs\client\render\RenderPollenBall.java:39: error: method renderToBuffer in class Model<S> cannot be applied to given types;
        MODEL_POLLEN_BALL.renderToBuffer(matrixStackIn, ivertexbuilder, packedLightIn, OverlayTexture.NO_OVERLAY, 1.0F, 1.0F, 1.0F, 1.0F);
                         ^
  required: PoseStack,VertexConsumer,int,int,int
  found:    PoseStack,VertexConsumer,int,int,float,float,float,float
  reason: actual and formal argument lists differ in length
  where S is a type-variable:
    S extends Object declared in class Model
C:\Users\justi\Documents\GitHub\AlexsMobs-26.2\src\main\java\com\github\alexthe666\alexsmobs\entity\EntityPollenBall.java:13: error: EntityPollenBall is not abstract and does not override abstract method hurtServer(ServerLevel,DamageSource,float) in Entity
public class EntityPollenBall extends EntityMobProjectile {
       ^
C:\Users\justi\Documents\GitHub\AlexsMobs-26.2\src\main\java\com\github\alexthe666\alexsmobs\entity\EntityPollenBall.java:35: error: method kill in class Entity cannot be applied to given types;
                this.kill();
                    ^
  required: ServerLevel
  found:    no arguments
  reason: actual and formal argument lists differ in length
C:\Users\justi\Documents\GitHub\AlexsMobs-26.2\src\main\java\com\github\alexthe666\alexsmobs\client\render\RenderPotoo.java:24: error: type argument ModelPotoo is not within bounds of type-variable M
public class RenderPotoo extends MobRenderer<EntityPotoo, LivingEntityRenderState, ModelPotoo> {
                                                                                   ^
  where M,S are type-variables:
    M extends EntityModel<? super S> declared in class MobRenderer
    S extends LivingEntityRenderState declared in class MobRenderer
C:\Users\justi\Documents\GitHub\AlexsMobs-26.2\src\main\java\com\github\alexthe666\alexsmobs\client\render\RenderPotoo.java:24: error: RenderPotoo is not abstract and does not override abstract method getTextureLocation(LivingEntityRenderState) in LivingEntityRenderer
public class RenderPotoo extends MobRenderer<EntityPotoo, LivingEntityRenderState, ModelPotoo> {
       ^
C:\Users\justi\Documents\GitHub\AlexsMobs-26.2\src\main\java\com\github\alexthe666\alexsmobs\client\render\RenderRainFrog.java:13: error: type argument ModelRainFrog is not within bounds of type-variable M
public class RenderRainFrog extends MobRenderer<EntityRainFrog, LivingEntityRenderState, ModelRainFrog> {
                                                                                         ^
  where M,S are type-variables:
    M extends EntityModel<? super S> declared in class MobRenderer
    S extends LivingEntityRenderState declared in class MobRenderer
C:\Users\justi\Documents\GitHub\AlexsMobs-26.2\src\main\java\com\github\alexthe666\alexsmobs\client\render\RenderRainFrog.java:13: error: RenderRainFrog is not abstract and does not override abstract method getTextureLocation(LivingEntityRenderState) in LivingEntityRenderer
public class RenderRainFrog extends MobRenderer<EntityRainFrog, LivingEntityRenderState, ModelRainFrog> {
       ^
C:\Users\justi\Documents\GitHub\AlexsMobs-26.2\src\main\java\com\github\alexthe666\alexsmobs\client\render\RenderRattlesnake.java:13: error: type argument ModelRattlesnake is not within bounds of type-variable M
public class RenderRattlesnake extends MobRenderer<EntityRattlesnake, LivingEntityRenderState, ModelRattlesnake> {
                                                                                               ^
  where M,S are type-variables:
    M extends EntityModel<? super S> declared in class MobRenderer
    S extends LivingEntityRenderState declared in class MobRenderer
C:\Users\justi\Documents\GitHub\AlexsMobs-26.2\src\main\java\com\github\alexthe666\alexsmobs\client\render\RenderRattlesnake.java:13: error: RenderRattlesnake is not abstract and does not override abstract method getTextureLocation(LivingEntityRenderState) in LivingEntityRenderer
public class RenderRattlesnake extends MobRenderer<EntityRattlesnake, LivingEntityRenderState, ModelRattlesnake> {
       ^
C:\Users\justi\Documents\GitHub\AlexsMobs-26.2\src\main\java\com\github\alexthe666\alexsmobs\client\render\RenderRhinoceros.java:16: error: type argument ModelRhinoceros is not within bounds of type-variable M
public class RenderRhinoceros extends MobRenderer<EntityRhinoceros, LivingEntityRenderState, ModelRhinoceros> {
                                                                                             ^
  where M,S are type-variables:
    M extends EntityModel<? super S> declared in class MobRenderer
    S extends LivingEntityRenderState declared in class MobRenderer
C:\Users\justi\Documents\GitHub\AlexsMobs-26.2\src\main\java\com\github\alexthe666\alexsmobs\client\render\RenderRhinoceros.java:16: error: RenderRhinoceros is not abstract and does not override abstract method getTextureLocation(LivingEntityRenderState) in LivingEntityRenderer
public class RenderRhinoceros extends MobRenderer<EntityRhinoceros, LivingEntityRenderState, ModelRhinoceros> {
       ^
C:\Users\justi\Documents\GitHub\AlexsMobs-26.2\src\main\java\com\github\alexthe666\alexsmobs\client\render\RenderRhinoceros.java:23: error: incompatible types: PotionLayer cannot be converted to RenderLayer<LivingEntityRenderState,ModelRhinoceros>
        this.addLayer(new PotionLayer(this));
                      ^
C:\Users\justi\Documents\GitHub\AlexsMobs-26.2\src\main\java\com\github\alexthe666\alexsmobs\client\render\RenderRhinoceros.java:35: error: type argument EntityRhinoceros is not within bounds of type-variable S
    private static class PotionLayer extends RenderLayer<EntityRhinoceros, ModelRhinoceros> {
                                                         ^
  where S is a type-variable:
    S extends EntityRenderState declared in class RenderLayer
C:\Users\justi\Documents\GitHub\AlexsMobs-26.2\src\main\java\com\github\alexthe666\alexsmobs\client\render\RenderRhinoceros.java:35: error: PotionLayer is not abstract and does not override abstract method submit(PoseStack,SubmitNodeCollector,int,EntityRhinoceros,float,float) in RenderLayer
    private static class PotionLayer extends RenderLayer<EntityRhinoceros, ModelRhinoceros> {
                   ^
C:\Users\justi\Documents\GitHub\AlexsMobs-26.2\src\main\java\com\github\alexthe666\alexsmobs\client\render\RenderRhinoceros.java:37: error: incompatible types: RenderRhinoceros cannot be converted to RenderLayerParent<EntityRhinoceros,ModelRhinoceros>
            super(parent);
                  ^
C:\Users\justi\Documents\GitHub\AlexsMobs-26.2\src\main\java\com\github\alexthe666\alexsmobs\client\render\RenderRhinoceros.java:46: error: cannot find symbol
                this.getParentModel().renderToBuffer(p_225628_1_, p_225628_2_.getBuffer(AMRenderTypes.entityCutoutNoCull(TEXTURE_POTION)), p_225628_3_, OverlayTexture.NO_OVERLAY, r, g, b, 1.0F);
                                                                                                     ^
  symbol:   method entityCutoutNoCull(Identifier)
  location: class AMRenderTypes
C:\Users\justi\Documents\GitHub\AlexsMobs-26.2\src\main\java\com\github\alexthe666\alexsmobs\client\render\RenderRoadrunner.java:12: error: type argument ModelRoadrunner is not within bounds of type-variable M
public class RenderRoadrunner extends MobRenderer<EntityRoadrunner, LivingEntityRenderState, ModelRoadrunner> {
                                                                                             ^
  where M,S are type-variables:
    M extends EntityModel<? super S> declared in class MobRenderer
    S extends LivingEntityRenderState declared in class MobRenderer
C:\Users\justi\Documents\GitHub\AlexsMobs-26.2\src\main\java\com\github\alexthe666\alexsmobs\client\render\RenderRoadrunner.java:12: error: RenderRoadrunner is not abstract and does not override abstract method getTextureLocation(LivingEntityRenderState) in LivingEntityRenderer
public class RenderRoadrunner extends MobRenderer<EntityRoadrunner, LivingEntityRenderState, ModelRoadrunner> {
       ^
C:\Users\justi\Documents\GitHub\AlexsMobs-26.2\src\main\java\com\github\alexthe666\alexsmobs\client\render\RenderRockyRoller.java:13: error: type argument ModelRockyRoller is not within bounds of type-variable M
public class RenderRockyRoller extends MobRenderer<EntityRockyRoller, LivingEntityRenderState, ModelRockyRoller> {
                                                                                               ^
  where M,S are type-variables:
    M extends EntityModel<? super S> declared in class MobRenderer
    S extends LivingEntityRenderState declared in class MobRenderer
C:\Users\justi\Documents\GitHub\AlexsMobs-26.2\src\main\java\com\github\alexthe666\alexsmobs\client\render\RenderRockyRoller.java:13: error: RenderRockyRoller is not abstract and does not override abstract method getTextureLocation(LivingEntityRenderState) in LivingEntityRenderer
public class RenderRockyRoller extends MobRenderer<EntityRockyRoller, LivingEntityRenderState, ModelRockyRoller> {
       ^
C:\Users\justi\Documents\GitHub\AlexsMobs-26.2\src\main\java\com\github\alexthe666\alexsmobs\client\render\RenderSandShot.java:20: error: RenderSandShot is not abstract and does not override abstract method createRenderState() in EntityRenderer
public class RenderSandShot extends EntityRenderer<EntitySandShot, EntityRenderState> {
       ^
C:\Users\justi\Documents\GitHub\AlexsMobs-26.2\src\main\java\com\github\alexthe666\alexsmobs\client\render\RenderSandShot.java:26: error: cannot infer type arguments for LlamaSpitModel
        model = new LlamaSpitModel<>(renderManagerIn.bakeLayer(ModelLayers.LLAMA_SPIT));
                                  ^
  reason: cannot use '<>' with non-generic class LlamaSpitModel
C:\Users\justi\Documents\GitHub\AlexsMobs-26.2\src\main\java\com\github\alexthe666\alexsmobs\client\render\RenderSandShot.java:39: error: cannot find symbol
        VertexConsumer ivertexbuilder = bufferIn.getBuffer(this.model.renderType(SAND_SHOT));
                                                ^
  symbol:   method getBuffer(RenderType)
  location: variable bufferIn of type OrderedSubmitNodeCollector
C:\Users\justi\Documents\GitHub\AlexsMobs-26.2\src\main\java\com\github\alexthe666\alexsmobs\client\render\RenderSandShot.java:40: error: method renderToBuffer in class Model<S> cannot be applied to given types;
        this.model.renderToBuffer(matrixStackIn, ivertexbuilder, packedLightIn, OverlayTexture.NO_OVERLAY, r, g, b, 1.0F);
                  ^
  required: PoseStack,VertexConsumer,int,int,int
  found:    PoseStack,VertexConsumer,int,int,float,float,float,float
  reason: actual and formal argument lists differ in length
  where S is a type-variable:
    S extends Object declared in class Model
C:\Users\justi\Documents\GitHub\AlexsMobs-26.2\src\main\java\com\github\alexthe666\alexsmobs\client\render\RenderSandShot.java:42: error: cannot find symbol
        super.render(entityIn, entityYaw, partialTicks, matrixStackIn, bufferIn, packedLightIn);
             ^
  symbol: method render(EntitySandShot,float,float,PoseStack,OrderedSubmitNodeCollector,int)
C:\Users\justi\Documents\GitHub\AlexsMobs-26.2\src\main\java\com\github\alexthe666\alexsmobs\entity\EntitySandShot.java:35: error: EntitySandShot is not abstract and does not override abstract method hurtServer(ServerLevel,DamageSource,float) in Entity
public class EntitySandShot extends Entity {
       ^
C:\Users\justi\Documents\GitHub\AlexsMobs-26.2\src\main\java\com\github\alexthe666\alexsmobs\entity\EntitySandShot.java:85: error: method does not override or implement a method from a supertype
    @Override
    ^
C:\Users\justi\Documents\GitHub\AlexsMobs-26.2\src\main\java\com\github\alexthe666\alexsmobs\entity\EntitySandShot.java:87: error: method getAddEntityPacket in class Entity cannot be applied to given types;
        return super.getAddEntityPacket();
                    ^
  required: ServerEntity
  found:    no arguments
  reason: actual and formal argument lists differ in length
C:\Users\justi\Documents\GitHub\AlexsMobs-26.2\src\main\java\com\github\alexthe666\alexsmobs\entity\EntitySandShot.java:241: error: cannot find symbol
            this.moveTo(this.getX(), this.getY(), this.getZ(), this.getYRot(), this.getXRot());
                ^
  symbol: method moveTo(double,double,double,float,float)
C:\Users\justi\Documents\GitHub\AlexsMobs-26.2\src\main\java\com\github\alexthe666\alexsmobs\client\render\RenderSeaBear.java:13: error: type argument ModelSeaBear is not within bounds of type-variable M
public class RenderSeaBear extends MobRenderer<EntitySeaBear, LivingEntityRenderState, ModelSeaBear> {
                                                                                       ^
  where M,S are type-variables:
    M extends EntityModel<? super S> declared in class MobRenderer
    S extends LivingEntityRenderState declared in class MobRenderer
C:\Users\justi\Documents\GitHub\AlexsMobs-26.2\src\main\java\com\github\alexthe666\alexsmobs\client\render\RenderSeaBear.java:13: error: RenderSeaBear is not abstract and does not override abstract method getTextureLocation(LivingEntityRenderState) in LivingEntityRenderer
public class RenderSeaBear extends MobRenderer<EntitySeaBear, LivingEntityRenderState, ModelSeaBear> {
       ^
C:\Users\justi\Documents\GitHub\AlexsMobs-26.2\src\main\java\com\github\alexthe666\alexsmobs\client\render\RenderSeagull.java:21: error: type argument ModelSeagull is not within bounds of type-variable M
public class RenderSeagull extends MobRenderer<EntitySeagull, LivingEntityRenderState, ModelSeagull> {
                                                                                       ^
  where M,S are type-variables:
    M extends EntityModel<? super S> declared in class MobRenderer
    S extends LivingEntityRenderState declared in class MobRenderer
C:\Users\justi\Documents\GitHub\AlexsMobs-26.2\src\main\java\com\github\alexthe666\alexsmobs\client\render\RenderSeagull.java:21: error: RenderSeagull is not abstract and does not override abstract method getTextureLocation(LivingEntityRenderState) in LivingEntityRenderer
public class RenderSeagull extends MobRenderer<EntitySeagull, LivingEntityRenderState, ModelSeagull> {
       ^
C:\Users\justi\Documents\GitHub\AlexsMobs-26.2\src\main\java\com\github\alexthe666\alexsmobs\client\render\RenderSeagull.java:27: error: incompatible types: LayerHeldItem cannot be converted to RenderLayer<LivingEntityRenderState,ModelSeagull>
        this.addLayer(new LayerHeldItem(this));
                      ^
C:\Users\justi\Documents\GitHub\AlexsMobs-26.2\src\main\java\com\github\alexthe666\alexsmobs\client\render\RenderSeagull.java:37: error: type argument EntitySeagull is not within bounds of type-variable S
    static class LayerHeldItem extends RenderLayer<EntitySeagull, ModelSeagull> {
                                                   ^
  where S is a type-variable:
    S extends EntityRenderState declared in class RenderLayer
C:\Users\justi\Documents\GitHub\AlexsMobs-26.2\src\main\java\com\github\alexthe666\alexsmobs\client\render\RenderSeagull.java:37: error: LayerHeldItem is not abstract and does not override abstract method submit(PoseStack,SubmitNodeCollector,int,EntitySeagull,float,float) in RenderLayer
    static class LayerHeldItem extends RenderLayer<EntitySeagull, ModelSeagull> {
           ^
C:\Users\justi\Documents\GitHub\AlexsMobs-26.2\src\main\java\com\github\alexthe666\alexsmobs\client\render\RenderSeagull.java:40: error: incompatible types: RenderSeagull cannot be converted to RenderLayerParent<EntitySeagull,ModelSeagull>
            super(render);
                  ^
C:\Users\justi\Documents\GitHub\AlexsMobs-26.2\src\main\java\com\github\alexthe666\alexsmobs\client\render\RenderSeagull.java:56: error: method renderItem in class ItemInHandRenderer cannot be applied to given types;
            renderer.renderItem(entitylivingbaseIn, itemstack, ItemDisplayContext.GROUND, false, matrixStackIn, bufferIn, packedLightIn);
                    ^
  required: LivingEntity,ItemStack,ItemDisplayContext,PoseStack,SubmitNodeCollector,int
  found:    EntitySeagull,ItemStack,ItemDisplayContext,boolean,PoseStack,OrderedSubmitNodeCollector,int
  reason: actual and formal argument lists differ in length
C:\Users\justi\Documents\GitHub\AlexsMobs-26.2\src\main\java\com\github\alexthe666\alexsmobs\entity\EntitySharkToothArrow.java:41: error: cannot find symbol
        if (damage >= 3.0F && player.getUseItem().getItem().canPerformAction(player.getUseItem(), ItemAbilities.SHIELD_BLOCK)) {
                                                                                                               ^
  symbol:   variable SHIELD_BLOCK
  location: class ItemAbilities
C:\Users\justi\Documents\GitHub\AlexsMobs-26.2\src\main\java\com\github\alexthe666\alexsmobs\entity\EntitySharkToothArrow.java:44: error: no suitable method found for hurtAndBreak(int,Player,(p_213360_[...]T); })
            player.getUseItem().hurtAndBreak(i, player, (p_213360_0_) -> {
                               ^
    method ItemStack.hurtAndBreak(int,LivingEntity,InteractionHand) is not applicable
      (argument mismatch; InteractionHand is not a functional interface)
    method ItemStack.hurtAndBreak(int,LivingEntity,EquipmentSlot) is not applicable
      (argument mismatch; EquipmentSlot is not a functional interface)
C:\Users\justi\Documents\GitHub\AlexsMobs-26.2\src\main\java\com\github\alexthe666\alexsmobs\entity\EntitySharkToothArrow.java:50: error: cannot find symbol
                net.neoforged.neoforge.event.ForgeEventFactory.onPlayerDestroyItem(player, copyBeforeUse, Hand);
                                            ^
  symbol:   class ForgeEventFactory
  location: package net.neoforged.neoforge.event
C:\Users\justi\Documents\GitHub\AlexsMobs-26.2\src\main\java\com\github\alexthe666\alexsmobs\entity\EntitySharkToothArrow.java:53: error: cannot find symbol
                    this.setItemSlot(EquipmentSlot.MAINHAND, ItemStack.EMPTY);
                        ^
  symbol: method setItemSlot(EquipmentSlot,ItemStack)
C:\Users\justi\Documents\GitHub\AlexsMobs-26.2\src\main\java\com\github\alexthe666\alexsmobs\entity\EntitySharkToothArrow.java:55: error: cannot find symbol
                    this.setItemSlot(EquipmentSlot.OFFHAND, ItemStack.EMPTY);
                        ^
  symbol: method setItemSlot(EquipmentSlot,ItemStack)
C:\Users\justi\Documents\GitHub\AlexsMobs-26.2\src\main\java\com\github\alexthe666\alexsmobs\entity\EntitySharkToothArrow.java:58: error: incompatible types: Reference<SoundEvent> cannot be converted to SoundEvent
                this.playSound(SoundEvents.SHIELD_BREAK, 0.8F, 0.8F + this.level().getRandom().nextFloat() * 0.4F);
                                          ^
C:\Users\justi\Documents\GitHub\AlexsMobs-26.2\src\main\java\com\github\alexthe666\alexsmobs\entity\EntitySharkToothArrow.java:65: error: cannot find symbol
            this.damageShield((Player) living, (float) this.getBaseDamage());
                                                           ^
  symbol: method getBaseDamage()
C:\Users\justi\Documents\GitHub\AlexsMobs-26.2\src\main\java\com\github\alexthe666\alexsmobs\entity\EntitySharkToothArrow.java:68: error: cannot find symbol
        if(living.getMobType() == MobType.WATER || living instanceof Drowned || living.getMobType() != MobType.UNDEAD && living.canBreatheUnderwater()){
                 ^
  symbol:   method getMobType()
  location: variable living of type LivingEntity
C:\Users\justi\Documents\GitHub\AlexsMobs-26.2\src\main\java\com\github\alexthe666\alexsmobs\entity\EntitySharkToothArrow.java:68: error: cannot find symbol
        if(living.getMobType() == MobType.WATER || living instanceof Drowned || living.getMobType() != MobType.UNDEAD && living.canBreatheUnderwater()){
                                  ^
  symbol:   variable MobType
  location: class EntitySharkToothArrow
C:\Users\justi\Documents\GitHub\AlexsMobs-26.2\src\main\java\com\github\alexthe666\alexsmobs\entity\EntitySharkToothArrow.java:68: error: cannot find symbol
        if(living.getMobType() == MobType.WATER || living instanceof Drowned || living.getMobType() != MobType.UNDEAD && living.canBreatheUnderwater()){
                                                                                      ^
  symbol:   method getMobType()
  location: variable living of type LivingEntity
C:\Users\justi\Documents\GitHub\AlexsMobs-26.2\src\main\java\com\github\alexthe666\alexsmobs\entity\EntitySharkToothArrow.java:68: error: cannot find symbol
        if(living.getMobType() == MobType.WATER || living instanceof Drowned || living.getMobType() != MobType.UNDEAD && living.canBreatheUnderwater()){
                                                                                                       ^
  symbol:   variable MobType
  location: class EntitySharkToothArrow
C:\Users\justi\Documents\GitHub\AlexsMobs-26.2\src\main\java\com\github\alexthe666\alexsmobs\entity\EntitySharkToothArrow.java:84: error: method does not override or implement a method from a supertype
    @Override
    ^
C:\Users\justi\Documents\GitHub\AlexsMobs-26.2\src\main\java\com\github\alexthe666\alexsmobs\entity\EntitySharkToothArrow.java:86: error: method getAddEntityPacket in class Projectile cannot be applied to given types;
        return super.getAddEntityPacket();
                    ^
  required: ServerEntity
  found:    no arguments
  reason: actual and formal argument lists differ in length
C:\Users\justi\Documents\GitHub\AlexsMobs-26.2\src\main\java\com\github\alexthe666\alexsmobs\client\render\RenderShoebill.java:13: error: type argument ModelShoebill is not within bounds of type-variable M
public class RenderShoebill extends MobRenderer<EntityShoebill, LivingEntityRenderState, ModelShoebill> {
                                                                                         ^
  where M,S are type-variables:
    M extends EntityModel<? super S> declared in class MobRenderer
    S extends LivingEntityRenderState declared in class MobRenderer
C:\Users\justi\Documents\GitHub\AlexsMobs-26.2\src\main\java\com\github\alexthe666\alexsmobs\client\render\RenderShoebill.java:13: error: RenderShoebill is not abstract and does not override abstract method getTextureLocation(LivingEntityRenderState) in LivingEntityRenderer
public class RenderShoebill extends MobRenderer<EntityShoebill, LivingEntityRenderState, ModelShoebill> {
       ^
C:\Users\justi\Documents\GitHub\AlexsMobs-26.2\src\main\java\com\github\alexthe666\alexsmobs\client\render\RenderSkelewag.java:14: error: type argument ModelSkelewag is not within bounds of type-variable M
public class RenderSkelewag extends MobRenderer<EntitySkelewag, LivingEntityRenderState, ModelSkelewag> {
                                                                                         ^
  where M,S are type-variables:
    M extends EntityModel<? super S> declared in class MobRenderer
    S extends LivingEntityRenderState declared in class MobRenderer
C:\Users\justi\Documents\GitHub\AlexsMobs-26.2\src\main\java\com\github\alexthe666\alexsmobs\client\render\RenderSkelewag.java:14: error: RenderSkelewag is not abstract and does not override abstract method getTextureLocation(LivingEntityRenderState) in LivingEntityRenderer
public class RenderSkelewag extends MobRenderer<EntitySkelewag, LivingEntityRenderState, ModelSkelewag> {
       ^
C:\Users\justi\Documents\GitHub\AlexsMobs-26.2\src\main\java\com\github\alexthe666\alexsmobs\client\render\RenderSkreecher.java:17: error: type argument ModelSkreecher is not within bounds of type-variable M
public class RenderSkreecher extends MobRenderer<EntitySkreecher, LivingEntityRenderState, ModelSkreecher> {
                                                                                           ^
  where M,S are type-variables:
    M extends EntityModel<? super S> declared in class MobRenderer
    S extends LivingEntityRenderState declared in class MobRenderer
C:\Users\justi\Documents\GitHub\AlexsMobs-26.2\src\main\java\com\github\alexthe666\alexsmobs\client\render\RenderSkreecher.java:17: error: RenderSkreecher is not abstract and does not override abstract method getTextureLocation(LivingEntityRenderState) in LivingEntityRenderer
public class RenderSkreecher extends MobRenderer<EntitySkreecher, LivingEntityRenderState, ModelSkreecher> {
       ^
C:\Users\justi\Documents\GitHub\AlexsMobs-26.2\src\main\java\com\github\alexthe666\alexsmobs\client\render\RenderSkreecher.java:23: error: incompatible types: LayerScorch cannot be converted to RenderLayer<LivingEntityRenderState,ModelSkreecher>
        this.addLayer(new LayerScorch(this));
                      ^
C:\Users\justi\Documents\GitHub\AlexsMobs-26.2\src\main\java\com\github\alexthe666\alexsmobs\client\render\RenderSkreecher.java:33: error: type argument EntitySkreecher is not within bounds of type-variable S
    static class LayerScorch extends RenderLayer<EntitySkreecher, ModelSkreecher> {
                                                 ^
  where S is a type-variable:
    S extends EntityRenderState declared in class RenderLayer
C:\Users\justi\Documents\GitHub\AlexsMobs-26.2\src\main\java\com\github\alexthe666\alexsmobs\client\render\RenderSkreecher.java:33: error: LayerScorch is not abstract and does not override abstract method submit(PoseStack,SubmitNodeCollector,int,EntitySkreecher,float,float) in RenderLayer
    static class LayerScorch extends RenderLayer<EntitySkreecher, ModelSkreecher> {
           ^
C:\Users\justi\Documents\GitHub\AlexsMobs-26.2\src\main\java\com\github\alexthe666\alexsmobs\client\render\RenderSkreecher.java:36: error: incompatible types: RenderSkreecher cannot be converted to RenderLayerParent<EntitySkreecher,ModelSkreecher>
            super(render);
                  ^
C:\Users\justi\Documents\GitHub\AlexsMobs-26.2\src\main\java\com\github\alexthe666\alexsmobs\client\render\RenderSkreecher.java:40: error: cannot find symbol
            VertexConsumer scorch = bufferIn.getBuffer(AMRenderTypes.getEyesAlphaEnabled(TEXTURE_GLOW));
                                            ^
  symbol:   method getBuffer(RenderType)
  location: variable bufferIn of type OrderedSubmitNodeCollector
C:\Users\justi\Documents\GitHub\AlexsMobs-26.2\src\main\java\com\github\alexthe666\alexsmobs\client\render\RenderSkreecher.java:42: error: incompatible types: EntitySkreecher cannot be converted to LivingEntityRenderState
            this.getParentModel().renderToBuffer(matrixStackIn, scorch, 240, LivingEntityRenderer.getOverlayCoords(entitylivingbaseIn, 0), 1.0F, 1.0F, 1.0F, alpha);
                                                                                                                   ^
C:\Users\justi\Documents\GitHub\AlexsMobs-26.2\src\main\java\com\github\alexthe666\alexsmobs\client\render\RenderSkunk.java:12: error: type argument ModelSkunk is not within bounds of type-variable M
public class RenderSkunk extends MobRenderer<EntitySkunk, LivingEntityRenderState, ModelSkunk> {
                                                                                   ^
  where M,S are type-variables:
    M extends EntityModel<? super S> declared in class MobRenderer
    S extends LivingEntityRenderState declared in class MobRenderer
C:\Users\justi\Documents\GitHub\AlexsMobs-26.2\src\main\java\com\github\alexthe666\alexsmobs\client\render\RenderSkunk.java:12: error: RenderSkunk is not abstract and does not override abstract method getTextureLocation(LivingEntityRenderState) in LivingEntityRenderer
public class RenderSkunk extends MobRenderer<EntitySkunk, LivingEntityRenderState, ModelSkunk> {
       ^
C:\Users\justi\Documents\GitHub\AlexsMobs-26.2\src\main\java\com\github\alexthe666\alexsmobs\client\render\RenderSnowLeopard.java:13: error: type argument ModelSnowLeopard is not within bounds of type-variable M
public class RenderSnowLeopard extends MobRenderer<EntitySnowLeopard, LivingEntityRenderState, ModelSnowLeopard> {
                                                                                               ^
  where M,S are type-variables:
    M extends EntityModel<? super S> declared in class MobRenderer
    S extends LivingEntityRenderState declared in class MobRenderer
C:\Users\justi\Documents\GitHub\AlexsMobs-26.2\src\main\java\com\github\alexthe666\alexsmobs\client\render\RenderSnowLeopard.java:13: error: RenderSnowLeopard is not abstract and does not override abstract method getTextureLocation(LivingEntityRenderState) in LivingEntityRenderer
public class RenderSnowLeopard extends MobRenderer<EntitySnowLeopard, LivingEntityRenderState, ModelSnowLeopard> {
       ^
C:\Users\justi\Documents\GitHub\AlexsMobs-26.2\src\main\java\com\github\alexthe666\alexsmobs\client\render\RenderSpectre.java:20: error: type argument ModelSpectre is not within bounds of type-variable M
public class RenderSpectre extends MobRenderer<EntitySpectre, LivingEntityRenderState, ModelSpectre> {
                                                                                       ^
  where M,S are type-variables:
    M extends EntityModel<? super S> declared in class MobRenderer
    S extends LivingEntityRenderState declared in class MobRenderer
C:\Users\justi\Documents\GitHub\AlexsMobs-26.2\src\main\java\com\github\alexthe666\alexsmobs\client\render\RenderSpectre.java:20: error: RenderSpectre is not abstract and does not override abstract method getTextureLocation(LivingEntityRenderState) in LivingEntityRenderer
public class RenderSpectre extends MobRenderer<EntitySpectre, LivingEntityRenderState, ModelSpectre> {
       ^
C:\Users\justi\Documents\GitHub\AlexsMobs-26.2\src\main\java\com\github\alexthe666\alexsmobs\client\render\RenderSpectre.java:28: error: incompatible types: SpectreEyesLayer cannot be converted to RenderLayer<LivingEntityRenderState,ModelSpectre>
        this.addLayer(new SpectreEyesLayer(this));
                      ^
C:\Users\justi\Documents\GitHub\AlexsMobs-26.2\src\main\java\com\github\alexthe666\alexsmobs\client\render\RenderSpectre.java:29: error: incompatible types: RenderSpectre.SpectreMembraneLayer cannot be converted to RenderLayer<LivingEntityRenderState,ModelSpectre>
        this.addLayer(new SpectreMembraneLayer(this));
                      ^
C:\Users\justi\Documents\GitHub\AlexsMobs-26.2\src\main\java\com\github\alexthe666\alexsmobs\client\render\RenderSpectre.java:48: error: type argument EntitySpectre is not within bounds of type-variable S
    static class SpectreEyesLayer extends EyesLayer<EntitySpectre, ModelSpectre> {
                                                    ^
  where S is a type-variable:
    S extends EntityRenderState declared in class EyesLayer
C:\Users\justi\Documents\GitHub\AlexsMobs-26.2\src\main\java\com\github\alexthe666\alexsmobs\client\render\RenderSpectre.java:51: error: incompatible types: RenderSpectre cannot be converted to RenderLayerParent<EntitySpectre,ModelSpectre>
            super(p_i50928_1_);
                  ^
C:\Users\justi\Documents\GitHub\AlexsMobs-26.2\src\main\java\com\github\alexthe666\alexsmobs\client\render\RenderSpectre.java:55: error: cannot find symbol
            return RenderType.eyes(TEXTURE_EYES);
                             ^
  symbol:   method eyes(Identifier)
  location: class RenderType
C:\Users\justi\Documents\GitHub\AlexsMobs-26.2\src\main\java\com\github\alexthe666\alexsmobs\client\render\RenderSpectre.java:59: error: type argument EntitySpectre is not within bounds of type-variable S
    class SpectreMembraneLayer extends RenderLayer<EntitySpectre, ModelSpectre> {
                                                   ^
  where S is a type-variable:
    S extends EntityRenderState declared in class RenderLayer
C:\Users\justi\Documents\GitHub\AlexsMobs-26.2\src\main\java\com\github\alexthe666\alexsmobs\client\render\RenderSpectre.java:59: error: RenderSpectre.SpectreMembraneLayer is not abstract and does not override abstract method submit(PoseStack,SubmitNodeCollector,int,EntitySpectre,float,float) in RenderLayer
    class SpectreMembraneLayer extends RenderLayer<EntitySpectre, ModelSpectre> {
    ^
C:\Users\justi\Documents\GitHub\AlexsMobs-26.2\src\main\java\com\github\alexthe666\alexsmobs\client\render\RenderSpectre.java:62: error: incompatible types: RenderSpectre cannot be converted to RenderLayerParent<EntitySpectre,ModelSpectre>
            super(p_i50928_1_);
                  ^
C:\Users\justi\Documents\GitHub\AlexsMobs-26.2\src\main\java\com\github\alexthe666\alexsmobs\client\render\RenderSpectre.java:66: error: cannot find symbol
            VertexConsumer lvt_11_1_ = bufferIn.getBuffer(this.getRenderType());
                                               ^
  symbol:   method getBuffer(RenderType)
  location: variable bufferIn of type OrderedSubmitNodeCollector
C:\Users\justi\Documents\GitHub\AlexsMobs-26.2\src\main\java\com\github\alexthe666\alexsmobs\client\render\RenderSpectre.java:67: error: incompatible types: EntitySpectre cannot be converted to LivingEntityRenderState
            this.getParentModel().renderToBuffer(matrixStackIn, lvt_11_1_, 15728640, LivingEntityRenderer.getOverlayCoords(entitylivingbaseIn, 0), 1.0F, 1.0F, 1.0F, getAlphaForRender(entitylivingbaseIn, partialTicks));
                                                                                                                           ^
C:\Users\justi\Documents\GitHub\AlexsMobs-26.2\src\main\java\com\github\alexthe666\alexsmobs\client\render\RenderSpectre.java:69: error: cannot find symbol
                VertexConsumer lead = bufferIn.getBuffer(AMRenderTypes.entityCutoutNoCull(TEXTURE_LEAD));
                                                                      ^
  symbol:   method entityCutoutNoCull(Identifier)
  location: class AMRenderTypes
C:\Users\justi\Documents\GitHub\AlexsMobs-26.2\src\main\java\com\github\alexthe666\alexsmobs\client\render\RenderSpectre.java:70: error: incompatible types: EntitySpectre cannot be converted to LivingEntityRenderState
                this.getParentModel().renderToBuffer(matrixStackIn, lead, 15728640, LivingEntityRenderer.getOverlayCoords(entitylivingbaseIn, 0), 1.0F, 1.0F, 1.0F, 1.0F);
                                                                                                                          ^
C:\Users\justi\Documents\GitHub\AlexsMobs-26.2\src\main\java\com\github\alexthe666\alexsmobs\client\render\RenderSquidGrapple.java:30: error: RenderSquidGrapple is not abstract and does not override abstract method createRenderState() in EntityRenderer
public class RenderSquidGrapple extends EntityRenderer<EntitySquidGrapple, EntityRenderState> {
       ^
C:\Users\justi\Documents\GitHub\AlexsMobs-26.2\src\main\java\com\github\alexthe666\alexsmobs\client\render\RenderSquidGrapple.java:48: error: cannot find symbol
        int k = LightTexture.pack(i, j);
                ^
  symbol:   variable LightTexture
  location: class RenderSquidGrapple
C:\Users\justi\Documents\GitHub\AlexsMobs-26.2\src\main\java\com\github\alexthe666\alexsmobs\client\render\RenderSquidGrapple.java:60: error: cannot find symbol
        p_174308_.vertex(p_174309_, f5 - p_174319_, f6 + p_174318_, f7 + p_174320_).color(f2, f3, f4, 1.0F).uv2(k).endVertex();
                 ^
  symbol:   method vertex(Matrix4f,float,float,float)
  location: variable p_174308_ of type VertexConsumer
C:\Users\justi\Documents\GitHub\AlexsMobs-26.2\src\main\java\com\github\alexthe666\alexsmobs\client\render\RenderSquidGrapple.java:61: error: cannot find symbol
        p_174308_.vertex(p_174309_, f5 + p_174319_, f6 + p_174317_ - p_174318_, f7 - p_174320_).color(f2, f3, f4, 1.0F).uv2(k).endVertex();
                 ^
  symbol:   method vertex(Matrix4f,float,float,float)
  location: variable p_174308_ of type VertexConsumer
C:\Users\justi\Documents\GitHub\AlexsMobs-26.2\src\main\java\com\github\alexthe666\alexsmobs\client\render\RenderSquidGrapple.java:80: error: cannot find symbol
        VertexConsumer vertexconsumer = p_115465_.getBuffer(RenderType.leash());
                                                                      ^
  symbol:   method leash()
  location: class RenderType
C:\Users\justi\Documents\GitHub\AlexsMobs-26.2\src\main\java\com\github\alexthe666\alexsmobs\client\render\RenderSquidGrapple.java:114: error: cannot find symbol
        VertexConsumer ivertexbuilder = bufferIn.getBuffer(RenderType.entityCutoutNoCull(getTextureLocation(entityIn)));
                                                                     ^
  symbol:   method entityCutoutNoCull(Identifier)
  location: class RenderType
C:\Users\justi\Documents\GitHub\AlexsMobs-26.2\src\main\java\com\github\alexthe666\alexsmobs\client\render\RenderSquidGrapple.java:115: error: method renderToBuffer in class Model<S> cannot be applied to given types;
        SQUID_MODEL.renderToBuffer(matrixStackIn, ivertexbuilder, packedLightIn, OverlayTexture.NO_OVERLAY, 1, 1, 1, 1.0F);
                   ^
  required: PoseStack,VertexConsumer,int,int,int
  found:    PoseStack,VertexConsumer,int,int,int,int,int,float
  reason: actual and formal argument lists differ in length
  where S is a type-variable:
    S extends Object declared in class Model
C:\Users\justi\Documents\GitHub\AlexsMobs-26.2\src\main\java\com\github\alexthe666\alexsmobs\client\render\RenderSquidGrapple.java:117: error: cannot find symbol
        super.render(entityIn, entityYaw, partialTicks, matrixStackIn, bufferIn, packedLightIn);
             ^
  symbol: method render(EntitySquidGrapple,float,float,PoseStack,OrderedSubmitNodeCollector,int)
C:\Users\justi\Documents\GitHub\AlexsMobs-26.2\src\main\java\com\github\alexthe666\alexsmobs\client\render\RenderSquidGrapple.java:134: error: cannot find symbol
        p_229039_3_.vertex(p_229039_1_, (float) p_229039_4_, (float) p_229039_5_, (float) p_229039_6_).color(255, 255, 255, 255).uv(p_229039_7_, p_229039_8_).overlayCoords(OverlayTexture.NO_OVERLAY).uv2(p_229039_12_).normal(p_229039_2_, (float) p_229039_9_, (float) p_229039_11_, (float) p_229039_10_).endVertex();
                   ^
  symbol:   method vertex(Matrix4f,float,float,float)
  location: variable p_229039_3_ of type VertexConsumer
C:\Users\justi\Documents\GitHub\AlexsMobs-26.2\src\main\java\com\github\alexthe666\alexsmobs\entity\EntitySquidGrapple.java:30: error: EntitySquidGrapple is not abstract and does not override abstract method hurtServer(ServerLevel,DamageSource,float) in Entity
public class EntitySquidGrapple extends Entity {
       ^
C:\Users\justi\Documents\GitHub\AlexsMobs-26.2\src\main\java\com\github\alexthe666\alexsmobs\entity\EntitySquidGrapple.java:32: error: cannot find symbol
    private static final EntityDataAccessor<Optional<UUID>> OWNER_UUID = SynchedEntityData.defineId(EntitySquidGrapple.class, EntityDataSerializers.OPTIONAL_UUID);
                                                                                                                                                   ^
  symbol:   variable OPTIONAL_UUID
  location: class EntityDataSerializers
C:\Users\justi\Documents\GitHub\AlexsMobs-26.2\src\main\java\com\github\alexthe666\alexsmobs\entity\EntitySquidGrapple.java:165: error: cannot find symbol
                this.checkInsideBlocks();
                    ^
  symbol: method checkInsideBlocks()
C:\Users\justi\Documents\GitHub\AlexsMobs-26.2\src\main\java\com\github\alexthe666\alexsmobs\entity\EntitySquidGrapple.java:267: error: cannot find symbol
            compound.store("OwnerUUID", net.minecraft.core.UUIDUtil.CODEC, this.getOwnerId());
                    ^
  symbol:   method store(String,Codec<UUID>,UUID)
  location: variable compound of type ValueInput
C:\Users\justi\Documents\GitHub\AlexsMobs-26.2\src\main\java\com\github\alexthe666\alexsmobs\entity\EntitySquidGrapple.java:273: error: cannot find symbol
        if (compound.read("OwnerUUID", net.minecraft.core.UUIDUtil.CODEC).isPresent()) {
                    ^
  symbol:   method read(String,Codec<UUID>)
  location: variable compound of type ValueOutput
C:\Users\justi\Documents\GitHub\AlexsMobs-26.2\src\main\java\com\github\alexthe666\alexsmobs\entity\EntitySquidGrapple.java:274: error: cannot find symbol
            this.setOwnerId(compound.read("OwnerUUID", net.minecraft.core.UUIDUtil.CODEC).orElse(null));
                                    ^
  symbol:   method read(String,Codec<UUID>)
  location: variable compound of type ValueOutput
C:\Users\justi\Documents\GitHub\AlexsMobs-26.2\src\main\java\com\github\alexthe666\alexsmobs\entity\EntitySquidGrapple.java:278: error: method does not override or implement a method from a supertype
    @Override
    ^
C:\Users\justi\Documents\GitHub\AlexsMobs-26.2\src\main\java\com\github\alexthe666\alexsmobs\entity\EntitySquidGrapple.java:280: error: method getAddEntityPacket in class Entity cannot be applied to given types;
        return super.getAddEntityPacket();
                    ^
  required: ServerEntity
  found:    no arguments
  reason: actual and formal argument lists differ in length
C:\Users\justi\Documents\GitHub\AlexsMobs-26.2\src\main\java\com\github\alexthe666\alexsmobs\client\render\RenderStraddleboard.java:20: error: RenderStraddleboard is not abstract and does not override abstract method createRenderState() in EntityRenderer
public class RenderStraddleboard extends EntityRenderer<EntityStraddleboard, EntityRenderState> {
       ^
C:\Users\justi\Documents\GitHub\AlexsMobs-26.2\src\main\java\com\github\alexthe666\alexsmobs\client\render\RenderStraddleboard.java:29: error: method does not override or implement a method from a supertype
    @Override
    ^
C:\Users\justi\Documents\GitHub\AlexsMobs-26.2\src\main\java\com\github\alexthe666\alexsmobs\client\render\RenderStraddleboard.java:34: error: method does not override or implement a method from a supertype
    @Override
    ^
C:\Users\justi\Documents\GitHub\AlexsMobs-26.2\src\main\java\com\github\alexthe666\alexsmobs\client\render\RenderStraddleboard.java:55: error: cannot find symbol
        VertexConsumer ivertexbuilder2 = bufferIn.getBuffer(RenderType.entityCutoutNoCull(TEXTURE_OVERLAY));
                                                                      ^
  symbol:   method entityCutoutNoCull(Identifier)
  location: class RenderType
C:\Users\justi\Documents\GitHub\AlexsMobs-26.2\src\main\java\com\github\alexthe666\alexsmobs\client\render\RenderStraddleboard.java:56: error: method renderToBuffer in class Model<S> cannot be applied to given types;
        BOARD_MODEL.renderToBuffer(matrixStackIn, ivertexbuilder2, packedLightIn, NO_OVERLAY, r, g, b, 1.0F);
                   ^
  required: PoseStack,VertexConsumer,int,int,int
  found:    PoseStack,VertexConsumer,int,int,float,float,float,float
  reason: actual and formal argument lists differ in length
  where S is a type-variable:
    S extends Object declared in class Model
C:\Users\justi\Documents\GitHub\AlexsMobs-26.2\src\main\java\com\github\alexthe666\alexsmobs\client\render\RenderStraddleboard.java:57: error: cannot find symbol
        VertexConsumer ivertexbuilder = bufferIn.getBuffer(RenderType.entityCutoutNoCull(TEXTURE));
                                                                     ^
  symbol:   method entityCutoutNoCull(Identifier)
  location: class RenderType
C:\Users\justi\Documents\GitHub\AlexsMobs-26.2\src\main\java\com\github\alexthe666\alexsmobs\client\render\RenderStraddleboard.java:58: error: method renderToBuffer in class Model<S> cannot be applied to given types;
        BOARD_MODEL.renderToBuffer(matrixStackIn, ivertexbuilder, packedLightIn, NO_OVERLAY, 1.0F, 1.0F, 1.0F, 1.0F);
                   ^
  required: PoseStack,VertexConsumer,int,int,int
  found:    PoseStack,VertexConsumer,int,int,float,float,float,float
  reason: actual and formal argument lists differ in length
  where S is a type-variable:
    S extends Object declared in class Model
C:\Users\justi\Documents\GitHub\AlexsMobs-26.2\src\main\java\com\github\alexthe666\alexsmobs\client\render\RenderStraddler.java:19: error: type argument ModelStraddler is not within bounds of type-variable M
public class RenderStraddler extends MobRenderer<EntityStraddler, LivingEntityRenderState, ModelStraddler> {
                                                                                           ^
  where M,S are type-variables:
    M extends EntityModel<? super S> declared in class MobRenderer
    S extends LivingEntityRenderState declared in class MobRenderer
C:\Users\justi\Documents\GitHub\AlexsMobs-26.2\src\main\java\com\github\alexthe666\alexsmobs\client\render\RenderStraddler.java:19: error: RenderStraddler is not abstract and does not override abstract method getTextureLocation(LivingEntityRenderState) in LivingEntityRenderer
public class RenderStraddler extends MobRenderer<EntityStraddler, LivingEntityRenderState, ModelStraddler> {
       ^
C:\Users\justi\Documents\GitHub\AlexsMobs-26.2\src\main\java\com\github\alexthe666\alexsmobs\client\render\RenderStraddler.java:24: error: incompatible types: StradpoleLayer cannot be converted to RenderLayer<LivingEntityRenderState,ModelStraddler>
        this.addLayer(new StradpoleLayer(this));
                      ^
C:\Users\justi\Documents\GitHub\AlexsMobs-26.2\src\main\java\com\github\alexthe666\alexsmobs\client\render\RenderStraddler.java:36: error: type argument EntityStraddler is not within bounds of type-variable S
    static class StradpoleLayer extends RenderLayer<EntityStraddler, ModelStraddler> {
                                                    ^
  where S is a type-variable:
    S extends EntityRenderState declared in class RenderLayer
C:\Users\justi\Documents\GitHub\AlexsMobs-26.2\src\main\java\com\github\alexthe666\alexsmobs\client\render\RenderStraddler.java:36: error: StradpoleLayer is not abstract and does not override abstract method submit(PoseStack,SubmitNodeCollector,int,EntityStraddler,float,float) in RenderLayer
    static class StradpoleLayer extends RenderLayer<EntityStraddler, ModelStraddler> {
           ^
C:\Users\justi\Documents\GitHub\AlexsMobs-26.2\src\main\java\com\github\alexthe666\alexsmobs\client\render\RenderStraddler.java:39: error: incompatible types: RenderStraddler cannot be converted to RenderLayerParent<EntityStraddler,ModelStraddler>
            super(p_i50928_1_);
                  ^
C:\Users\justi\Documents\GitHub\AlexsMobs-26.2\src\main\java\com\github\alexthe666\alexsmobs\client\render\RenderStraddler.java:49: error: cannot find symbol
                VertexConsumer ivertexbuilder = bufferIn.getBuffer(RenderType.entityTranslucent(RenderStradpole.TEXTURE));
                                                                             ^
  symbol:   method entityTranslucent(Identifier)
  location: class RenderType
C:\Users\justi\Documents\GitHub\AlexsMobs-26.2\src\main\java\com\github\alexthe666\alexsmobs\client\render\RenderStraddler.java:50: error: incompatible types: EntityStraddler cannot be converted to LivingEntityRenderState
                STRADPOLE_MODEL.renderToBuffer(matrixStackIn, ivertexbuilder, packedLightIn, LivingEntityRenderer.getOverlayCoords(straddler, 0.0F), 1.0F, 1.0F, 1.0F, 1.0F);
                                                                                                                                   ^
C:\Users\justi\Documents\GitHub\AlexsMobs-26.2\src\main\java\com\github\alexthe666\alexsmobs\client\render\RenderStradpole.java:13: error: type argument ModelStradpole is not within bounds of type-variable M
public class RenderStradpole extends MobRenderer<EntityStradpole, LivingEntityRenderState, ModelStradpole> {
                                                                                           ^
  where M,S are type-variables:
    M extends EntityModel<? super S> declared in class MobRenderer
    S extends LivingEntityRenderState declared in class MobRenderer
C:\Users\justi\Documents\GitHub\AlexsMobs-26.2\src\main\java\com\github\alexthe666\alexsmobs\client\render\RenderStradpole.java:13: error: RenderStradpole is not abstract and does not override abstract method getTextureLocation(LivingEntityRenderState) in LivingEntityRenderer
public class RenderStradpole extends MobRenderer<EntityStradpole, LivingEntityRenderState, ModelStradpole> {
       ^
C:\Users\justi\Documents\GitHub\AlexsMobs-26.2\src\main\java\com\github\alexthe666\alexsmobs\client\render\RenderSugarGlider.java:25: error: type argument ModelSugarGlider is not within bounds of type-variable M
public class RenderSugarGlider extends MobRenderer<EntitySugarGlider, LivingEntityRenderState, ModelSugarGlider> {
                                                                                               ^
  where M,S are type-variables:
    M extends EntityModel<? super S> declared in class MobRenderer
    S extends LivingEntityRenderState declared in class MobRenderer
C:\Users\justi\Documents\GitHub\AlexsMobs-26.2\src\main\java\com\github\alexthe666\alexsmobs\client\render\RenderSugarGlider.java:25: error: RenderSugarGlider is not abstract and does not override abstract method getTextureLocation(LivingEntityRenderState) in LivingEntityRenderer
public class RenderSugarGlider extends MobRenderer<EntitySugarGlider, LivingEntityRenderState, ModelSugarGlider> {
       ^
C:\Users\justi\Documents\GitHub\AlexsMobs-26.2\src\main\java\com\github\alexthe666\alexsmobs\client\render\RenderSugarGlider.java:36: error: method does not override or implement a method from a supertype
    @Override
    ^
C:\Users\justi\Documents\GitHub\AlexsMobs-26.2\src\main\java\com\github\alexthe666\alexsmobs\client\render\RenderSugarGlider.java:39: error: method setupRotations in class LivingEntityRenderer<T,S,M> cannot be applied to given types;
            super.setupRotations(entityLiving, matrixStackIn, ageInTicks, rotationYaw, partialTicks);
                 ^
  required: LivingEntityRenderState,PoseStack,float,float
  found:    EntitySugarGlider,PoseStack,float,float,float
  reason: actual and formal argument lists differ in length
  where T,S,M are type-variables:
    T extends LivingEntity declared in class LivingEntityRenderer
    S extends LivingEntityRenderState declared in class LivingEntityRenderer
    M extends EntityModel<? super S> declared in class LivingEntityRenderer
C:\Users\justi\Documents\GitHub\AlexsMobs-26.2\src\main\java\com\github\alexthe666\alexsmobs\client\render\RenderSugarGlider.java:42: error: incompatible types: EntitySugarGlider cannot be converted to LivingEntityRenderState
        if (this.isShaking(entityLiving)) {
                           ^
C:\Users\justi\Documents\GitHub\AlexsMobs-26.2\src\main\java\com\github\alexthe666\alexsmobs\client\render\RenderSugarGlider.java:82: error: method getFlipDegrees in class LivingEntityRenderer<T,S,M> cannot be applied to given types;
            matrixStackIn.mulPose(Axis.ZP.rotationDegrees(f * this.getFlipDegrees(entityLiving)));
                                                                  ^
  required: no arguments
  found:    EntitySugarGlider
  reason: actual and formal argument lists differ in length
  where T,S,M are type-variables:
    T extends LivingEntity declared in class LivingEntityRenderer
    S extends LivingEntityRenderState declared in class LivingEntityRenderer
    M extends EntityModel<? super S> declared in class LivingEntityRenderer
C:\Users\justi\Documents\GitHub\AlexsMobs-26.2\src\main\java\com\github\alexthe666\alexsmobs\client\render\RenderSunbird.java:22: error: type argument ModelSunbird is not within bounds of type-variable M
public class RenderSunbird extends MobRenderer<EntitySunbird, LivingEntityRenderState, ModelSunbird> {
                                                                                       ^
  where M,S are type-variables:
    M extends EntityModel<? super S> declared in class MobRenderer
    S extends LivingEntityRenderState declared in class MobRenderer
C:\Users\justi\Documents\GitHub\AlexsMobs-26.2\src\main\java\com\github\alexthe666\alexsmobs\client\render\RenderSunbird.java:22: error: RenderSunbird is not abstract and does not override abstract method getTextureLocation(LivingEntityRenderState) in LivingEntityRenderer
public class RenderSunbird extends MobRenderer<EntitySunbird, LivingEntityRenderState, ModelSunbird> {
       ^
C:\Users\justi\Documents\GitHub\AlexsMobs-26.2\src\main\java\com\github\alexthe666\alexsmobs\client\render\RenderSunbird.java:28: error: incompatible types: LayerScorch cannot be converted to RenderLayer<LivingEntityRenderState,ModelSunbird>
        this.addLayer(new LayerScorch(this));
                      ^
C:\Users\justi\Documents\GitHub\AlexsMobs-26.2\src\main\java\com\github\alexthe666\alexsmobs\client\render\RenderSunbird.java:32: error: cannot find symbol
        p_114090_.vertex(p_114091_, p_114094_, p_114095_, 0.0F).color(255, 255, 255, 100).uv((float) p_114096_, (float) p_114097_).overlayCoords(OverlayTexture.NO_OVERLAY).uv2(p_114093_).normal(p_114092_, 0.0F, 1.0F, 0.0F).endVertex();
                 ^
  symbol:   method vertex(Matrix4f,float,float,float)
  location: variable p_114090_ of type VertexConsumer
C:\Users\justi\Documents\GitHub\AlexsMobs-26.2\src\main\java\com\github\alexthe666\alexsmobs\client\render\RenderSunbird.java:35: error: method does not override or implement a method from a supertype
    @Override
    ^
C:\Users\justi\Documents\GitHub\AlexsMobs-26.2\src\main\java\com\github\alexthe666\alexsmobs\client\render\RenderSunbird.java:37: error: cannot find symbol
        super.render(entity, yaw, partialTicks, poseStack, buffer, light);
             ^
  symbol: method render(EntitySunbird,float,float,PoseStack,OrderedSubmitNodeCollector,int)
C:\Users\justi\Documents\GitHub\AlexsMobs-26.2\src\main\java\com\github\alexthe666\alexsmobs\client\render\RenderSunbird.java:43: error: cannot find symbol
            poseStack.mulPose(this.entityRenderDispatcher.cameraOrientation());
                                                         ^
  symbol:   method cameraOrientation()
  location: variable entityRenderDispatcher of type EntityRenderDispatcher
C:\Users\justi\Documents\GitHub\AlexsMobs-26.2\src\main\java\com\github\alexthe666\alexsmobs\client\render\RenderSunbird.java:51: error: cannot find symbol
            VertexConsumer vertexconsumer = buffer.getBuffer(AMRenderTypes.getSunbirdShine());
                                                  ^
  symbol:   method getBuffer(RenderType)
  location: variable buffer of type OrderedSubmitNodeCollector
C:\Users\justi\Documents\GitHub\AlexsMobs-26.2\src\main\java\com\github\alexthe666\alexsmobs\client\render\RenderSunbird.java:72: error: type argument EntitySunbird is not within bounds of type-variable S
    static class LayerScorch extends RenderLayer<EntitySunbird, ModelSunbird> {
                                                 ^
  where S is a type-variable:
    S extends EntityRenderState declared in class RenderLayer
C:\Users\justi\Documents\GitHub\AlexsMobs-26.2\src\main\java\com\github\alexthe666\alexsmobs\client\render\RenderSunbird.java:72: error: LayerScorch is not abstract and does not override abstract method submit(PoseStack,SubmitNodeCollector,int,EntitySunbird,float,float) in RenderLayer
    static class LayerScorch extends RenderLayer<EntitySunbird, ModelSunbird> {
           ^
C:\Users\justi\Documents\GitHub\AlexsMobs-26.2\src\main\java\com\github\alexthe666\alexsmobs\client\render\RenderSunbird.java:75: error: incompatible types: RenderSunbird cannot be converted to RenderLayerParent<EntitySunbird,ModelSunbird>
            super(p_i50928_1_);
                  ^
C:\Users\justi\Documents\GitHub\AlexsMobs-26.2\src\main\java\com\github\alexthe666\alexsmobs\client\render\RenderSunbird.java:79: error: cannot find symbol
            VertexConsumer scorch = bufferIn.getBuffer(AMRenderTypes.getEyesAlphaEnabled(TEXTURE_GLOW));
                                            ^
  symbol:   method getBuffer(RenderType)
  location: variable bufferIn of type OrderedSubmitNodeCollector
C:\Users\justi\Documents\GitHub\AlexsMobs-26.2\src\main\java\com\github\alexthe666\alexsmobs\client\render\RenderSunbird.java:81: error: incompatible types: EntitySunbird cannot be converted to LivingEntityRenderState
            this.getParentModel().renderToBuffer(matrixStackIn, scorch, 240, LivingEntityRenderer.getOverlayCoords(entitylivingbaseIn, 0), 1.0F, 1.0F, 1.0F, alpha);
                                                                                                                   ^
C:\Users\justi\Documents\GitHub\AlexsMobs-26.2\src\main\java\com\github\alexthe666\alexsmobs\client\render\RenderTarantulaHawk.java:19: error: type argument EntityModel<EntityTarantulaHawk> is not within bounds of type-variable M
public class RenderTarantulaHawk extends MobRenderer<EntityTarantulaHawk, LivingEntityRenderState, EntityModel<EntityTarantulaHawk>> {
                                                                                                              ^
  where M,S are type-variables:
    M extends EntityModel<? super S> declared in class MobRenderer
    S extends LivingEntityRenderState declared in class MobRenderer
C:\Users\justi\Documents\GitHub\AlexsMobs-26.2\src\main\java\com\github\alexthe666\alexsmobs\client\render\RenderTarantulaHawk.java:19: error: type argument EntityTarantulaHawk is not within bounds of type-variable T
public class RenderTarantulaHawk extends MobRenderer<EntityTarantulaHawk, LivingEntityRenderState, EntityModel<EntityTarantulaHawk>> {
                                                                                                               ^
  where T is a type-variable:
    T extends EntityRenderState declared in class EntityModel
C:\Users\justi\Documents\GitHub\AlexsMobs-26.2\src\main\java\com\github\alexthe666\alexsmobs\client\render\RenderTarantulaHawk.java:19: error: RenderTarantulaHawk is not abstract and does not override abstract method getTextureLocation(LivingEntityRenderState) in LivingEntityRenderer
public class RenderTarantulaHawk extends MobRenderer<EntityTarantulaHawk, LivingEntityRenderState, EntityModel<EntityTarantulaHawk>> {
       ^
C:\Users\justi\Documents\GitHub\AlexsMobs-26.2\src\main\java\com\github\alexthe666\alexsmobs\client\render\RenderTarantulaHawk.java:28: error: incompatible types: ModelTarantulaHawk cannot be converted to EntityModel<EntityTarantulaHawk>
        super(renderManagerIn, MODEL, 0.5F);
                               ^
C:\Users\justi\Documents\GitHub\AlexsMobs-26.2\src\main\java\com\github\alexthe666\alexsmobs\client\render\RenderTarantulaHawk.java:33: error: incompatible types: ModelTarantulaHawkBaby cannot be converted to EntityModel<EntityTarantulaHawk>
            this.model = MODEL_BABY;
                         ^
C:\Users\justi\Documents\GitHub\AlexsMobs-26.2\src\main\java\com\github\alexthe666\alexsmobs\client\render\RenderTarantulaHawk.java:35: error: incompatible types: ModelTarantulaHawk cannot be converted to EntityModel<EntityTarantulaHawk>
            this.model = MODEL;
                         ^
C:\Users\justi\Documents\GitHub\AlexsMobs-26.2\src\main\java\com\github\alexthe666\alexsmobs\client\render\RenderTarantulaHawk.java:47: error: method does not override or implement a method from a supertype
    @Override
    ^
C:\Users\justi\Documents\GitHub\AlexsMobs-26.2\src\main\java\com\github\alexthe666\alexsmobs\client\render\RenderTarantulaHawk.java:51: error: cannot find symbol
            return RenderType.itemEntityTranslucentCull(Identifier);
                             ^
  symbol:   method itemEntityTranslucentCull(Identifier)
  location: class RenderType
C:\Users\justi\Documents\GitHub\AlexsMobs-26.2\src\main\java\com\github\alexthe666\alexsmobs\client\render\RenderTarantulaHawk.java:53: error: cannot find symbol
            return RenderType.entityTranslucent(Identifier);
                             ^
  symbol:   method entityTranslucent(Identifier)
  location: class RenderType
C:\Users\justi\Documents\GitHub\AlexsMobs-26.2\src\main\java\com\github\alexthe666\alexsmobs\client\render\RenderTarantulaHawk.java:55: error: method outline in class RenderType cannot be applied to given types;
            return b2 ? RenderType.outline(Identifier) : null;
                                  ^
  required: no arguments
  found:    Identifier
  reason: actual and formal argument lists differ in length
C:\Users\justi\Documents\GitHub\AlexsMobs-26.2\src\main\java\com\github\alexthe666\alexsmobs\client\render\RenderTasmanianDevil.java:13: error: type argument ModelTasmanianDevil is not within bounds of type-variable M
public class RenderTasmanianDevil extends MobRenderer<EntityTasmanianDevil, LivingEntityRenderState, ModelTasmanianDevil> {
                                                                                                     ^
  where M,S are type-variables:
    M extends EntityModel<? super S> declared in class MobRenderer
    S extends LivingEntityRenderState declared in class MobRenderer
C:\Users\justi\Documents\GitHub\AlexsMobs-26.2\src\main\java\com\github\alexthe666\alexsmobs\client\render\RenderTasmanianDevil.java:13: error: RenderTasmanianDevil is not abstract and does not override abstract method getTextureLocation(LivingEntityRenderState) in LivingEntityRenderer
public class RenderTasmanianDevil extends MobRenderer<EntityTasmanianDevil, LivingEntityRenderState, ModelTasmanianDevil> {
       ^
C:\Users\justi\Documents\GitHub\AlexsMobs-26.2\src\main\java\com\github\alexthe666\alexsmobs\client\render\RenderTendonSegment.java:29: error: RenderTendonSegment is not abstract and does not override abstract method createRenderState() in EntityRenderer
public class RenderTendonSegment extends EntityRenderer<EntityTendonSegment, EntityRenderState> {
       ^
C:\Users\justi\Documents\GitHub\AlexsMobs-26.2\src\main\java\com\github\alexthe666\alexsmobs\client\render\RenderTendonSegment.java:44: error: method does not override or implement a method from a supertype
    @Override
    ^
C:\Users\justi\Documents\GitHub\AlexsMobs-26.2\src\main\java\com\github\alexthe666\alexsmobs\client\render\RenderTendonSegment.java:46: error: cannot find symbol
        super.render(entity, yaw, partialTicks, poseStack, buffer, light);
             ^
  symbol: method render(EntityTendonSegment,float,float,PoseStack,OrderedSubmitNodeCollector,int)
C:\Users\justi\Documents\GitHub\AlexsMobs-26.2\src\main\java\com\github\alexthe666\alexsmobs\client\render\RenderTendonSegment.java:62: error: cannot find symbol
                neckConsumer = AMRenderTypes.createMergedVertexConsumer(buffer.getBuffer(AMRenderTypes.entityGlintDirect()), buffer.getBuffer(RenderType.entityCutoutNoCull(RenderMurmurBody.TEXTURE)));
                                                                                                      ^
  symbol:   method entityGlintDirect()
  location: class AMRenderTypes
C:\Users\justi\Documents\GitHub\AlexsMobs-26.2\src\main\java\com\github\alexthe666\alexsmobs\client\render\RenderTendonSegment.java:62: error: cannot find symbol
                neckConsumer = AMRenderTypes.createMergedVertexConsumer(buffer.getBuffer(AMRenderTypes.entityGlintDirect()), buffer.getBuffer(RenderType.entityCutoutNoCull(RenderMurmurBody.TEXTURE)));
                                                                                                                                                        ^
  symbol:   method entityCutoutNoCull(Identifier)
  location: class RenderType
C:\Users\justi\Documents\GitHub\AlexsMobs-26.2\src\main\java\com\github\alexthe666\alexsmobs\client\render\RenderTendonSegment.java:64: error: cannot find symbol
                neckConsumer = buffer.getBuffer(RenderType.entityCutoutNoCull(RenderMurmurBody.TEXTURE));
                                                          ^
  symbol:   method entityCutoutNoCull(Identifier)
  location: class RenderType
C:\Users\justi\Documents\GitHub\AlexsMobs-26.2\src\main\java\com\github\alexthe666\alexsmobs\client\render\RenderTendonSegment.java:82: error: cannot find symbol
                clawConsumer = AMRenderTypes.createMergedVertexConsumer(buffer.getBuffer(AMRenderTypes.entityGlintDirect()), buffer.getBuffer(RenderType.entityCutoutNoCull(CLAW_TEXTURE)));
                                                                                                      ^
  symbol:   method entityGlintDirect()
  location: class AMRenderTypes
C:\Users\justi\Documents\GitHub\AlexsMobs-26.2\src\main\java\com\github\alexthe666\alexsmobs\client\render\RenderTendonSegment.java:82: error: cannot find symbol
                clawConsumer = AMRenderTypes.createMergedVertexConsumer(buffer.getBuffer(AMRenderTypes.entityGlintDirect()), buffer.getBuffer(RenderType.entityCutoutNoCull(CLAW_TEXTURE)));
                                                                                                                                                        ^
  symbol:   method entityCutoutNoCull(Identifier)
  location: class RenderType
C:\Users\justi\Documents\GitHub\AlexsMobs-26.2\src\main\java\com\github\alexthe666\alexsmobs\client\render\RenderTendonSegment.java:84: error: cannot find symbol
                clawConsumer = buffer.getBuffer(RenderType.entityCutoutNoCull(CLAW_TEXTURE));
                                                          ^
  symbol:   method entityCutoutNoCull(Identifier)
  location: class RenderType
C:\Users\justi\Documents\GitHub\AlexsMobs-26.2\src\main\java\com\github\alexthe666\alexsmobs\client\render\RenderTendonSegment.java:92: error: method renderToBuffer in class Model<S> cannot be applied to given types;
                CLAW_MODEL.renderToBuffer(poseStack, clawConsumer, getLightColor(entity, to.add(x, y, z)), OverlayTexture.NO_OVERLAY, 1, 1F, 1, 1F);
                          ^
  required: PoseStack,VertexConsumer,int,int,int
  found:    PoseStack,VertexConsumer,int,int,int,float,int,float
  reason: actual and formal argument lists differ in length
  where S is a type-variable:
    S extends Object declared in class Model
C:\Users\justi\Documents\GitHub\AlexsMobs-26.2\src\main\java\com\github\alexthe666\alexsmobs\client\render\RenderTendonSegment.java:119: error: method getNearPlane in class Camera cannot be applied to given types;
                Vec3 vec3 = this.entityRenderDispatcher.camera.getNearPlane().getPointOnPlane((float) i * 0.6F, -1);
                                                              ^
  required: float
  found:    no arguments
  reason: actual and formal argument lists differ in length
C:\Users\justi\Documents\GitHub\AlexsMobs-26.2\src\main\java\com\github\alexthe666\alexsmobs\client\render\RenderTendonSegment.java:146: error: cannot find symbol
            int i = LevelRenderer.getLightColor(head.level(), blockpos);
                                 ^
  symbol:   method getLightColor(Level,BlockPos)
  location: class LevelRenderer
C:\Users\justi\Documents\GitHub\AlexsMobs-26.2\src\main\java\com\github\alexthe666\alexsmobs\client\render\RenderTendonSegment.java:147: error: cannot find symbol
            int j = LevelRenderer.getLightColor(head.level(), blockpos.above());
                                 ^
  symbol:   method getLightColor(Level,BlockPos)
  location: class LevelRenderer
C:\Users\justi\Documents\GitHub\AlexsMobs-26.2\src\main\java\com\github\alexthe666\alexsmobs\client\render\RenderTendonSegment.java:158: error: method does not override or implement a method from a supertype
    @Override
    ^
C:\Users\justi\Documents\GitHub\AlexsMobs-26.2\src\main\java\com\github\alexthe666\alexsmobs\client\render\RenderTerrapin.java:19: error: type argument ModelTerrapin is not within bounds of type-variable M
public class RenderTerrapin extends MobRenderer<EntityTerrapin, LivingEntityRenderState, ModelTerrapin> {
                                                                                         ^
  where M,S are type-variables:
    M extends EntityModel<? super S> declared in class MobRenderer
    S extends LivingEntityRenderState declared in class MobRenderer
C:\Users\justi\Documents\GitHub\AlexsMobs-26.2\src\main\java\com\github\alexthe666\alexsmobs\client\render\RenderTerrapin.java:19: error: RenderTerrapin is not abstract and does not override abstract method getTextureLocation(LivingEntityRenderState) in LivingEntityRenderer
public class RenderTerrapin extends MobRenderer<EntityTerrapin, LivingEntityRenderState, ModelTerrapin> {
       ^
C:\Users\justi\Documents\GitHub\AlexsMobs-26.2\src\main\java\com\github\alexthe666\alexsmobs\client\render\RenderTerrapin.java:38: error: incompatible types: TurtleOverlayLayer cannot be converted to RenderLayer<LivingEntityRenderState,ModelTerrapin>
        this.addLayer(new TurtleOverlayLayer(this, 0));
                      ^
C:\Users\justi\Documents\GitHub\AlexsMobs-26.2\src\main\java\com\github\alexthe666\alexsmobs\client\render\RenderTerrapin.java:39: error: incompatible types: TurtleOverlayLayer cannot be converted to RenderLayer<LivingEntityRenderState,ModelTerrapin>
        this.addLayer(new TurtleOverlayLayer(this, 1));
                      ^
C:\Users\justi\Documents\GitHub\AlexsMobs-26.2\src\main\java\com\github\alexthe666\alexsmobs\client\render\RenderTerrapin.java:40: error: incompatible types: TurtleOverlayLayer cannot be converted to RenderLayer<LivingEntityRenderState,ModelTerrapin>
        this.addLayer(new TurtleOverlayLayer(this, 2));
                      ^
C:\Users\justi\Documents\GitHub\AlexsMobs-26.2\src\main\java\com\github\alexthe666\alexsmobs\client\render\RenderTerrapin.java:55: error: incompatible types: EntityTerrapin cannot be converted to LivingEntityRenderState
        if (this.isShaking(entity)) {
                           ^
C:\Users\justi\Documents\GitHub\AlexsMobs-26.2\src\main\java\com\github\alexthe666\alexsmobs\client\render\RenderTerrapin.java:70: error: method getFlipDegrees in class LivingEntityRenderer<T,S,M> cannot be applied to given types;
            stack.mulPose(Axis.ZP.rotationDegrees(f * this.getFlipDegrees(entity)));
                                                          ^
  required: no arguments
  found:    EntityTerrapin
  reason: actual and formal argument lists differ in length
  where T,S,M are type-variables:
    T extends LivingEntity declared in class LivingEntityRenderer
    S extends LivingEntityRenderState declared in class LivingEntityRenderer
    M extends EntityModel<? super S> declared in class LivingEntityRenderer
C:\Users\justi\Documents\GitHub\AlexsMobs-26.2\src\main\java\com\github\alexthe666\alexsmobs\client\render\RenderTerrapin.java:81: error: type argument EntityTerrapin is not within bounds of type-variable S
    static class TurtleOverlayLayer extends RenderLayer<EntityTerrapin, ModelTerrapin> {
                                                        ^
  where S is a type-variable:
    S extends EntityRenderState declared in class RenderLayer
C:\Users\justi\Documents\GitHub\AlexsMobs-26.2\src\main\java\com\github\alexthe666\alexsmobs\client\render\RenderTerrapin.java:81: error: TurtleOverlayLayer is not abstract and does not override abstract method submit(PoseStack,SubmitNodeCollector,int,EntityTerrapin,float,float) in RenderLayer
    static class TurtleOverlayLayer extends RenderLayer<EntityTerrapin, ModelTerrapin> {
           ^
C:\Users\justi\Documents\GitHub\AlexsMobs-26.2\src\main\java\com\github\alexthe666\alexsmobs\client\render\RenderTerrapin.java:86: error: incompatible types: RenderTerrapin cannot be converted to RenderLayerParent<EntityTerrapin,ModelTerrapin>
            super(render);
                  ^
C:\Users\justi\Documents\GitHub\AlexsMobs-26.2\src\main\java\com\github\alexthe666\alexsmobs\client\render\RenderTerrapin.java:92: error: cannot find symbol
                Identifier tex = layer == 0 ? this.getTextureLocation(turtle) : layer == 1 ? SHELL_TEXTURES[turtle.getShellType() % SHELL_TEXTURES.length] : SKIN_PATTERN_TEXTURES[turtle.getSkinType() % SKIN_PATTERN_TEXTURES.length];
                                                  ^
  symbol: method getTextureLocation(EntityTerrapin)
C:\Users\justi\Documents\GitHub\AlexsMobs-26.2\src\main\java\com\github\alexthe666\alexsmobs\client\render\RenderTerrapin.java:97: error: method renderColoredCutoutModel in class RenderLayer<S#2,M> cannot be applied to given types;
                renderColoredCutoutModel(getParentModel(), tex, matrixStackIn, buffer, packedLightIn, turtle, r, g, b);
                ^
  required: Model<? super S#1>,Identifier,PoseStack,SubmitNodeCollector,int,S#1,int,int
  found:    ModelTerrapin,Identifier,PoseStack,OrderedSubmitNodeCollector,int,EntityTerrapin,float,float,float
  reason: cannot infer type-variable(s) S#1
    (actual and formal argument lists differ in length)
  where S#1,S#2,M are type-variables:
    S#1 extends LivingEntityRenderState declared in method <S#1>renderColoredCutoutModel(Model<? super S#1>,Identifier,PoseStack,SubmitNodeCollector,int,S#1,int,int)
    S#2 extends EntityRenderState declared in class RenderLayer
    M extends EntityModel<? super S#2> declared in class RenderLayer
C:\Users\justi\Documents\GitHub\AlexsMobs-26.2\src\main\java\com\github\alexthe666\alexsmobs\client\render\RenderTossedItem.java:22: error: RenderTossedItem is not abstract and does not override abstract method createRenderState() in EntityRenderer
public class RenderTossedItem  extends EntityRenderer<EntityTossedItem, EntityRenderState> {
       ^
C:\Users\justi\Documents\GitHub\AlexsMobs-26.2\src\main\java\com\github\alexthe666\alexsmobs\client\render\RenderTossedItem.java:30: error: method does not override or implement a method from a supertype
    @Override
    ^
C:\Users\justi\Documents\GitHub\AlexsMobs-26.2\src\main\java\com\github\alexthe666\alexsmobs\client\render\RenderTossedItem.java:35: error: method does not override or implement a method from a supertype
    @Override
    ^
C:\Users\justi\Documents\GitHub\AlexsMobs-26.2\src\main\java\com\github\alexthe666\alexsmobs\client\render\RenderTossedItem.java:45: error: cannot find symbol
            VertexConsumer ivertexbuilder = bufferIn.getBuffer(DART_MODEL.renderType(DART_TEXTURE));
                                                    ^
  symbol:   method getBuffer(RenderType)
  location: variable bufferIn of type OrderedSubmitNodeCollector
C:\Users\justi\Documents\GitHub\AlexsMobs-26.2\src\main\java\com\github\alexthe666\alexsmobs\client\render\RenderTossedItem.java:46: error: method renderToBuffer in class Model<S> cannot be applied to given types;
            DART_MODEL.renderToBuffer(matrixStackIn, ivertexbuilder, packedLightIn, OverlayTexture.NO_OVERLAY, 1.0F, 1.0F, 1.0F, 1.0F);
                      ^
  required: PoseStack,VertexConsumer,int,int,int
  found:    PoseStack,VertexConsumer,int,int,float,float,float,float
  reason: actual and formal argument lists differ in length
  where S is a type-variable:
    S extends Object declared in class Model
C:\Users\justi\Documents\GitHub\AlexsMobs-26.2\src\main\java\com\github\alexthe666\alexsmobs\client\render\RenderTossedItem.java:55: error: cannot find symbol
            Minecraft.getInstance().getItemRenderer().renderStatic(entityIn.getItem(), ItemDisplayContext.GROUND, packedLightIn, OverlayTexture.NO_OVERLAY, matrixStackIn, bufferIn, entityIn.level(), 0);
                                   ^
  symbol:   method getItemRenderer()
  location: class Minecraft
C:\Users\justi\Documents\GitHub\AlexsMobs-26.2\src\main\java\com\github\alexthe666\alexsmobs\entity\EntityTossedItem.java:36: error: no suitable constructor found for ThrowableItemProjectile(EntityType<EntityTossedItem>,LivingEntity,Level)
        super(AMEntityRegistry.TOSSED_ITEM.get(), throwerIn, worldIn);
        ^
    constructor ThrowableItemProjectile.ThrowableItemProjectile(EntityType<? extends ThrowableItemProjectile>,Level) is not applicable
      (actual and formal argument lists differ in length)
    constructor ThrowableItemProjectile.ThrowableItemProjectile(EntityType<? extends ThrowableItemProjectile>,double,double,double,Level,ItemStack) is not applicable
      (actual and formal argument lists differ in length)
    constructor ThrowableItemProjectile.ThrowableItemProjectile(EntityType<? extends ThrowableItemProjectile>,LivingEntity,Level,ItemStack) is not applicable
      (actual and formal argument lists differ in length)
C:\Users\justi\Documents\GitHub\AlexsMobs-26.2\src\main\java\com\github\alexthe666\alexsmobs\entity\EntityTossedItem.java:40: error: no suitable constructor found for ThrowableItemProjectile(EntityType<EntityTossedItem>,double,double,double,Level)
        super(AMEntityRegistry.TOSSED_ITEM.get(), x, y, z, worldIn);
        ^
    constructor ThrowableItemProjectile.ThrowableItemProjectile(EntityType<? extends ThrowableItemProjectile>,Level) is not applicable
      (actual and formal argument lists differ in length)
    constructor ThrowableItemProjectile.ThrowableItemProjectile(EntityType<? extends ThrowableItemProjectile>,double,double,double,Level,ItemStack) is not applicable
      (actual and formal argument lists differ in length)
    constructor ThrowableItemProjectile.ThrowableItemProjectile(EntityType<? extends ThrowableItemProjectile>,LivingEntity,Level,ItemStack) is not applicable
      (actual and formal argument lists differ in length)
C:\Users\justi\Documents\GitHub\AlexsMobs-26.2\src\main\java\com\github\alexthe666\alexsmobs\entity\EntityTossedItem.java:57: error: method does not override or implement a method from a supertype
    @Override
    ^
C:\Users\justi\Documents\GitHub\AlexsMobs-26.2\src\main\java\com\github\alexthe666\alexsmobs\entity\EntityTossedItem.java:59: error: method getAddEntityPacket in class Projectile cannot be applied to given types;
        return super.getAddEntityPacket();
                    ^
  required: ServerEntity
  found:    no arguments
  reason: actual and formal argument lists differ in length
C:\Users\justi\Documents\GitHub\AlexsMobs-26.2\src\main\java\com\github\alexthe666\alexsmobs\entity\EntityTossedItem.java:68: error: no suitable constructor found for ItemParticleOption(ParticleType<ItemParticleOption>,ItemStack)
                this.level().addParticle(new ItemParticleOption(ParticleTypes.ITEM, this.getItem()), this.getX(), this.getY(), this.getZ(), ((double)this.random.nextFloat() - 0.5D) * 0.08D, ((double)this.random.nextFloat() - 0.5D) * 0.08D, ((double)this.random.nextFloat() - 0.5D) * 0.08D);
                                         ^
    constructor ItemParticleOption.ItemParticleOption(ParticleType<ItemParticleOption>,Item) is not applicable
      (argument mismatch; ItemStack cannot be converted to Item)
    constructor ItemParticleOption.ItemParticleOption(ParticleType<ItemParticleOption>,ItemStackTemplate) is not applicable
      (argument mismatch; ItemStack cannot be converted to ItemStackTemplate)
C:\Users\justi\Documents\GitHub\AlexsMobs-26.2\src\main\java\com\github\alexthe666\alexsmobs\entity\EntityTossedItem.java:84: error: cannot find symbol
            this.moveTo(this.getX(), this.getY(), this.getZ(), this.getYRot(), this.getXRot());
                ^
  symbol: method moveTo(double,double,double,float,float)
C:\Users\justi\Documents\GitHub\AlexsMobs-26.2\src\main\java\com\github\alexthe666\alexsmobs\client\render\RenderToucan.java:25: error: type argument ModelToucan is not within bounds of type-variable M
public class RenderToucan extends MobRenderer<EntityToucan, LivingEntityRenderState, ModelToucan> {
                                                                                     ^
  where M,S are type-variables:
    M extends EntityModel<? super S> declared in class MobRenderer
    S extends LivingEntityRenderState declared in class MobRenderer
C:\Users\justi\Documents\GitHub\AlexsMobs-26.2\src\main\java\com\github\alexthe666\alexsmobs\client\render\RenderToucan.java:25: error: RenderToucan is not abstract and does not override abstract method getTextureLocation(LivingEntityRenderState) in LivingEntityRenderer
public class RenderToucan extends MobRenderer<EntityToucan, LivingEntityRenderState, ModelToucan> {
       ^
C:\Users\justi\Documents\GitHub\AlexsMobs-26.2\src\main\java\com\github\alexthe666\alexsmobs\client\render\RenderToucan.java:35: error: incompatible types: LayerGlint cannot be converted to RenderLayer<LivingEntityRenderState,ModelToucan>
        this.addLayer(new LayerGlint(this));
                      ^
C:\Users\justi\Documents\GitHub\AlexsMobs-26.2\src\main\java\com\github\alexthe666\alexsmobs\client\render\RenderToucan.java:36: error: incompatible types: LayerHeldItem cannot be converted to RenderLayer<LivingEntityRenderState,ModelToucan>
        this.addLayer(new LayerHeldItem(this));
                      ^
C:\Users\justi\Documents\GitHub\AlexsMobs-26.2\src\main\java\com\github\alexthe666\alexsmobs\client\render\RenderToucan.java:62: error: type argument EntityToucan is not within bounds of type-variable S
    static class LayerGlint extends RenderLayer<EntityToucan, ModelToucan> {
                                                ^
  where S is a type-variable:
    S extends EntityRenderState declared in class RenderLayer
C:\Users\justi\Documents\GitHub\AlexsMobs-26.2\src\main\java\com\github\alexthe666\alexsmobs\client\render\RenderToucan.java:62: error: LayerGlint is not abstract and does not override abstract method submit(PoseStack,SubmitNodeCollector,int,EntityToucan,float,float) in RenderLayer
    static class LayerGlint extends RenderLayer<EntityToucan, ModelToucan> {
           ^
C:\Users\justi\Documents\GitHub\AlexsMobs-26.2\src\main\java\com\github\alexthe666\alexsmobs\client\render\RenderToucan.java:65: error: incompatible types: RenderToucan cannot be converted to RenderLayerParent<EntityToucan,ModelToucan>
            super(render);
                  ^
C:\Users\justi\Documents\GitHub\AlexsMobs-26.2\src\main\java\com\github\alexthe666\alexsmobs\client\render\RenderToucan.java:70: error: cannot find symbol
                VertexConsumer vertexconsumer = ItemRenderer.getArmorFoilBuffer(bufferIn, RenderType.armorCutoutNoCull(TEXTURE_GOLDEN), false, true);
                                                ^
  symbol:   variable ItemRenderer
  location: class LayerGlint
C:\Users\justi\Documents\GitHub\AlexsMobs-26.2\src\main\java\com\github\alexthe666\alexsmobs\client\render\RenderToucan.java:70: error: cannot find symbol
                VertexConsumer vertexconsumer = ItemRenderer.getArmorFoilBuffer(bufferIn, RenderType.armorCutoutNoCull(TEXTURE_GOLDEN), false, true);
                                                                                                    ^
  symbol:   method armorCutoutNoCull(Identifier)
  location: class RenderType
C:\Users\justi\Documents\GitHub\AlexsMobs-26.2\src\main\java\com\github\alexthe666\alexsmobs\client\render\RenderToucan.java:71: error: incompatible types: EntityToucan cannot be converted to LivingEntityRenderState
                this.getParentModel().renderToBuffer(matrixStackIn, vertexconsumer, packedLightIn, LivingEntityRenderer.getOverlayCoords(entitylivingbaseIn, 0.0F), 1, 1, 1, 1.0F);
                                                                                                                                         ^
C:\Users\justi\Documents\GitHub\AlexsMobs-26.2\src\main\java\com\github\alexthe666\alexsmobs\client\render\RenderToucan.java:76: error: type argument EntityToucan is not within bounds of type-variable S
    static class LayerHeldItem extends RenderLayer<EntityToucan, ModelToucan> {
                                                   ^
  where S is a type-variable:
    S extends EntityRenderState declared in class RenderLayer
C:\Users\justi\Documents\GitHub\AlexsMobs-26.2\src\main\java\com\github\alexthe666\alexsmobs\client\render\RenderToucan.java:76: error: LayerHeldItem is not abstract and does not override abstract method submit(PoseStack,SubmitNodeCollector,int,EntityToucan,float,float) in RenderLayer
    static class LayerHeldItem extends RenderLayer<EntityToucan, ModelToucan> {
           ^
C:\Users\justi\Documents\GitHub\AlexsMobs-26.2\src\main\java\com\github\alexthe666\alexsmobs\client\render\RenderToucan.java:79: error: incompatible types: RenderToucan cannot be converted to RenderLayerParent<EntityToucan,ModelToucan>
            super(render);
                  ^
C:\Users\justi\Documents\GitHub\AlexsMobs-26.2\src\main\java\com\github\alexthe666\alexsmobs\client\render\RenderToucan.java:95: error: method renderItem in class ItemInHandRenderer cannot be applied to given types;
            renderer.renderItem(entitylivingbaseIn, itemstack, ItemDisplayContext.GROUND, false, matrixStackIn, bufferIn, packedLightIn);
                    ^
  required: LivingEntity,ItemStack,ItemDisplayContext,PoseStack,SubmitNodeCollector,int
  found:    EntityToucan,ItemStack,ItemDisplayContext,boolean,PoseStack,OrderedSubmitNodeCollector,int
  reason: actual and formal argument lists differ in length
C:\Users\justi\Documents\GitHub\AlexsMobs-26.2\src\main\java\com\github\alexthe666\alexsmobs\client\render\RenderTriops.java:13: error: type argument ModelTriops is not within bounds of type-variable M
public class RenderTriops extends MobRenderer<EntityTriops, LivingEntityRenderState, ModelTriops> {
                                                                                     ^
  where M,S are type-variables:
    M extends EntityModel<? super S> declared in class MobRenderer
    S extends LivingEntityRenderState declared in class MobRenderer
C:\Users\justi\Documents\GitHub\AlexsMobs-26.2\src\main\java\com\github\alexthe666\alexsmobs\client\render\RenderTriops.java:13: error: RenderTriops is not abstract and does not override abstract method getTextureLocation(LivingEntityRenderState) in LivingEntityRenderer
public class RenderTriops extends MobRenderer<EntityTriops, LivingEntityRenderState, ModelTriops> {
       ^
C:\Users\justi\Documents\GitHub\AlexsMobs-26.2\src\main\java\com\github\alexthe666\alexsmobs\client\render\RenderVineLasso.java:28: error: RenderVineLasso is not abstract and does not override abstract method createRenderState() in EntityRenderer
public class RenderVineLasso extends EntityRenderer<EntityVineLasso, EntityRenderState> {
       ^
C:\Users\justi\Documents\GitHub\AlexsMobs-26.2\src\main\java\com\github\alexthe666\alexsmobs\client\render\RenderVineLasso.java:55: error: cannot find symbol
        super.render(entityIn, entityYaw, partialTicks, matrixStackIn, bufferIn, packedLightIn);
             ^
  symbol: method render(EntityVineLasso,float,float,PoseStack,OrderedSubmitNodeCollector,int)
C:\Users\justi\Documents\GitHub\AlexsMobs-26.2\src\main\java\com\github\alexthe666\alexsmobs\client\render\RenderVineLasso.java:70: error: cannot find symbol
        VertexConsumer ivertexbuilder = bufferIn.getBuffer(RenderType.entityCutoutNoCull(TEXTURE));
                                                                     ^
  symbol:   method entityCutoutNoCull(Identifier)
  location: class RenderType
C:\Users\justi\Documents\GitHub\AlexsMobs-26.2\src\main\java\com\github\alexthe666\alexsmobs\client\render\RenderVineLasso.java:98: error: cannot find symbol
        VertexConsumer vertexconsumer = p_115465_.getBuffer(RenderType.leash());
                                                                      ^
  symbol:   method leash()
  location: class RenderType
C:\Users\justi\Documents\GitHub\AlexsMobs-26.2\src\main\java\com\github\alexthe666\alexsmobs\client\render\RenderVineLasso.java:159: error: cannot find symbol
        int k = LightTexture.pack(i, j);
                ^
  symbol:   variable LightTexture
  location: class RenderVineLasso
C:\Users\justi\Documents\GitHub\AlexsMobs-26.2\src\main\java\com\github\alexthe666\alexsmobs\client\render\RenderVineLasso.java:171: error: cannot find symbol
        p_174308_.vertex(p_174309_, f5 - p_174319_, f6 + p_174318_, f7 + p_174320_).color(f2, f3, f4, 1.0F).uv2(k).endVertex();
                 ^
  symbol:   method vertex(Matrix4f,float,float,float)
  location: variable p_174308_ of type VertexConsumer
C:\Users\justi\Documents\GitHub\AlexsMobs-26.2\src\main\java\com\github\alexthe666\alexsmobs\client\render\RenderVineLasso.java:172: error: cannot find symbol
        p_174308_.vertex(p_174309_, f5 + p_174319_, f6 + p_174317_ - p_174318_, f7 - p_174320_).color(f2, f3, f4, 1.0F).uv2(k).endVertex();
                 ^
  symbol:   method vertex(Matrix4f,float,float,float)
  location: variable p_174308_ of type VertexConsumer
C:\Users\justi\Documents\GitHub\AlexsMobs-26.2\src\main\java\com\github\alexthe666\alexsmobs\client\render\RenderVineLasso.java:175: error: method does not override or implement a method from a supertype
    @Override
    ^
C:\Users\justi\Documents\GitHub\AlexsMobs-26.2\src\main\java\com\github\alexthe666\alexsmobs\client\render\RenderVineLasso.java:182: error: cannot find symbol
        p_229039_3_.vertex(p_229039_1_, (float) p_229039_4_, (float) p_229039_5_, (float) p_229039_6_).color(255, 255, 255, 255).uv(p_229039_7_, p_229039_8_).overlayCoords(OverlayTexture.NO_OVERLAY).uv2(p_229039_12_).normal(p_229039_2_, (float) p_229039_9_, (float) p_229039_11_, (float) p_229039_10_).endVertex();
                   ^
  symbol:   method vertex(Matrix4f,float,float,float)
  location: variable p_229039_3_ of type VertexConsumer
C:\Users\justi\Documents\GitHub\AlexsMobs-26.2\src\main\java\com\github\alexthe666\alexsmobs\entity\EntityVineLasso.java:31: error: EntityVineLasso is not abstract and does not override abstract method hurtServer(ServerLevel,DamageSource,float) in Entity
public class EntityVineLasso extends Entity {
       ^
C:\Users\justi\Documents\GitHub\AlexsMobs-26.2\src\main\java\com\github\alexthe666\alexsmobs\entity\EntityVineLasso.java:65: error: method does not override or implement a method from a supertype
    @Override
    ^
C:\Users\justi\Documents\GitHub\AlexsMobs-26.2\src\main\java\com\github\alexthe666\alexsmobs\entity\EntityVineLasso.java:67: error: method getAddEntityPacket in class Entity cannot be applied to given types;
        return super.getAddEntityPacket();
                    ^
  required: ServerEntity
  found:    no arguments
  reason: actual and formal argument lists differ in length
C:\Users\justi\Documents\GitHub\AlexsMobs-26.2\src\main\java\com\github\alexthe666\alexsmobs\entity\EntityVineLasso.java:113: error: no suitable method found for spawnAtLocation(ItemStack)
                this.spawnAtLocation(item);
                    ^
    method Entity.spawnAtLocation(ServerLevel,ItemLike) is not applicable
      (actual and formal argument lists differ in length)
    method Entity.spawnAtLocation(ServerLevel,ItemStack) is not applicable
      (actual and formal argument lists differ in length)
    method Entity.spawnAtLocation(ServerLevel,ItemStack,Vec3) is not applicable
      (actual and formal argument lists differ in length)
    method Entity.spawnAtLocation(ServerLevel,ItemStack,float) is not applicable
      (actual and formal argument lists differ in length)
C:\Users\justi\Documents\GitHub\AlexsMobs-26.2\src\main\java\com\github\alexthe666\alexsmobs\entity\EntityVineLasso.java:223: error: cannot find symbol
            this.moveTo(this.getX(), this.getY(), this.getZ(), this.getYRot(), this.getXRot());
                ^
  symbol: method moveTo(double,double,double,float,float)
C:\Users\justi\Documents\GitHub\AlexsMobs-26.2\src\main\java\com\github\alexthe666\alexsmobs\client\render\RenderVoidPortal.java:18: error: RenderVoidPortal is not abstract and does not override abstract method createRenderState() in EntityRenderer
public class RenderVoidPortal extends EntityRenderer<EntityVoidPortal, EntityRenderState> {
       ^
C:\Users\justi\Documents\GitHub\AlexsMobs-26.2\src\main\java\com\github\alexthe666\alexsmobs\client\render\RenderVoidPortal.java:53: error: cannot find symbol
        super.render(entityIn, entityYaw, partialTicks, matrixStackIn, bufferIn, packedLightIn);
             ^
  symbol: method render(EntityVoidPortal,float,float,PoseStack,OrderedSubmitNodeCollector,int)
C:\Users\justi\Documents\GitHub\AlexsMobs-26.2\src\main\java\com\github\alexthe666\alexsmobs\client\render\RenderVoidPortal.java:65: error: cannot find symbol
        VertexConsumer ivertexbuilder = shattered ? AMRenderTypes.createMergedVertexConsumer(bufferIn.getBuffer(AMRenderTypes.STATIC_PORTAL), bufferIn.getBuffer(RenderType.entityCutoutNoCull(tex))) : bufferIn.getBuffer(AMRenderTypes.getFullBright(tex));
                                                                                                                             ^
  symbol:   variable STATIC_PORTAL
  location: class AMRenderTypes
C:\Users\justi\Documents\GitHub\AlexsMobs-26.2\src\main\java\com\github\alexthe666\alexsmobs\client\render\RenderVoidPortal.java:65: error: cannot find symbol
        VertexConsumer ivertexbuilder = shattered ? AMRenderTypes.createMergedVertexConsumer(bufferIn.getBuffer(AMRenderTypes.STATIC_PORTAL), bufferIn.getBuffer(RenderType.entityCutoutNoCull(tex))) : bufferIn.getBuffer(AMRenderTypes.getFullBright(tex));
                                                                                                                                                                           ^
  symbol:   method entityCutoutNoCull(Identifier)
  location: class RenderType
C:\Users\justi\Documents\GitHub\AlexsMobs-26.2\src\main\java\com\github\alexthe666\alexsmobs\client\render\RenderVoidPortal.java:65: error: cannot find symbol
        VertexConsumer ivertexbuilder = shattered ? AMRenderTypes.createMergedVertexConsumer(bufferIn.getBuffer(AMRenderTypes.STATIC_PORTAL), bufferIn.getBuffer(RenderType.entityCutoutNoCull(tex))) : bufferIn.getBuffer(AMRenderTypes.getFullBright(tex));
                                                                                                                                                                                                                ^
  symbol:   method getBuffer(RenderType)
  location: variable bufferIn of type OrderedSubmitNodeCollector
C:\Users\justi\Documents\GitHub\AlexsMobs-26.2\src\main\java\com\github\alexthe666\alexsmobs\client\render\RenderVoidPortal.java:80: error: method does not override or implement a method from a supertype
    @Override
    ^
C:\Users\justi\Documents\GitHub\AlexsMobs-26.2\src\main\java\com\github\alexthe666\alexsmobs\client\render\RenderVoidPortal.java:87: error: cannot find symbol
        p_229039_3_.vertex(p_229039_1_, (float) p_229039_4_, (float) p_229039_5_, (float) p_229039_6_).color(255, 255, 255, 255).uv(p_229039_7_, p_229039_8_).overlayCoords(OverlayTexture.NO_OVERLAY).uv2(p_229039_12_).normal(p_229039_2_, (float) p_229039_9_, (float) p_229039_11_, (float) p_229039_10_).endVertex();
                   ^
  symbol:   method vertex(Matrix4f,float,float,float)
  location: variable p_229039_3_ of type VertexConsumer
C:\Users\justi\Documents\GitHub\AlexsMobs-26.2\src\main\java\com\github\alexthe666\alexsmobs\client\render\RenderVoidWormBody.java:21: error: type argument EntityModel<EntityVoidWormPart> is not within bounds of type-variable M
public class RenderVoidWormBody extends LivingEntityRenderer<EntityVoidWormPart, LivingEntityRenderState, EntityModel<EntityVoidWormPart>> {
                                                                                                                     ^
  where M,S are type-variables:
    M extends EntityModel<? super S> declared in class LivingEntityRenderer
    S extends LivingEntityRenderState declared in class LivingEntityRenderer
C:\Users\justi\Documents\GitHub\AlexsMobs-26.2\src\main\java\com\github\alexthe666\alexsmobs\client\render\RenderVoidWormBody.java:21: error: type argument EntityVoidWormPart is not within bounds of type-variable T
public class RenderVoidWormBody extends LivingEntityRenderer<EntityVoidWormPart, LivingEntityRenderState, EntityModel<EntityVoidWormPart>> {
                                                                                                                      ^
  where T is a type-variable:
    T extends EntityRenderState declared in class EntityModel
C:\Users\justi\Documents\GitHub\AlexsMobs-26.2\src\main\java\com\github\alexthe666\alexsmobs\client\render\RenderVoidWormBody.java:21: error: RenderVoidWormBody is not abstract and does not override abstract method getTextureLocation(LivingEntityRenderState) in LivingEntityRenderer
public class RenderVoidWormBody extends LivingEntityRenderer<EntityVoidWormPart, LivingEntityRenderState, EntityModel<EntityVoidWormPart>> {
       ^
C:\Users\justi\Documents\GitHub\AlexsMobs-26.2\src\main\java\com\github\alexthe666\alexsmobs\client\render\RenderVoidWormBody.java:32: error: incompatible types: ModelVoidWormBody cannot be converted to EntityModel<EntityVoidWormPart>
        super(renderManagerIn, new ModelVoidWormBody(0.0F), 1F);
                               ^
C:\Users\justi\Documents\GitHub\AlexsMobs-26.2\src\main\java\com\github\alexthe666\alexsmobs\client\render\RenderVoidWormBody.java:33: error: incompatible types: ModelVoidWormBody cannot be converted to EntityModel
        this.addLayer(new LayerVoidWormGlow(this, renderManagerIn.getResourceManager(), new ModelVoidWormBody(0.0F)){
                                                                                        ^
C:\Users\justi\Documents\GitHub\AlexsMobs-26.2\src\main\java\com\github\alexthe666\alexsmobs\client\render\RenderVoidWormBody.java:33: error: <anonymous com.github.alexthe666.alexsmobs.client.render.RenderVoidWormBody$1> is not abstract and does not override abstract method submit(PoseStack,SubmitNodeCollector,int,EntityRenderState,float,float) in RenderLayer
        this.addLayer(new LayerVoidWormGlow(this, renderManagerIn.getResourceManager(), new ModelVoidWormBody(0.0F)){
                                                                                                                    ^
C:\Users\justi\Documents\GitHub\AlexsMobs-26.2\src\main\java\com\github\alexthe666\alexsmobs\client\render\RenderVoidWormBody.java:33: error: cannot find symbol
        this.addLayer(new LayerVoidWormGlow(this, renderManagerIn.getResourceManager(), new ModelVoidWormBody(0.0F)){
                      ^
  symbol: constructor (RenderVoidWormBody,ResourceManager,ModelVoidWormBody)
C:\Users\justi\Documents\GitHub\AlexsMobs-26.2\src\main\java\com\github\alexthe666\alexsmobs\client\render\RenderVoidWormBody.java:70: error: method getFlipDegrees in class LivingEntityRenderer<T,S,M> cannot be applied to given types;
            matrixStackIn.mulPose(Axis.ZP.rotationDegrees(f * this.getFlipDegrees(entityLiving)));
                                                                  ^
  required: no arguments
  found:    EntityVoidWormPart
  reason: actual and formal argument lists differ in length
  where T,S,M are type-variables:
    T extends LivingEntity declared in class LivingEntityRenderer
    S extends LivingEntityRenderState declared in class LivingEntityRenderer
    M extends EntityModel<? super S> declared in class LivingEntityRenderer
C:\Users\justi\Documents\GitHub\AlexsMobs-26.2\src\main\java\com\github\alexthe666\alexsmobs\client\render\RenderVoidWormBody.java:76: error: incompatible types: bad type in conditional expression
        this.model = entitylivingbaseIn.isTail() ? tailModel : bodyModel;
                                                   ^
    ModelVoidWormTail cannot be converted to EntityModel<EntityVoidWormPart>
C:\Users\justi\Documents\GitHub\AlexsMobs-26.2\src\main\java\com\github\alexthe666\alexsmobs\client\render\RenderVoidWormBody.java:76: error: incompatible types: bad type in conditional expression
        this.model = entitylivingbaseIn.isTail() ? tailModel : bodyModel;
                                                               ^
    ModelVoidWormBody cannot be converted to EntityModel<EntityVoidWormPart>
C:\Users\justi\Documents\GitHub\AlexsMobs-26.2\src\main\java\com\github\alexthe666\alexsmobs\client\render\RenderVoidWormBody.java:81: error: method shouldShowName in class LivingEntityRenderer<T,S,M> cannot be applied to given types;
        return super.shouldShowName(entity) && (entity.shouldShowName() || entity.hasCustomName() && entity == this.entityRenderDispatcher.crosshairPickEntity);
                    ^
  required: EntityVoidWormPart,double
  found:    EntityVoidWormPart
  reason: actual and formal argument lists differ in length
  where T,S,M are type-variables:
    T extends LivingEntity declared in class LivingEntityRenderer
    S extends LivingEntityRenderState declared in class LivingEntityRenderer
    M extends EntityModel<? super S> declared in class LivingEntityRenderer
C:\Users\justi\Documents\GitHub\AlexsMobs-26.2\src\main\java\com\github\alexthe666\alexsmobs\client\render\RenderVoidWormHead.java:18: error: type argument ModelVoidWorm is not within bounds of type-variable M
public class RenderVoidWormHead extends MobRenderer<EntityVoidWorm, LivingEntityRenderState, ModelVoidWorm> {
                                                                                             ^
  where M,S are type-variables:
    M extends EntityModel<? super S> declared in class MobRenderer
    S extends LivingEntityRenderState declared in class MobRenderer
C:\Users\justi\Documents\GitHub\AlexsMobs-26.2\src\main\java\com\github\alexthe666\alexsmobs\client\render\RenderVoidWormHead.java:18: error: RenderVoidWormHead is not abstract and does not override abstract method getTextureLocation(LivingEntityRenderState) in LivingEntityRenderer
public class RenderVoidWormHead extends MobRenderer<EntityVoidWorm, LivingEntityRenderState, ModelVoidWorm> {
       ^
C:\Users\justi\Documents\GitHub\AlexsMobs-26.2\src\main\java\com\github\alexthe666\alexsmobs\client\render\RenderVoidWormHead.java:24: error: incompatible types: ModelVoidWorm cannot be converted to EntityModel
        this.addLayer(new LayerVoidWormGlow(this, renderManagerIn.getResourceManager(), new ModelVoidWorm(1.001F)){
                                                                                        ^
C:\Users\justi\Documents\GitHub\AlexsMobs-26.2\src\main\java\com\github\alexthe666\alexsmobs\client\render\RenderVoidWormHead.java:24: error: <anonymous com.github.alexthe666.alexsmobs.client.render.RenderVoidWormHead$1> is not abstract and does not override abstract method submit(PoseStack,SubmitNodeCollector,int,EntityRenderState,float,float) in RenderLayer
        this.addLayer(new LayerVoidWormGlow(this, renderManagerIn.getResourceManager(), new ModelVoidWorm(1.001F)){
                                                                                                                  ^
C:\Users\justi\Documents\GitHub\AlexsMobs-26.2\src\main\java\com\github\alexthe666\alexsmobs\client\render\RenderVoidWormHead.java:24: error: cannot find symbol
        this.addLayer(new LayerVoidWormGlow(this, renderManagerIn.getResourceManager(), new ModelVoidWorm(1.001F)){
                      ^
  symbol: constructor (RenderVoidWormHead,ResourceManager,ModelVoidWorm)
C:\Users\justi\Documents\GitHub\AlexsMobs-26.2\src\main\java\com\github\alexthe666\alexsmobs\client\render\RenderVoidWormHead.java:41: error: cannot find symbol
            return RenderType.itemEntityTranslucentCull(Identifier);
                             ^
  symbol:   method itemEntityTranslucentCull(Identifier)
  location: class RenderType
C:\Users\justi\Documents\GitHub\AlexsMobs-26.2\src\main\java\com\github\alexthe666\alexsmobs\client\render\RenderVoidWormHead.java:43: error: cannot find symbol
            return RenderType.entityTranslucent(Identifier);
                             ^
  symbol:   method entityTranslucent(Identifier)
  location: class RenderType
C:\Users\justi\Documents\GitHub\AlexsMobs-26.2\src\main\java\com\github\alexthe666\alexsmobs\client\render\RenderVoidWormHead.java:45: error: method outline in class RenderType cannot be applied to given types;
            return outline ? RenderType.outline(Identifier) : null;
                                       ^
  required: no arguments
  found:    Identifier
  reason: actual and formal argument lists differ in length
C:\Users\justi\Documents\GitHub\AlexsMobs-26.2\src\main\java\com\github\alexthe666\alexsmobs\client\render\RenderVoidWormShot.java:20: error: RenderVoidWormShot is not abstract and does not override abstract method createRenderState() in EntityRenderer
public class RenderVoidWormShot extends EntityRenderer<EntityVoidWormShot, EntityRenderState> {
       ^
C:\Users\justi\Documents\GitHub\AlexsMobs-26.2\src\main\java\com\github\alexthe666\alexsmobs\client\render\RenderVoidWormShot.java:28: error: method does not override or implement a method from a supertype
    @Override
    ^
C:\Users\justi\Documents\GitHub\AlexsMobs-26.2\src\main\java\com\github\alexthe666\alexsmobs\client\render\RenderVoidWormShot.java:33: error: method does not override or implement a method from a supertype
    @Override
    ^
C:\Users\justi\Documents\GitHub\AlexsMobs-26.2\src\main\java\com\github\alexthe666\alexsmobs\client\render\RenderVoidWormShot.java:44: error: cannot find symbol
        VertexConsumer ivertexbuilder = bufferIn.getBuffer(AMRenderTypes.getFullBright(getTextureLocation(entityIn)));
                                                ^
  symbol:   method getBuffer(RenderType)
  location: variable bufferIn of type OrderedSubmitNodeCollector
C:\Users\justi\Documents\GitHub\AlexsMobs-26.2\src\main\java\com\github\alexthe666\alexsmobs\client\render\RenderVoidWormShot.java:45: error: method renderToBuffer in class Model<S> cannot be applied to given types;
        MODEL.renderToBuffer(matrixStackIn, ivertexbuilder, 210, NO_OVERLAY, Math.max(colorize, 0.2F), Math.max(colorize, 0.2F), 1.0F, 1.0F);
             ^
  required: PoseStack,VertexConsumer,int,int,int
  found:    PoseStack,VertexConsumer,int,int,float,float,float,float
  reason: actual and formal argument lists differ in length
  where S is a type-variable:
    S extends Object declared in class Model
C:\Users\justi\Documents\GitHub\AlexsMobs-26.2\src\main\java\com\github\alexthe666\alexsmobs\client\render\RenderWarpedMosco.java:18: error: type argument ModelWarpedMosco is not within bounds of type-variable M
public class RenderWarpedMosco extends MobRenderer<EntityWarpedMosco, LivingEntityRenderState, ModelWarpedMosco> {
                                                                                               ^
  where M,S are type-variables:
    M extends EntityModel<? super S> declared in class MobRenderer
    S extends LivingEntityRenderState declared in class MobRenderer
C:\Users\justi\Documents\GitHub\AlexsMobs-26.2\src\main\java\com\github\alexthe666\alexsmobs\client\render\RenderWarpedMosco.java:18: error: RenderWarpedMosco is not abstract and does not override abstract method getTextureLocation(LivingEntityRenderState) in LivingEntityRenderer
public class RenderWarpedMosco extends MobRenderer<EntityWarpedMosco, LivingEntityRenderState, ModelWarpedMosco> {
       ^
C:\Users\justi\Documents\GitHub\AlexsMobs-26.2\src\main\java\com\github\alexthe666\alexsmobs\client\render\RenderWarpedMosco.java:24: error: incompatible types: WarpedMoscoGlowLayer cannot be converted to RenderLayer<LivingEntityRenderState,ModelWarpedMosco>
        this.addLayer(new WarpedMoscoGlowLayer(this));
                      ^
C:\Users\justi\Documents\GitHub\AlexsMobs-26.2\src\main\java\com\github\alexthe666\alexsmobs\client\render\RenderWarpedMosco.java:31: error: type argument EntityWarpedMosco is not within bounds of type-variable S
    static class WarpedMoscoGlowLayer extends RenderLayer<EntityWarpedMosco, ModelWarpedMosco> {
                                                          ^
  where S is a type-variable:
    S extends EntityRenderState declared in class RenderLayer
C:\Users\justi\Documents\GitHub\AlexsMobs-26.2\src\main\java\com\github\alexthe666\alexsmobs\client\render\RenderWarpedMosco.java:31: error: WarpedMoscoGlowLayer is not abstract and does not override abstract method submit(PoseStack,SubmitNodeCollector,int,EntityWarpedMosco,float,float) in RenderLayer
    static class WarpedMoscoGlowLayer extends RenderLayer<EntityWarpedMosco, ModelWarpedMosco> {
           ^
C:\Users\justi\Documents\GitHub\AlexsMobs-26.2\src\main\java\com\github\alexthe666\alexsmobs\client\render\RenderWarpedMosco.java:34: error: incompatible types: RenderWarpedMosco cannot be converted to RenderLayerParent<EntityWarpedMosco,ModelWarpedMosco>
            super(p_i50928_1_);
                  ^
C:\Users\justi\Documents\GitHub\AlexsMobs-26.2\src\main\java\com\github\alexthe666\alexsmobs\client\render\RenderWarpedMosco.java:38: error: cannot find symbol
            VertexConsumer ivertexbuilder = bufferIn.getBuffer(AMRenderTypes.getEyesFlickering(TEXTURE_EYES, 0));
                                                    ^
  symbol:   method getBuffer(RenderType)
  location: variable bufferIn of type OrderedSubmitNodeCollector
C:\Users\justi\Documents\GitHub\AlexsMobs-26.2\src\main\java\com\github\alexthe666\alexsmobs\client\render\RenderWarpedMosco.java:40: error: incompatible types: EntityWarpedMosco cannot be converted to LivingEntityRenderState
            this.getParentModel().renderToBuffer(matrixStackIn, ivertexbuilder, 240, LivingEntityRenderer.getOverlayCoords(entitylivingbaseIn, 0.0F), 0.5F, 1.0F, 1.0F, alpha);
                                                                                                                           ^
C:\Users\justi\Documents\GitHub\AlexsMobs-26.2\src\main\java\com\github\alexthe666\alexsmobs\client\render\tile\RenderCapsid.java:20: error: RenderCapsid is not abstract and does not override abstract method submit(BlockEntityRenderState,PoseStack,SubmitNodeCollector,CameraRenderState) in BlockEntityRenderer
public class RenderCapsid<T extends TileEntityCapsid> implements BlockEntityRenderer<T, BlockEntityRenderState> {
       ^
C:\Users\justi\Documents\GitHub\AlexsMobs-26.2\src\main\java\com\github\alexthe666\alexsmobs\client\render\tile\RenderCapsid.java:41: error: method does not override or implement a method from a supertype
    @Override
    ^
C:\Users\justi\Documents\GitHub\AlexsMobs-26.2\src\main\java\com\github\alexthe666\alexsmobs\client\render\tile\RenderCapsid.java:60: error: cannot find symbol
            BakedModel ibakedmodel = Minecraft.getInstance().getItemRenderer().getModel(stack, entity.getLevel(), (LivingEntity)null, 0);
            ^
  symbol:   class BakedModel
  location: class RenderCapsid<T>
  where T is a type-variable:
    T extends TileEntityCapsid declared in class RenderCapsid
C:\Users\justi\Documents\GitHub\AlexsMobs-26.2\src\main\java\com\github\alexthe666\alexsmobs\client\render\tile\RenderCapsid.java:60: error: cannot find symbol
            BakedModel ibakedmodel = Minecraft.getInstance().getItemRenderer().getModel(stack, entity.getLevel(), (LivingEntity)null, 0);
                                                            ^
  symbol:   method getItemRenderer()
  location: class Minecraft
C:\Users\justi\Documents\GitHub\AlexsMobs-26.2\src\main\java\com\github\alexthe666\alexsmobs\client\render\tile\RenderCapsid.java:84: error: cannot find symbol
                Minecraft.getInstance().getItemRenderer().render(stack, ItemDisplayContext.GROUND, false, matrixStackIn, bufferIn, combinedLightIn, OverlayTexture.NO_OVERLAY, ibakedmodel);
                                       ^
  symbol:   method getItemRenderer()
  location: class Minecraft
C:\Users\justi\Documents\GitHub\AlexsMobs-26.2\src\main\java\com\github\alexthe666\alexsmobs\tileentity\TileEntityCapsid.java:40: error: TileEntityCapsid is not abstract and does not override abstract method setItems(NonNullList<ItemStack>) in BaseContainerBlockEntity
public class TileEntityCapsid extends BaseContainerBlockEntity implements WorldlyContainer {
       ^
C:\Users\justi\Documents\GitHub\AlexsMobs-26.2\src\main\java\com\github\alexthe666\alexsmobs\tileentity\TileEntityCapsid.java:71: error: cannot find symbol
                    LazyOptional<IItemHandler> handler = level.getBlockEntity(this.worldPosition.above()).getCapability(Capabilities.ItemHandler.BLOCK, Direction.UP);
                    ^
  symbol:   class LazyOptional
  location: class TileEntityCapsid
C:\Users\justi\Documents\GitHub\AlexsMobs-26.2\src\main\java\com\github\alexthe666\alexsmobs\tileentity\TileEntityCapsid.java:71: error: cannot find symbol
                    LazyOptional<IItemHandler> handler = level.getBlockEntity(this.worldPosition.above()).getCapability(Capabilities.ItemHandler.BLOCK, Direction.UP);
                                 ^
  symbol:   class IItemHandler
  location: class TileEntityCapsid
C:\Users\justi\Documents\GitHub\AlexsMobs-26.2\src\main\java\com\github\alexthe666\alexsmobs\tileentity\TileEntityCapsid.java:71: error: package Capabilities does not exist
                    LazyOptional<IItemHandler> handler = level.getBlockEntity(this.worldPosition.above()).getCapability(Capabilities.ItemHandler.BLOCK, Direction.UP);
                                                                                                                                    ^
C:\Users\justi\Documents\GitHub\AlexsMobs-26.2\src\main\java\com\github\alexthe666\alexsmobs\tileentity\TileEntityCapsid.java:73: error: cannot find symbol
                        if (ItemHandlerHelper.insertItem(handler.orElse(null), this.getItem(0), true).isEmpty()) {
                            ^
  symbol:   variable ItemHandlerHelper
  location: class TileEntityCapsid
C:\Users\justi\Documents\GitHub\AlexsMobs-26.2\src\main\java\com\github\alexthe666\alexsmobs\tileentity\TileEntityCapsid.java:74: error: cannot find symbol
                            ItemHandlerHelper.insertItem(handler.orElse(null), this.getItem(0).copy(), false);
                            ^
  symbol:   variable ItemHandlerHelper
  location: class TileEntityCapsid
C:\Users\justi\Documents\GitHub\AlexsMobs-26.2\src\main\java\com\github\alexthe666\alexsmobs\tileentity\TileEntityCapsid.java:103: error: no suitable method found for create(Level)
                    EntityEnderiophage phage = AMEntityRegistry.ENDERIOPHAGE.get().create(level);
                                                                                  ^
    method EntityType.create(ServerLevel,@org.jspecify.annotations.Nullable PostSpawnProcessor<EntityEnderiophage>,BlockPos,EntitySpawnReason,boolean,boolean) is not applicable
      (actual and formal argument lists differ in length)
    method EntityType.create(Level,EntitySpawnReason) is not applicable
      (actual and formal argument lists differ in length)
    method EntityType.create(Level,EntitySpawnRequest) is not applicable
      (actual and formal argument lists differ in length)
    method EntityType.create(ValueInput,Level,EntitySpawnRequest) is not applicable
      (actual and formal argument lists differ in length)
    method EntityType.create(EntityType<?>,ValueInput,Level,EntitySpawnReason) is not applicable
      (actual and formal argument lists differ in length)
C:\Users\justi\Documents\GitHub\AlexsMobs-26.2\src\main\java\com\github\alexthe666\alexsmobs\tileentity\TileEntityCapsid.java:142: error: incompatible types: BlockPos cannot be converted to Vec3
        return new net.minecraft.world.phys.AABB(worldPosition, worldPosition.offset(1, 2, 1));
                                                 ^
C:\Users\justi\Documents\GitHub\AlexsMobs-26.2\src\main\java\com\github\alexthe666\alexsmobs\tileentity\TileEntityCapsid.java:190: error: cannot find symbol
        boolean flag = !stack.isEmpty() && ItemStack.isSameItemSameTags(stack, this.stacks.get(index));
                                                    ^
  symbol:   method isSameItemSameTags(ItemStack,ItemStack)
  location: class ItemStack
C:\Users\justi\Documents\GitHub\AlexsMobs-26.2\src\main\java\com\github\alexthe666\alexsmobs\tileentity\TileEntityCapsid.java:196: error: incompatible types: CompoundTag cannot be converted to ValueOutput
        this.saveAdditional(this.getUpdateTag());
                                             ^
C:\Users\justi\Documents\GitHub\AlexsMobs-26.2\src\main\java\com\github\alexthe666\alexsmobs\tileentity\TileEntityCapsid.java:202: error: method does not override or implement a method from a supertype
    @Override
    ^
C:\Users\justi\Documents\GitHub\AlexsMobs-26.2\src\main\java\com\github\alexthe666\alexsmobs\tileentity\TileEntityCapsid.java:204: error: cannot find symbol
        super.load(compound);
             ^
  symbol: method load(CompoundTag)
C:\Users\justi\Documents\GitHub\AlexsMobs-26.2\src\main\java\com\github\alexthe666\alexsmobs\tileentity\TileEntityCapsid.java:206: error: incompatible types: CompoundTag cannot be converted to ValueInput
        ContainerHelper.loadAllItems(compound, this.stacks);
                                     ^
C:\Users\justi\Documents\GitHub\AlexsMobs-26.2\src\main\java\com\github\alexthe666\alexsmobs\tileentity\TileEntityCapsid.java:215: error: method does not override or implement a method from a supertype
    @Override
    ^
C:\Users\justi\Documents\GitHub\AlexsMobs-26.2\src\main\java\com\github\alexthe666\alexsmobs\tileentity\TileEntityCapsid.java:219: error: method does not override or implement a method from a supertype
    @Override
    ^
C:\Users\justi\Documents\GitHub\AlexsMobs-26.2\src\main\java\com\github\alexthe666\alexsmobs\tileentity\TileEntityCapsid.java:268: error: method does not override or implement a method from a supertype
    @Override
    ^
C:\Users\justi\Documents\GitHub\AlexsMobs-26.2\src\main\java\com\github\alexthe666\alexsmobs\tileentity\TileEntityCapsid.java:272: error: incompatible types: CompoundTag cannot be converted to ValueInput
            ContainerHelper.loadAllItems(packet.getTag(), this.stacks);
                                                      ^
C:\Users\justi\Documents\GitHub\AlexsMobs-26.2\src\main\java\com\github\alexthe666\alexsmobs\tileentity\TileEntityCapsid.java:277: error: no suitable method found for saveWithoutMetadata(no arguments)
        return this.saveWithoutMetadata();
                   ^
    method BlockEntity.saveWithoutMetadata(Provider) is not applicable
      (actual and formal argument lists differ in length)
    method BlockEntity.saveWithoutMetadata(ValueOutput) is not applicable
      (actual and formal argument lists differ in length)
C:\Users\justi\Documents\GitHub\AlexsMobs-26.2\src\main\java\com\github\alexthe666\alexsmobs\client\render\tile\RenderEndPirateAnchor.java:15: error: RenderEndPirateAnchor is not abstract and does not override abstract method submit(BlockEntityRenderState,PoseStack,SubmitNodeCollector,CameraRenderState) in BlockEntityRenderer
public class RenderEndPirateAnchor<T extends TileEntityEndPirateAnchor> implements BlockEntityRenderer<T, BlockEntityRenderState> {
       ^
C:\Users\justi\Documents\GitHub\AlexsMobs-26.2\src\main\java\com\github\alexthe666\alexsmobs\client\render\tile\RenderEndPirateAnchor.java:24: error: method does not override or implement a method from a supertype
    @Override
    ^
C:\Users\justi\Documents\GitHub\AlexsMobs-26.2\src\main\java\com\github\alexthe666\alexsmobs\client\render\tile\RenderEndPirateAnchor.java:36: error: cannot find symbol
        ANCHOR_MODEL.renderToBuffer(matrixStackIn, bufferIn.getBuffer(RenderType.entityCutout(TEXTURE_ANCHOR)), combinedLightIn, combinedOverlayIn, 1, 1F, 1, 1);
                                                                                ^
  symbol:   method entityCutout(Identifier)
  location: class RenderType
C:\Users\justi\Documents\GitHub\AlexsMobs-26.2\src\main\java\com\github\alexthe666\alexsmobs\client\render\tile\RenderEndPirateAnchor.java:37: error: cannot find symbol
        ANCHOR_MODEL.renderToBuffer(matrixStackIn, bufferIn.getBuffer(RenderType.eyes(TEXTURE_ANCHOR_GLOW)), combinedLightIn, combinedOverlayIn, 1, 1F, 1, 1);
                                                                                ^
  symbol:   method eyes(Identifier)
  location: class RenderType
C:\Users\justi\Documents\GitHub\AlexsMobs-26.2\src\main\java\com\github\alexthe666\alexsmobs\client\render\tile\RenderEndPirateAnchorWinch.java:16: error: RenderEndPirateAnchorWinch is not abstract and does not override abstract method submit(BlockEntityRenderState,PoseStack,SubmitNodeCollector,CameraRenderState) in BlockEntityRenderer
public class RenderEndPirateAnchorWinch<T extends TileEntityEndPirateAnchorWinch> implements BlockEntityRenderer<T, BlockEntityRenderState> {
       ^
C:\Users\justi\Documents\GitHub\AlexsMobs-26.2\src\main\java\com\github\alexthe666\alexsmobs\client\render\tile\RenderEndPirateAnchorWinch.java:26: error: method does not override or implement a method from a supertype
    @Override
    ^
C:\Users\justi\Documents\GitHub\AlexsMobs-26.2\src\main\java\com\github\alexthe666\alexsmobs\client\render\tile\RenderEndPirateAnchorWinch.java:57: error: cannot find symbol
            CHAIN_MODEL.renderToBuffer(matrixStackIn, bufferIn.getBuffer(RenderType.entityCutout(TEXTURE_CHAIN)), combinedLightIn, combinedOverlayIn, 1, 1F, 1, 1);
                                                                                   ^
  symbol:   method entityCutout(Identifier)
  location: class RenderType
C:\Users\justi\Documents\GitHub\AlexsMobs-26.2\src\main\java\com\github\alexthe666\alexsmobs\client\render\tile\RenderEndPirateAnchorWinch.java:58: error: cannot find symbol
            CHAIN_MODEL.renderToBuffer(matrixStackIn, bufferIn.getBuffer(RenderType.eyes(TEXTURE_CHAIN)), combinedLightIn, combinedOverlayIn, 1, 1F, 1, 1);
                                                                                   ^
  symbol:   method eyes(Identifier)
  location: class RenderType
C:\Users\justi\Documents\GitHub\AlexsMobs-26.2\src\main\java\com\github\alexthe666\alexsmobs\client\render\tile\RenderEndPirateAnchorWinch.java:64: error: cannot find symbol
        WINCH_MODEL.renderToBuffer(matrixStackIn, bufferIn.getBuffer(RenderType.entityCutout(TEXTURE)), combinedLightIn, combinedOverlayIn, 1, 1F, 1, 1);
                                                                               ^
  symbol:   method entityCutout(Identifier)
  location: class RenderType
C:\Users\justi\Documents\GitHub\AlexsMobs-26.2\src\main\java\com\github\alexthe666\alexsmobs\client\render\tile\RenderEndPirateAnchorWinch.java:65: error: cannot find symbol
        WINCH_MODEL.renderToBuffer(matrixStackIn, bufferIn.getBuffer(RenderType.eyes(TEXTURE)), combinedLightIn, combinedOverlayIn, 1, 1F, 1, 1);
                                                                               ^
  symbol:   method eyes(Identifier)
  location: class RenderType
C:\Users\justi\Documents\GitHub\AlexsMobs-26.2\src\main\java\com\github\alexthe666\alexsmobs\client\render\tile\RenderEndPirateAnchorWinch.java:78: error: cannot find symbol
            RenderEndPirateAnchor.ANCHOR_MODEL.renderToBuffer(matrixStackIn, bufferIn.getBuffer(RenderType.entityCutout(RenderEndPirateAnchor.TEXTURE_ANCHOR)), combinedLightIn, combinedOverlayIn, 1, 1F, 1, 1);
                                                                                                          ^
  symbol:   method entityCutout(Identifier)
  location: class RenderType
C:\Users\justi\Documents\GitHub\AlexsMobs-26.2\src\main\java\com\github\alexthe666\alexsmobs\client\render\tile\RenderEndPirateAnchorWinch.java:79: error: cannot find symbol
            RenderEndPirateAnchor.ANCHOR_MODEL.renderToBuffer(matrixStackIn, bufferIn.getBuffer(RenderType.eyes(RenderEndPirateAnchor.TEXTURE_ANCHOR_GLOW)), combinedLightIn, combinedOverlayIn, 1, 1F, 1, 1);
                                                                                                          ^
  symbol:   method eyes(Identifier)
  location: class RenderType
C:\Users\justi\Documents\GitHub\AlexsMobs-26.2\src\main\java\com\github\alexthe666\alexsmobs\client\render\tile\RenderEndPirateDoor.java:17: error: RenderEndPirateDoor is not abstract and does not override abstract method submit(BlockEntityRenderState,PoseStack,SubmitNodeCollector,CameraRenderState) in BlockEntityRenderer
public class RenderEndPirateDoor<T extends TileEntityEndPirateDoor> implements BlockEntityRenderer<T, BlockEntityRenderState> {
       ^
C:\Users\justi\Documents\GitHub\AlexsMobs-26.2\src\main\java\com\github\alexthe666\alexsmobs\client\render\tile\RenderEndPirateDoor.java:25: error: method does not override or implement a method from a supertype
    @Override
    ^
C:\Users\justi\Documents\GitHub\AlexsMobs-26.2\src\main\java\com\github\alexthe666\alexsmobs\client\render\tile\RenderEndPirateDoor.java:41: error: cannot find symbol
        DOOR_MODEL.renderToBuffer(matrixStackIn, bufferIn.getBuffer(RenderType.entityTranslucent(TEXTURE)), combinedLightIn, combinedOverlayIn, 1, 1F, 1, 1);
                                                                              ^
  symbol:   method entityTranslucent(Identifier)
  location: class RenderType
C:\Users\justi\Documents\GitHub\AlexsMobs-26.2\src\main\java\com\github\alexthe666\alexsmobs\client\render\tile\RenderEndPirateFlag.java:16: error: RenderEndPirateFlag is not abstract and does not override abstract method submit(BlockEntityRenderState,PoseStack,SubmitNodeCollector,CameraRenderState) in BlockEntityRenderer
public class RenderEndPirateFlag<T extends TileEntityEndPirateFlag> implements BlockEntityRenderer<T, BlockEntityRenderState> {
       ^
C:\Users\justi\Documents\GitHub\AlexsMobs-26.2\src\main\java\com\github\alexthe666\alexsmobs\client\render\tile\RenderEndPirateFlag.java:25: error: method does not override or implement a method from a supertype
    @Override
    ^
C:\Users\justi\Documents\GitHub\AlexsMobs-26.2\src\main\java\com\github\alexthe666\alexsmobs\client\render\tile\RenderEndPirateFlag.java:40: error: cannot find symbol
        FLAG_MODEL.renderToBuffer(matrixStackIn, bufferIn.getBuffer(RenderType.entityCutoutNoCull(TEXTURE)), combinedLightIn, combinedOverlayIn, 1, 1F, 1, 1);
                                                                              ^
  symbol:   method entityCutoutNoCull(Identifier)
  location: class RenderType
C:\Users\justi\Documents\GitHub\AlexsMobs-26.2\src\main\java\com\github\alexthe666\alexsmobs\client\render\tile\RenderEndPirateShipWheel.java:16: error: RenderEndPirateShipWheel is not abstract and does not override abstract method submit(BlockEntityRenderState,PoseStack,SubmitNodeCollector,CameraRenderState) in BlockEntityRenderer
public class RenderEndPirateShipWheel<T extends TileEntityEndPirateShipWheel> implements BlockEntityRenderer<T, BlockEntityRenderState> {
       ^
C:\Users\justi\Documents\GitHub\AlexsMobs-26.2\src\main\java\com\github\alexthe666\alexsmobs\client\render\tile\RenderEndPirateShipWheel.java:25: error: method does not override or implement a method from a supertype
    @Override
    ^
C:\Users\justi\Documents\GitHub\AlexsMobs-26.2\src\main\java\com\github\alexthe666\alexsmobs\client\render\tile\RenderEndPirateShipWheel.java:40: error: cannot find symbol
        WHEEL_MODEL.renderToBuffer(matrixStackIn, bufferIn.getBuffer(RenderType.entityCutoutNoCull(TEXTURE)), combinedLightIn, combinedOverlayIn, 1, 1F, 1, 1);
                                                                               ^
  symbol:   method entityCutoutNoCull(Identifier)
  location: class RenderType
C:\Users\justi\Documents\GitHub\AlexsMobs-26.2\src\main\java\com\github\alexthe666\alexsmobs\client\render\tile\RenderEndPirateShipWheel.java:41: error: cannot find symbol
        WHEEL_MODEL.renderToBuffer(matrixStackIn, bufferIn.getBuffer(AMRenderTypes.entityCutoutNoCull(TEXTURE_GLOW)), 240, combinedOverlayIn, 1, 1F, 1, 1);
                                                                                  ^
  symbol:   method entityCutoutNoCull(Identifier)
  location: class AMRenderTypes
C:\Users\justi\Documents\GitHub\AlexsMobs-26.2\src\main\java\com\github\alexthe666\alexsmobs\client\render\tile\RenderTransmutationTable.java:21: error: RenderTransmutationTable is not abstract and does not override abstract method submit(BlockEntityRenderState,PoseStack,SubmitNodeCollector,CameraRenderState) in BlockEntityRenderer
public class RenderTransmutationTable<T extends TileEntityTransmutationTable> implements BlockEntityRenderer<T, BlockEntityRenderState> {
       ^
C:\Users\justi\Documents\GitHub\AlexsMobs-26.2\src\main\java\com\github\alexthe666\alexsmobs\client\render\tile\RenderTransmutationTable.java:32: error: method does not override or implement a method from a supertype
    @Override
    ^
C:\Users\justi\Documents\GitHub\AlexsMobs-26.2\src\main\java\com\github\alexthe666\alexsmobs\client\render\tile\RenderTransmutationTable.java:48: error: cannot find symbol
        MODEL.renderToBuffer(matrixStackIn, bufferIn.getBuffer(RenderType.entityTranslucent(TEXTURE)), combinedLightIn, combinedOverlayIn, 1, 1, 1, 1);
                                                                         ^
  symbol:   method entityTranslucent(Identifier)
  location: class RenderType
C:\Users\justi\Documents\GitHub\AlexsMobs-26.2\src\main\java\com\github\alexthe666\alexsmobs\client\render\tile\RenderTransmutationTable.java:49: error: cannot find symbol
        MODEL.renderToBuffer(matrixStackIn, bufferIn.getBuffer(AMRenderTypes.getEyesAlphaEnabled(GLOW_TEXTURE)), 240, combinedOverlayIn, 1, 1, 1, 0.5F + (float)Math.sin(ageInTicks * 0.05F) * 0.25F);
                                                    ^
  symbol:   method getBuffer(RenderType)
  location: variable bufferIn of type OrderedSubmitNodeCollector
C:\Users\justi\Documents\GitHub\AlexsMobs-26.2\src\main\java\com\github\alexthe666\alexsmobs\client\render\tile\RenderTransmutationTable.java:50: error: cannot find symbol
        VertexConsumer staticyOverlay = AMRenderTypes.createMergedVertexConsumer(bufferIn.getBuffer(AMRenderTypes.STATIC_PORTAL), bufferIn.getBuffer(RenderType.entityCutoutNoCull(OVERLAY)));
                                                                                                                 ^
  symbol:   variable STATIC_PORTAL
  location: class AMRenderTypes
C:\Users\justi\Documents\GitHub\AlexsMobs-26.2\src\main\java\com\github\alexthe666\alexsmobs\client\render\tile\RenderTransmutationTable.java:50: error: cannot find symbol
        VertexConsumer staticyOverlay = AMRenderTypes.createMergedVertexConsumer(bufferIn.getBuffer(AMRenderTypes.STATIC_PORTAL), bufferIn.getBuffer(RenderType.entityCutoutNoCull(OVERLAY)));
                                                                                                                                                               ^
  symbol:   method entityCutoutNoCull(Identifier)
  location: class RenderType
C:\Users\justi\Documents\GitHub\AlexsMobs-26.2\src\main\java\com\github\alexthe666\alexsmobs\client\render\tile\RenderTransmutationTable.java:52: error: method renderToBuffer in class Model<S> cannot be applied to given types;
        OVERLAY_MODEL.renderToBuffer(matrixStackIn, staticyOverlay, combinedLightIn, OverlayTexture.NO_OVERLAY, 1, 1, 1, 1);
                     ^
  required: PoseStack,VertexConsumer,int,int,int
  found:    PoseStack,VertexConsumer,int,int,int,int,int,int
  reason: actual and formal argument lists differ in length
  where S is a type-variable:
    S extends Object declared in class Model
C:\Users\justi\Documents\GitHub\AlexsMobs-26.2\src\main\java\com\github\alexthe666\alexsmobs\client\render\tile\RenderTransmutationTable.java:59: error: cannot find symbol
        p_114090_.vertex(p_114091_, p_114094_, p_114095_, 0.0F).color(255, 255, 255, 100).uv((float) p_114096_, (float) p_114097_).overlayCoords(OverlayTexture.NO_OVERLAY).uv2(p_114093_).normal(p_114092_, 0.0F, 1.0F, 0.0F).endVertex();
                 ^
  symbol:   method vertex(Matrix4f,float,float,float)
  location: variable p_114090_ of type VertexConsumer
C:\Users\justi\Documents\GitHub\AlexsMobs-26.2\src\main\java\com\github\alexthe666\alexsmobs\client\render\tile\RenderVoidWormBeak.java:15: error: RenderVoidWormBeak is not abstract and does not override abstract method submit(BlockEntityRenderState,PoseStack,SubmitNodeCollector,CameraRenderState) in BlockEntityRenderer
public class RenderVoidWormBeak<T extends TileEntityVoidWormBeak> implements BlockEntityRenderer<T, BlockEntityRenderState> {
       ^
C:\Users\justi\Documents\GitHub\AlexsMobs-26.2\src\main\java\com\github\alexthe666\alexsmobs\client\render\tile\RenderVoidWormBeak.java:23: error: method does not override or implement a method from a supertype
    @Override
    ^
C:\Users\justi\Documents\GitHub\AlexsMobs-26.2\src\main\java\com\github\alexthe666\alexsmobs\client\render\tile\RenderVoidWormBeak.java:39: error: cannot find symbol
        HEAD_MODEL.renderToBuffer(matrixStackIn, bufferIn.getBuffer(RenderType.entityCutoutNoCull(TEXTURE)), combinedLightIn, combinedOverlayIn, 1, 1F, 1, 1);
                                                                              ^
  symbol:   method entityCutoutNoCull(Identifier)
  location: class RenderType
C:\Users\justi\Documents\GitHub\AlexsMobs-26.2\src\main\java\com\github\alexthe666\alexsmobs\ClientProxy.java:84: error: incompatible types: List is not a functional interface
        event.getBlockColors().register((state, tintGetter, pos, tint) -> {
                              ^
    multiple non-overriding abstract methods found in interface List
C:\Users\justi\Documents\GitHub\AlexsMobs-26.2\src\main\java\com\github\alexthe666\alexsmobs\ClientProxy.java:99: error: package MinecraftForge does not exist
        MinecraftForge.EVENT_BUS.register(new ClientEvents());
                      ^
C:\Users\justi\Documents\GitHub\AlexsMobs-26.2\src\main\java\com\github\alexthe666\alexsmobs\ClientProxy.java:101: error: cannot find symbol
        ItemRenderer itemRendererIn = Minecraft.getInstance().getItemRenderer();
        ^
  symbol:   class ItemRenderer
  location: class ClientProxy
C:\Users\justi\Documents\GitHub\AlexsMobs-26.2\src\main\java\com\github\alexthe666\alexsmobs\ClientProxy.java:101: error: cannot find symbol
        ItemRenderer itemRendererIn = Minecraft.getInstance().getItemRenderer();
                                                             ^
  symbol:   method getItemRenderer()
  location: class Minecraft
C:\Users\justi\Documents\GitHub\AlexsMobs-26.2\src\main\java\com\github\alexthe666\alexsmobs\ClientProxy.java:225: error: cannot find symbol
            ItemProperties.register(AMItemRegistry.BLOOD_SPRAYER.get(), Identifier.parse("empty"), (stack, p_239428_1_, p_239428_2_, j) -> {
            ^
  symbol:   variable ItemProperties
  location: class ClientProxy
C:\Users\justi\Documents\GitHub\AlexsMobs-26.2\src\main\java\com\github\alexthe666\alexsmobs\ClientProxy.java:226: error: incompatible types: Item cannot be converted to ItemStack
                return !ItemBloodSprayer.isUsable(stack) || p_239428_2_ instanceof Player && ((Player) p_239428_2_).getCooldowns().isOnCooldown(AMItemRegistry.BLOOD_SPRAYER.get()) ? 1.0F : 0.0F;
                                                                                                                                                                                ^
C:\Users\justi\Documents\GitHub\AlexsMobs-26.2\src\main\java\com\github\alexthe666\alexsmobs\ClientProxy.java:228: error: cannot find symbol
            ItemProperties.register(AMItemRegistry.HEMOLYMPH_BLASTER.get(), Identifier.parse("empty"), (stack, p_239428_1_, p_239428_2_, j) -> {
            ^
  symbol:   variable ItemProperties
  location: class ClientProxy
C:\Users\justi\Documents\GitHub\AlexsMobs-26.2\src\main\java\com\github\alexthe666\alexsmobs\ClientProxy.java:229: error: incompatible types: Item cannot be converted to ItemStack
                return !ItemHemolymphBlaster.isUsable(stack) || p_239428_2_ instanceof Player && ((Player) p_239428_2_).getCooldowns().isOnCooldown(AMItemRegistry.HEMOLYMPH_BLASTER.get()) ? 1.0F : 0.0F;
                                                                                                                                                                                        ^
C:\Users\justi\Documents\GitHub\AlexsMobs-26.2\src\main\java\com\github\alexthe666\alexsmobs\ClientProxy.java:231: error: cannot find symbol
            ItemProperties.register(AMItemRegistry.TARANTULA_HAWK_ELYTRA.get(), Identifier.parse("broken"), (stack, p_239428_1_, p_239428_2_, j) -> {
            ^
  symbol:   variable ItemProperties
  location: class ClientProxy
C:\Users\justi\Documents\GitHub\AlexsMobs-26.2\src\main\java\com\github\alexthe666\alexsmobs\ClientProxy.java:234: error: cannot find symbol
            ItemProperties.register(AMItemRegistry.SHIELD_OF_THE_DEEP.get(), Identifier.parse("blocking"), (stack, p_239421_1_, p_239421_2_, j) -> {
            ^
  symbol:   variable ItemProperties
  location: class ClientProxy
C:\Users\justi\Documents\GitHub\AlexsMobs-26.2\src\main\java\com\github\alexthe666\alexsmobs\ClientProxy.java:237: error: cannot find symbol
            ItemProperties.register(AMItemRegistry.SOMBRERO.get(), Identifier.parse("silly"), (stack, p_239421_1_, p_239421_2_, j) -> {
            ^
  symbol:   variable ItemProperties
  location: class ClientProxy
C:\Users\justi\Documents\GitHub\AlexsMobs-26.2\src\main\java\com\github\alexthe666\alexsmobs\ClientProxy.java:240: error: cannot find symbol
            ItemProperties.register(AMItemRegistry.TENDON_WHIP.get(), Identifier.parse("active"), (stack, p_239421_1_, holder, j) -> {
            ^
  symbol:   variable ItemProperties
  location: class ClientProxy
C:\Users\justi\Documents\GitHub\AlexsMobs-26.2\src\main\java\com\github\alexthe666\alexsmobs\ClientProxy.java:243: error: cannot find symbol
            ItemProperties.register(AMItemRegistry.PUPFISH_LOCATOR.get(), Identifier.parse("in_chunk"), (stack, world, entity, j) -> {
            ^
  symbol:   variable ItemProperties
  location: class ClientProxy
C:\Users\justi\Documents\GitHub\AlexsMobs-26.2\src\main\java\com\github\alexthe666\alexsmobs\ClientProxy.java:251: error: cannot find symbol
            ItemProperties.register(AMItemRegistry.SKELEWAG_SWORD.get(), Identifier.parse("blocking"), (stack, p_239421_1_, p_239421_2_, j) -> {
            ^
  symbol:   variable ItemProperties
  location: class ClientProxy
C:\Users\justi\Documents\GitHub\AlexsMobs-26.2\src\main\java\com\github\alexthe666\alexsmobs\ClientProxy.java:260: error: <M,U>register(MenuType<? extends M>,ScreenConstructor<M,U>) has private access in MenuScreens
        MenuScreens.register(AMMenuRegistry.TRANSMUTATION_TABLE.get(), GUITransmutationTable::new);
                   ^
  where M,U are type-variables:
    M extends AbstractContainerMenu declared in method <M,U>register(MenuType<? extends M>,ScreenConstructor<M,U>)
    U extends Screen,MenuAccess<M> declared in method <M,U>register(MenuType<? extends M>,ScreenConstructor<M,U>)
C:\Users\justi\Documents\GitHub\AlexsMobs-26.2\src\main\java\com\github\alexthe666\alexsmobs\ClientProxy.java:264: error: cannot find symbol
        Minecraft.getInstance().renderBuffers().fixedBuffers.put(AMRenderTypes.COMBJELLY_RAINBOW_GLINT, new BufferBuilder(AMRenderTypes.COMBJELLY_RAINBOW_GLINT.bufferSize()));
                                                                              ^
  symbol:   variable COMBJELLY_RAINBOW_GLINT
  location: class AMRenderTypes
C:\Users\justi\Documents\GitHub\AlexsMobs-26.2\src\main\java\com\github\alexthe666\alexsmobs\ClientProxy.java:264: error: cannot find symbol
        Minecraft.getInstance().renderBuffers().fixedBuffers.put(AMRenderTypes.COMBJELLY_RAINBOW_GLINT, new BufferBuilder(AMRenderTypes.COMBJELLY_RAINBOW_GLINT.bufferSize()));
                               ^
  symbol:   method renderBuffers()
  location: class Minecraft
C:\Users\justi\Documents\GitHub\AlexsMobs-26.2\src\main\java\com\github\alexthe666\alexsmobs\ClientProxy.java:264: error: cannot find symbol
        Minecraft.getInstance().renderBuffers().fixedBuffers.put(AMRenderTypes.COMBJELLY_RAINBOW_GLINT, new BufferBuilder(AMRenderTypes.COMBJELLY_RAINBOW_GLINT.bufferSize()));
                                                                                                                                       ^
  symbol:   variable COMBJELLY_RAINBOW_GLINT
  location: class AMRenderTypes
C:\Users\justi\Documents\GitHub\AlexsMobs-26.2\src\main\java\com\github\alexthe666\alexsmobs\ClientProxy.java:265: error: cannot find symbol
        Minecraft.getInstance().renderBuffers().fixedBuffers.put(AMRenderTypes.VOID_WORM_PORTAL_OVERLAY, new BufferBuilder(AMRenderTypes.VOID_WORM_PORTAL_OVERLAY.bufferSize()));
                                                                              ^
  symbol:   variable VOID_WORM_PORTAL_OVERLAY
  location: class AMRenderTypes
C:\Users\justi\Documents\GitHub\AlexsMobs-26.2\src\main\java\com\github\alexthe666\alexsmobs\ClientProxy.java:265: error: cannot find symbol
        Minecraft.getInstance().renderBuffers().fixedBuffers.put(AMRenderTypes.VOID_WORM_PORTAL_OVERLAY, new BufferBuilder(AMRenderTypes.VOID_WORM_PORTAL_OVERLAY.bufferSize()));
                               ^
  symbol:   method renderBuffers()
  location: class Minecraft
C:\Users\justi\Documents\GitHub\AlexsMobs-26.2\src\main\java\com\github\alexthe666\alexsmobs\ClientProxy.java:265: error: cannot find symbol
        Minecraft.getInstance().renderBuffers().fixedBuffers.put(AMRenderTypes.VOID_WORM_PORTAL_OVERLAY, new BufferBuilder(AMRenderTypes.VOID_WORM_PORTAL_OVERLAY.bufferSize()));
                                                                                                                                        ^
  symbol:   variable VOID_WORM_PORTAL_OVERLAY
  location: class AMRenderTypes
C:\Users\justi\Documents\GitHub\AlexsMobs-26.2\src\main\java\com\github\alexthe666\alexsmobs\ClientProxy.java:266: error: cannot find symbol
        Minecraft.getInstance().renderBuffers().fixedBuffers.put(AMRenderTypes.STATIC_PORTAL, new BufferBuilder(AMRenderTypes.STATIC_PORTAL.bufferSize()));
                                                                              ^
  symbol:   variable STATIC_PORTAL
  location: class AMRenderTypes
C:\Users\justi\Documents\GitHub\AlexsMobs-26.2\src\main\java\com\github\alexthe666\alexsmobs\ClientProxy.java:266: error: cannot find symbol
        Minecraft.getInstance().renderBuffers().fixedBuffers.put(AMRenderTypes.STATIC_PORTAL, new BufferBuilder(AMRenderTypes.STATIC_PORTAL.bufferSize()));
                               ^
  symbol:   method renderBuffers()
  location: class Minecraft
C:\Users\justi\Documents\GitHub\AlexsMobs-26.2\src\main\java\com\github\alexthe666\alexsmobs\ClientProxy.java:266: error: cannot find symbol
        Minecraft.getInstance().renderBuffers().fixedBuffers.put(AMRenderTypes.STATIC_PORTAL, new BufferBuilder(AMRenderTypes.STATIC_PORTAL.bufferSize()));
                                                                                                                             ^
  symbol:   variable STATIC_PORTAL
  location: class AMRenderTypes
C:\Users\justi\Documents\GitHub\AlexsMobs-26.2\src\main\java\com\github\alexthe666\alexsmobs\ClientProxy.java:267: error: cannot find symbol
        Minecraft.getInstance().renderBuffers().fixedBuffers.put(AMRenderTypes.STATIC_PARTICLE, new BufferBuilder(AMRenderTypes.STATIC_PARTICLE.bufferSize()));
                                                                              ^
  symbol:   variable STATIC_PARTICLE
  location: class AMRenderTypes
C:\Users\justi\Documents\GitHub\AlexsMobs-26.2\src\main\java\com\github\alexthe666\alexsmobs\ClientProxy.java:267: error: cannot find symbol
        Minecraft.getInstance().renderBuffers().fixedBuffers.put(AMRenderTypes.STATIC_PARTICLE, new BufferBuilder(AMRenderTypes.STATIC_PARTICLE.bufferSize()));
                               ^
  symbol:   method renderBuffers()
  location: class Minecraft
C:\Users\justi\Documents\GitHub\AlexsMobs-26.2\src\main\java\com\github\alexthe666\alexsmobs\ClientProxy.java:267: error: cannot find symbol
        Minecraft.getInstance().renderBuffers().fixedBuffers.put(AMRenderTypes.STATIC_PARTICLE, new BufferBuilder(AMRenderTypes.STATIC_PARTICLE.bufferSize()));
                                                                                                                               ^
  symbol:   variable STATIC_PARTICLE
  location: class AMRenderTypes
C:\Users\justi\Documents\GitHub\AlexsMobs-26.2\src\main\java\com\github\alexthe666\alexsmobs\ClientProxy.java:268: error: cannot find symbol
        Minecraft.getInstance().renderBuffers().fixedBuffers.put(AMRenderTypes.STATIC_ENTITY, new BufferBuilder(AMRenderTypes.STATIC_ENTITY.bufferSize()));
                                                                              ^
  symbol:   variable STATIC_ENTITY
  location: class AMRenderTypes
C:\Users\justi\Documents\GitHub\AlexsMobs-26.2\src\main\java\com\github\alexthe666\alexsmobs\ClientProxy.java:268: error: cannot find symbol
        Minecraft.getInstance().renderBuffers().fixedBuffers.put(AMRenderTypes.STATIC_ENTITY, new BufferBuilder(AMRenderTypes.STATIC_ENTITY.bufferSize()));
                               ^
  symbol:   method renderBuffers()
  location: class Minecraft
C:\Users\justi\Documents\GitHub\AlexsMobs-26.2\src\main\java\com\github\alexthe666\alexsmobs\ClientProxy.java:268: error: cannot find symbol
        Minecraft.getInstance().renderBuffers().fixedBuffers.put(AMRenderTypes.STATIC_ENTITY, new BufferBuilder(AMRenderTypes.STATIC_ENTITY.bufferSize()));
                                                                                                                             ^
  symbol:   variable STATIC_ENTITY
  location: class AMRenderTypes
C:\Users\justi\Documents\GitHub\AlexsMobs-26.2\src\main\java\com\github\alexthe666\alexsmobs\ClientProxy.java:274: error: cannot find symbol
        for (Identifier id : e.getModels().keySet()) {
                              ^
  symbol:   method getModels()
  location: variable e of type ModifyBakingResult
C:\Users\justi\Documents\GitHub\AlexsMobs-26.2\src\main\java\com\github\alexthe666\alexsmobs\ClientProxy.java:276: error: cannot find symbol
                e.getModels().put(id, new GhostlyPickaxeBakedModel(e.getModels().get(id)));
                 ^
  symbol:   method getModels()
  location: variable e of type ModifyBakingResult
C:\Users\justi\Documents\GitHub\AlexsMobs-26.2\src\main\java\com\github\alexthe666\alexsmobs\ClientProxy.java:276: error: cannot find symbol
                e.getModels().put(id, new GhostlyPickaxeBakedModel(e.getModels().get(id)));
                                                                    ^
  symbol:   method getModels()
  location: variable e of type ModifyBakingResult
C:\Users\justi\Documents\GitHub\AlexsMobs-26.2\src\main\java\com\github\alexthe666\alexsmobs\ClientProxy.java:282: error: cannot find symbol
        Minecraft.getInstance().setScreen(new GUIAnimalDictionary(itemStackIn));
                               ^
  symbol:   method setScreen(GUIAnimalDictionary)
  location: class Minecraft
C:\Users\justi\Documents\GitHub\AlexsMobs-26.2\src\main\java\com\github\alexthe666\alexsmobs\ClientProxy.java:286: error: cannot find symbol
        Minecraft.getInstance().setScreen(new GUIAnimalDictionary(itemStackIn, page));
                               ^
  symbol:   method setScreen(GUIAnimalDictionary)
  location: class Minecraft
C:\Users\justi\Documents\GitHub\AlexsMobs-26.2\src\main\java\com\github\alexthe666\alexsmobs\ClientProxy.java:369: error: cannot find symbol
        Minecraft.getInstance().levelRenderer.setBlocksDirty(x - 32, 0, x - 32, z + 32, 255, z + 32);
                                             ^
  symbol:   method setBlocksDirty(int,int,int,int,int,int)
  location: variable levelRenderer of type LevelRenderer
C:\Users\justi\Documents\GitHub\AlexsMobs-26.2\src\main\java\com\github\alexthe666\alexsmobs\ClientProxy.java:415: error: cannot find symbol
        return lvt_1_1_.gameRenderer.getMainCamera().getPosition().distanceToSqr(x, y, z) >= 256.0D;
                                    ^
  symbol:   method getMainCamera()
  location: variable gameRenderer of type GameRenderer
C:\Users\justi\Documents\GitHub\AlexsMobs-26.2\src\main\java\com\github\alexthe666\alexsmobs\compat\jei\AlexMobsJEIPlugin.java:24: warning: [removal] RecipeType in mezz.jei.api.recipe has been deprecated and marked for removal
    public static final RecipeType<CapsidRecipe> CAPID_RECIPE_TYPE = RecipeType.create("alexsmobs", "capsid", CapsidRecipe.class);
                        ^
C:\Users\justi\Documents\GitHub\AlexsMobs-26.2\src\main\java\com\github\alexthe666\alexsmobs\compat\jei\AlexMobsJEIPlugin.java:24: warning: [removal] RecipeType in mezz.jei.api.recipe has been deprecated and marked for removal
    public static final RecipeType<CapsidRecipe> CAPID_RECIPE_TYPE = RecipeType.create("alexsmobs", "capsid", CapsidRecipe.class);
                                                                     ^
C:\Users\justi\Documents\GitHub\AlexsMobs-26.2\src\main\java\com\github\alexthe666\alexsmobs\compat\jei\AlexMobsJEIPlugin.java:24: warning: [removal] <T>create(String,String,Class<? extends T>) in RecipeType has been deprecated and marked for removal
    public static final RecipeType<CapsidRecipe> CAPID_RECIPE_TYPE = RecipeType.create("alexsmobs", "capsid", CapsidRecipe.class);
                                                                               ^
  where T is a type-variable:
    T extends Object declared in method <T>create(String,String,Class<? extends T>)
C:\Users\justi\Documents\GitHub\AlexsMobs-26.2\src\main\java\com\github\alexthe666\alexsmobs\compat\jei\AlexMobsJEIPlugin.java:44: warning: [removal] addRecipeCatalyst(ItemStack,IRecipeType<?>...) in IRecipeCatalystRegistration has been deprecated and marked for removal
        registration.addRecipeCatalyst(new ItemStack(AMBlockRegistry.CAPSID.get()), CAPID_RECIPE_TYPE);
                    ^
C:\Users\justi\Documents\GitHub\AlexsMobs-26.2\src\main\java\com\github\alexthe666\alexsmobs\compat\jei\CapsidRecipeCategory.java:16: error: CapsidRecipeCategory is not abstract and does not override abstract method getHeight() in IRecipeCategory
public class CapsidRecipeCategory implements IRecipeCategory<CapsidRecipe> {
       ^
C:\Users\justi\Documents\GitHub\AlexsMobs-26.2\src\main\java\com\github\alexthe666\alexsmobs\compat\jei\CapsidRecipeCategory.java:26: warning: [removal] RecipeType in mezz.jei.api.recipe has been deprecated and marked for removal
    public RecipeType<CapsidRecipe> getRecipeType() {
           ^
C:\Users\justi\Documents\GitHub\AlexsMobs-26.2\src\main\java\com\github\alexthe666\alexsmobs\compat\jei\CapsidRecipeCategory.java:35: error: method does not override or implement a method from a supertype
    @Override
    ^
C:\Users\justi\Documents\GitHub\AlexsMobs-26.2\src\main\java\com\github\alexthe666\alexsmobs\compat\jei\CapsidRecipeCategory.java:49: warning: [removal] addIngredients(Ingredient) in IIngredientAcceptor has been deprecated and marked for removal
            builder.addSlot(RecipeIngredientRole.INPUT, 21 + i * 15, 23).addIngredients(ingredient);
                                                                        ^
  where THIS is a type-variable:
    THIS extends IIngredientAcceptor<THIS> declared in interface IIngredientAcceptor
C:\Users\justi\Documents\GitHub\AlexsMobs-26.2\src\main\java\com\github\alexthe666\alexsmobs\compat\jei\CapsidRecipeCategory.java:51: warning: [removal] addItemStack(ItemStack) in IIngredientAcceptor has been deprecated and marked for removal
        builder.addSlot(RecipeIngredientRole.OUTPUT, 94, 23).addItemStack(recipe.getResult());
                                                            ^
  where THIS is a type-variable:
    THIS extends IIngredientAcceptor<THIS> declared in interface IIngredientAcceptor
C:\Users\justi\Documents\GitHub\AlexsMobs-26.2\src\main\java\com\github\alexthe666\alexsmobs\config\BiomeConfig.java:136: error: cannot find symbol
		return test(spawns, biome, BuiltInRegistries.BIOME.getKey(biome.value()));
		                                            ^
  symbol:   variable BIOME
  location: class BuiltInRegistries
C:\Users\justi\Documents\GitHub\AlexsMobs-26.2\src\main\java\com\github\alexthe666\alexsmobs\effect\AMEffectRegistry.java:44: error: cannot find symbol
    public static final DeferredHolder<Potion, Potion> KNOCKBACK_RESISTANCE_POTION = POTION_DEF_REG.register("knockback_resistance", ()-> new Potion(new MobEffectInstance(KNOCKBACK_RESISTANCE.getHolder().orElseThrow(), 3600)));
                                                                                                                                                                                               ^
  symbol:   method getHolder()
  location: variable KNOCKBACK_RESISTANCE of type DeferredHolder<MobEffect,MobEffect>
C:\Users\justi\Documents\GitHub\AlexsMobs-26.2\src\main\java\com\github\alexthe666\alexsmobs\effect\AMEffectRegistry.java:44: error: incompatible types: MobEffectInstance cannot be converted to String
    public static final DeferredHolder<Potion, Potion> KNOCKBACK_RESISTANCE_POTION = POTION_DEF_REG.register("knockback_resistance", ()-> new Potion(new MobEffectInstance(KNOCKBACK_RESISTANCE.getHolder().orElseThrow(), 3600)));
                                                                                                                                                     ^
C:\Users\justi\Documents\GitHub\AlexsMobs-26.2\src\main\java\com\github\alexthe666\alexsmobs\effect\AMEffectRegistry.java:45: error: cannot find symbol
    public static final DeferredHolder<Potion, Potion> LONG_KNOCKBACK_RESISTANCE_POTION = POTION_DEF_REG.register("long_knockback_resistance", ()-> new Potion(new MobEffectInstance(KNOCKBACK_RESISTANCE.getHolder().orElseThrow(), 9600)));
                                                                                                                                                                                                         ^
  symbol:   method getHolder()
  location: variable KNOCKBACK_RESISTANCE of type DeferredHolder<MobEffect,MobEffect>
C:\Users\justi\Documents\GitHub\AlexsMobs-26.2\src\main\java\com\github\alexthe666\alexsmobs\effect\AMEffectRegistry.java:45: error: incompatible types: MobEffectInstance cannot be converted to String
    public static final DeferredHolder<Potion, Potion> LONG_KNOCKBACK_RESISTANCE_POTION = POTION_DEF_REG.register("long_knockback_resistance", ()-> new Potion(new MobEffectInstance(KNOCKBACK_RESISTANCE.getHolder().orElseThrow(), 9600)));
                                                                                                                                                               ^
C:\Users\justi\Documents\GitHub\AlexsMobs-26.2\src\main\java\com\github\alexthe666\alexsmobs\effect\AMEffectRegistry.java:46: error: cannot find symbol
    public static final DeferredHolder<Potion, Potion> STRONG_KNOCKBACK_RESISTANCE_POTION = POTION_DEF_REG.register("strong_knockback_resistance", ()-> new Potion(new MobEffectInstance(KNOCKBACK_RESISTANCE.getHolder().orElseThrow(), 1800, 1)));
                                                                                                                                                                                                             ^
  symbol:   method getHolder()
  location: variable KNOCKBACK_RESISTANCE of type DeferredHolder<MobEffect,MobEffect>
C:\Users\justi\Documents\GitHub\AlexsMobs-26.2\src\main\java\com\github\alexthe666\alexsmobs\effect\AMEffectRegistry.java:46: error: incompatible types: MobEffectInstance cannot be converted to String
    public static final DeferredHolder<Potion, Potion> STRONG_KNOCKBACK_RESISTANCE_POTION = POTION_DEF_REG.register("strong_knockback_resistance", ()-> new Potion(new MobEffectInstance(KNOCKBACK_RESISTANCE.getHolder().orElseThrow(), 1800, 1)));
                                                                                                                                                                   ^
C:\Users\justi\Documents\GitHub\AlexsMobs-26.2\src\main\java\com\github\alexthe666\alexsmobs\effect\AMEffectRegistry.java:47: error: cannot find symbol
    public static final DeferredHolder<Potion, Potion> LAVA_VISION_POTION = POTION_DEF_REG.register("lava_vision", ()-> new Potion(new MobEffectInstance(LAVA_VISION.getHolder().orElseThrow(), 3600)));
                                                                                                                                                                    ^
  symbol:   method getHolder()
  location: variable LAVA_VISION of type DeferredHolder<MobEffect,MobEffect>
C:\Users\justi\Documents\GitHub\AlexsMobs-26.2\src\main\java\com\github\alexthe666\alexsmobs\effect\AMEffectRegistry.java:47: error: incompatible types: MobEffectInstance cannot be converted to String
    public static final DeferredHolder<Potion, Potion> LAVA_VISION_POTION = POTION_DEF_REG.register("lava_vision", ()-> new Potion(new MobEffectInstance(LAVA_VISION.getHolder().orElseThrow(), 3600)));
                                                                                                                                   ^
C:\Users\justi\Documents\GitHub\AlexsMobs-26.2\src\main\java\com\github\alexthe666\alexsmobs\effect\AMEffectRegistry.java:48: error: cannot find symbol
    public static final DeferredHolder<Potion, Potion> LONG_LAVA_VISION_POTION = POTION_DEF_REG.register("long_lava_vision", ()-> new Potion(new MobEffectInstance(LAVA_VISION.getHolder().orElseThrow(), 9600)));
                                                                                                                                                                              ^
  symbol:   method getHolder()
  location: variable LAVA_VISION of type DeferredHolder<MobEffect,MobEffect>
C:\Users\justi\Documents\GitHub\AlexsMobs-26.2\src\main\java\com\github\alexthe666\alexsmobs\effect\AMEffectRegistry.java:48: error: incompatible types: MobEffectInstance cannot be converted to String
    public static final DeferredHolder<Potion, Potion> LONG_LAVA_VISION_POTION = POTION_DEF_REG.register("long_lava_vision", ()-> new Potion(new MobEffectInstance(LAVA_VISION.getHolder().orElseThrow(), 9600)));
                                                                                                                                             ^
C:\Users\justi\Documents\GitHub\AlexsMobs-26.2\src\main\java\com\github\alexthe666\alexsmobs\effect\AMEffectRegistry.java:49: error: cannot find symbol
    public static final DeferredHolder<Potion, Potion> SPEED_III_POTION = POTION_DEF_REG.register("speed_iii", ()-> new Potion(new MobEffectInstance(MobEffects.MOVEMENT_SPEED, 2200, 2)));
                                                                                                                                                               ^
  symbol:   variable MOVEMENT_SPEED
  location: class MobEffects
C:\Users\justi\Documents\GitHub\AlexsMobs-26.2\src\main\java\com\github\alexthe666\alexsmobs\effect\AMEffectRegistry.java:49: error: incompatible types: MobEffectInstance cannot be converted to String
    public static final DeferredHolder<Potion, Potion> SPEED_III_POTION = POTION_DEF_REG.register("speed_iii", ()-> new Potion(new MobEffectInstance(MobEffects.MOVEMENT_SPEED, 2200, 2)));
                                                                                                                               ^
C:\Users\justi\Documents\GitHub\AlexsMobs-26.2\src\main\java\com\github\alexthe666\alexsmobs\effect\AMEffectRegistry.java:50: error: cannot find symbol
    public static final DeferredHolder<Potion, Potion> POISON_RESISTANCE_POTION = POTION_DEF_REG.register("poison_resistance", ()-> new Potion(new MobEffectInstance(POISON_RESISTANCE.getHolder().orElseThrow(), 3600)));
                                                                                                                                                                                      ^
  symbol:   method getHolder()
  location: variable POISON_RESISTANCE of type DeferredHolder<MobEffect,MobEffect>
C:\Users\justi\Documents\GitHub\AlexsMobs-26.2\src\main\java\com\github\alexthe666\alexsmobs\effect\AMEffectRegistry.java:50: error: incompatible types: MobEffectInstance cannot be converted to String
    public static final DeferredHolder<Potion, Potion> POISON_RESISTANCE_POTION = POTION_DEF_REG.register("poison_resistance", ()-> new Potion(new MobEffectInstance(POISON_RESISTANCE.getHolder().orElseThrow(), 3600)));
                                                                                                                                               ^
C:\Users\justi\Documents\GitHub\AlexsMobs-26.2\src\main\java\com\github\alexthe666\alexsmobs\effect\AMEffectRegistry.java:51: error: cannot find symbol
    public static final DeferredHolder<Potion, Potion> LONG_POISON_RESISTANCE_POTION = POTION_DEF_REG.register("long_poison_resistance", ()-> new Potion(new MobEffectInstance(POISON_RESISTANCE.getHolder().orElseThrow(), 9600)));
                                                                                                                                                                                                ^
  symbol:   method getHolder()
  location: variable POISON_RESISTANCE of type DeferredHolder<MobEffect,MobEffect>
C:\Users\justi\Documents\GitHub\AlexsMobs-26.2\src\main\java\com\github\alexthe666\alexsmobs\effect\AMEffectRegistry.java:51: error: incompatible types: MobEffectInstance cannot be converted to String
    public static final DeferredHolder<Potion, Potion> LONG_POISON_RESISTANCE_POTION = POTION_DEF_REG.register("long_poison_resistance", ()-> new Potion(new MobEffectInstance(POISON_RESISTANCE.getHolder().orElseThrow(), 9600)));
                                                                                                                                                         ^
C:\Users\justi\Documents\GitHub\AlexsMobs-26.2\src\main\java\com\github\alexthe666\alexsmobs\effect\AMEffectRegistry.java:52: error: cannot find symbol
    public static final DeferredHolder<Potion, Potion> BUG_PHEROMONES_POTION = POTION_DEF_REG.register("bug_pheromones", ()-> new Potion(new MobEffectInstance(BUG_PHEROMONES.getHolder().orElseThrow(), 3600)));
                                                                                                                                                                             ^
  symbol:   method getHolder()
  location: variable BUG_PHEROMONES of type DeferredHolder<MobEffect,MobEffect>
C:\Users\justi\Documents\GitHub\AlexsMobs-26.2\src\main\java\com\github\alexthe666\alexsmobs\effect\AMEffectRegistry.java:52: error: incompatible types: MobEffectInstance cannot be converted to String
    public static final DeferredHolder<Potion, Potion> BUG_PHEROMONES_POTION = POTION_DEF_REG.register("bug_pheromones", ()-> new Potion(new MobEffectInstance(BUG_PHEROMONES.getHolder().orElseThrow(), 3600)));
                                                                                                                                         ^
C:\Users\justi\Documents\GitHub\AlexsMobs-26.2\src\main\java\com\github\alexthe666\alexsmobs\effect\AMEffectRegistry.java:53: error: cannot find symbol
    public static final DeferredHolder<Potion, Potion> LONG_BUG_PHEROMONES_POTION = POTION_DEF_REG.register("long_bug_pheromones", ()-> new Potion(new MobEffectInstance(BUG_PHEROMONES.getHolder().orElseThrow(), 9600)));
                                                                                                                                                                                       ^
  symbol:   method getHolder()
  location: variable BUG_PHEROMONES of type DeferredHolder<MobEffect,MobEffect>
C:\Users\justi\Documents\GitHub\AlexsMobs-26.2\src\main\java\com\github\alexthe666\alexsmobs\effect\AMEffectRegistry.java:53: error: incompatible types: MobEffectInstance cannot be converted to String
    public static final DeferredHolder<Potion, Potion> LONG_BUG_PHEROMONES_POTION = POTION_DEF_REG.register("long_bug_pheromones", ()-> new Potion(new MobEffectInstance(BUG_PHEROMONES.getHolder().orElseThrow(), 9600)));
                                                                                                                                                   ^
C:\Users\justi\Documents\GitHub\AlexsMobs-26.2\src\main\java\com\github\alexthe666\alexsmobs\effect\AMEffectRegistry.java:54: error: cannot find symbol
    public static final DeferredHolder<Potion, Potion> SOULSTEAL_POTION = POTION_DEF_REG.register("soulsteal", ()-> new Potion(new MobEffectInstance(SOULSTEAL.getHolder().orElseThrow(), 3600)));
                                                                                                                                                              ^
  symbol:   method getHolder()
  location: variable SOULSTEAL of type DeferredHolder<MobEffect,MobEffect>
C:\Users\justi\Documents\GitHub\AlexsMobs-26.2\src\main\java\com\github\alexthe666\alexsmobs\effect\AMEffectRegistry.java:54: error: incompatible types: MobEffectInstance cannot be converted to String
    public static final DeferredHolder<Potion, Potion> SOULSTEAL_POTION = POTION_DEF_REG.register("soulsteal", ()-> new Potion(new MobEffectInstance(SOULSTEAL.getHolder().orElseThrow(), 3600)));
                                                                                                                               ^
C:\Users\justi\Documents\GitHub\AlexsMobs-26.2\src\main\java\com\github\alexthe666\alexsmobs\effect\AMEffectRegistry.java:55: error: cannot find symbol
    public static final DeferredHolder<Potion, Potion> LONG_SOULSTEAL_POTION = POTION_DEF_REG.register("long_soulsteal", ()-> new Potion(new MobEffectInstance(SOULSTEAL.getHolder().orElseThrow(), 9600)));
                                                                                                                                                                        ^
  symbol:   method getHolder()
  location: variable SOULSTEAL of type DeferredHolder<MobEffect,MobEffect>
C:\Users\justi\Documents\GitHub\AlexsMobs-26.2\src\main\java\com\github\alexthe666\alexsmobs\effect\AMEffectRegistry.java:55: error: incompatible types: MobEffectInstance cannot be converted to String
    public static final DeferredHolder<Potion, Potion> LONG_SOULSTEAL_POTION = POTION_DEF_REG.register("long_soulsteal", ()-> new Potion(new MobEffectInstance(SOULSTEAL.getHolder().orElseThrow(), 9600)));
                                                                                                                                         ^
C:\Users\justi\Documents\GitHub\AlexsMobs-26.2\src\main\java\com\github\alexthe666\alexsmobs\effect\AMEffectRegistry.java:56: error: cannot find symbol
    public static final DeferredHolder<Potion, Potion> STRONG_SOULSTEAL_POTION = POTION_DEF_REG.register("strong_soulsteal", ()-> new Potion(new MobEffectInstance(SOULSTEAL.getHolder().orElseThrow(), 1800, 1)));
                                                                                                                                                                            ^
  symbol:   method getHolder()
  location: variable SOULSTEAL of type DeferredHolder<MobEffect,MobEffect>
C:\Users\justi\Documents\GitHub\AlexsMobs-26.2\src\main\java\com\github\alexthe666\alexsmobs\effect\AMEffectRegistry.java:56: error: incompatible types: MobEffectInstance cannot be converted to String
    public static final DeferredHolder<Potion, Potion> STRONG_SOULSTEAL_POTION = POTION_DEF_REG.register("strong_soulsteal", ()-> new Potion(new MobEffectInstance(SOULSTEAL.getHolder().orElseThrow(), 1800, 1)));
                                                                                                                                             ^
C:\Users\justi\Documents\GitHub\AlexsMobs-26.2\src\main\java\com\github\alexthe666\alexsmobs\effect\AMEffectRegistry.java:57: error: cannot find symbol
    public static final DeferredHolder<Potion, Potion> CLINGING_POTION = POTION_DEF_REG.register("clinging", ()-> new Potion(new MobEffectInstance(CLINGING.getHolder().orElseThrow(), 3600)));
                                                                                                                                                           ^
  symbol:   method getHolder()
  location: variable CLINGING of type DeferredHolder<MobEffect,MobEffect>
C:\Users\justi\Documents\GitHub\AlexsMobs-26.2\src\main\java\com\github\alexthe666\alexsmobs\effect\AMEffectRegistry.java:57: error: incompatible types: MobEffectInstance cannot be converted to String
    public static final DeferredHolder<Potion, Potion> CLINGING_POTION = POTION_DEF_REG.register("clinging", ()-> new Potion(new MobEffectInstance(CLINGING.getHolder().orElseThrow(), 3600)));
                                                                                                                             ^
C:\Users\justi\Documents\GitHub\AlexsMobs-26.2\src\main\java\com\github\alexthe666\alexsmobs\effect\AMEffectRegistry.java:58: error: cannot find symbol
    public static final DeferredHolder<Potion, Potion> LONG_CLINGING_POTION = POTION_DEF_REG.register("long_clinging", ()-> new Potion(new MobEffectInstance(CLINGING.getHolder().orElseThrow(), 9600)));
                                                                                                                                                                     ^
  symbol:   method getHolder()
  location: variable CLINGING of type DeferredHolder<MobEffect,MobEffect>
C:\Users\justi\Documents\GitHub\AlexsMobs-26.2\src\main\java\com\github\alexthe666\alexsmobs\effect\AMEffectRegistry.java:58: error: incompatible types: MobEffectInstance cannot be converted to String
    public static final DeferredHolder<Potion, Potion> LONG_CLINGING_POTION = POTION_DEF_REG.register("long_clinging", ()-> new Potion(new MobEffectInstance(CLINGING.getHolder().orElseThrow(), 9600)));
                                                                                                                                       ^
C:\Users\justi\Documents\GitHub\AlexsMobs-26.2\src\main\java\com\github\alexthe666\alexsmobs\effect\AMEffectRegistry.java:65: error: cannot find symbol
        return PotionContents.createItemStack(Items.POTION, potion.getHolder().orElseThrow());
                                                                  ^
  symbol:   method getHolder()
  location: variable potion of type DeferredHolder<Potion,Potion>
C:\Users\justi\Documents\GitHub\AlexsMobs-26.2\src\main\java\com\github\alexthe666\alexsmobs\effect\EffectClinging.java:44: error: method removeAttributeModifiers in class MobEffect cannot be applied to given types;
        super.removeAttributeModifiers(entityLivingBaseIn, attributeMapIn, amplifier);
             ^
  required: AttributeMap
  found:    LivingEntity,AttributeMap,int
  reason: actual and formal argument lists differ in length
C:\Users\justi\Documents\GitHub\AlexsMobs-26.2\src\main\java\com\github\alexthe666\alexsmobs\effect\EffectDebilitatingSting.java:29: error: cannot find symbol
        this.addAttributeModifier(Attributes.MOVEMENT_SPEED, "7107DE5E-7CE8-4030-940E-514C1F160890", -1.0F, AttributeModifier.Operation.MULTIPLY_BASE);
                                                                                                                                       ^
  symbol:   variable MULTIPLY_BASE
  location: class Operation
C:\Users\justi\Documents\GitHub\AlexsMobs-26.2\src\main\java\com\github\alexthe666\alexsmobs\effect\EffectDebilitatingSting.java:33: error: cannot find symbol
        if (entityLivingBaseIn.getMobType() == MobType.ARTHROPOD) {
                              ^
  symbol:   method getMobType()
  location: variable entityLivingBaseIn of type LivingEntity
C:\Users\justi\Documents\GitHub\AlexsMobs-26.2\src\main\java\com\github\alexthe666\alexsmobs\effect\EffectDebilitatingSting.java:33: error: cannot find symbol
        if (entityLivingBaseIn.getMobType() == MobType.ARTHROPOD) {
                                               ^
  symbol:   variable MobType
  location: class EffectDebilitatingSting
C:\Users\justi\Documents\GitHub\AlexsMobs-26.2\src\main\java\com\github\alexthe666\alexsmobs\effect\EffectDebilitatingSting.java:34: error: method removeAttributeModifiers in class MobEffect cannot be applied to given types;
            super.removeAttributeModifiers(entityLivingBaseIn, attributeMapIn, amplifier);
                 ^
  required: AttributeMap
  found:    LivingEntity,AttributeMap,int
  reason: actual and formal argument lists differ in length
C:\Users\justi\Documents\GitHub\AlexsMobs-26.2\src\main\java\com\github\alexthe666\alexsmobs\effect\EffectDebilitatingSting.java:39: error: cannot find symbol
        if (entityLivingBaseIn.getMobType() == MobType.ARTHROPOD) {
                              ^
  symbol:   method getMobType()
  location: variable entityLivingBaseIn of type LivingEntity
C:\Users\justi\Documents\GitHub\AlexsMobs-26.2\src\main\java\com\github\alexthe666\alexsmobs\effect\EffectDebilitatingSting.java:39: error: cannot find symbol
        if (entityLivingBaseIn.getMobType() == MobType.ARTHROPOD) {
                                               ^
  symbol:   variable MobType
  location: class EffectDebilitatingSting
C:\Users\justi\Documents\GitHub\AlexsMobs-26.2\src\main\java\com\github\alexthe666\alexsmobs\effect\EffectDebilitatingSting.java:40: error: method addAttributeModifiers in class MobEffect cannot be applied to given types;
            super.addAttributeModifiers(entityLivingBaseIn, attributeMapIn, amplifier);
                 ^
  required: AttributeMap,int
  found:    LivingEntity,AttributeMap,int
  reason: actual and formal argument lists differ in length
C:\Users\justi\Documents\GitHub\AlexsMobs-26.2\src\main\java\com\github\alexthe666\alexsmobs\effect\EffectDebilitatingSting.java:45: error: cannot find symbol
        if (entity.getMobType() != MobType.ARTHROPOD) {
                  ^
  symbol:   method getMobType()
  location: variable entity of type LivingEntity
C:\Users\justi\Documents\GitHub\AlexsMobs-26.2\src\main\java\com\github\alexthe666\alexsmobs\effect\EffectDebilitatingSting.java:45: error: cannot find symbol
        if (entity.getMobType() != MobType.ARTHROPOD) {
                                   ^
  symbol:   variable MobType
  location: class EffectDebilitatingSting
C:\Users\justi\Documents\GitHub\AlexsMobs-26.2\src\main\java\com\github\alexthe666\alexsmobs\effect\EffectDebilitatingSting.java:67: error: no suitable method found for create(Level)
                    EntityTarantulaHawk baby = AMEntityRegistry.TARANTULA_HAWK.get().create(entity.level());
                                                                                    ^
    method EntityType.create(ServerLevel,@org.jspecify.annotations.Nullable PostSpawnProcessor<EntityTarantulaHawk>,BlockPos,EntitySpawnReason,boolean,boolean) is not applicable
      (actual and formal argument lists differ in length)
    method EntityType.create(Level,EntitySpawnReason) is not applicable
      (actual and formal argument lists differ in length)
    method EntityType.create(Level,EntitySpawnRequest) is not applicable
      (actual and formal argument lists differ in length)
    method EntityType.create(ValueInput,Level,EntitySpawnRequest) is not applicable
      (actual and formal argument lists differ in length)
    method EntityType.create(EntityType<?>,ValueInput,Level,EntitySpawnReason) is not applicable
      (actual and formal argument lists differ in length)
C:\Users\justi\Documents\GitHub\AlexsMobs-26.2\src\main\java\com\github\alexthe666\alexsmobs\effect\EffectDebilitatingSting.java:71: error: cannot find symbol
                        baby.finalizeSpawn((ServerLevelAccessor) entity.level(), entity.level().getCurrentDifficultyAt(entity.blockPosition()), EntitySpawnReason.BREEDING, null, null);
                                                                                               ^
  symbol:   method getCurrentDifficultyAt(BlockPos)
  location: class Level
C:\Users\justi\Documents\GitHub\AlexsMobs-26.2\src\main\java\com\github\alexthe666\alexsmobs\effect\EffectDebilitatingSting.java:83: error: width has private access in EntityDimensions
        float f = entity.getDimensions(entity.getPose()).width * 0.8F;
                                                        ^
C:\Users\justi\Documents\GitHub\AlexsMobs-26.2\src\main\java\com\github\alexthe666\alexsmobs\effect\EffectEnderFlu.java:22: error: no suitable method found for create(Level)
                EntityEnderiophage phage = AMEntityRegistry.ENDERIOPHAGE.get().create(entity.level());
                                                                              ^
    method EntityType.create(ServerLevel,@org.jspecify.annotations.Nullable PostSpawnProcessor<EntityEnderiophage>,BlockPos,EntitySpawnReason,boolean,boolean) is not applicable
      (actual and formal argument lists differ in length)
    method EntityType.create(Level,EntitySpawnReason) is not applicable
      (actual and formal argument lists differ in length)
    method EntityType.create(Level,EntitySpawnRequest) is not applicable
      (actual and formal argument lists differ in length)
    method EntityType.create(ValueInput,Level,EntitySpawnRequest) is not applicable
      (actual and formal argument lists differ in length)
    method EntityType.create(EntityType<?>,ValueInput,Level,EntitySpawnReason) is not applicable
      (actual and formal argument lists differ in length)
C:\Users\justi\Documents\GitHub\AlexsMobs-26.2\src\main\java\com\github\alexthe666\alexsmobs\effect\EffectFear.java:13: error: cannot find symbol
        this.addAttributeModifier(Attributes.MOVEMENT_SPEED, "7107DE5E-7CE8-4030-940E-514C1F160890", (double)-1.0F, AttributeModifier.Operation.MULTIPLY_BASE);
                                                                                                                                               ^
  symbol:   variable MULTIPLY_BASE
  location: class Operation
C:\Users\justi\Documents\GitHub\AlexsMobs-26.2\src\main\java\com\github\alexthe666\alexsmobs\effect\EffectFleetFooted.java:16: error: cannot find symbol
    private static final AttributeModifier SPRINT_JUMP_SPEED_BONUS = new AttributeModifier(SPRINT_JUMP_SPEED_MODIFIER, "fleetfooted speed bonus", 0.2F, AttributeModifier.Operation.ADDITION);
                                                                                                                                                                                   ^
  symbol:   variable ADDITION
  location: class Operation
C:\Users\justi\Documents\GitHub\AlexsMobs-26.2\src\main\java\com\github\alexthe666\alexsmobs\effect\EffectFleetFooted.java:31: error: incompatible types: AttributeModifier cannot be converted to Identifier
            if(!modifiableattributeinstance.hasModifier(SPRINT_JUMP_SPEED_BONUS)){
                                                        ^
C:\Users\justi\Documents\GitHub\AlexsMobs-26.2\src\main\java\com\github\alexthe666\alexsmobs\effect\EffectFleetFooted.java:43: error: incompatible types: AttributeModifier cannot be converted to Identifier
        if(modifiableattributeinstance != null && modifiableattributeinstance.hasModifier(SPRINT_JUMP_SPEED_BONUS)){
                                                                                          ^
C:\Users\justi\Documents\GitHub\AlexsMobs-26.2\src\main\java\com\github\alexthe666\alexsmobs\effect\EffectKnockbackResistance.java:13: error: cannot find symbol
        this.addAttributeModifier(Attributes.KNOCKBACK_RESISTANCE, "03C3C89D-7037-4B42-869F-B146BCB64D2F", 0.5D, AttributeModifier.Operation.ADDITION);
                                                                                                                                            ^
  symbol:   variable ADDITION
  location: class Operation
C:\Users\justi\Documents\GitHub\AlexsMobs-26.2\src\main\java\com\github\alexthe666\alexsmobs\effect\EffectOrcaMight.java:12: error: cannot find symbol
        this.addAttributeModifier(Attributes.ATTACK_SPEED, "03C3C89D-7037-4B42-869F-B146BCB64D3A", 3D, AttributeModifier.Operation.ADDITION);
                                                                                                                                  ^
  symbol:   variable ADDITION
  location: class Operation
C:\Users\justi\Documents\GitHub\AlexsMobs-26.2\src\main\java\com\github\alexthe666\alexsmobs\effect\EffectPowerDown.java:19: error: cannot find symbol
        this.addAttributeModifier(Attributes.MOVEMENT_SPEED, "7107DE5E-7CE8-4030-940E-514C1F160890", (double)-1.0F, AttributeModifier.Operation.MULTIPLY_BASE);
                                                                                                                                               ^
  symbol:   variable MULTIPLY_BASE
  location: class Operation
C:\Users\justi\Documents\GitHub\AlexsMobs-26.2\src\main\java\com\github\alexthe666\alexsmobs\effect\EffectPowerDown.java:28: error: cannot find symbol
            entity.gameEvent(GameEvent.ENTITY_ROAR);
                                      ^
  symbol:   variable ENTITY_ROAR
  location: class GameEvent
C:\Users\justi\Documents\GitHub\AlexsMobs-26.2\src\main\java\com\github\alexthe666\alexsmobs\effect\EffectPowerDown.java:51: error: method removeAttributeModifiers in class MobEffect cannot be applied to given types;
        super.removeAttributeModifiers(entity, map, i);
             ^
  required: AttributeMap
  found:    LivingEntity,AttributeMap,int
  reason: actual and formal argument lists differ in length
C:\Users\justi\Documents\GitHub\AlexsMobs-26.2\src\main\java\com\github\alexthe666\alexsmobs\effect\EffectPowerDown.java:57: error: method addAttributeModifiers in class MobEffect cannot be applied to given types;
        super.addAttributeModifiers(entity, map, i);
             ^
  required: AttributeMap,int
  found:    LivingEntity,AttributeMap,int
  reason: actual and formal argument lists differ in length
C:\Users\justi\Documents\GitHub\AlexsMobs-26.2\src\main\java\com\github\alexthe666\alexsmobs\effect\ProperBrewingRecipe.java:28: error: cannot find symbol
            ItemStack[] matchingStacks = input.getItems();
                                              ^
  symbol:   method getItems()
  location: variable input of type Ingredient
C:\Users\justi\Documents\GitHub\AlexsMobs-26.2\src\main\java\com\github\alexthe666\alexsmobs\effect\ProperBrewingRecipe.java:33: error: cannot find symbol
                    if (ItemStack.isSameItem(stack, itemstack) && ItemStack.isSameItemSameTags(itemstack, stack)) {
                                                                           ^
  symbol:   method isSameItemSameTags(ItemStack,ItemStack)
  location: class ItemStack
C:\Users\justi\Documents\GitHub\AlexsMobs-26.2\src\main\java\com\github\alexthe666\alexsmobs\entity\ai\AnimalAILootChests.java:71: error: cannot find symbol
            if (!net.neoforged.neoforge.event.ForgeEventFactory.getMobGriefingEvent(this.entity.level(), this.entity)) {
                                             ^
  symbol:   class ForgeEventFactory
  location: package net.neoforged.neoforge.event
C:\Users\justi\Documents\GitHub\AlexsMobs-26.2\src\main\java\com\github\alexthe666\alexsmobs\entity\ai\AnimalAILootChests.java:131: error: no suitable method found for spawnAtLocation(ItemStack,float)
                                this.entity.spawnAtLocation(this.entity.getItemInHand(InteractionHand.MAIN_HAND), 0.0F);
                                           ^
    method Entity.spawnAtLocation(ServerLevel,ItemLike) is not applicable
      (argument mismatch; ItemStack cannot be converted to ServerLevel)
    method Entity.spawnAtLocation(ServerLevel,ItemStack) is not applicable
      (argument mismatch; ItemStack cannot be converted to ServerLevel)
C:\Users\justi\Documents\GitHub\AlexsMobs-26.2\src\main\java\com\github\alexthe666\alexsmobs\entity\ai\AnimalAIMeleeNearby.java:40: error: method doHurtTarget in class Mob cannot be applied to given types;
            entity.doHurtTarget(entity.getTarget());
                  ^
  required: ServerLevel,Entity
  found:    LivingEntity
  reason: actual and formal argument lists differ in length
C:\Users\justi\Documents\GitHub\AlexsMobs-26.2\src\main\java\com\github\alexthe666\alexsmobs\entity\ai\AnimalAIMeleeNearby.java:40: error: incompatible types: LivingEntity cannot be converted to ServerLevel
            entity.doHurtTarget(entity.getTarget());
                                                ^
C:\Users\justi\Documents\GitHub\AlexsMobs-26.2\src\main\java\com\github\alexthe666\alexsmobs\entity\ai\AnimalAIRideParent.java:85: error: no suitable method found for startRiding(Animal,boolean)
            this.childAnimal.startRiding(this.parentAnimal, false);
                            ^
    method Entity.startRiding(Entity) is not applicable
      (actual and formal argument lists differ in length)
    method Mob.startRiding(Entity,boolean,boolean) is not applicable
      (actual and formal argument lists differ in length)
C:\Users\justi\Documents\GitHub\AlexsMobs-26.2\src\main\java\com\github\alexthe666\alexsmobs\entity\ai\AnteaterAIRaidNest.java:48: error: cannot find symbol
        LootTable loottable = anteater.level().getServer().getLootData().getLootTable(ANTEATER_REWARD);
                                                          ^
  symbol:   method getLootData()
  location: class MinecraftServer
C:\Users\justi\Documents\GitHub\AlexsMobs-26.2\src\main\java\com\github\alexthe666\alexsmobs\entity\ai\AnteaterAIRaidNest.java:56: error: no suitable method found for spawnAtLocation(ItemStack)
                ItemEntity e = this.anteater.spawnAtLocation(stack.copy());
                                            ^
    method Entity.spawnAtLocation(ServerLevel,ItemLike) is not applicable
      (actual and formal argument lists differ in length)
    method Entity.spawnAtLocation(ServerLevel,ItemStack) is not applicable
      (actual and formal argument lists differ in length)
    method Entity.spawnAtLocation(ServerLevel,ItemStack,Vec3) is not applicable
      (actual and formal argument lists differ in length)
    method Entity.spawnAtLocation(ServerLevel,ItemStack,float) is not applicable
      (actual and formal argument lists differ in length)
C:\Users\justi\Documents\GitHub\AlexsMobs-26.2\src\main\java\com\github\alexthe666\alexsmobs\entity\ai\AnteaterAIRaidNest.java:57: error: cannot find symbol
                e.hasImpulse = true;
                 ^
  symbol:   variable hasImpulse
  location: variable e of type ItemEntity
C:\Users\justi\Documents\GitHub\AlexsMobs-26.2\src\main\java\com\github\alexthe666\alexsmobs\entity\ai\AnteaterAIRaidNest.java:135: error: cannot find symbol
        if (net.neoforged.neoforge.event.ForgeEventFactory.getMobGriefingEvent(anteater.level(), anteater)) {
                                        ^
  symbol:   class ForgeEventFactory
  location: package net.neoforged.neoforge.event
C:\Users\justi\Documents\GitHub\AlexsMobs-26.2\src\main\java\com\github\alexthe666\alexsmobs\entity\ai\AnteaterAIRaidNest.java:155: error: cannot find symbol
        if (net.neoforged.neoforge.event.ForgeEventFactory.getMobGriefingEvent(anteater.level(), anteater)) {
                                        ^
  symbol:   class ForgeEventFactory
  location: package net.neoforged.neoforge.event
C:\Users\justi\Documents\GitHub\AlexsMobs-26.2\src\main\java\com\github\alexthe666\alexsmobs\tileentity\TileEntityLeafcutterAnthill.java:54: error: no suitable method found for startRiding(Entity,boolean)
                        entity.startRiding(p_220346_3_, true);
                              ^
    method Entity.startRiding(Entity) is not applicable
      (actual and formal argument lists differ in length)
    method Entity.startRiding(Entity,boolean,boolean) is not applicable
      (actual and formal argument lists differ in length)
C:\Users\justi\Documents\GitHub\AlexsMobs-26.2\src\main\java\com\github\alexthe666\alexsmobs\tileentity\TileEntityLeafcutterAnthill.java:72: error: no suitable method found for create(Level)
        EntityLeafcutterAnt leafcutterAnt = AMEntityRegistry.LEAFCUTTER_ANT.get().create(worldIn);
                                                                                 ^
    method EntityType.create(ServerLevel,@org.jspecify.annotations.Nullable PostSpawnProcessor<EntityLeafcutterAnt>,BlockPos,EntitySpawnReason,boolean,boolean) is not applicable
      (actual and formal argument lists differ in length)
    method EntityType.create(Level,EntitySpawnReason) is not applicable
      (actual and formal argument lists differ in length)
    method EntityType.create(Level,EntitySpawnRequest) is not applicable
      (actual and formal argument lists differ in length)
    method EntityType.create(ValueInput,Level,EntitySpawnRequest) is not applicable
      (actual and formal argument lists differ in length)
    method EntityType.create(EntityType<?>,ValueInput,Level,EntitySpawnReason) is not applicable
      (actual and formal argument lists differ in length)
C:\Users\justi\Documents\GitHub\AlexsMobs-26.2\src\main\java\com\github\alexthe666\alexsmobs\tileentity\TileEntityLeafcutterAnthill.java:73: error: incompatible types: CompoundTag cannot be converted to ValueInput
        leafcutterAnt.load(compound);
                           ^
C:\Users\justi\Documents\GitHub\AlexsMobs-26.2\src\main\java\com\github\alexthe666\alexsmobs\tileentity\TileEntityLeafcutterAnthill.java:168: error: cannot find symbol
                    entity.moveTo(d0, d1, d2, entity.getYRot(), entity.getXRot());
                          ^
  symbol:   method moveTo(double,double,double,float,float)
  location: variable entity of type Entity
C:\Users\justi\Documents\GitHub\AlexsMobs-26.2\src\main\java\com\github\alexthe666\alexsmobs\tileentity\TileEntityLeafcutterAnthill.java:190: error: incompatible types: CompoundTag cannot be converted to ValueOutput
            p_226962_1_.save(compoundnbt);
                             ^
C:\Users\justi\Documents\GitHub\AlexsMobs-26.2\src\main\java\com\github\alexthe666\alexsmobs\tileentity\TileEntityLeafcutterAnthill.java:374: error: cannot find symbol
        super.load(nbt);
             ^
  symbol: method load(CompoundTag)
C:\Users\justi\Documents\GitHub\AlexsMobs-26.2\src\main\java\com\github\alexthe666\alexsmobs\tileentity\TileEntityLeafcutterAnthill.java:381: error: incompatible types: Optional<Integer> cannot be converted to int
            Ant beehiveTileEntity$ant = new Ant(compoundnbt.getCompoundOrEmpty("EntityData"), compoundnbt.getInt("TicksInHive"), compoundnbt.getInt("MinOccupationTicks"), compoundnbt.getBoolean("Queen"));
                                                                                                                ^
C:\Users\justi\Documents\GitHub\AlexsMobs-26.2\src\main\java\com\github\alexthe666\alexsmobs\tileentity\TileEntityLeafcutterAnthill.java:404: error: cannot find symbol
        compound.put("Ants", this.getAnts());
                ^
  symbol:   method put(String,ListTag)
  location: variable compound of type ValueOutput
C:\Users\justi\Documents\GitHub\AlexsMobs-26.2\src\main\java\com\github\alexthe666\alexsmobs\entity\ai\BoneSerpentAIMeleeJump.java:82: error: method doHurtTarget in class Mob cannot be applied to given types;
                this.dolphin.doHurtTarget(target);
                            ^
  required: ServerLevel,Entity
  found:    LivingEntity
  reason: actual and formal argument lists differ in length
C:\Users\justi\Documents\GitHub\AlexsMobs-26.2\src\main\java\com\github\alexthe666\alexsmobs\entity\ai\BoneSerpentNodeProcessor.java:15: error: BoneSerpentNodeProcessor is not abstract and does not override abstract method getPathType(PathfindingContext,int,int,int) in NodeEvaluator
public class BoneSerpentNodeProcessor extends NodeEvaluator {
       ^
C:\Users\justi\Documents\GitHub\AlexsMobs-26.2\src\main\java\com\github\alexthe666\alexsmobs\entity\ai\BoneSerpentNodeProcessor.java:49: error: method isPathfindable in class BlockStateBase cannot be applied to given types;
        if (fluidstate.isEmpty() && blockstate.isPathfindable(blockaccessIn, blockpos.below(), PathComputationType.WATER) && blockstate.isAir()) {
                                              ^
  required: PathComputationType
  found:    BlockGetter,BlockPos,PathComputationType
  reason: actual and formal argument lists differ in length
C:\Users\justi\Documents\GitHub\AlexsMobs-26.2\src\main\java\com\github\alexthe666\alexsmobs\entity\ai\BoneSerpentNodeProcessor.java:52: error: method isPathfindable in class BlockStateBase cannot be applied to given types;
            return fluidstate.is(FluidTags.LAVA) || fluidstate.is(FluidTags.WATER) && blockstate.isPathfindable(blockaccessIn, blockpos, PathComputationType.WATER) ? PathType.WATER : PathType.BLOCKED;
                                                                                                ^
  required: PathComputationType
  found:    BlockGetter,BlockPos,PathComputationType
  reason: actual and formal argument lists differ in length
C:\Users\justi\Documents\GitHub\AlexsMobs-26.2\src\main\java\com\github\alexthe666\alexsmobs\entity\ai\BoneSerpentNodeProcessor.java:74: error: cannot find symbol
            if (this.level.getFluidState(new BlockPos(x, y, z)).isEmpty()) {
                    ^
  symbol: variable level
C:\Users\justi\Documents\GitHub\AlexsMobs-26.2\src\main\java\com\github\alexthe666\alexsmobs\entity\ai\BoneSerpentNodeProcessor.java:88: error: cannot find symbol
                    FluidState fluidstate = this.level.getFluidState(blockpos$mutable.set(i, j, k));
                                                ^
  symbol: variable level
C:\Users\justi\Documents\GitHub\AlexsMobs-26.2\src\main\java\com\github\alexthe666\alexsmobs\entity\ai\BoneSerpentNodeProcessor.java:89: error: cannot find symbol
                    BlockState blockstate = this.level.getBlockState(blockpos$mutable.set(i, j, k));
                                                ^
  symbol: variable level
C:\Users\justi\Documents\GitHub\AlexsMobs-26.2\src\main\java\com\github\alexthe666\alexsmobs\entity\ai\BoneSerpentNodeProcessor.java:90: error: cannot find symbol
                    if (fluidstate.isEmpty() && blockstate.isPathfindable(this.level, blockpos$mutable.below(), PathComputationType.WATER) && blockstate.isAir()) {
                                                                              ^
  symbol: variable level
C:\Users\justi\Documents\GitHub\AlexsMobs-26.2\src\main\java\com\github\alexthe666\alexsmobs\entity\ai\BoneSerpentNodeProcessor.java:101: error: cannot find symbol
        BlockState blockstate1 = this.level.getBlockState(blockpos$mutable);
                                     ^
  symbol: variable level
C:\Users\justi\Documents\GitHub\AlexsMobs-26.2\src\main\java\com\github\alexthe666\alexsmobs\entity\ai\BoneSerpentNodeProcessor.java:102: error: cannot find symbol
        return blockstate1.getFluidState().is(FluidTags.LAVA) || blockstate1.isPathfindable(this.level, blockpos$mutable, PathComputationType.WATER) ? PathType.WATER : PathType.BLOCKED;
                                                                                                ^
  symbol: variable level
C:\Users\justi\Documents\GitHub\AlexsMobs-26.2\src\main\java\com\github\alexthe666\alexsmobs\entity\ai\BoneSerpentPathNavigator.java:14: error: BoneSerpentPathNavigator is not abstract and does not override abstract method canNavigateGround() in PathNavigation
public class BoneSerpentPathNavigator extends PathNavigation {
       ^
C:\Users\justi\Documents\GitHub\AlexsMobs-26.2\src\main\java\com\github\alexthe666\alexsmobs\entity\ai\BoneSerpentPathNavigator.java:99: error: cannot find symbol
            Vec3i vector3i = this.path.getNextNodePos();
            ^
  symbol:   class Vec3i
  location: class BoneSerpentPathNavigator
C:\Users\justi\Documents\GitHub\AlexsMobs-26.2\src\main\java\com\github\alexthe666\alexsmobs\entity\ai\BoneSerpentPathNavigator.java:109: error: cannot find symbol
                this.timeoutCachedNode = Vec3i.ZERO;
                                         ^
  symbol:   variable Vec3i
  location: class BoneSerpentPathNavigator
C:\Users\justi\Documents\GitHub\AlexsMobs-26.2\src\main\java\com\github\alexthe666\alexsmobs\entity\ai\BoneSerpentPathNavigator.java:129: error: method isSolidRender in class BlockStateBase cannot be applied to given types;
        return !this.level.getBlockState(pos).isSolidRender(this.level, pos);
                                             ^
  required: no arguments
  found:    Level,BlockPos
  reason: actual and formal argument lists differ in length
C:\Users\justi\Documents\GitHub\AlexsMobs-26.2\src\main\java\com\github\alexthe666\alexsmobs\entity\ai\BunfungusAIBeg.java:31: error: incompatible types: TargetingConditions cannot be converted to Entity
            this.closestPlayer = this.jerboa.level().getNearestPlayer(ENTITY_PREDICATE, this.jerboa);
                                                                      ^
C:\Users\justi\Documents\GitHub\AlexsMobs-26.2\src\main\java\com\github\alexthe666\alexsmobs\entity\ai\CaimanAIBellow.java:39: error: cannot find symbol
            final double d1 = caiman.getFluidTypeHeight(NeoForgeMod.WATER_TYPE.get());
                                                                              ^
  symbol:   method get()
  location: variable WATER_TYPE of type Holder<FluidType>
C:\Users\justi\Documents\GitHub\AlexsMobs-26.2\src\main\java\com\github\alexthe666\alexsmobs\entity\ai\CapuchinAIMelee.java:26: error: cannot find symbol
        double d0 = this.getAttackReachSqr(enemy);
                        ^
  symbol: method getAttackReachSqr(LivingEntity)
C:\Users\justi\Documents\GitHub\AlexsMobs-26.2\src\main\java\com\github\alexthe666\alexsmobs\entity\ai\CapuchinAIMelee.java:30: error: method doHurtTarget in class Mob cannot be applied to given types;
            this.mob.doHurtTarget(enemy);
                    ^
  required: ServerLevel,Entity
  found:    LivingEntity
  reason: actual and formal argument lists differ in length
C:\Users\justi\Documents\GitHub\AlexsMobs-26.2\src\main\java\com\github\alexthe666\alexsmobs\entity\ai\CapuchinAITargetBalloons.java:33: error: cannot find symbol
        return balloon.getEncodeId() != null && (balloon.getType().is(AMTagRegistry.MONKEY_TARGET_WITH_DART) || balloon.getEncodeId().contains("balloom"));
                                                                  ^
  symbol:   method is(TagKey<EntityType<?>>)
  location: class EntityType<CAP#1>
  where CAP#1 is a fresh type-variable:
    CAP#1 extends Entity from capture of ?
C:\Users\justi\Documents\GitHub\AlexsMobs-26.2\src\main\java\com\github\alexthe666\alexsmobs\entity\ai\CapuchinAITargetBalloons.java:137: error: method test in class TargetingConditions cannot be applied to given types;
        } else if (!targetPredicate.test(this.monkey, potentialTarget)) {
                                   ^
  required: ServerLevel,LivingEntity,LivingEntity
  found:    EntityCapuchinMonkey,LivingEntity
  reason: actual and formal argument lists differ in length
C:\Users\justi\Documents\GitHub\AlexsMobs-26.2\src\main\java\com\github\alexthe666\alexsmobs\entity\ai\CapuchinAITargetBalloons.java:139: error: cannot find symbol
        } else if (!this.monkey.isWithinRestriction(potentialTarget.blockPosition())) {
                               ^
  symbol:   method isWithinRestriction(BlockPos)
  location: variable monkey of type EntityCapuchinMonkey
C:\Users\justi\Documents\GitHub\AlexsMobs-26.2\src\main\java\com\github\alexthe666\alexsmobs\entity\ai\CrocodileAIMelee.java:27: error: cannot find symbol
        double d0 = this.getAttackReachSqr(enemy);
                        ^
  symbol: method getAttackReachSqr(LivingEntity)
C:\Users\justi\Documents\GitHub\AlexsMobs-26.2\src\main\java\com\github\alexthe666\alexsmobs\entity\ai\CrocodileAIMelee.java:31: error: method doHurtTarget in class Mob cannot be applied to given types;
            this.mob.doHurtTarget(enemy);
                    ^
  required: ServerLevel,Entity
  found:    LivingEntity
  reason: actual and formal argument lists differ in length
C:\Users\justi\Documents\GitHub\AlexsMobs-26.2\src\main\java\com\github\alexthe666\alexsmobs\entity\ai\CrocodileAIRandomSwimming.java:45: error: cannot find symbol
        if(this.mob.hasRestriction() && this.mob.distanceToSqr(Vec3.atCenterOf(this.mob.getRestrictCenter())) > this.mob.getRestrictRadius() * this.mob.getRestrictRadius()){
                   ^
  symbol:   method hasRestriction()
  location: variable mob of type PathfinderMob
C:\Users\justi\Documents\GitHub\AlexsMobs-26.2\src\main\java\com\github\alexthe666\alexsmobs\entity\ai\CrocodileAIRandomSwimming.java:45: error: cannot find symbol
        if(this.mob.hasRestriction() && this.mob.distanceToSqr(Vec3.atCenterOf(this.mob.getRestrictCenter())) > this.mob.getRestrictRadius() * this.mob.getRestrictRadius()){
                                                                                       ^
  symbol:   method getRestrictCenter()
  location: variable mob of type PathfinderMob
C:\Users\justi\Documents\GitHub\AlexsMobs-26.2\src\main\java\com\github\alexthe666\alexsmobs\entity\ai\CrocodileAIRandomSwimming.java:45: error: cannot find symbol
        if(this.mob.hasRestriction() && this.mob.distanceToSqr(Vec3.atCenterOf(this.mob.getRestrictCenter())) > this.mob.getRestrictRadius() * this.mob.getRestrictRadius()){
                                                                                                                        ^
  symbol:   method getRestrictRadius()
  location: variable mob of type PathfinderMob
C:\Users\justi\Documents\GitHub\AlexsMobs-26.2\src\main\java\com\github\alexthe666\alexsmobs\entity\ai\CrocodileAIRandomSwimming.java:45: error: cannot find symbol
        if(this.mob.hasRestriction() && this.mob.distanceToSqr(Vec3.atCenterOf(this.mob.getRestrictCenter())) > this.mob.getRestrictRadius() * this.mob.getRestrictRadius()){
                                                                                                                                                       ^
  symbol:   method getRestrictRadius()
  location: variable mob of type PathfinderMob
C:\Users\justi\Documents\GitHub\AlexsMobs-26.2\src\main\java\com\github\alexthe666\alexsmobs\entity\ai\CrocodileAIRandomSwimming.java:46: error: cannot find symbol
            return DefaultRandomPos.getPosTowards(this.mob, 7, 3, Vec3.atBottomCenterOf(this.mob.getRestrictCenter()), 1);
                                                                                                ^
  symbol:   method getRestrictCenter()
  location: variable mob of type PathfinderMob
C:\Users\justi\Documents\GitHub\AlexsMobs-26.2\src\main\java\com\github\alexthe666\alexsmobs\entity\ai\CrocodileAIRandomSwimming.java:56: error: method isPathfindable in class BlockStateBase cannot be applied to given types;
        for(int i = 0; vector3d != null && !this.mob.level().getBlockState(AMBlockPos.fromVec3(vector3d)).isPathfindable(this.mob.level(), AMBlockPos.fromVec3(vector3d), PathComputationType.WATER) && i++ < 15; vector3d = DefaultRandomPos.getPos(this.mob, 10, 7)) {
                                                                                                         ^
  required: PathComputationType
  found:    Level,BlockPos,PathComputationType
  reason: actual and formal argument lists differ in length
C:\Users\justi\Documents\GitHub\AlexsMobs-26.2\src\main\java\com\github\alexthe666\alexsmobs\entity\ai\CrowAICircleCrops.java:133: error: cannot find symbol
            if(crow.level().getGameRules().getBoolean(GameRules.RULE_MOBGRIEFING)){
                                                      ^
  symbol:   variable GameRules
  location: class CrowAICircleCrops
C:\Users\justi\Documents\GitHub\AlexsMobs-26.2\src\main\java\com\github\alexthe666\alexsmobs\entity\ai\CrowAICircleCrops.java:133: error: cannot find symbol
            if(crow.level().getGameRules().getBoolean(GameRules.RULE_MOBGRIEFING)){
                           ^
  symbol:   method getGameRules()
  location: class Level
C:\Users\justi\Documents\GitHub\AlexsMobs-26.2\src\main\java\com\github\alexthe666\alexsmobs\entity\ai\CrowAICircleCrops.java:143: error: cannot find symbol
            if(crow.level().getGameRules().getBoolean(GameRules.RULE_MOBGRIEFING)) {
                                                      ^
  symbol:   variable GameRules
  location: class CrowAICircleCrops
C:\Users\justi\Documents\GitHub\AlexsMobs-26.2\src\main\java\com\github\alexthe666\alexsmobs\entity\ai\CrowAICircleCrops.java:143: error: cannot find symbol
            if(crow.level().getGameRules().getBoolean(GameRules.RULE_MOBGRIEFING)) {
                           ^
  symbol:   method getGameRules()
  location: class Level
C:\Users\justi\Documents\GitHub\AlexsMobs-26.2\src\main\java\com\github\alexthe666\alexsmobs\entity\ai\CrowAIFollowOwner.java:115: error: no suitable method found for startRiding(LivingEntity,boolean)
                        crow.startRiding(owner, true);
                            ^
    method Entity.startRiding(Entity) is not applicable
      (actual and formal argument lists differ in length)
    method Mob.startRiding(Entity,boolean,boolean) is not applicable
      (actual and formal argument lists differ in length)
C:\Users\justi\Documents\GitHub\AlexsMobs-26.2\src\main\java\com\github\alexthe666\alexsmobs\entity\ai\CrowAIFollowOwner.java:167: error: cannot find symbol
            this.crow.moveTo((double) p_226328_1_ + 0.5D, p_226328_2_, (double) p_226328_3_ + 0.5D, this.crow.getYRot(), this.crow.getXRot());
                     ^
  symbol:   method moveTo(double,int,double,float,float)
  location: variable crow of type EntityCrow
C:\Users\justi\Documents\GitHub\AlexsMobs-26.2\src\main\java\com\github\alexthe666\alexsmobs\entity\ai\CrowAIFollowOwner.java:174: error: cannot find symbol
        PathType lvt_2_1_ = WalkNodeEvaluator.getPathTypetatic(this.world, p_226329_1_.mutable());
                                             ^
  symbol:   method getPathTypetatic(LevelReader,MutableBlockPos)
  location: class WalkNodeEvaluator
C:\Users\justi\Documents\GitHub\AlexsMobs-26.2\src\main\java\com\github\alexthe666\alexsmobs\entity\ai\CrowAIMelee.java:54: error: cannot find symbol
                    if(target.getMobType() == MobType.UNDEAD){
                             ^
  symbol:   method getMobType()
  location: variable target of type LivingEntity
C:\Users\justi\Documents\GitHub\AlexsMobs-26.2\src\main\java\com\github\alexthe666\alexsmobs\entity\ai\CrowAIMelee.java:54: error: cannot find symbol
                    if(target.getMobType() == MobType.UNDEAD){
                                              ^
  symbol:   variable MobType
  location: class CrowAIMelee
C:\Users\justi\Documents\GitHub\AlexsMobs-26.2\src\main\java\com\github\alexthe666\alexsmobs\entity\ai\ElephantAIForageLeaves.java:108: error: cannot find symbol
        if (net.neoforged.neoforge.event.ForgeEventFactory.getMobGriefingEvent(elephant.level(), elephant)) {
                                        ^
  symbol:   class ForgeEventFactory
  location: package net.neoforged.neoforge.event
C:\Users\justi\Documents\GitHub\AlexsMobs-26.2\src\main\java\com\github\alexthe666\alexsmobs\entity\ai\EndergradeAITargetItems.java:112: error: no suitable method found for spawnAtLocation(ItemStack,float)
                mob.spawnAtLocation(mob.getItemInHand(InteractionHand.MAIN_HAND), 0.0F);
                   ^
    method Entity.spawnAtLocation(ServerLevel,ItemLike) is not applicable
      (argument mismatch; ItemStack cannot be converted to ServerLevel)
    method Entity.spawnAtLocation(ServerLevel,ItemStack) is not applicable
      (argument mismatch; ItemStack cannot be converted to ServerLevel)
C:\Users\justi\Documents\GitHub\AlexsMobs-26.2\src\main\java\com\github\alexthe666\alexsmobs\entity\ai\FlyingAIFollowOwner.java:137: error: cannot find symbol
            this.tameable.moveTo((double)x + 0.5D, (double)y, (double)z + 0.5D, this.tameable.getYRot(), this.tameable.getXRot());
                         ^
  symbol:   method moveTo(double,double,double,float,float)
  location: variable tameable of type TamableAnimal
C:\Users\justi\Documents\GitHub\AlexsMobs-26.2\src\main\java\com\github\alexthe666\alexsmobs\entity\ai\FlyingAIFollowOwner.java:148: error: cannot find symbol
        PathType pathnodetype = WalkNodeEvaluator.getPathTypetatic(this.world, pos.mutable());
                                                 ^
  symbol:   method getPathTypetatic(LevelReader,MutableBlockPos)
  location: class WalkNodeEvaluator
C:\Users\justi\Documents\GitHub\AlexsMobs-26.2\src\main\java\com\github\alexthe666\alexsmobs\entity\ai\GorillaAIForageLeaves.java:84: error: cannot find symbol
        if (net.neoforged.neoforge.event.ForgeEventFactory.getMobGriefingEvent(gorilla.level(), gorilla)) {
                                        ^
  symbol:   class ForgeEventFactory
  location: package net.neoforged.neoforge.event
C:\Users\justi\Documents\GitHub\AlexsMobs-26.2\src\main\java\com\github\alexthe666\alexsmobs\entity\ai\GrizzlyBearAIAprilFools.java:37: error: incompatible types: MobEffect cannot be converted to Holder<MobEffect>
                return bear.hasLineOfSight(entity) &&(!(entity instanceof Player) || !((Player) entity).hasEffect(AMEffectRegistry.POWER_DOWN.get()));
                                                                                                                                                 ^
C:\Users\justi\Documents\GitHub\AlexsMobs-26.2\src\main\java\com\github\alexthe666\alexsmobs\entity\ai\GrizzlyBearAIAprilFools.java:81: error: incompatible types: MobEffect cannot be converted to Holder<MobEffect>
                    target.addEffect(new MobEffectInstance(AMEffectRegistry.POWER_DOWN.get(), 2 * (maxMusicBoxTime + 100), 0, false, false, true));
                                                                                          ^
C:\Users\justi\Documents\GitHub\AlexsMobs-26.2\src\main\java\com\github\alexthe666\alexsmobs\entity\ai\GrizzlyBearAIAprilFools.java:99: error: cannot find symbol
                        bear.gameEvent(GameEvent.ENTITY_ROAR);
                                                ^
  symbol:   variable ENTITY_ROAR
  location: class GameEvent
C:\Users\justi\Documents\GitHub\AlexsMobs-26.2\src\main\java\com\github\alexthe666\alexsmobs\entity\ai\GrizzlyBearAIBeehive.java:89: error: cannot find symbol
        if (net.neoforged.neoforge.event.ForgeEventFactory.getMobGriefingEvent(bear.level(), bear)) {
                                        ^
  symbol:   class ForgeEventFactory
  location: package net.neoforged.neoforge.event
C:\Users\justi\Documents\GitHub\AlexsMobs-26.2\src\main\java\com\github\alexthe666\alexsmobs\entity\ai\GrizzlyBearAIBeehive.java:113: error: cannot find symbol
                        bee.setRemainingPersistentAngerTime(100);
                           ^
  symbol:   method setRemainingPersistentAngerTime(int)
  location: variable bee of type Bee
C:\Users\justi\Documents\GitHub\AlexsMobs-26.2\src\main\java\com\github\alexthe666\alexsmobs\entity\ai\GrizzlyBearAIFleeBees.java:28: error: cannot find symbol
                return p_apply_1_.isAlive() && GrizzlyBearAIFleeBees.this.entity.getSensing().hasLineOfSight(p_apply_1_) && !GrizzlyBearAIFleeBees.this.entity.isAlliedTo(p_apply_1_) && p_apply_1_.getRemainingPersistentAngerTime() > 0;
                                                                                                                                                                                                   ^
  symbol:   method getRemainingPersistentAngerTime()
  location: variable p_apply_1_ of type Bee
C:\Users\justi\Documents\GitHub\AlexsMobs-26.2\src\main\java\com\github\alexthe666\alexsmobs\entity\ai\GrizzlyBearAIFleeBees.java:79: error: cannot find symbol
        if(closestLivingEntity != null && closestLivingEntity.getRemainingPersistentAngerTime() <= 0){
                                                             ^
  symbol:   method getRemainingPersistentAngerTime()
  location: variable closestLivingEntity of type Bee
C:\Users\justi\Documents\GitHub\AlexsMobs-26.2\src\main\java\com\github\alexthe666\alexsmobs\entity\ai\JerboaAIBeg.java:34: error: incompatible types: TargetingConditions cannot be converted to Entity
            this.closestPlayer = this.jerboa.level().getNearestPlayer(ENTITY_PREDICATE, this.jerboa);
                                                                      ^
C:\Users\justi\Documents\GitHub\AlexsMobs-26.2\src\main\java\com\github\alexthe666\alexsmobs\entity\ai\KangarooAIMelee.java:107: error: cannot find symbol
        double d0 = this.getAttackReachSqr(enemy) + 5D;
                        ^
  symbol: method getAttackReachSqr(LivingEntity)
C:\Users\justi\Documents\GitHub\AlexsMobs-26.2\src\main\java\com\github\alexthe666\alexsmobs\entity\ai\KangarooAIMelee.java:112: error: no suitable method found for knockback(float,double,double)
                enemy.knockback(1F, enemy.getX() - kangaroo.getX(), enemy.getZ() - kangaroo.getZ());
                     ^
    method LivingEntity.knockback(double,double,double,DamageSource,float,boolean) is not applicable
      (actual and formal argument lists differ in length)
    method LivingEntity.knockback(double,double,double,DamageSource,float) is not applicable
      (actual and formal argument lists differ in length)
C:\Users\justi\Documents\GitHub\AlexsMobs-26.2\src\main\java\com\github\alexthe666\alexsmobs\entity\ai\KomodoDragonAIJostle.java:118: error: cannot find symbol
                    komodo.hasImpulse = true;
                          ^
  symbol:   variable hasImpulse
  location: variable komodo of type EntityKomodoDragon
C:\Users\justi\Documents\GitHub\AlexsMobs-26.2\src\main\java\com\github\alexthe666\alexsmobs\entity\ai\KomodoDragonAIJostle.java:145: error: cannot find symbol
        List<EntityKomodoDragon> komodoDragons = this.world.getNearbyEntities(EntityKomodoDragon.class, JOSTLE_PREDICATE, this.komodo, this.komodo.getBoundingBox().inflate(16.0D));
                                                           ^
  symbol:   method getNearbyEntities(Class<EntityKomodoDragon>,TargetingConditions,EntityKomodoDragon,AABB)
  location: variable world of type Level
C:\Users\justi\Documents\GitHub\AlexsMobs-26.2\src\main\java\com\github\alexthe666\alexsmobs\entity\ai\LeafcutterAntAIForageLeaves.java:147: error: cannot find symbol
            if (net.neoforged.neoforge.event.ForgeEventFactory.getMobGriefingEvent(ant.level(), ant)) {
                                            ^
  symbol:   class ForgeEventFactory
  location: package net.neoforged.neoforge.event
C:\Users\justi\Documents\GitHub\AlexsMobs-26.2\src\main\java\com\github\alexthe666\alexsmobs\entity\ai\LeafcutterAntAIForageLeaves.java:178: error: cannot find symbol
                        if (this.mob.isWithinRestriction(blockpos$mutableblockpos) && this.isValidTarget(this.mob.level(), blockpos$mutableblockpos)) {
                                    ^
  symbol:   method isWithinRestriction(MutableBlockPos)
  location: variable mob of type PathfinderMob
C:\Users\justi\Documents\GitHub\AlexsMobs-26.2\src\main\java\com\github\alexthe666\alexsmobs\entity\ai\MantisShrimpAIBreakBlocks.java:143: error: cannot find symbol
            if(!mantisShrimp.level().isEmptyBlock(destinationBlock) && net.neoforged.neoforge.common.ForgeHooks.canEntityDestroy(mantisShrimp.level(), destinationBlock, mantisShrimp) && state.getDestroySpeed(mantisShrimp.level(), destinationBlock) >= 0){
                                                                                                    ^
  symbol:   class ForgeHooks
  location: package net.neoforged.neoforge.common
C:\Users\justi\Documents\GitHub\AlexsMobs-26.2\src\main\java\com\github\alexthe666\alexsmobs\entity\ai\MooseAIJostle.java:119: error: cannot find symbol
                    moose.hasImpulse = true;
                         ^
  symbol:   variable hasImpulse
  location: variable moose of type EntityMoose
C:\Users\justi\Documents\GitHub\AlexsMobs-26.2\src\main\java\com\github\alexthe666\alexsmobs\entity\ai\MooseAIJostle.java:146: error: cannot find symbol
        List<EntityMoose> listOfMeese = this.world.getNearbyEntities(EntityMoose.class, JOSTLE_PREDICATE, this.moose, this.moose.getBoundingBox().inflate(16.0D));
                                                  ^
  symbol:   method getNearbyEntities(Class<EntityMoose>,TargetingConditions,EntityMoose,AABB)
  location: variable world of type Level
C:\Users\justi\Documents\GitHub\AlexsMobs-26.2\src\main\java\com\github\alexthe666\alexsmobs\entity\ai\MovementControllerCustomCollisions.java:69: error: cannot find symbol
                if (d2 > (double)this.mob.getStepHeight() && d0 * d0 + d1 * d1 < (double)Math.max(1.0F, this.mob.getBbWidth()) || !voxelshape.isEmpty() && this.mob.getY() < voxelshape.max(Direction.Axis.Y) + (double)blockpos.getY() && !blockstate.is(BlockTags.DOORS) && !blockstate.is(BlockTags.FENCES)) {
                                         ^
  symbol:   method getStepHeight()
  location: variable mob of type T
  where T is a type-variable:
    T extends Mob declared in class MoveControl
C:\Users\justi\Documents\GitHub\AlexsMobs-26.2\src\main\java\com\github\alexthe666\alexsmobs\entity\ai\MovementControllerCustomCollisions.java:89: error: cannot find symbol
            if (nodeprocessor != null && nodeprocessor.getBlockPathType(this.mob.level(), Mth.floor(this.mob.getX() + (double)p_234024_1_), Mth.floor(this.mob.getY()), Mth.floor(this.mob.getZ() + (double)p_234024_2_)) != PathType.WALKABLE) {
                                                      ^
  symbol:   method getBlockPathType(Level,int,int,int)
  location: variable nodeprocessor of type NodeEvaluator
C:\Users\justi\Documents\GitHub\AlexsMobs-26.2\src\main\java\com\github\alexthe666\alexsmobs\entity\ai\MudskipperAIDisplay.java:132: error: cannot find symbol
                    mudskipper.hasImpulse = true;
                              ^
  symbol:   variable hasImpulse
  location: variable mudskipper of type EntityMudskipper
C:\Users\justi\Documents\GitHub\AlexsMobs-26.2\src\main\java\com\github\alexthe666\alexsmobs\entity\ai\MudskipperAIDisplay.java:158: error: cannot find symbol
        List<EntityMudskipper> skippers = this.world.getNearbyEntities(EntityMudskipper.class, JOSTLE_PREDICATE, this.mudskipper, this.mudskipper.getBoundingBox().inflate(16.0D));
                                                    ^
  symbol:   method getNearbyEntities(Class<EntityMudskipper>,TargetingConditions,EntityMudskipper,AABB)
  location: variable world of type Level
C:\Users\justi\Documents\GitHub\AlexsMobs-26.2\src\main\java\com\github\alexthe666\alexsmobs\entity\ai\MungusAIAlertBunfungus.java:35: error: cannot find symbol
            if (livingentity.getType() == EntityType.PLAYER && this.mob.level().getGameRules().getBoolean(GameRules.RULE_UNIVERSAL_ANGER)) {
                                                    ^
  symbol:   variable PLAYER
  location: class EntityType
C:\Users\justi\Documents\GitHub\AlexsMobs-26.2\src\main\java\com\github\alexthe666\alexsmobs\entity\ai\MungusAIAlertBunfungus.java:35: error: cannot find symbol
            if (livingentity.getType() == EntityType.PLAYER && this.mob.level().getGameRules().getBoolean(GameRules.RULE_UNIVERSAL_ANGER)) {
                                                                                                          ^
  symbol:   variable GameRules
  location: class MungusAIAlertBunfungus
C:\Users\justi\Documents\GitHub\AlexsMobs-26.2\src\main\java\com\github\alexthe666\alexsmobs\entity\ai\MungusAIAlertBunfungus.java:35: error: cannot find symbol
            if (livingentity.getType() == EntityType.PLAYER && this.mob.level().getGameRules().getBoolean(GameRules.RULE_UNIVERSAL_ANGER)) {
                                                                               ^
  symbol:   method getGameRules()
  location: class Level
C:\Users\justi\Documents\GitHub\AlexsMobs-26.2\src\main\java\com\github\alexthe666\alexsmobs\entity\ai\MungusAITemptMushroom.java:38: error: incompatible types: TargetingConditions cannot be converted to Entity
            this.player = this.mob.level().getNearestPlayer(this.targetingConditions, this.mob);
                                                                ^
C:\Users\justi\Documents\GitHub\AlexsMobs-26.2\src\main\java\com\github\alexthe666\alexsmobs\entity\ai\PlatypusAIDigForItems.java:41: error: cannot find symbol
        LootTable loottable = platypus.level().getServer().getLootData().getLootTable(platypus.superCharged ? PLATYPUS_REWARD_CHARGED : PLATYPUS_REWARD);
                                                          ^
  symbol:   method getLootData()
  location: class MinecraftServer
C:\Users\justi\Documents\GitHub\AlexsMobs-26.2\src\main\java\com\github\alexthe666\alexsmobs\entity\ai\PlatypusAIDigForItems.java:86: error: no suitable method found for spawnAtLocation(ItemStack)
                        ItemEntity e = this.platypus.spawnAtLocation(stack.copy());
                                                    ^
    method Entity.spawnAtLocation(ServerLevel,ItemLike) is not applicable
      (actual and formal argument lists differ in length)
    method Entity.spawnAtLocation(ServerLevel,ItemStack) is not applicable
      (actual and formal argument lists differ in length)
    method Entity.spawnAtLocation(ServerLevel,ItemStack,Vec3) is not applicable
      (actual and formal argument lists differ in length)
    method Entity.spawnAtLocation(ServerLevel,ItemStack,float) is not applicable
      (actual and formal argument lists differ in length)
C:\Users\justi\Documents\GitHub\AlexsMobs-26.2\src\main\java\com\github\alexthe666\alexsmobs\entity\ai\PlatypusAIDigForItems.java:87: error: cannot find symbol
                        e.hasImpulse = true;
                         ^
  symbol:   variable hasImpulse
  location: variable e of type ItemEntity
C:\Users\justi\Documents\GitHub\AlexsMobs-26.2\src\main\java\com\github\alexthe666\alexsmobs\entity\ai\RaccoonAIBeg.java:32: error: incompatible types: TargetingConditions cannot be converted to Entity
            this.closestPlayer = this.raccoon.level().getNearestPlayer(ENTITY_PREDICATE, this.raccoon);
                                                                       ^
C:\Users\justi\Documents\GitHub\AlexsMobs-26.2\src\main\java\com\github\alexthe666\alexsmobs\entity\ai\RaccoonAIWash.java:85: error: cannot find symbol
                    if(this.raccoon.getMainHandItem().hasCraftingRemainingItem()){
                                                     ^
  symbol:   method hasCraftingRemainingItem()
  location: class ItemStack
C:\Users\justi\Documents\GitHub\AlexsMobs-26.2\src\main\java\com\github\alexthe666\alexsmobs\entity\ai\RaccoonAIWash.java:86: error: cannot find symbol
                        this.raccoon.spawnAtLocation(this.raccoon.getMainHandItem().getCraftingRemainingItem());
                                                                                   ^
  symbol:   method getCraftingRemainingItem()
  location: class ItemStack
C:\Users\justi\Documents\GitHub\AlexsMobs-26.2\src\main\java\com\github\alexthe666\alexsmobs\entity\ai\SeagullAIStealFromPlayers.java:121: error: items has private access in Inventory
            ItemStack stackIn = player.getInventory().items.get(i);
                                                     ^
C:\Users\justi\Documents\GitHub\AlexsMobs-26.2\src\main\java\com\github\alexthe666\alexsmobs\entity\ai\SeagullAIStealFromPlayers.java:122: error: cannot find symbol
            if(stackIn.isEdible() && !isBlacklisted(stackIn)){
                      ^
  symbol:   method isEdible()
  location: variable stackIn of type ItemStack
C:\Users\justi\Documents\GitHub\AlexsMobs-26.2\src\main\java\com\github\alexthe666\alexsmobs\entity\ai\SeagullAIStealFromPlayers.java:144: error: items has private access in Inventory
            ItemStack stackIn = player.getInventory().items.get(i);
                                                     ^
C:\Users\justi\Documents\GitHub\AlexsMobs-26.2\src\main\java\com\github\alexthe666\alexsmobs\entity\ai\SeagullAIStealFromPlayers.java:145: error: cannot find symbol
            if(stackIn.isEdible() && !isBlacklisted(stackIn)){
                      ^
  symbol:   method isEdible()
  location: variable stackIn of type ItemStack
C:\Users\justi\Documents\GitHub\AlexsMobs-26.2\src\main\java\com\github\alexthe666\alexsmobs\entity\ai\SealAIDiveForItems.java:41: error: cannot find symbol
        LootTable loottable = seal.level().getServer().getLootData().getLootTable(SEAL_REWARD);
                                                      ^
  symbol:   method getLootData()
  location: class MinecraftServer
C:\Users\justi\Documents\GitHub\AlexsMobs-26.2\src\main\java\com\github\alexthe666\alexsmobs\entity\ai\SealAIDiveForItems.java:66: error: no suitable method found for spawnAtLocation(ItemStack)
                ItemEntity item = seal.spawnAtLocation(stack);
                                      ^
    method Entity.spawnAtLocation(ServerLevel,ItemLike) is not applicable
      (actual and formal argument lists differ in length)
    method Entity.spawnAtLocation(ServerLevel,ItemStack) is not applicable
      (actual and formal argument lists differ in length)
    method Entity.spawnAtLocation(ServerLevel,ItemStack,Vec3) is not applicable
      (actual and formal argument lists differ in length)
    method Entity.spawnAtLocation(ServerLevel,ItemStack,float) is not applicable
      (actual and formal argument lists differ in length)
C:\Users\justi\Documents\GitHub\AlexsMobs-26.2\src\main\java\com\github\alexthe666\alexsmobs\entity\ai\SealAIDiveForItems.java:106: error: no suitable method found for spawnAtLocation(ItemStack)
                            this.seal.spawnAtLocation(stack.copy());
                                     ^
    method Entity.spawnAtLocation(ServerLevel,ItemLike) is not applicable
      (actual and formal argument lists differ in length)
    method Entity.spawnAtLocation(ServerLevel,ItemStack) is not applicable
      (actual and formal argument lists differ in length)
    method Entity.spawnAtLocation(ServerLevel,ItemStack,Vec3) is not applicable
      (actual and formal argument lists differ in length)
    method Entity.spawnAtLocation(ServerLevel,ItemStack,float) is not applicable
      (actual and formal argument lists differ in length)
C:\Users\justi\Documents\GitHub\AlexsMobs-26.2\src\main\java\com\github\alexthe666\alexsmobs\entity\ai\SealAIDiveForItems.java:131: error: no suitable method found for spawnAtLocation(ItemStack)
            seal.spawnAtLocation(seal.getMainHandItem().copy());
                ^
    method Entity.spawnAtLocation(ServerLevel,ItemLike) is not applicable
      (actual and formal argument lists differ in length)
    method Entity.spawnAtLocation(ServerLevel,ItemStack) is not applicable
      (actual and formal argument lists differ in length)
    method Entity.spawnAtLocation(ServerLevel,ItemStack,Vec3) is not applicable
      (actual and formal argument lists differ in length)
    method Entity.spawnAtLocation(ServerLevel,ItemStack,float) is not applicable
      (actual and formal argument lists differ in length)
C:\Users\justi\Documents\GitHub\AlexsMobs-26.2\src\main\java\com\github\alexthe666\alexsmobs\entity\ai\ShoebillAIFish.java:88: error: package LootContextParamSet does not exist
        LootContextParamSet.Builder lootparameterset$builder = new LootContextParamSet.Builder();
                           ^
C:\Users\justi\Documents\GitHub\AlexsMobs-26.2\src\main\java\com\github\alexthe666\alexsmobs\entity\ai\ShoebillAIFish.java:88: error: package LootContextParamSet does not exist
        LootContextParamSet.Builder lootparameterset$builder = new LootContextParamSet.Builder();
                                                                                      ^
C:\Users\justi\Documents\GitHub\AlexsMobs-26.2\src\main\java\com\github\alexthe666\alexsmobs\entity\ai\ShoebillAIFish.java:89: error: cannot find symbol
        LootTable loottable = bird.level().getServer().getLootData().getLootTable(BuiltInLootTables.FISHING);
                                                      ^
  symbol:   method getLootData()
  location: class MinecraftServer
C:\Users\justi\Documents\GitHub\AlexsMobs-26.2\src\main\java\com\github\alexthe666\alexsmobs\entity\ai\SnowLeopardAIMelee.java:156: error: method doHurtTarget in class Mob cannot be applied to given types;
                    leopard.doHurtTarget(target);
                           ^
  required: ServerLevel,Entity
  found:    LivingEntity
  reason: actual and formal argument lists differ in length
C:\Users\justi\Documents\GitHub\AlexsMobs-26.2\src\main\java\com\github\alexthe666\alexsmobs\entity\ai\SnowLeopardAIMelee.java:177: error: cannot find symbol
        if (leopard.hasRestriction()) {
                   ^
  symbol:   method hasRestriction()
  location: variable leopard of type EntitySnowLeopard
C:\Users\justi\Documents\GitHub\AlexsMobs-26.2\src\main\java\com\github\alexthe666\alexsmobs\entity\ai\SnowLeopardAIMelee.java:178: error: cannot find symbol
            lvt_15_2_ = leopard.getRestrictCenter().closerToCenterThan(creature.position(), (double) (leopard.getRestrictRadius() + (float) xz) + 1.0D);
                                                                                                             ^
  symbol:   method getRestrictRadius()
  location: variable leopard of type EntitySnowLeopard
C:\Users\justi\Documents\GitHub\AlexsMobs-26.2\src\main\java\com\github\alexthe666\alexsmobs\entity\ai\SnowLeopardAIMelee.java:178: error: cannot find symbol
            lvt_15_2_ = leopard.getRestrictCenter().closerToCenterThan(creature.position(), (double) (leopard.getRestrictRadius() + (float) xz) + 1.0D);
                               ^
  symbol:   method getRestrictCenter()
  location: variable leopard of type EntitySnowLeopard
C:\Users\justi\Documents\GitHub\AlexsMobs-26.2\src\main\java\com\github\alexthe666\alexsmobs\entity\ai\SnowLeopardAIMelee.java:194: error: cannot find symbol
                if (leopard.hasRestriction() && xz > 1) {
                           ^
  symbol:   method hasRestriction()
  location: variable leopard of type EntitySnowLeopard
C:\Users\justi\Documents\GitHub\AlexsMobs-26.2\src\main\java\com\github\alexthe666\alexsmobs\entity\ai\SnowLeopardAIMelee.java:195: error: cannot find symbol
                    lvt_25_2_ = leopard.getRestrictCenter();
                                       ^
  symbol:   method getRestrictCenter()
  location: variable leopard of type EntitySnowLeopard
C:\Users\justi\Documents\GitHub\AlexsMobs-26.2\src\main\java\com\github\alexthe666\alexsmobs\entity\ai\SnowLeopardAIMelee.java:210: error: cannot find symbol
                if (lvt_25_2_.getY() >= 0 && lvt_25_2_.getY() <= (creature.level().getMaxY() + 1) && (!lvt_15_2_ || leopard.isWithinRestriction(lvt_25_2_)) && (!p_226339_12_ || lvt_13_1_.isStableDestination(lvt_25_2_))) {
                                                                                                                           ^
  symbol:   method isWithinRestriction(BlockPos)
  location: variable leopard of type EntitySnowLeopard
C:\Users\justi\Documents\GitHub\AlexsMobs-26.2\src\main\java\com\github\alexthe666\alexsmobs\entity\ai\SnowLeopardAIMelee.java:218: error: cannot find symbol
                        PathType lvt_26_1_ = WalkNodeEvaluator.getPathTypetatic(creature.level(), lvt_25_2_.mutable());
                                                              ^
  symbol:   method getPathTypetatic(Level,MutableBlockPos)
  location: class WalkNodeEvaluator
C:\Users\justi\Documents\GitHub\AlexsMobs-26.2\src\main\java\com\github\alexthe666\alexsmobs\entity\ai\SwimmerJumpPathNavigator.java:15: error: SwimmerJumpPathNavigator is not abstract and does not override abstract method canNavigateGround() in PathNavigation
public class SwimmerJumpPathNavigator  extends PathNavigation {
       ^
C:\Users\justi\Documents\GitHub\AlexsMobs-26.2\src\main\java\com\github\alexthe666\alexsmobs\entity\ai\SwimmerJumpPathNavigator.java:99: error: cannot find symbol
            Vec3i vector3i = this.path.getNextNodePos();
            ^
  symbol:   class Vec3i
  location: class SwimmerJumpPathNavigator
C:\Users\justi\Documents\GitHub\AlexsMobs-26.2\src\main\java\com\github\alexthe666\alexsmobs\entity\ai\SwimmerJumpPathNavigator.java:109: error: cannot find symbol
                this.timeoutCachedNode = Vec3i.ZERO;
                                         ^
  symbol:   variable Vec3i
  location: class SwimmerJumpPathNavigator
C:\Users\justi\Documents\GitHub\AlexsMobs-26.2\src\main\java\com\github\alexthe666\alexsmobs\entity\ai\SwimmerJumpPathNavigator.java:129: error: method isSolidRender in class BlockStateBase cannot be applied to given types;
        return !this.level.getBlockState(pos).isSolidRender(this.level, pos);
                                             ^
  required: no arguments
  found:    Level,BlockPos
  reason: actual and formal argument lists differ in length
C:\Users\justi\Documents\GitHub\AlexsMobs-26.2\src\main\java\com\github\alexthe666\alexsmobs\entity\ai\TameableAIFollowOwner.java:14: error: constructor FollowOwnerGoal in class FollowOwnerGoal cannot be applied to given types;
        super(tameable, speed, minDist, maxDist, teleportToLeaves);
        ^
  required: TamableAnimal,double,float,float
  found:    TamableAnimal,double,float,float,boolean
  reason: actual and formal argument lists differ in length
C:\Users\justi\Documents\GitHub\AlexsMobs-26.2\src\main\java\com\github\alexthe666\alexsmobs\entity\ai\TameableAIFollowOwnerWater.java:127: error: cannot find symbol
            this.tameable.moveTo((double) p_226328_1_ + 0.5D, p_226328_2_, (double) p_226328_3_ + 0.5D, this.tameable.getYRot(), this.tameable.getXRot());
                         ^
  symbol:   method moveTo(double,int,double,float,float)
  location: variable tameable of type TamableAnimal
C:\Users\justi\Documents\GitHub\AlexsMobs-26.2\src\main\java\com\github\alexthe666\alexsmobs\entity\ai\TameableAIFollowOwnerWater.java:134: error: cannot find symbol
        PathType blockPathType = WalkNodeEvaluator.getPathTypetatic(this.world, pos.mutable());
                                                  ^
  symbol:   method getPathTypetatic(LevelReader,MutableBlockPos)
  location: class WalkNodeEvaluator
C:\Users\justi\Documents\GitHub\AlexsMobs-26.2\src\main\java\com\github\alexthe666\alexsmobs\entity\ai\WarpedToadAIRandomSwimming.java:45: error: cannot find symbol
        if(this.mob.hasRestriction() && this.mob.distanceToSqr(Vec3.atCenterOf(this.mob.getRestrictCenter())) > this.mob.getRestrictRadius() * this.mob.getRestrictRadius()){
                   ^
  symbol:   method hasRestriction()
  location: variable mob of type PathfinderMob
C:\Users\justi\Documents\GitHub\AlexsMobs-26.2\src\main\java\com\github\alexthe666\alexsmobs\entity\ai\WarpedToadAIRandomSwimming.java:45: error: cannot find symbol
        if(this.mob.hasRestriction() && this.mob.distanceToSqr(Vec3.atCenterOf(this.mob.getRestrictCenter())) > this.mob.getRestrictRadius() * this.mob.getRestrictRadius()){
                                                                                       ^
  symbol:   method getRestrictCenter()
  location: variable mob of type PathfinderMob
C:\Users\justi\Documents\GitHub\AlexsMobs-26.2\src\main\java\com\github\alexthe666\alexsmobs\entity\ai\WarpedToadAIRandomSwimming.java:45: error: cannot find symbol
        if(this.mob.hasRestriction() && this.mob.distanceToSqr(Vec3.atCenterOf(this.mob.getRestrictCenter())) > this.mob.getRestrictRadius() * this.mob.getRestrictRadius()){
                                                                                                                        ^
  symbol:   method getRestrictRadius()
  location: variable mob of type PathfinderMob
C:\Users\justi\Documents\GitHub\AlexsMobs-26.2\src\main\java\com\github\alexthe666\alexsmobs\entity\ai\WarpedToadAIRandomSwimming.java:45: error: cannot find symbol
        if(this.mob.hasRestriction() && this.mob.distanceToSqr(Vec3.atCenterOf(this.mob.getRestrictCenter())) > this.mob.getRestrictRadius() * this.mob.getRestrictRadius()){
                                                                                                                                                       ^
  symbol:   method getRestrictRadius()
  location: variable mob of type PathfinderMob
C:\Users\justi\Documents\GitHub\AlexsMobs-26.2\src\main\java\com\github\alexthe666\alexsmobs\entity\ai\WarpedToadAIRandomSwimming.java:46: error: cannot find symbol
            return DefaultRandomPos.getPosTowards(this.mob, 7, 3, Vec3.atBottomCenterOf(this.mob.getRestrictCenter()), 1);
                                                                                                ^
  symbol:   method getRestrictCenter()
  location: variable mob of type PathfinderMob
C:\Users\justi\Documents\GitHub\AlexsMobs-26.2\src\main\java\com\github\alexthe666\alexsmobs\entity\ai\WarpedToadAIRandomSwimming.java:56: error: method isPathfindable in class BlockStateBase cannot be applied to given types;
        for(int i = 0; vector3d != null && !this.mob.level().getFluidState(AMBlockPos.fromVec3(vector3d)).is(FluidTags.LAVA) && !this.mob.level().getBlockState(AMBlockPos.fromVec3(vector3d)).isPathfindable(this.mob.level(), AMBlockPos.fromVec3(vector3d), PathComputationType.WATER) && i++ < 15; vector3d = DefaultRandomPos.getPos(this.mob, 10, 7)) {
                                                                                                                                                                                              ^
  required: PathComputationType
  found:    Level,BlockPos,PathComputationType
  reason: actual and formal argument lists differ in length
C:\Users\justi\Documents\GitHub\AlexsMobs-26.2\src\main\java\com\github\alexthe666\alexsmobs\entity\AMEntityRegistry.java:46: error: cannot find symbol
    public static final DeferredHolder<EntityType<?>, EntityType<EntityMosquitoSpit>> MOSQUITO_SPIT = DEF_REG.register("mosquito_spit", () -> registerEntity(EntityType.Builder.of(EntityMosquitoSpit::new, MobCategory.MISC).sized(0.5F, 0.5F).setCustomClientFactory(EntityMosquitoSpit::new).fireImmune(), "mosquito_spit"));
                                                                                                                                                                                                                                               ^
  symbol:   method setCustomClientFactory(EntityMosq[...]::new)
  location: class Builder<Entity>
C:\Users\justi\Documents\GitHub\AlexsMobs-26.2\src\main\java\com\github\alexthe666\alexsmobs\entity\AMEntityRegistry.java:50: error: cannot find symbol
    public static final DeferredHolder<EntityType<?>, EntityType<EntitySharkToothArrow>> SHARK_TOOTH_ARROW = DEF_REG.register("shark_tooth_arrow", () -> registerEntity(EntityType.Builder.of(EntitySharkToothArrow::new, MobCategory.MISC).sized(0.5F, 0.5F).setCustomClientFactory(EntitySharkToothArrow::new), "shark_tooth_arrow"));
                                                                                                                                                                                                                                                             ^
  symbol:   method setCustomClientFactory(EntityShar[...]::new)
  location: class Builder<Entity>
C:\Users\justi\Documents\GitHub\AlexsMobs-26.2\src\main\java\com\github\alexthe666\alexsmobs\entity\AMEntityRegistry.java:54: error: cannot find symbol
    public static final DeferredHolder<EntityType<?>, EntityType<EntityTossedItem>> TOSSED_ITEM = DEF_REG.register("tossed_item", () -> registerEntity(EntityType.Builder.of(EntityTossedItem::new, MobCategory.MISC).sized(0.5F, 0.5F).setCustomClientFactory(EntityTossedItem::new).fireImmune(), "tossed_item"));
                                                                                                                                                                                                                                       ^
  symbol:   method setCustomClientFactory(EntityToss[...]::new)
  location: class Builder<Entity>
C:\Users\justi\Documents\GitHub\AlexsMobs-26.2\src\main\java\com\github\alexthe666\alexsmobs\entity\AMEntityRegistry.java:65: error: cannot find symbol
    public static final DeferredHolder<EntityType<?>, EntityType<EntityCockroachEgg>> COCKROACH_EGG = DEF_REG.register("cockroach_egg", () -> registerEntity(EntityType.Builder.of(EntityCockroachEgg::new, MobCategory.MISC).sized(0.5F, 0.5F).setCustomClientFactory(EntityCockroachEgg::new).fireImmune(), "cockroach_egg"));
                                                                                                                                                                                                                                               ^
  symbol:   method setCustomClientFactory(EntityCock[...]::new)
  location: class Builder<Entity>
C:\Users\justi\Documents\GitHub\AlexsMobs-26.2\src\main\java\com\github\alexthe666\alexsmobs\entity\AMEntityRegistry.java:69: error: incompatible types: Block cannot be converted to TagKey<Block>
    public static final DeferredHolder<EntityType<?>, EntityType<EntitySnowLeopard>> SNOW_LEOPARD = DEF_REG.register("snow_leopard", () -> registerEntity(EntityType.Builder.of(EntitySnowLeopard::new, MobCategory.CREATURE).sized(1.2F, 1.3F).immuneTo(Blocks.POWDER_SNOW).setTrackingRange(10), "snow_leopard"));
                                                                                                                                                                                                                                                               ^
C:\Users\justi\Documents\GitHub\AlexsMobs-26.2\src\main\java\com\github\alexthe666\alexsmobs\entity\AMEntityRegistry.java:76: error: cannot find symbol
    public static final DeferredHolder<EntityType<?>, EntityType<EntitySandShot>> SAND_SHOT = DEF_REG.register("sand_shot", () -> registerEntity(EntityType.Builder.of(EntitySandShot::new, MobCategory.MISC).sized(0.95F, 0.65F).setCustomClientFactory(EntitySandShot::new).fireImmune(), "sand_shot"));
                                                                                                                                                                                                                                 ^
  symbol:   method setCustomClientFactory(EntitySandShot::new)
  location: class Builder<Entity>
C:\Users\justi\Documents\GitHub\AlexsMobs-26.2\src\main\java\com\github\alexthe666\alexsmobs\entity\AMEntityRegistry.java:77: error: cannot find symbol
    public static final DeferredHolder<EntityType<?>, EntityType<EntityGust>> GUST = DEF_REG.register("gust", () -> registerEntity(EntityType.Builder.of(EntityGust::new, MobCategory.MISC).sized(0.8F, 0.8F).setCustomClientFactory(EntityGust::new).fireImmune(), "gust"));
                                                                                                                                                                                                             ^
  symbol:   method setCustomClientFactory(EntityGust::new)
  location: class Builder<Entity>
C:\Users\justi\Documents\GitHub\AlexsMobs-26.2\src\main\java\com\github\alexthe666\alexsmobs\entity\AMEntityRegistry.java:79: error: cannot find symbol
    public static final DeferredHolder<EntityType<?>, EntityType<EntityHemolymph>> HEMOLYMPH = DEF_REG.register("hemolymph", () -> registerEntity(EntityType.Builder.of(EntityHemolymph::new, MobCategory.MISC).sized(0.5F, 0.5F).setCustomClientFactory(EntityHemolymph::new).fireImmune(), "hemolymph"));
                                                                                                                                                                                                                                 ^
  symbol:   method setCustomClientFactory(EntityHemo[...]::new)
  location: class Builder<Entity>
C:\Users\justi\Documents\GitHub\AlexsMobs-26.2\src\main\java\com\github\alexthe666\alexsmobs\entity\AMEntityRegistry.java:82: error: cannot find symbol
    public static final DeferredHolder<EntityType<?>, EntityType<EntityStraddleboard>> STRADDLEBOARD = DEF_REG.register("straddleboard", () -> registerEntity(EntityType.Builder.of(EntityStraddleboard::new, MobCategory.MISC).sized(1.5F, 0.35F).setCustomClientFactory(EntityStraddleboard::new).fireImmune().setUpdateInterval(1).clientTrackingRange(10).setShouldReceiveVelocityUpdates(true), "straddleboard"));
                                                                                                                                                                                                                                                  ^
  symbol:   method setCustomClientFactory(EntityStra[...]::new)
  location: class Builder<Entity>
C:\Users\justi\Documents\GitHub\AlexsMobs-26.2\src\main\java\com\github\alexthe666\alexsmobs\entity\AMEntityRegistry.java:84: error: cannot find symbol
    public static final DeferredHolder<EntityType<?>, EntityType<EntityEmuEgg>> EMU_EGG = DEF_REG.register("emu_egg", () -> registerEntity(EntityType.Builder.of(EntityEmuEgg::new, MobCategory.MISC).sized(0.5F, 0.5F).setCustomClientFactory(EntityEmuEgg::new).fireImmune(), "emu_egg"));
                                                                                                                                                                                                                       ^
  symbol:   method setCustomClientFactory(EntityEmuEgg::new)
  location: class Builder<Entity>
C:\Users\justi\Documents\GitHub\AlexsMobs-26.2\src\main\java\com\github\alexthe666\alexsmobs\entity\AMEntityRegistry.java:90: error: cannot find symbol
    public static final DeferredHolder<EntityType<?>, EntityType<EntityCachalotEcho>> CACHALOT_ECHO = DEF_REG.register("cachalot_echo", () -> registerEntity(EntityType.Builder.of(EntityCachalotEcho::new, MobCategory.MISC).sized(2F, 2F).setCustomClientFactory(EntityCachalotEcho::new).fireImmune(), "cachalot_echo"));
                                                                                                                                                                                                                                           ^
  symbol:   method setCustomClientFactory(EntityCach[...]::new)
  location: class Builder<Entity>
C:\Users\justi\Documents\GitHub\AlexsMobs-26.2\src\main\java\com\github\alexthe666\alexsmobs\entity\AMEntityRegistry.java:93: error: cannot find symbol
    public static final DeferredHolder<EntityType<?>, EntityType<EntityEnderiophageRocket>> ENDERIOPHAGE_ROCKET = DEF_REG.register("enderiophage_rocket", () -> registerEntity(EntityType.Builder.of(EntityEnderiophageRocket::new, MobCategory.MISC).sized(0.5F, 0.5F).setCustomClientFactory(EntityEnderiophageRocket::new).fireImmune(), "enderiophage_rocket"));
                                                                                                                                                                                                                                                                       ^
  symbol:   method setCustomClientFactory(EntityEnde[...]::new)
  location: class Builder<Entity>
C:\Users\justi\Documents\GitHub\AlexsMobs-26.2\src\main\java\com\github\alexthe666\alexsmobs\entity\AMEntityRegistry.java:99: error: cannot find symbol
    public static final DeferredHolder<EntityType<?>, EntityType<EntityVoidWormShot>> VOID_WORM_SHOT = DEF_REG.register("void_worm_shot", () -> registerEntity(EntityType.Builder.of(EntityVoidWormShot::new, MobCategory.MISC).sized(0.5F, 0.5F).setCustomClientFactory(EntityVoidWormShot::new).fireImmune(), "void_worm_shot"));
                                                                                                                                                                                                                                                 ^
  symbol:   method setCustomClientFactory(EntityVoid[...]::new)
  location: class Builder<Entity>
C:\Users\justi\Documents\GitHub\AlexsMobs-26.2\src\main\java\com\github\alexthe666\alexsmobs\entity\AMEntityRegistry.java:100: error: cannot find symbol
    public static final DeferredHolder<EntityType<?>, EntityType<EntityVoidPortal>> VOID_PORTAL = DEF_REG.register("void_portal", () -> registerEntity(EntityType.Builder.of(EntityVoidPortal::new, MobCategory.MISC).sized(0.5F, 0.5F).setCustomClientFactory(EntityVoidPortal::new).fireImmune(), "void_portal"));
                                                                                                                                                                                                                                       ^
  symbol:   method setCustomClientFactory(EntityVoid[...]::new)
  location: class Builder<Entity>
C:\Users\justi\Documents\GitHub\AlexsMobs-26.2\src\main\java\com\github\alexthe666\alexsmobs\entity\AMEntityRegistry.java:104: error: incompatible types: Block cannot be converted to TagKey<Block>
    public static final DeferredHolder<EntityType<?>, EntityType<EntityFroststalker>> FROSTSTALKER = DEF_REG.register("froststalker", () -> registerEntity(EntityType.Builder.of(EntityFroststalker::new, MobCategory.CREATURE).sized(0.95F, 1.15F).immuneTo(Blocks.POWDER_SNOW), "froststalker"));
                                                                                                                                                                                                                                                                   ^
C:\Users\justi\Documents\GitHub\AlexsMobs-26.2\src\main\java\com\github\alexthe666\alexsmobs\entity\AMEntityRegistry.java:105: error: cannot find symbol
    public static final DeferredHolder<EntityType<?>, EntityType<EntityIceShard>> ICE_SHARD = DEF_REG.register("ice_shard", () -> registerEntity(EntityType.Builder.of(EntityIceShard::new, MobCategory.MISC).sized(0.45F, 0.45F).setCustomClientFactory(EntityIceShard::new).fireImmune(), "ice_shard"));
                                                                                                                                                                                                                                 ^
  symbol:   method setCustomClientFactory(EntityIceShard::new)
  location: class Builder<Entity>
C:\Users\justi\Documents\GitHub\AlexsMobs-26.2\src\main\java\com\github\alexthe666\alexsmobs\entity\AMEntityRegistry.java:106: error: incompatible types: Block cannot be converted to TagKey<Block>
    public static final DeferredHolder<EntityType<?>, EntityType<EntityTusklin>> TUSKLIN = DEF_REG.register("tusklin", () -> registerEntity(EntityType.Builder.of(EntityTusklin::new, MobCategory.CREATURE).sized(2.2F, 1.9F).immuneTo(Blocks.POWDER_SNOW).setTrackingRange(10), "tusklin"));
                                                                                                                                                                                                                                             ^
C:\Users\justi\Documents\GitHub\AlexsMobs-26.2\src\main\java\com\github\alexthe666\alexsmobs\entity\AMEntityRegistry.java:113: error: cannot find symbol
    public static final DeferredHolder<EntityType<?>, EntityType<EntityVineLasso>> VINE_LASSO = DEF_REG.register("vine_lasso", () -> registerEntity(EntityType.Builder.of(EntityVineLasso::new, MobCategory.MISC).sized(0.85F, 0.2F).setCustomClientFactory(EntityVineLasso::new).fireImmune(), "vine_lasso"));
                                                                                                                                                                                                                                    ^
  symbol:   method setCustomClientFactory(EntityVine[...]::new)
  location: class Builder<Entity>
C:\Users\justi\Documents\GitHub\AlexsMobs-26.2\src\main\java\com\github\alexthe666\alexsmobs\entity\AMEntityRegistry.java:117: error: cannot find symbol
    public static final DeferredHolder<EntityType<?>, EntityType<EntityPollenBall>> POLLEN_BALL = DEF_REG.register("pollen_ball", () -> registerEntity(EntityType.Builder.of(EntityPollenBall::new, MobCategory.MISC).sized(0.35F, 0.35F).setCustomClientFactory(EntityPollenBall::new).fireImmune(), "pollen_ball"));
                                                                                                                                                                                                                                         ^
  symbol:   method setCustomClientFactory(EntityPoll[...]::new)
  location: class Builder<Entity>
C:\Users\justi\Documents\GitHub\AlexsMobs-26.2\src\main\java\com\github\alexthe666\alexsmobs\entity\AMEntityRegistry.java:126: error: cannot find symbol
    public static final DeferredHolder<EntityType<?>, EntityType<EntitySquidGrapple>> SQUID_GRAPPLE = DEF_REG.register("squid_grapple", () -> registerEntity(EntityType.Builder.of(EntitySquidGrapple::new, MobCategory.MISC).sized(0.5F, 0.5F).setCustomClientFactory(EntitySquidGrapple::new).fireImmune(), "squid_grapple"));
                                                                                                                                                                                                                                               ^
  symbol:   method setCustomClientFactory(EntitySqui[...]::new)
  location: class Builder<Entity>
C:\Users\justi\Documents\GitHub\AlexsMobs-26.2\src\main\java\com\github\alexthe666\alexsmobs\entity\AMEntityRegistry.java:135: error: cannot find symbol
    public static final DeferredHolder<EntityType<?>, EntityType<EntityMudBall>> MUD_BALL = DEF_REG.register("mud_ball", () -> registerEntity(EntityType.Builder.of(EntityMudBall::new, MobCategory.MISC).sized(0.35F, 0.35F).setCustomClientFactory(EntityMudBall::new).fireImmune(), "mud_ball"));
                                                                                                                                                                                                                             ^
  symbol:   method setCustomClientFactory(EntityMudBall::new)
  location: class Builder<Entity>
C:\Users\justi\Documents\GitHub\AlexsMobs-26.2\src\main\java\com\github\alexthe666\alexsmobs\entity\AMEntityRegistry.java:143: error: cannot find symbol
    public static final DeferredHolder<EntityType<?>, EntityType<EntityTendonSegment>> TENDON_SEGMENT = DEF_REG.register("tendon_segment", () -> registerEntity(EntityType.Builder.of(EntityTendonSegment::new, MobCategory.MISC).sized(0.1F, 0.1F).setCustomClientFactory(EntityTendonSegment::new).fireImmune(), "tendon_segment"));
                                                                                                                                                                                                                                                   ^
  symbol:   method setCustomClientFactory(EntityTend[...]::new)
  location: class Builder<EntityTendonSegment>
C:\Users\justi\Documents\GitHub\AlexsMobs-26.2\src\main\java\com\github\alexthe666\alexsmobs\entity\AMEntityRegistry.java:145: error: cannot find symbol
    public static final DeferredHolder<EntityType<?>, EntityType<EntityFart>> FART = DEF_REG.register("fart", () -> registerEntity(EntityType.Builder.of(EntityFart::new, MobCategory.MISC).sized(0.7F, 0.3F).setCustomClientFactory(EntityFart::new).fireImmune(), "fart"));
                                                                                                                                                                                                             ^
  symbol:   method setCustomClientFactory(EntityFart::new)
  location: class Builder<Entity>
C:\Users\justi\Documents\GitHub\AlexsMobs-26.2\src\main\java\com\github\alexthe666\alexsmobs\entity\AMEntityRegistry.java:152: error: incompatible types: String cannot be converted to ResourceKey
        return builder.build(entityName);
                             ^
C:\Users\justi\Documents\GitHub\AlexsMobs-26.2\src\main\java\com\github\alexthe666\alexsmobs\entity\AMEntityRegistry.java:157: error: cannot find symbol
        SpawnPlacements.Type spawnsOnLeaves = SpawnPlacements.Type.create("am_leaves", AMEntityRegistry::createLeavesSpawnPlacement);
                       ^
  symbol:   class Type
  location: class SpawnPlacements
C:\Users\justi\Documents\GitHub\AlexsMobs-26.2\src\main\java\com\github\alexthe666\alexsmobs\entity\AMEntityRegistry.java:157: error: cannot find symbol
        SpawnPlacements.Type spawnsOnLeaves = SpawnPlacements.Type.create("am_leaves", AMEntityRegistry::createLeavesSpawnPlacement);
                                                             ^
  symbol:   variable Type
  location: class SpawnPlacements
C:\Users\justi\Documents\GitHub\AlexsMobs-26.2\src\main\java\com\github\alexthe666\alexsmobs\entity\AMEntityRegistry.java:158: error: cannot find symbol
        SpawnPlacements.register(GRIZZLY_BEAR.get(), SpawnPlacements.Type.ON_GROUND, Heightmap.Types.MOTION_BLOCKING_NO_LEAVES, Animal::checkAnimalSpawnRules);
                                                                    ^
  symbol:   variable Type
  location: class SpawnPlacements
C:\Users\justi\Documents\GitHub\AlexsMobs-26.2\src\main\java\com\github\alexthe666\alexsmobs\entity\AMEntityRegistry.java:159: error: cannot find symbol
        SpawnPlacements.register(ROADRUNNER.get(), SpawnPlacements.Type.ON_GROUND, Heightmap.Types.MOTION_BLOCKING_NO_LEAVES, EntityRoadrunner::canRoadrunnerSpawn);
                                                                  ^
  symbol:   variable Type
  location: class SpawnPlacements
C:\Users\justi\Documents\GitHub\AlexsMobs-26.2\src\main\java\com\github\alexthe666\alexsmobs\entity\AMEntityRegistry.java:160: error: cannot find symbol
        SpawnPlacements.register(BONE_SERPENT.get(), SpawnPlacements.Type.IN_LAVA, Heightmap.Types.MOTION_BLOCKING_NO_LEAVES, EntityBoneSerpent::canBoneSerpentSpawn);
                                                                    ^
  symbol:   variable Type
  location: class SpawnPlacements
C:\Users\justi\Documents\GitHub\AlexsMobs-26.2\src\main\java\com\github\alexthe666\alexsmobs\entity\AMEntityRegistry.java:161: error: cannot find symbol
        SpawnPlacements.register(GAZELLE.get(), SpawnPlacements.Type.ON_GROUND, Heightmap.Types.MOTION_BLOCKING_NO_LEAVES, Animal::checkAnimalSpawnRules);
                                                               ^
  symbol:   variable Type
  location: class SpawnPlacements
C:\Users\justi\Documents\GitHub\AlexsMobs-26.2\src\main\java\com\github\alexthe666\alexsmobs\entity\AMEntityRegistry.java:162: error: cannot find symbol
        SpawnPlacements.register(CROCODILE.get(), SpawnPlacements.Type.ON_GROUND, Heightmap.Types.MOTION_BLOCKING_NO_LEAVES, EntityCrocodile::canCrocodileSpawn);
                                                                 ^
  symbol:   variable Type
  location: class SpawnPlacements
C:\Users\justi\Documents\GitHub\AlexsMobs-26.2\src\main\java\com\github\alexthe666\alexsmobs\entity\AMEntityRegistry.java:163: error: cannot find symbol
        SpawnPlacements.register(FLY.get(), SpawnPlacements.Type.ON_GROUND, Heightmap.Types.MOTION_BLOCKING_NO_LEAVES, EntityFly::canFlySpawn);
                                                           ^
  symbol:   variable Type
  location: class SpawnPlacements
C:\Users\justi\Documents\GitHub\AlexsMobs-26.2\src\main\java\com\github\alexthe666\alexsmobs\entity\AMEntityRegistry.java:164: error: cannot find symbol
        SpawnPlacements.register(HUMMINGBIRD.get(), SpawnPlacements.Type.ON_GROUND, Heightmap.Types.MOTION_BLOCKING, EntityHummingbird::canHummingbirdSpawn);
                                                                   ^
  symbol:   variable Type
  location: class SpawnPlacements
C:\Users\justi\Documents\GitHub\AlexsMobs-26.2\src\main\java\com\github\alexthe666\alexsmobs\entity\AMEntityRegistry.java:165: error: cannot find symbol
        SpawnPlacements.register(ORCA.get(), SpawnPlacements.Type.IN_WATER, Heightmap.Types.MOTION_BLOCKING_NO_LEAVES, EntityOrca::canOrcaSpawn);
                                                            ^
  symbol:   variable Type
  location: class SpawnPlacements
C:\Users\justi\Documents\GitHub\AlexsMobs-26.2\src\main\java\com\github\alexthe666\alexsmobs\entity\AMEntityRegistry.java:166: error: cannot find symbol
        SpawnPlacements.register(SUNBIRD.get(), SpawnPlacements.Type.NO_RESTRICTIONS, Heightmap.Types.MOTION_BLOCKING_NO_LEAVES, EntitySunbird::canSunbirdSpawn);
                                                               ^
  symbol:   variable Type
  location: class SpawnPlacements
C:\Users\justi\Documents\GitHub\AlexsMobs-26.2\src\main\java\com\github\alexthe666\alexsmobs\entity\AMEntityRegistry.java:167: error: cannot find symbol
        SpawnPlacements.register(GORILLA.get(), SpawnPlacements.Type.ON_GROUND, Heightmap.Types.MOTION_BLOCKING, EntityGorilla::canGorillaSpawn);
                                                               ^
  symbol:   variable Type
  location: class SpawnPlacements
C:\Users\justi\Documents\GitHub\AlexsMobs-26.2\src\main\java\com\github\alexthe666\alexsmobs\entity\AMEntityRegistry.java:168: error: cannot find symbol
        SpawnPlacements.register(CRIMSON_MOSQUITO.get(), SpawnPlacements.Type.ON_GROUND, Heightmap.Types.MOTION_BLOCKING_NO_LEAVES, EntityCrimsonMosquito::canMosquitoSpawn);
                                                                        ^
  symbol:   variable Type
  location: class SpawnPlacements
C:\Users\justi\Documents\GitHub\AlexsMobs-26.2\src\main\java\com\github\alexthe666\alexsmobs\entity\AMEntityRegistry.java:169: error: cannot find symbol
        SpawnPlacements.register(RATTLESNAKE.get(), SpawnPlacements.Type.ON_GROUND, Heightmap.Types.MOTION_BLOCKING_NO_LEAVES, EntityRattlesnake::canRattlesnakeSpawn);
                                                                   ^
  symbol:   variable Type
  location: class SpawnPlacements
C:\Users\justi\Documents\GitHub\AlexsMobs-26.2\src\main\java\com\github\alexthe666\alexsmobs\entity\AMEntityRegistry.java:170: error: cannot find symbol
        SpawnPlacements.register(ENDERGRADE.get(), SpawnPlacements.Type.NO_RESTRICTIONS, Heightmap.Types.MOTION_BLOCKING_NO_LEAVES, EntityEndergrade::canEndergradeSpawn);
                                                                  ^
  symbol:   variable Type
  location: class SpawnPlacements
C:\Users\justi\Documents\GitHub\AlexsMobs-26.2\src\main\java\com\github\alexthe666\alexsmobs\entity\AMEntityRegistry.java:171: error: cannot find symbol
        SpawnPlacements.register(HAMMERHEAD_SHARK.get(), SpawnPlacements.Type.IN_WATER, Heightmap.Types.MOTION_BLOCKING_NO_LEAVES, EntityHammerheadShark::canHammerheadSharkSpawn);
                                                                        ^
  symbol:   variable Type
  location: class SpawnPlacements
C:\Users\justi\Documents\GitHub\AlexsMobs-26.2\src\main\java\com\github\alexthe666\alexsmobs\entity\AMEntityRegistry.java:172: error: cannot find symbol
        SpawnPlacements.register(LOBSTER.get(), SpawnPlacements.Type.IN_WATER, Heightmap.Types.MOTION_BLOCKING_NO_LEAVES, EntityLobster::canLobsterSpawn);
                                                               ^
  symbol:   variable Type
  location: class SpawnPlacements
C:\Users\justi\Documents\GitHub\AlexsMobs-26.2\src\main\java\com\github\alexthe666\alexsmobs\entity\AMEntityRegistry.java:173: error: cannot find symbol
        SpawnPlacements.register(KOMODO_DRAGON.get(), SpawnPlacements.Type.ON_GROUND, Heightmap.Types.MOTION_BLOCKING_NO_LEAVES, EntityKomodoDragon::canKomodoDragonSpawn);
                                                                     ^
  symbol:   variable Type
  location: class SpawnPlacements
C:\Users\justi\Documents\GitHub\AlexsMobs-26.2\src\main\java\com\github\alexthe666\alexsmobs\entity\AMEntityRegistry.java:175: error: cannot find symbol
        SpawnPlacements.register(CENTIPEDE_HEAD.get(), SpawnPlacements.Type.ON_GROUND, Heightmap.Types.MOTION_BLOCKING_NO_LEAVES, EntityCentipedeHead::canCentipedeSpawn);
                                                                      ^
  symbol:   variable Type
  location: class SpawnPlacements
C:\Users\justi\Documents\GitHub\AlexsMobs-26.2\src\main\java\com\github\alexthe666\alexsmobs\entity\AMEntityRegistry.java:176: error: cannot find symbol
        SpawnPlacements.register(WARPED_TOAD.get(), SpawnPlacements.Type.ON_GROUND, Heightmap.Types.MOTION_BLOCKING, EntityWarpedToad::canWarpedToadSpawn);
                                                                   ^
  symbol:   variable Type
  location: class SpawnPlacements
C:\Users\justi\Documents\GitHub\AlexsMobs-26.2\src\main\java\com\github\alexthe666\alexsmobs\entity\AMEntityRegistry.java:177: error: cannot find symbol
        SpawnPlacements.register(MOOSE.get(), SpawnPlacements.Type.ON_GROUND, Heightmap.Types.MOTION_BLOCKING_NO_LEAVES, EntityMoose::canMooseSpawn);
                                                             ^
  symbol:   variable Type
  location: class SpawnPlacements
C:\Users\justi\Documents\GitHub\AlexsMobs-26.2\src\main\java\com\github\alexthe666\alexsmobs\entity\AMEntityRegistry.java:178: error: cannot find symbol
        SpawnPlacements.register(MIMICUBE.get(), SpawnPlacements.Type.ON_GROUND, Heightmap.Types.MOTION_BLOCKING_NO_LEAVES, Mob::checkMobSpawnRules);
                                                                ^
  symbol:   variable Type
  location: class SpawnPlacements
C:\Users\justi\Documents\GitHub\AlexsMobs-26.2\src\main\java\com\github\alexthe666\alexsmobs\entity\AMEntityRegistry.java:179: error: cannot find symbol
        SpawnPlacements.register(RACCOON.get(), SpawnPlacements.Type.ON_GROUND, Heightmap.Types.MOTION_BLOCKING_NO_LEAVES, Animal::checkAnimalSpawnRules);
                                                               ^
  symbol:   variable Type
  location: class SpawnPlacements
C:\Users\justi\Documents\GitHub\AlexsMobs-26.2\src\main\java\com\github\alexthe666\alexsmobs\entity\AMEntityRegistry.java:180: error: cannot find symbol
        SpawnPlacements.register(BLOBFISH.get(), SpawnPlacements.Type.IN_WATER, Heightmap.Types.MOTION_BLOCKING_NO_LEAVES, EntityBlobfish::canBlobfishSpawn);
                                                                ^
  symbol:   variable Type
  location: class SpawnPlacements
C:\Users\justi\Documents\GitHub\AlexsMobs-26.2\src\main\java\com\github\alexthe666\alexsmobs\entity\AMEntityRegistry.java:181: error: cannot find symbol
        SpawnPlacements.register(SEAL.get(), SpawnPlacements.Type.NO_RESTRICTIONS, Heightmap.Types.MOTION_BLOCKING_NO_LEAVES, EntitySeal::canSealSpawn);
                                                            ^
  symbol:   variable Type
  location: class SpawnPlacements
C:\Users\justi\Documents\GitHub\AlexsMobs-26.2\src\main\java\com\github\alexthe666\alexsmobs\entity\AMEntityRegistry.java:182: error: cannot find symbol
        SpawnPlacements.register(COCKROACH.get(), SpawnPlacements.Type.ON_GROUND, Heightmap.Types.MOTION_BLOCKING_NO_LEAVES, EntityCockroach::canCockroachSpawn);
                                                                 ^
  symbol:   variable Type
  location: class SpawnPlacements
C:\Users\justi\Documents\GitHub\AlexsMobs-26.2\src\main\java\com\github\alexthe666\alexsmobs\entity\AMEntityRegistry.java:183: error: cannot find symbol
        SpawnPlacements.register(SHOEBILL.get(), SpawnPlacements.Type.ON_GROUND, Heightmap.Types.MOTION_BLOCKING_NO_LEAVES, Animal::checkAnimalSpawnRules);
                                                                ^
  symbol:   variable Type
  location: class SpawnPlacements
C:\Users\justi\Documents\GitHub\AlexsMobs-26.2\src\main\java\com\github\alexthe666\alexsmobs\entity\AMEntityRegistry.java:184: error: cannot find symbol
        SpawnPlacements.register(ELEPHANT.get(), SpawnPlacements.Type.ON_GROUND, Heightmap.Types.MOTION_BLOCKING_NO_LEAVES, Animal::checkAnimalSpawnRules);
                                                                ^
  symbol:   variable Type
  location: class SpawnPlacements
C:\Users\justi\Documents\GitHub\AlexsMobs-26.2\src\main\java\com\github\alexthe666\alexsmobs\entity\AMEntityRegistry.java:185: error: cannot find symbol
        SpawnPlacements.register(SOUL_VULTURE.get(), SpawnPlacements.Type.ON_GROUND, Heightmap.Types.MOTION_BLOCKING_NO_LEAVES, EntitySoulVulture::canVultureSpawn);
                                                                    ^
  symbol:   variable Type
  location: class SpawnPlacements
C:\Users\justi\Documents\GitHub\AlexsMobs-26.2\src\main\java\com\github\alexthe666\alexsmobs\entity\AMEntityRegistry.java:186: error: cannot find symbol
        SpawnPlacements.register(SNOW_LEOPARD.get(), SpawnPlacements.Type.ON_GROUND, Heightmap.Types.MOTION_BLOCKING_NO_LEAVES, EntitySnowLeopard::canSnowLeopardSpawn);
                                                                    ^
  symbol:   variable Type
  location: class SpawnPlacements
C:\Users\justi\Documents\GitHub\AlexsMobs-26.2\src\main\java\com\github\alexthe666\alexsmobs\entity\AMEntityRegistry.java:187: error: cannot find symbol
        SpawnPlacements.register(CROW.get(), SpawnPlacements.Type.ON_GROUND, Heightmap.Types.MOTION_BLOCKING, EntityCrow::canCrowSpawn);
                                                            ^
  symbol:   variable Type
  location: class SpawnPlacements
C:\Users\justi\Documents\GitHub\AlexsMobs-26.2\src\main\java\com\github\alexthe666\alexsmobs\entity\AMEntityRegistry.java:188: error: cannot find symbol
        SpawnPlacements.register(ALLIGATOR_SNAPPING_TURTLE.get(), SpawnPlacements.Type.ON_GROUND, Heightmap.Types.MOTION_BLOCKING_NO_LEAVES, EntityAlligatorSnappingTurtle::canTurtleSpawn);
                                                                                 ^
  symbol:   variable Type
  location: class SpawnPlacements
C:\Users\justi\Documents\GitHub\AlexsMobs-26.2\src\main\java\com\github\alexthe666\alexsmobs\entity\AMEntityRegistry.java:189: error: cannot find symbol
        SpawnPlacements.register(MUNGUS.get(), SpawnPlacements.Type.ON_GROUND, Heightmap.Types.MOTION_BLOCKING_NO_LEAVES, EntityMungus::canMungusSpawn);
                                                              ^
  symbol:   variable Type
  location: class SpawnPlacements
C:\Users\justi\Documents\GitHub\AlexsMobs-26.2\src\main\java\com\github\alexthe666\alexsmobs\entity\AMEntityRegistry.java:190: error: cannot find symbol
        SpawnPlacements.register(MANTIS_SHRIMP.get(), SpawnPlacements.Type.IN_WATER, Heightmap.Types.MOTION_BLOCKING_NO_LEAVES, EntityMantisShrimp::canMantisShrimpSpawn);
                                                                     ^
  symbol:   variable Type
  location: class SpawnPlacements
C:\Users\justi\Documents\GitHub\AlexsMobs-26.2\src\main\java\com\github\alexthe666\alexsmobs\entity\AMEntityRegistry.java:191: error: cannot find symbol
        SpawnPlacements.register(GUSTER.get(), SpawnPlacements.Type.ON_GROUND, Heightmap.Types.MOTION_BLOCKING_NO_LEAVES, EntityGuster::canGusterSpawn);
                                                              ^
  symbol:   variable Type
  location: class SpawnPlacements
C:\Users\justi\Documents\GitHub\AlexsMobs-26.2\src\main\java\com\github\alexthe666\alexsmobs\entity\AMEntityRegistry.java:192: error: cannot find symbol
        SpawnPlacements.register(WARPED_MOSCO.get(), SpawnPlacements.Type.ON_GROUND, Heightmap.Types.MOTION_BLOCKING_NO_LEAVES, Monster::checkAnyLightMonsterSpawnRules);
                                                                    ^
  symbol:   variable Type
  location: class SpawnPlacements
C:\Users\justi\Documents\GitHub\AlexsMobs-26.2\src\main\java\com\github\alexthe666\alexsmobs\entity\AMEntityRegistry.java:193: error: cannot find symbol
        SpawnPlacements.register(STRADDLER.get(), SpawnPlacements.Type.ON_GROUND, Heightmap.Types.MOTION_BLOCKING_NO_LEAVES, EntityStraddler::canStraddlerSpawn);
                                                                 ^
  symbol:   variable Type
  location: class SpawnPlacements
C:\Users\justi\Documents\GitHub\AlexsMobs-26.2\src\main\java\com\github\alexthe666\alexsmobs\entity\AMEntityRegistry.java:194: error: cannot find symbol
        SpawnPlacements.register(STRADPOLE.get(), SpawnPlacements.Type.IN_LAVA, Heightmap.Types.MOTION_BLOCKING_NO_LEAVES, EntityStradpole::canStradpoleSpawn);
                                                                 ^
  symbol:   variable Type
  location: class SpawnPlacements
C:\Users\justi\Documents\GitHub\AlexsMobs-26.2\src\main\java\com\github\alexthe666\alexsmobs\entity\AMEntityRegistry.java:195: error: cannot find symbol
        SpawnPlacements.register(EMU.get(), SpawnPlacements.Type.ON_GROUND, Heightmap.Types.MOTION_BLOCKING_NO_LEAVES, EntityEmu::canEmuSpawn);
                                                           ^
  symbol:   variable Type
  location: class SpawnPlacements
C:\Users\justi\Documents\GitHub\AlexsMobs-26.2\src\main\java\com\github\alexthe666\alexsmobs\entity\AMEntityRegistry.java:196: error: cannot find symbol
        SpawnPlacements.register(PLATYPUS.get(), SpawnPlacements.Type.ON_GROUND, Heightmap.Types.MOTION_BLOCKING_NO_LEAVES, EntityPlatypus::canPlatypusSpawn);
                                                                ^
  symbol:   variable Type
  location: class SpawnPlacements
C:\Users\justi\Documents\GitHub\AlexsMobs-26.2\src\main\java\com\github\alexthe666\alexsmobs\entity\AMEntityRegistry.java:197: error: cannot find symbol
        SpawnPlacements.register(DROPBEAR.get(), SpawnPlacements.Type.ON_GROUND, Heightmap.Types.MOTION_BLOCKING_NO_LEAVES, Monster::checkAnyLightMonsterSpawnRules);
                                                                ^
  symbol:   variable Type
  location: class SpawnPlacements
C:\Users\justi\Documents\GitHub\AlexsMobs-26.2\src\main\java\com\github\alexthe666\alexsmobs\entity\AMEntityRegistry.java:198: error: cannot find symbol
        SpawnPlacements.register(TASMANIAN_DEVIL.get(), SpawnPlacements.Type.ON_GROUND, Heightmap.Types.MOTION_BLOCKING_NO_LEAVES, Animal::checkAnimalSpawnRules);
                                                                       ^
  symbol:   variable Type
  location: class SpawnPlacements
C:\Users\justi\Documents\GitHub\AlexsMobs-26.2\src\main\java\com\github\alexthe666\alexsmobs\entity\AMEntityRegistry.java:199: error: cannot find symbol
        SpawnPlacements.register(KANGAROO.get(), SpawnPlacements.Type.ON_GROUND, Heightmap.Types.MOTION_BLOCKING_NO_LEAVES, EntityKangaroo::canKangarooSpawn);
                                                                ^
  symbol:   variable Type
  location: class SpawnPlacements
C:\Users\justi\Documents\GitHub\AlexsMobs-26.2\src\main\java\com\github\alexthe666\alexsmobs\entity\AMEntityRegistry.java:200: error: cannot find symbol
        SpawnPlacements.register(CACHALOT_WHALE.get(), SpawnPlacements.Type.IN_WATER, Heightmap.Types.MOTION_BLOCKING_NO_LEAVES, EntityCachalotWhale::canCachalotWhaleSpawn);
                                                                      ^
  symbol:   variable Type
  location: class SpawnPlacements
C:\Users\justi\Documents\GitHub\AlexsMobs-26.2\src\main\java\com\github\alexthe666\alexsmobs\entity\AMEntityRegistry.java:201: error: cannot find symbol
        SpawnPlacements.register(LEAFCUTTER_ANT.get(), SpawnPlacements.Type.ON_GROUND, Heightmap.Types.MOTION_BLOCKING_NO_LEAVES, Animal::checkAnimalSpawnRules);
                                                                      ^
  symbol:   variable Type
  location: class SpawnPlacements
C:\Users\justi\Documents\GitHub\AlexsMobs-26.2\src\main\java\com\github\alexthe666\alexsmobs\entity\AMEntityRegistry.java:202: error: cannot find symbol
        SpawnPlacements.register(ENDERIOPHAGE.get(), SpawnPlacements.Type.NO_RESTRICTIONS, Heightmap.Types.MOTION_BLOCKING_NO_LEAVES, EntityEnderiophage::canEnderiophageSpawn);
                                                                    ^
  symbol:   variable Type
  location: class SpawnPlacements
C:\Users\justi\Documents\GitHub\AlexsMobs-26.2\src\main\java\com\github\alexthe666\alexsmobs\entity\AMEntityRegistry.java:203: error: cannot find symbol
        SpawnPlacements.register(BALD_EAGLE.get(), SpawnPlacements.Type.ON_GROUND, Heightmap.Types.MOTION_BLOCKING, EntityBaldEagle::canEagleSpawn);
                                                                  ^
  symbol:   variable Type
  location: class SpawnPlacements
C:\Users\justi\Documents\GitHub\AlexsMobs-26.2\src\main\java\com\github\alexthe666\alexsmobs\entity\AMEntityRegistry.java:204: error: cannot find symbol
        SpawnPlacements.register(TIGER.get(), SpawnPlacements.Type.ON_GROUND, Heightmap.Types.MOTION_BLOCKING_NO_LEAVES, EntityTiger::canTigerSpawn);
                                                             ^
  symbol:   variable Type
  location: class SpawnPlacements
C:\Users\justi\Documents\GitHub\AlexsMobs-26.2\src\main\java\com\github\alexthe666\alexsmobs\entity\AMEntityRegistry.java:205: error: cannot find symbol
        SpawnPlacements.register(TARANTULA_HAWK.get(), SpawnPlacements.Type.ON_GROUND, Heightmap.Types.MOTION_BLOCKING_NO_LEAVES, EntityTarantulaHawk::canTarantulaHawkSpawn);
                                                                      ^
  symbol:   variable Type
  location: class SpawnPlacements
C:\Users\justi\Documents\GitHub\AlexsMobs-26.2\src\main\java\com\github\alexthe666\alexsmobs\entity\AMEntityRegistry.java:206: error: cannot find symbol
        SpawnPlacements.register(VOID_WORM.get(), SpawnPlacements.Type.NO_RESTRICTIONS, Heightmap.Types.MOTION_BLOCKING_NO_LEAVES, EntityVoidWorm::canVoidWormSpawn);
                                                                 ^
  symbol:   variable Type
  location: class SpawnPlacements
C:\Users\justi\Documents\GitHub\AlexsMobs-26.2\src\main\java\com\github\alexthe666\alexsmobs\entity\AMEntityRegistry.java:207: error: cannot find symbol
        SpawnPlacements.register(FRILLED_SHARK.get(), SpawnPlacements.Type.IN_WATER, Heightmap.Types.MOTION_BLOCKING_NO_LEAVES, EntityFrilledShark::canFrilledSharkSpawn);
                                                                     ^
  symbol:   variable Type
  location: class SpawnPlacements
C:\Users\justi\Documents\GitHub\AlexsMobs-26.2\src\main\java\com\github\alexthe666\alexsmobs\entity\AMEntityRegistry.java:208: error: cannot find symbol
        SpawnPlacements.register(MIMIC_OCTOPUS.get(), SpawnPlacements.Type.IN_WATER, Heightmap.Types.MOTION_BLOCKING_NO_LEAVES, EntityMimicOctopus::canMimicOctopusSpawn);
                                                                     ^
  symbol:   variable Type
  location: class SpawnPlacements
C:\Users\justi\Documents\GitHub\AlexsMobs-26.2\src\main\java\com\github\alexthe666\alexsmobs\entity\AMEntityRegistry.java:209: error: cannot find symbol
        SpawnPlacements.register(SEAGULL.get(), SpawnPlacements.Type.ON_GROUND, Heightmap.Types.MOTION_BLOCKING_NO_LEAVES, EntitySeagull::canSeagullSpawn);
                                                               ^
  symbol:   variable Type
  location: class SpawnPlacements
C:\Users\justi\Documents\GitHub\AlexsMobs-26.2\src\main\java\com\github\alexthe666\alexsmobs\entity\AMEntityRegistry.java:210: error: cannot find symbol
        SpawnPlacements.register(FROSTSTALKER.get(), SpawnPlacements.Type.ON_GROUND, Heightmap.Types.MOTION_BLOCKING_NO_LEAVES, EntityFroststalker::canFroststalkerSpawn);
                                                                    ^
  symbol:   variable Type
  location: class SpawnPlacements
C:\Users\justi\Documents\GitHub\AlexsMobs-26.2\src\main\java\com\github\alexthe666\alexsmobs\entity\AMEntityRegistry.java:211: error: cannot find symbol
        SpawnPlacements.register(TUSKLIN.get(), SpawnPlacements.Type.ON_GROUND, Heightmap.Types.MOTION_BLOCKING_NO_LEAVES, EntityTusklin::canTusklinSpawn);
                                                               ^
  symbol:   variable Type
  location: class SpawnPlacements
C:\Users\justi\Documents\GitHub\AlexsMobs-26.2\src\main\java\com\github\alexthe666\alexsmobs\entity\AMEntityRegistry.java:212: error: cannot find symbol
        SpawnPlacements.register(LAVIATHAN.get(), SpawnPlacements.Type.IN_LAVA, Heightmap.Types.MOTION_BLOCKING_NO_LEAVES, EntityLaviathan::canLaviathanSpawn);
                                                                 ^
  symbol:   variable Type
  location: class SpawnPlacements
C:\Users\justi\Documents\GitHub\AlexsMobs-26.2\src\main\java\com\github\alexthe666\alexsmobs\entity\AMEntityRegistry.java:213: error: cannot find symbol
        SpawnPlacements.register(COSMAW.get(), SpawnPlacements.Type.NO_RESTRICTIONS, Heightmap.Types.MOTION_BLOCKING_NO_LEAVES, EntityCosmaw::canCosmawSpawn);
                                                              ^
  symbol:   variable Type
  location: class SpawnPlacements
C:\Users\justi\Documents\GitHub\AlexsMobs-26.2\src\main\java\com\github\alexthe666\alexsmobs\entity\AMEntityRegistry.java:215: error: cannot find symbol
        SpawnPlacements.register(MANED_WOLF.get(), SpawnPlacements.Type.ON_GROUND, Heightmap.Types.MOTION_BLOCKING_NO_LEAVES, EntityManedWolf::checkAnimalSpawnRules);
                                                                  ^
  symbol:   variable Type
  location: class SpawnPlacements
C:\Users\justi\Documents\GitHub\AlexsMobs-26.2\src\main\java\com\github\alexthe666\alexsmobs\entity\AMEntityRegistry.java:216: error: cannot find symbol
        SpawnPlacements.register(ANACONDA.get(), SpawnPlacements.Type.ON_GROUND, Heightmap.Types.MOTION_BLOCKING_NO_LEAVES, EntityAnaconda::canAnacondaSpawn);
                                                                ^
  symbol:   variable Type
  location: class SpawnPlacements
C:\Users\justi\Documents\GitHub\AlexsMobs-26.2\src\main\java\com\github\alexthe666\alexsmobs\entity\AMEntityRegistry.java:217: error: cannot find symbol
        SpawnPlacements.register(ANTEATER.get(), SpawnPlacements.Type.ON_GROUND, Heightmap.Types.MOTION_BLOCKING_NO_LEAVES, EntityAnteater::canAnteaterSpawn);
                                                                ^
  symbol:   variable Type
  location: class SpawnPlacements
C:\Users\justi\Documents\GitHub\AlexsMobs-26.2\src\main\java\com\github\alexthe666\alexsmobs\entity\AMEntityRegistry.java:218: error: cannot find symbol
        SpawnPlacements.register(ROCKY_ROLLER.get(), SpawnPlacements.Type.ON_GROUND, Heightmap.Types.MOTION_BLOCKING_NO_LEAVES, EntityRockyRoller::checkRockyRollerSpawnRules);
                                                                    ^
  symbol:   variable Type
  location: class SpawnPlacements
C:\Users\justi\Documents\GitHub\AlexsMobs-26.2\src\main\java\com\github\alexthe666\alexsmobs\entity\AMEntityRegistry.java:219: error: cannot find symbol
        SpawnPlacements.register(FLUTTER.get(), SpawnPlacements.Type.ON_GROUND, Heightmap.Types.MOTION_BLOCKING_NO_LEAVES, EntityFlutter::canFlutterSpawn);
                                                               ^
  symbol:   variable Type
  location: class SpawnPlacements
C:\Users\justi\Documents\GitHub\AlexsMobs-26.2\src\main\java\com\github\alexthe666\alexsmobs\entity\AMEntityRegistry.java:220: error: cannot find symbol
        SpawnPlacements.register(GELADA_MONKEY.get(), SpawnPlacements.Type.ON_GROUND, Heightmap.Types.MOTION_BLOCKING_NO_LEAVES, EntityGeladaMonkey::checkAnimalSpawnRules);
                                                                     ^
  symbol:   variable Type
  location: class SpawnPlacements
C:\Users\justi\Documents\GitHub\AlexsMobs-26.2\src\main\java\com\github\alexthe666\alexsmobs\entity\AMEntityRegistry.java:221: error: cannot find symbol
        SpawnPlacements.register(JERBOA.get(), SpawnPlacements.Type.ON_GROUND, Heightmap.Types.MOTION_BLOCKING_NO_LEAVES, EntityJerboa::canJerboaSpawn);
                                                              ^
  symbol:   variable Type
  location: class SpawnPlacements
C:\Users\justi\Documents\GitHub\AlexsMobs-26.2\src\main\java\com\github\alexthe666\alexsmobs\entity\AMEntityRegistry.java:222: error: cannot find symbol
        SpawnPlacements.register(TERRAPIN.get(), SpawnPlacements.Type.IN_WATER, Heightmap.Types.MOTION_BLOCKING_NO_LEAVES, EntityTerrapin::canTerrapinSpawn);
                                                                ^
  symbol:   variable Type
  location: class SpawnPlacements
C:\Users\justi\Documents\GitHub\AlexsMobs-26.2\src\main\java\com\github\alexthe666\alexsmobs\entity\AMEntityRegistry.java:223: error: cannot find symbol
        SpawnPlacements.register(COMB_JELLY.get(), SpawnPlacements.Type.IN_WATER, Heightmap.Types.MOTION_BLOCKING_NO_LEAVES, EntityCombJelly::canCombJellySpawn);
                                                                  ^
  symbol:   variable Type
  location: class SpawnPlacements
C:\Users\justi\Documents\GitHub\AlexsMobs-26.2\src\main\java\com\github\alexthe666\alexsmobs\entity\AMEntityRegistry.java:224: error: cannot find symbol
        SpawnPlacements.register(BUNFUNGUS.get(), SpawnPlacements.Type.ON_GROUND, Heightmap.Types.MOTION_BLOCKING_NO_LEAVES, EntityBunfungus::canBunfungusSpawn);
                                                                 ^
  symbol:   variable Type
  location: class SpawnPlacements
C:\Users\justi\Documents\GitHub\AlexsMobs-26.2\src\main\java\com\github\alexthe666\alexsmobs\entity\AMEntityRegistry.java:225: error: cannot find symbol
        SpawnPlacements.register(BISON.get(), SpawnPlacements.Type.ON_GROUND, Heightmap.Types.MOTION_BLOCKING_NO_LEAVES, EntityBison::checkAnimalSpawnRules);
                                                             ^
  symbol:   variable Type
  location: class SpawnPlacements
C:\Users\justi\Documents\GitHub\AlexsMobs-26.2\src\main\java\com\github\alexthe666\alexsmobs\entity\AMEntityRegistry.java:226: error: cannot find symbol
        SpawnPlacements.register(GIANT_SQUID.get(), SpawnPlacements.Type.IN_WATER, Heightmap.Types.MOTION_BLOCKING_NO_LEAVES, EntityGiantSquid::canGiantSquidSpawn);
                                                                   ^
  symbol:   variable Type
  location: class SpawnPlacements
C:\Users\justi\Documents\GitHub\AlexsMobs-26.2\src\main\java\com\github\alexthe666\alexsmobs\entity\AMEntityRegistry.java:227: error: cannot find symbol
        SpawnPlacements.register(DEVILS_HOLE_PUPFISH.get(), SpawnPlacements.Type.IN_WATER, Heightmap.Types.MOTION_BLOCKING_NO_LEAVES, EntityDevilsHolePupfish::canPupfishSpawn);
                                                                           ^
  symbol:   variable Type
  location: class SpawnPlacements
C:\Users\justi\Documents\GitHub\AlexsMobs-26.2\src\main\java\com\github\alexthe666\alexsmobs\entity\AMEntityRegistry.java:228: error: cannot find symbol
        SpawnPlacements.register(CATFISH.get(), SpawnPlacements.Type.IN_WATER, Heightmap.Types.MOTION_BLOCKING_NO_LEAVES, EntityCatfish::canCatfishSpawn);
                                                               ^
  symbol:   variable Type
  location: class SpawnPlacements
C:\Users\justi\Documents\GitHub\AlexsMobs-26.2\src\main\java\com\github\alexthe666\alexsmobs\entity\AMEntityRegistry.java:229: error: cannot find symbol
        SpawnPlacements.register(FLYING_FISH.get(), SpawnPlacements.Type.IN_WATER, Heightmap.Types.MOTION_BLOCKING_NO_LEAVES, WaterAnimal::checkSurfaceWaterAnimalSpawnRules);
                                                                   ^
  symbol:   variable Type
  location: class SpawnPlacements
C:\Users\justi\Documents\GitHub\AlexsMobs-26.2\src\main\java\com\github\alexthe666\alexsmobs\entity\AMEntityRegistry.java:230: error: cannot find symbol
        SpawnPlacements.register(SKELEWAG.get(), SpawnPlacements.Type.IN_WATER, Heightmap.Types.MOTION_BLOCKING_NO_LEAVES, EntitySkelewag::canSkelewagSpawn);
                                                                ^
  symbol:   variable Type
  location: class SpawnPlacements
C:\Users\justi\Documents\GitHub\AlexsMobs-26.2\src\main\java\com\github\alexthe666\alexsmobs\entity\AMEntityRegistry.java:231: error: cannot find symbol
        SpawnPlacements.register(RAIN_FROG.get(), SpawnPlacements.Type.ON_GROUND, Heightmap.Types.MOTION_BLOCKING_NO_LEAVES, EntityRainFrog::canRainFrogSpawn);
                                                                 ^
  symbol:   variable Type
  location: class SpawnPlacements
C:\Users\justi\Documents\GitHub\AlexsMobs-26.2\src\main\java\com\github\alexthe666\alexsmobs\entity\AMEntityRegistry.java:233: error: cannot find symbol
        SpawnPlacements.register(MUDSKIPPER.get(), SpawnPlacements.Type.ON_GROUND, Heightmap.Types.MOTION_BLOCKING_NO_LEAVES, EntityMudskipper::canMudskipperSpawn);
                                                                  ^
  symbol:   variable Type
  location: class SpawnPlacements
C:\Users\justi\Documents\GitHub\AlexsMobs-26.2\src\main\java\com\github\alexthe666\alexsmobs\entity\AMEntityRegistry.java:234: error: cannot find symbol
        SpawnPlacements.register(RHINOCEROS.get(), SpawnPlacements.Type.ON_GROUND, Heightmap.Types.MOTION_BLOCKING_NO_LEAVES, EntityRhinoceros::checkAnimalSpawnRules);
                                                                  ^
  symbol:   variable Type
  location: class SpawnPlacements
C:\Users\justi\Documents\GitHub\AlexsMobs-26.2\src\main\java\com\github\alexthe666\alexsmobs\entity\AMEntityRegistry.java:236: error: cannot find symbol
        SpawnPlacements.register(FARSEER.get(), SpawnPlacements.Type.ON_GROUND, Heightmap.Types.MOTION_BLOCKING_NO_LEAVES, EntityFarseer::checkFarseerSpawnRules);
                                                               ^
  symbol:   variable Type
  location: class SpawnPlacements
C:\Users\justi\Documents\GitHub\AlexsMobs-26.2\src\main\java\com\github\alexthe666\alexsmobs\entity\AMEntityRegistry.java:237: error: cannot find symbol
        SpawnPlacements.register(SKREECHER.get(), SpawnPlacements.Type.ON_GROUND, Heightmap.Types.MOTION_BLOCKING_NO_LEAVES, EntitySkreecher::checkSkreecherSpawnRules);
                                                                 ^
  symbol:   variable Type
  location: class SpawnPlacements
C:\Users\justi\Documents\GitHub\AlexsMobs-26.2\src\main\java\com\github\alexthe666\alexsmobs\entity\AMEntityRegistry.java:238: error: cannot find symbol
        SpawnPlacements.register(UNDERMINER.get(), SpawnPlacements.Type.ON_GROUND, Heightmap.Types.MOTION_BLOCKING_NO_LEAVES, EntityUnderminer::checkUnderminerSpawnRules);
                                                                  ^
  symbol:   variable Type
  location: class SpawnPlacements
C:\Users\justi\Documents\GitHub\AlexsMobs-26.2\src\main\java\com\github\alexthe666\alexsmobs\entity\AMEntityRegistry.java:239: error: cannot find symbol
        SpawnPlacements.register(MURMUR.get(), SpawnPlacements.Type.ON_GROUND, Heightmap.Types.MOTION_BLOCKING_NO_LEAVES, EntityMurmur::checkMurmurSpawnRules);
                                                              ^
  symbol:   variable Type
  location: class SpawnPlacements
C:\Users\justi\Documents\GitHub\AlexsMobs-26.2\src\main\java\com\github\alexthe666\alexsmobs\entity\AMEntityRegistry.java:240: error: cannot find symbol
        SpawnPlacements.register(SKUNK.get(), SpawnPlacements.Type.ON_GROUND, Heightmap.Types.MOTION_BLOCKING_NO_LEAVES, EntitySkunk::checkAnimalSpawnRules);
                                                             ^
  symbol:   variable Type
  location: class SpawnPlacements
C:\Users\justi\Documents\GitHub\AlexsMobs-26.2\src\main\java\com\github\alexthe666\alexsmobs\entity\AMEntityRegistry.java:241: error: cannot find symbol
        SpawnPlacements.register(BANANA_SLUG.get(), SpawnPlacements.Type.ON_GROUND, Heightmap.Types.MOTION_BLOCKING_NO_LEAVES, EntityBananaSlug::checkBananaSlugSpawnRules);
                                                                   ^
  symbol:   variable Type
  location: class SpawnPlacements
C:\Users\justi\Documents\GitHub\AlexsMobs-26.2\src\main\java\com\github\alexthe666\alexsmobs\entity\AMEntityRegistry.java:243: error: cannot find symbol
        SpawnPlacements.register(CAIMAN.get(), SpawnPlacements.Type.ON_GROUND, Heightmap.Types.MOTION_BLOCKING_NO_LEAVES, EntityCaiman::canCaimanSpawn);
                                                              ^
  symbol:   variable Type
  location: class SpawnPlacements
C:\Users\justi\Documents\GitHub\AlexsMobs-26.2\src\main\java\com\github\alexthe666\alexsmobs\entity\AMEntityRegistry.java:244: error: cannot find symbol
        SpawnPlacements.register(TRIOPS.get(), SpawnPlacements.Type.IN_WATER, Heightmap.Types.MOTION_BLOCKING_NO_LEAVES, WaterAnimal::checkSurfaceWaterAnimalSpawnRules);
                                                              ^
  symbol:   variable Type
  location: class SpawnPlacements
C:\Users\justi\Documents\GitHub\AlexsMobs-26.2\src\main\java\com\github\alexthe666\alexsmobs\entity\AMEntityRegistry.java:347: error: cannot find symbol
            return (com.google.common.base.Predicate<LivingEntity>) e -> e.isAlive() && e.getType().is(entityTag);
                                                                                                   ^
  symbol:   method is(TagKey<EntityType<?>>)
  location: class EntityType<CAP#1>
  where CAP#1 is a fresh type-variable:
    CAP#1 extends Entity from capture of ?
C:\Users\justi\Documents\GitHub\AlexsMobs-26.2\src\main\java\com\github\alexthe666\alexsmobs\entity\AMEntityRegistry.java:355: error: cannot find symbol
            return (com.google.common.base.Predicate<LivingEntity>) e -> e.isAlive() && e.getType().is(entityTag) && !owner.isAlliedTo(e);
                                                                                                   ^
  symbol:   method is(TagKey<EntityType<?>>)
  location: class EntityType<CAP#1>
  where CAP#1 is a fresh type-variable:
    CAP#1 extends Entity from capture of ?
C:\Users\justi\Documents\GitHub\AlexsMobs-26.2\src\main\java\com\github\alexthe666\alexsmobs\entity\AMEntityRegistry.java:373: error: cannot find symbol
        if (!blockstate1.isValidSpawn(level, blockpos1, SpawnPlacements.Type.ON_GROUND, type) && !blockstate1.is(BlockTags.LEAVES)) {
                                                                       ^
  symbol:   variable Type
  location: class SpawnPlacements
C:\Users\justi\Documents\GitHub\AlexsMobs-26.2\src\main\java\com\github\alexthe666\alexsmobs\entity\EntityCockroachEgg.java:30: error: no suitable constructor found for ThrowableItemProjectile(EntityType<EntityCockroachEgg>,LivingEntity,Level)
        super(AMEntityRegistry.COCKROACH_EGG.get(), throwerIn, worldIn);
        ^
    constructor ThrowableItemProjectile.ThrowableItemProjectile(EntityType<? extends ThrowableItemProjectile>,Level) is not applicable
      (actual and formal argument lists differ in length)
    constructor ThrowableItemProjectile.ThrowableItemProjectile(EntityType<? extends ThrowableItemProjectile>,double,double,double,Level,ItemStack) is not applicable
      (actual and formal argument lists differ in length)
    constructor ThrowableItemProjectile.ThrowableItemProjectile(EntityType<? extends ThrowableItemProjectile>,LivingEntity,Level,ItemStack) is not applicable
      (actual and formal argument lists differ in length)
C:\Users\justi\Documents\GitHub\AlexsMobs-26.2\src\main\java\com\github\alexthe666\alexsmobs\entity\EntityCockroachEgg.java:34: error: no suitable constructor found for ThrowableItemProjectile(EntityType<EntityCockroachEgg>,double,double,double,Level)
        super(AMEntityRegistry.COCKROACH_EGG.get(), x, y, z, worldIn);
        ^
    constructor ThrowableItemProjectile.ThrowableItemProjectile(EntityType<? extends ThrowableItemProjectile>,Level) is not applicable
      (actual and formal argument lists differ in length)
    constructor ThrowableItemProjectile.ThrowableItemProjectile(EntityType<? extends ThrowableItemProjectile>,double,double,double,Level,ItemStack) is not applicable
      (actual and formal argument lists differ in length)
    constructor ThrowableItemProjectile.ThrowableItemProjectile(EntityType<? extends ThrowableItemProjectile>,LivingEntity,Level,ItemStack) is not applicable
      (actual and formal argument lists differ in length)
C:\Users\justi\Documents\GitHub\AlexsMobs-26.2\src\main\java\com\github\alexthe666\alexsmobs\entity\EntityCockroachEgg.java:37: error: method does not override or implement a method from a supertype
    @Override
    ^
C:\Users\justi\Documents\GitHub\AlexsMobs-26.2\src\main\java\com\github\alexthe666\alexsmobs\entity\EntityCockroachEgg.java:39: error: method getAddEntityPacket in class Projectile cannot be applied to given types;
        return super.getAddEntityPacket();
                    ^
  required: ServerEntity
  found:    no arguments
  reason: actual and formal argument lists differ in length
C:\Users\justi\Documents\GitHub\AlexsMobs-26.2\src\main\java\com\github\alexthe666\alexsmobs\entity\EntityCockroachEgg.java:46: error: no suitable constructor found for ItemParticleOption(ParticleType<ItemParticleOption>,ItemStack)
                this.level().addParticle(new ItemParticleOption(ParticleTypes.ITEM, this.getItem()), this.getX(), this.getY(), this.getZ(), ((double)this.random.nextFloat() - 0.5D) * 0.08D, ((double)this.random.nextFloat() - 0.5D) * 0.08D, ((double)this.random.nextFloat() - 0.5D) * 0.08D);
                                         ^
    constructor ItemParticleOption.ItemParticleOption(ParticleType<ItemParticleOption>,Item) is not applicable
      (argument mismatch; ItemStack cannot be converted to Item)
    constructor ItemParticleOption.ItemParticleOption(ParticleType<ItemParticleOption>,ItemStackTemplate) is not applicable
      (argument mismatch; ItemStack cannot be converted to ItemStackTemplate)
C:\Users\justi\Documents\GitHub\AlexsMobs-26.2\src\main\java\com\github\alexthe666\alexsmobs\entity\EntityCockroachEgg.java:58: error: no suitable method found for create(Level)
                final EntityCockroach croc = AMEntityRegistry.COCKROACH.get().create(this.level());
                                                                             ^
    method EntityType.create(ServerLevel,@org.jspecify.annotations.Nullable PostSpawnProcessor<EntityCockroach>,BlockPos,EntitySpawnReason,boolean,boolean) is not applicable
      (actual and formal argument lists differ in length)
    method EntityType.create(Level,EntitySpawnReason) is not applicable
      (actual and formal argument lists differ in length)
    method EntityType.create(Level,EntitySpawnRequest) is not applicable
      (actual and formal argument lists differ in length)
    method EntityType.create(ValueInput,Level,EntitySpawnRequest) is not applicable
      (actual and formal argument lists differ in length)
    method EntityType.create(EntityType<?>,ValueInput,Level,EntitySpawnReason) is not applicable
      (actual and formal argument lists differ in length)
C:\Users\justi\Documents\GitHub\AlexsMobs-26.2\src\main\java\com\github\alexthe666\alexsmobs\entity\EntityCockroachEgg.java:60: error: cannot find symbol
                croc.moveTo(this.getX(), this.getY(), this.getZ(), this.getYRot(), 0.0F);
                    ^
  symbol:   method moveTo(double,double,double,float,float)
  location: variable croc of type EntityCockroach
C:\Users\justi\Documents\GitHub\AlexsMobs-26.2\src\main\java\com\github\alexthe666\alexsmobs\entity\EntityCockroachEgg.java:61: error: cannot find symbol
                croc.finalizeSpawn((ServerLevel)level(), level().getCurrentDifficultyAt(this.blockPosition()), EntitySpawnReason.TRIGGERED, (SpawnGroupData)null, (CompoundTag)null);
                                                                ^
  symbol:   method getCurrentDifficultyAt(BlockPos)
  location: class Level
C:\Users\justi\Documents\GitHub\AlexsMobs-26.2\src\main\java\com\github\alexthe666\alexsmobs\entity\EntityCockroachEgg.java:62: error: cannot find symbol
                croc.restrictTo(this.blockPosition(), 20);
                    ^
  symbol:   method restrictTo(BlockPos,int)
  location: variable croc of type EntityCockroach
C:\Users\justi\Documents\GitHub\AlexsMobs-26.2\src\main\java\com\github\alexthe666\alexsmobs\entity\EntityEmuEgg.java:26: error: no suitable constructor found for ThrowableItemProjectile(EntityType<EntityEmuEgg>,LivingEntity,Level)
        super(AMEntityRegistry.EMU_EGG.get(), throwerIn, worldIn);
        ^
    constructor ThrowableItemProjectile.ThrowableItemProjectile(EntityType<? extends ThrowableItemProjectile>,Level) is not applicable
      (actual and formal argument lists differ in length)
    constructor ThrowableItemProjectile.ThrowableItemProjectile(EntityType<? extends ThrowableItemProjectile>,double,double,double,Level,ItemStack) is not applicable
      (actual and formal argument lists differ in length)
    constructor ThrowableItemProjectile.ThrowableItemProjectile(EntityType<? extends ThrowableItemProjectile>,LivingEntity,Level,ItemStack) is not applicable
      (actual and formal argument lists differ in length)
C:\Users\justi\Documents\GitHub\AlexsMobs-26.2\src\main\java\com\github\alexthe666\alexsmobs\entity\EntityEmuEgg.java:30: error: no suitable constructor found for ThrowableItemProjectile(EntityType<EntityEmuEgg>,double,double,double,Level)
        super(AMEntityRegistry.EMU_EGG.get(), x, y, z, worldIn);
        ^
    constructor ThrowableItemProjectile.ThrowableItemProjectile(EntityType<? extends ThrowableItemProjectile>,Level) is not applicable
      (actual and formal argument lists differ in length)
    constructor ThrowableItemProjectile.ThrowableItemProjectile(EntityType<? extends ThrowableItemProjectile>,double,double,double,Level,ItemStack) is not applicable
      (actual and formal argument lists differ in length)
    constructor ThrowableItemProjectile.ThrowableItemProjectile(EntityType<? extends ThrowableItemProjectile>,LivingEntity,Level,ItemStack) is not applicable
      (actual and formal argument lists differ in length)
C:\Users\justi\Documents\GitHub\AlexsMobs-26.2\src\main\java\com\github\alexthe666\alexsmobs\entity\EntityEmuEgg.java:33: error: method does not override or implement a method from a supertype
    @Override
    ^
C:\Users\justi\Documents\GitHub\AlexsMobs-26.2\src\main\java\com\github\alexthe666\alexsmobs\entity\EntityEmuEgg.java:35: error: method getAddEntityPacket in class Projectile cannot be applied to given types;
        return super.getAddEntityPacket();
                    ^
  required: ServerEntity
  found:    no arguments
  reason: actual and formal argument lists differ in length
C:\Users\justi\Documents\GitHub\AlexsMobs-26.2\src\main\java\com\github\alexthe666\alexsmobs\entity\EntityEmuEgg.java:42: error: no suitable constructor found for ItemParticleOption(ParticleType<ItemParticleOption>,ItemStack)
                this.level().addParticle(new ItemParticleOption(ParticleTypes.ITEM, this.getItem()), this.getX(), this.getY(), this.getZ(), ((double) this.random.nextFloat() - 0.5D) * 0.08D, ((double) this.random.nextFloat() - 0.5D) * 0.08D, ((double) this.random.nextFloat() - 0.5D) * 0.08D);
                                         ^
    constructor ItemParticleOption.ItemParticleOption(ParticleType<ItemParticleOption>,Item) is not applicable
      (argument mismatch; ItemStack cannot be converted to Item)
    constructor ItemParticleOption.ItemParticleOption(ParticleType<ItemParticleOption>,ItemStackTemplate) is not applicable
      (argument mismatch; ItemStack cannot be converted to ItemStackTemplate)
C:\Users\justi\Documents\GitHub\AlexsMobs-26.2\src\main\java\com\github\alexthe666\alexsmobs\entity\EntityEmuEgg.java:57: error: no suitable method found for create(Level)
                    EntityEmu lvt_4_1_ = AMEntityRegistry.EMU.get().create(this.level());
                                                                   ^
    method EntityType.create(ServerLevel,@org.jspecify.annotations.Nullable PostSpawnProcessor<EntityEmu>,BlockPos,EntitySpawnReason,boolean,boolean) is not applicable
      (actual and formal argument lists differ in length)
    method EntityType.create(Level,EntitySpawnReason) is not applicable
      (actual and formal argument lists differ in length)
    method EntityType.create(Level,EntitySpawnRequest) is not applicable
      (actual and formal argument lists differ in length)
    method EntityType.create(ValueInput,Level,EntitySpawnRequest) is not applicable
      (actual and formal argument lists differ in length)
    method EntityType.create(EntityType<?>,ValueInput,Level,EntitySpawnReason) is not applicable
      (actual and formal argument lists differ in length)
C:\Users\justi\Documents\GitHub\AlexsMobs-26.2\src\main\java\com\github\alexthe666\alexsmobs\entity\EntityEmuEgg.java:64: error: cannot find symbol
                    lvt_4_1_.moveTo(this.getX(), this.getY(), this.getZ(), this.getYRot(), 0.0F);
                            ^
  symbol:   method moveTo(double,double,double,float,float)
  location: variable lvt_4_1_ of type EntityEmu
C:\Users\justi\Documents\GitHub\AlexsMobs-26.2\src\main\java\com\github\alexthe666\alexsmobs\entity\EntityEnderiophageRocket.java:37: error: cannot find symbol
        if (!givenItem.isEmpty() && givenItem.hasTag()) {
                                             ^
  symbol:   method hasTag()
  location: variable givenItem of type ItemStack
C:\Users\justi\Documents\GitHub\AlexsMobs-26.2\src\main\java\com\github\alexthe666\alexsmobs\entity\EntityEnderiophageRocket.java:38: error: DATA_ID_FIREWORKS_ITEM has private access in FireworkRocketEntity
            this.entityData.set(DATA_ID_FIREWORKS_ITEM, givenItem.copy());
                                ^
C:\Users\justi\Documents\GitHub\AlexsMobs-26.2\src\main\java\com\github\alexthe666\alexsmobs\entity\EntityEnderiophageRocket.java:42: error: lifetime has private access in FireworkRocketEntity
        this.lifetime = 18 + this.random.nextInt(14);
            ^
C:\Users\justi\Documents\GitHub\AlexsMobs-26.2\src\main\java\com\github\alexthe666\alexsmobs\entity\EntityEnderiophageRocket.java:52: error: DATA_ATTACHED_TO_TARGET has private access in FireworkRocketEntity
        this.entityData.set(DATA_ATTACHED_TO_TARGET, OptionalInt.of(p_i47367_3_.getId()));
                            ^
C:\Users\justi\Documents\GitHub\AlexsMobs-26.2\src\main\java\com\github\alexthe666\alexsmobs\entity\EntityEnderiophageRocket.java:55: error: method does not override or implement a method from a supertype
    @Override
    ^
C:\Users\justi\Documents\GitHub\AlexsMobs-26.2\src\main\java\com\github\alexthe666\alexsmobs\entity\EntityEnderiophageRocket.java:57: error: method getAddEntityPacket in class Projectile cannot be applied to given types;
        return super.getAddEntityPacket();
                    ^
  required: ServerEntity
  found:    no arguments
  reason: actual and formal argument lists differ in length
C:\Users\justi\Documents\GitHub\AlexsMobs-26.2\src\main\java\com\github\alexthe666\alexsmobs\entity\util\FlyingFishBootsUtil.java:28: error: cannot find symbol
            Citadel.sendMSGToAll(new PropertiesMessage("CitadelPatreonConfig", lassoedTag, entity.getId()));
                   ^
  symbol:   method sendMSGToAll(PropertiesMessage)
  location: class Citadel
C:\Users\justi\Documents\GitHub\AlexsMobs-26.2\src\main\java\com\github\alexthe666\alexsmobs\entity\util\FlyingFishBootsUtil.java:30: error: cannot find symbol
            Citadel.sendMSGToServer(new PropertiesMessage("CitadelPatreonConfig", lassoedTag, entity.getId()));
                   ^
  symbol:   method sendMSGToServer(PropertiesMessage)
  location: class Citadel
C:\Users\justi\Documents\GitHub\AlexsMobs-26.2\src\main\java\com\github\alexthe666\alexsmobs\entity\util\FlyingFishBootsUtil.java:49: error: jumping has protected access in LivingEntity
            if(fishy.getFluidHeight(FluidTags.WATER) < 0.4F && fishy.jumping &&( !(fishy instanceof Player) || !((Player) fishy).getAbilities().flying)){
                                                                    ^
C:\Users\justi\Documents\GitHub\AlexsMobs-26.2\src\main\java\com\github\alexthe666\alexsmobs\entity\util\RainbowUtil.java:26: error: cannot find symbol
            Citadel.sendMSGToAll(new PropertiesMessage("CitadelPatreonConfig", tag, fabulous.getId()));
                   ^
  symbol:   method sendMSGToAll(PropertiesMessage)
  location: class Citadel
C:\Users\justi\Documents\GitHub\AlexsMobs-26.2\src\main\java\com\github\alexthe666\alexsmobs\entity\util\RainbowUtil.java:28: error: cannot find symbol
            Citadel.sendMSGToServer(new PropertiesMessage("CitadelPatreonConfig", tag, fabulous.getId()));
                   ^
  symbol:   method sendMSGToServer(PropertiesMessage)
  location: class Citadel
C:\Users\justi\Documents\GitHub\AlexsMobs-26.2\src\main\java\com\github\alexthe666\alexsmobs\entity\util\RockyChestplateUtil.java:33: error: cannot find symbol
            Citadel.sendMSGToAll(new PropertiesMessage("CitadelPatreonConfig", lassoedTag, roller.getId()));
                   ^
  symbol:   method sendMSGToAll(PropertiesMessage)
  location: class Citadel
C:\Users\justi\Documents\GitHub\AlexsMobs-26.2\src\main\java\com\github\alexthe666\alexsmobs\entity\util\RockyChestplateUtil.java:35: error: cannot find symbol
            Citadel.sendMSGToServer(new PropertiesMessage("CitadelPatreonConfig", lassoedTag, roller.getId()));
                   ^
  symbol:   method sendMSGToServer(PropertiesMessage)
  location: class Citadel
C:\Users\justi\Documents\GitHub\AlexsMobs-26.2\src\main\java\com\github\alexthe666\alexsmobs\entity\util\RockyChestplateUtil.java:114: error: cannot find symbol
            Citadel.sendMSGToAll(new PropertiesMessage("CitadelPatreonConfig", tag, roller.getId()));
                   ^
  symbol:   method sendMSGToAll(PropertiesMessage)
  location: class Citadel
C:\Users\justi\Documents\GitHub\AlexsMobs-26.2\src\main\java\com\github\alexthe666\alexsmobs\entity\util\TendonWhipUtil.java:22: error: cannot find symbol
            Citadel.sendMSGToAll(new PropertiesMessage("CitadelTagUpdate", tag, enchanted.getId()));
                   ^
  symbol:   method sendMSGToAll(PropertiesMessage)
  location: class Citadel
C:\Users\justi\Documents\GitHub\AlexsMobs-26.2\src\main\java\com\github\alexthe666\alexsmobs\entity\util\TendonWhipUtil.java:24: error: cannot find symbol
            Citadel.sendMSGToServer(new PropertiesMessage("CitadelTagUpdate", tag, enchanted.getId()));
                   ^
  symbol:   method sendMSGToServer(PropertiesMessage)
  location: class Citadel
C:\Users\justi\Documents\GitHub\AlexsMobs-26.2\src\main\java\com\github\alexthe666\alexsmobs\entity\util\VineLassoUtil.java:30: error: bad operand types for binary operator '=='
            if (!lassoedTag.contains(LASSOED_TO_ENTITY_ID_TAG) || lassoedTag.getInt(LASSOED_TO_ENTITY_ID_TAG) == -1) {
                                                                                                              ^
  first type:  Optional<Integer>
  second type: int
C:\Users\justi\Documents\GitHub\AlexsMobs-26.2\src\main\java\com\github\alexthe666\alexsmobs\entity\util\VineLassoUtil.java:39: error: cannot find symbol
            Citadel.sendMSGToAll(new PropertiesMessage("CitadelPatreonConfig", lassoedTag, lassoed.getId()));
                   ^
  symbol:   method sendMSGToAll(PropertiesMessage)
  location: class Citadel
C:\Users\justi\Documents\GitHub\AlexsMobs-26.2\src\main\java\com\github\alexthe666\alexsmobs\entity\util\VineLassoUtil.java:45: error: bad operand type Optional<Boolean> for unary operator '!'
        return lassoedTag.contains(LASSOED_TO_ENTITY_ID_TAG) && !lassoedTag.getBoolean(LASSO_REMOVED) && lassoedTag.getInt(LASSOED_TO_ENTITY_ID_TAG) != -1;
                                                                ^
C:\Users\justi\Documents\GitHub\AlexsMobs-26.2\src\main\java\com\github\alexthe666\alexsmobs\entity\util\VineLassoUtil.java:45: error: bad operand types for binary operator '!='
        return lassoedTag.contains(LASSOED_TO_ENTITY_ID_TAG) && !lassoedTag.getBoolean(LASSO_REMOVED) && lassoedTag.getInt(LASSOED_TO_ENTITY_ID_TAG) != -1;
                                                                                                                                                     ^
  first type:  Optional<Integer>
  second type: int
C:\Users\justi\Documents\GitHub\AlexsMobs-26.2\src\main\java\com\github\alexthe666\alexsmobs\entity\util\VineLassoUtil.java:84: error: bad operand types for binary operator '||'
            if (tag.contains(LASSO_PACKET) || tag.getBoolean(LASSO_REMOVED)) {
                                           ^
  first type:  boolean
  second type: Optional<Boolean>
C:\Users\justi\Documents\GitHub\AlexsMobs-26.2\src\main\java\com\github\alexthe666\alexsmobs\entity\util\VineLassoUtil.java:87: error: cannot find symbol
                Citadel.sendMSGToAll(new PropertiesMessage("CitadelPatreonConfig", tag, lassoed.getId()));
                       ^
  symbol:   method sendMSGToAll(PropertiesMessage)
  location: class Citadel
C:\Users\justi\Documents\GitHub\AlexsMobs-26.2\src\main\java\com\github\alexthe666\alexsmobs\event\ServerEvents.java:111: error: cannot find symbol
    private static final AttributeModifier SAND_SPEED_BONUS = new AttributeModifier(SAND_SPEED_MODIFIER, "roadrunner speed bonus", 0.1F, AttributeModifier.Operation.ADDITION);
                                                                                                                                                                    ^
  symbol:   variable ADDITION
  location: class Operation
C:\Users\justi\Documents\GitHub\AlexsMobs-26.2\src\main\java\com\github\alexthe666\alexsmobs\event\ServerEvents.java:112: error: cannot find symbol
    private static final AttributeModifier SNEAK_SPEED_BONUS = new AttributeModifier(SNEAK_SPEED_MODIFIER, "frontier cap speed bonus", 0.1F, AttributeModifier.Operation.ADDITION);
                                                                                                                                                                        ^
  symbol:   variable ADDITION
  location: class Operation
C:\Users\justi\Documents\GitHub\AlexsMobs-26.2\src\main\java\com\github\alexthe666\alexsmobs\event\ServerEvents.java:131: error: no suitable method found for teleportTo(ServerLevel,double,double,double,float,float)
                    player.teleportTo(endpointWorld, endpoint.getX() + 0.5D, endpoint.getY() + 0.5D, endpoint.getZ() + 0.5D, player.getYRot(), player.getXRot());
                          ^
    method ServerPlayer.teleportTo(double,double,double) is not applicable
      (actual and formal argument lists differ in length)
    method ServerPlayer.teleportTo(ServerLevel,double,double,double,Set<Relative>,float,float,boolean) is not applicable
      (actual and formal argument lists differ in length)
C:\Users\justi\Documents\GitHub\AlexsMobs-26.2\src\main\java\com\github\alexthe666\alexsmobs\event\ServerEvents.java:132: error: constructor ChunkPos in record ChunkPos cannot be applied to given types;
                    ChunkPos chunkpos = new ChunkPos(endpoint);
                                        ^
  required: int,int
  found:    BlockPos
  reason: actual and formal argument lists differ in length
C:\Users\justi\Documents\GitHub\AlexsMobs-26.2\src\main\java\com\github\alexthe666\alexsmobs\event\ServerEvents.java:133: error: cannot find symbol
                    endpointWorld.getChunkSource().addRegionTicket(TicketType.POST_TELEPORT, chunkpos, 1, player.getId());
                                                                             ^
  symbol:   variable POST_TELEPORT
  location: class TicketType
C:\Users\justi\Documents\GitHub\AlexsMobs-26.2\src\main\java\com\github\alexthe666\alexsmobs\event\ServerEvents.java:140: error: level has private access in LevelTickEvent
        AMWorldData data = AMWorldData.get(tick.level);
                                               ^
C:\Users\justi\Documents\GitHub\AlexsMobs-26.2\src\main\java\com\github\alexthe666\alexsmobs\event\ServerEvents.java:158: error: cannot find symbol
        final double d0 = player.getAttribute(net.neoforged.neoforge.common.NeoForgeMod.BLOCK_REACH.get()).getValue();
                                                                                       ^
  symbol:   variable BLOCK_REACH
  location: class NeoForgeMod
C:\Users\justi\Documents\GitHub\AlexsMobs-26.2\src\main\java\com\github\alexthe666\alexsmobs\event\ServerEvents.java:169: error: incompatible types: MobEffect cannot be converted to Holder<MobEffect>
            && event.getEntity().hasEffect(AMEffectRegistry.ENDER_FLU.get())) {
                                                                         ^
C:\Users\justi\Documents\GitHub\AlexsMobs-26.2\src\main\java\com\github\alexthe666\alexsmobs\event\ServerEvents.java:170: error: incompatible types: MobEffect cannot be converted to Holder<MobEffect>
            event.getEntity().removeEffect(AMEffectRegistry.ENDER_FLU.get());
                                                                         ^
C:\Users\justi\Documents\GitHub\AlexsMobs-26.2\src\main\java\com\github\alexthe666\alexsmobs\event\ServerEvents.java:181: error: height has private access in EntityDimensions
                    float minus = event.getOldSize().height - event.getOldEyeHeight();
                                                    ^
C:\Users\justi\Documents\GitHub\AlexsMobs-26.2\src\main\java\com\github\alexthe666\alexsmobs\event\ServerEvents.java:181: error: cannot find symbol
                    float minus = event.getOldSize().height - event.getOldEyeHeight();
                                                                   ^
  symbol:   method getOldEyeHeight()
  location: variable event of type Size
C:\Users\justi\Documents\GitHub\AlexsMobs-26.2\src\main\java\com\github\alexthe666\alexsmobs\event\ServerEvents.java:182: error: cannot find symbol
                    event.setNewEyeHeight(minus);
                         ^
  symbol:   method setNewEyeHeight(float)
  location: variable event of type Size
C:\Users\justi\Documents\GitHub\AlexsMobs-26.2\src\main\java\com\github\alexthe666\alexsmobs\event\ServerEvents.java:194: error: bad operand type Optional<Boolean> for unary operator '!'
            if (data != null && !data.getBoolean("alexsmobs_has_book")) {
                                ^
C:\Users\justi\Documents\GitHub\AlexsMobs-26.2\src\main\java\com\github\alexthe666\alexsmobs\event\ServerEvents.java:195: warning: [removal] ItemHandlerHelper in net.neoforged.neoforge.items has been deprecated and marked for removal
                ItemHandlerHelper.giveItemToPlayer(event.getEntity(), new ItemStack(AMItemRegistry.ANIMAL_DICTIONARY.get()));
                ^
C:\Users\justi\Documents\GitHub\AlexsMobs-26.2\src\main\java\com\github\alexthe666\alexsmobs\event\ServerEvents.java:195: warning: [removal] giveItemToPlayer(Player,ItemStack) in ItemHandlerHelper has been deprecated and marked for removal
                ItemHandlerHelper.giveItemToPlayer(event.getEntity(), new ItemStack(AMItemRegistry.ANIMAL_DICTIONARY.get()));
                                 ^
C:\Users\justi\Documents\GitHub\AlexsMobs-26.2\src\main\java\com\github\alexthe666\alexsmobs\event\ServerEvents.java:198: warning: [removal] ItemHandlerHelper in net.neoforged.neoforge.items has been deprecated and marked for removal
                    ItemHandlerHelper.giveItemToPlayer(event.getEntity(), new ItemStack(AMItemRegistry.BEAR_DUST.get()));
                    ^
C:\Users\justi\Documents\GitHub\AlexsMobs-26.2\src\main\java\com\github\alexthe666\alexsmobs\event\ServerEvents.java:198: warning: [removal] giveItemToPlayer(Player,ItemStack) in ItemHandlerHelper has been deprecated and marked for removal
                    ItemHandlerHelper.giveItemToPlayer(event.getEntity(), new ItemStack(AMItemRegistry.BEAR_DUST.get()));
                                     ^
C:\Users\justi\Documents\GitHub\AlexsMobs-26.2\src\main\java\com\github\alexthe666\alexsmobs\event\ServerEvents.java:201: warning: [removal] ItemHandlerHelper in net.neoforged.neoforge.items has been deprecated and marked for removal
                    ItemHandlerHelper.giveItemToPlayer(event.getEntity(), new ItemStack(AMItemRegistry.NOVELTY_HAT.get()));
                    ^
C:\Users\justi\Documents\GitHub\AlexsMobs-26.2\src\main\java\com\github\alexthe666\alexsmobs\event\ServerEvents.java:201: warning: [removal] giveItemToPlayer(Player,ItemStack) in ItemHandlerHelper has been deprecated and marked for removal
                    ItemHandlerHelper.giveItemToPlayer(event.getEntity(), new ItemStack(AMItemRegistry.NOVELTY_HAT.get()));
                                     ^
C:\Users\justi\Documents\GitHub\AlexsMobs-26.2\src\main\java\com\github\alexthe666\alexsmobs\event\ServerEvents.java:229: error: cannot find symbol
        if (event.getEntity().getType() == EntityType.SQUID && !event.getEntity().level().isClientSide()) {
                                                     ^
  symbol:   variable SQUID
  location: class EntityType
C:\Users\justi\Documents\GitHub\AlexsMobs-26.2\src\main\java\com\github\alexthe666\alexsmobs\event\ServerEvents.java:232: error: no suitable method found for create(ServerLevel)
            EntityGiantSquid squid = AMEntityRegistry.GIANT_SQUID.get().create(level);
                                                                       ^
    method EntityType.create(ServerLevel,@org.jspecify.annotations.Nullable PostSpawnProcessor<EntityGiantSquid>,BlockPos,EntitySpawnReason,boolean,boolean) is not applicable
      (actual and formal argument lists differ in length)
    method EntityType.create(Level,EntitySpawnReason) is not applicable
      (actual and formal argument lists differ in length)
    method EntityType.create(Level,EntitySpawnRequest) is not applicable
      (actual and formal argument lists differ in length)
    method EntityType.create(ValueInput,Level,EntitySpawnRequest) is not applicable
      (actual and formal argument lists differ in length)
    method EntityType.create(EntityType<?>,ValueInput,Level,EntitySpawnReason) is not applicable
      (actual and formal argument lists differ in length)
C:\Users\justi\Documents\GitHub\AlexsMobs-26.2\src\main\java\com\github\alexthe666\alexsmobs\event\ServerEvents.java:233: error: cannot find symbol
            squid.moveTo(event.getEntity().getX(), event.getEntity().getY(), event.getEntity().getZ(), event.getEntity().getYRot(), event.getEntity().getXRot());
                 ^
  symbol:   method moveTo(double,double,double,float,float)
  location: variable squid of type EntityGiantSquid
C:\Users\justi\Documents\GitHub\AlexsMobs-26.2\src\main\java\com\github\alexthe666\alexsmobs\event\ServerEvents.java:252: error: setPierceLevel(byte) has private access in AbstractArrow
                arrow.setPierceLevel((byte) 0);
                     ^
C:\Users\justi\Documents\GitHub\AlexsMobs-26.2\src\main\java\com\github\alexthe666\alexsmobs\event\ServerEvents.java:271: error: cannot find symbol
                emu.hasImpulse = true;
                   ^
  symbol:   variable hasImpulse
  location: variable emu of type EntityEmu
C:\Users\justi\Documents\GitHub\AlexsMobs-26.2\src\main\java\com\github\alexthe666\alexsmobs\event\ServerEvents.java:290: error: cannot find symbol
        if (event.getEntity().hasEffect(AMEffectRegistry.DEBILITATING_STING.getHolder().orElseThrow()) && event.getEntity().getEffect(AMEffectRegistry.DEBILITATING_STING.getHolder().orElseThrow()) != null && event.getEntity().getEffect(AMEffectRegistry.DEBILITATING_STING.getHolder().orElseThrow()).getAmplifier() > 0) {
                                                                           ^
  symbol:   method getHolder()
  location: variable DEBILITATING_STING of type DeferredHolder<MobEffect,MobEffect>
C:\Users\justi\Documents\GitHub\AlexsMobs-26.2\src\main\java\com\github\alexthe666\alexsmobs\event\ServerEvents.java:290: error: cannot find symbol
        if (event.getEntity().hasEffect(AMEffectRegistry.DEBILITATING_STING.getHolder().orElseThrow()) && event.getEntity().getEffect(AMEffectRegistry.DEBILITATING_STING.getHolder().orElseThrow()) != null && event.getEntity().getEffect(AMEffectRegistry.DEBILITATING_STING.getHolder().orElseThrow()).getAmplifier() > 0) {
                                                                                                                                                                         ^
  symbol:   method getHolder()
  location: variable DEBILITATING_STING of type DeferredHolder<MobEffect,MobEffect>
C:\Users\justi\Documents\GitHub\AlexsMobs-26.2\src\main\java\com\github\alexthe666\alexsmobs\event\ServerEvents.java:290: error: cannot find symbol
        if (event.getEntity().hasEffect(AMEffectRegistry.DEBILITATING_STING.getHolder().orElseThrow()) && event.getEntity().getEffect(AMEffectRegistry.DEBILITATING_STING.getHolder().orElseThrow()) != null && event.getEntity().getEffect(AMEffectRegistry.DEBILITATING_STING.getHolder().orElseThrow()).getAmplifier() > 0) {
                                                                                                                                                                                                                                                                               ^
  symbol:   method getHolder()
  location: variable DEBILITATING_STING of type DeferredHolder<MobEffect,MobEffect>
C:\Users\justi\Documents\GitHub\AlexsMobs-26.2\src\main\java\com\github\alexthe666\alexsmobs\event\ServerEvents.java:325: error: cannot find symbol
                        player.setSecondsOnFire(6);
                              ^
  symbol:   method setSecondsOnFire(int)
  location: variable player of type Player
C:\Users\justi\Documents\GitHub\AlexsMobs-26.2\src\main\java\com\github\alexthe666\alexsmobs\event\ServerEvents.java:327: error: no suitable method found for spawnAtLocation(ItemStack)
                            player.spawnAtLocation(new ItemStack(AMItemRegistry.LAVA_BOTTLE.get()));
                                  ^
    method Entity.spawnAtLocation(ServerLevel,ItemLike) is not applicable
      (actual and formal argument lists differ in length)
    method Entity.spawnAtLocation(ServerLevel,ItemStack) is not applicable
      (actual and formal argument lists differ in length)
    method Entity.spawnAtLocation(ServerLevel,ItemStack,Vec3) is not applicable
      (actual and formal argument lists differ in length)
    method Entity.spawnAtLocation(ServerLevel,ItemStack,float) is not applicable
      (actual and formal argument lists differ in length)
C:\Users\justi\Documents\GitHub\AlexsMobs-26.2\src\main\java\com\github\alexthe666\alexsmobs\event\ServerEvents.java:344: error: no suitable method found for spawnAtLocation(ItemStack)
                    event.getTarget().spawnAtLocation(new ItemStack(AMItemRegistry.VINE_LASSO.get()));
                                     ^
    method Entity.spawnAtLocation(ServerLevel,ItemLike) is not applicable
      (actual and formal argument lists differ in length)
    method Entity.spawnAtLocation(ServerLevel,ItemStack) is not applicable
      (actual and formal argument lists differ in length)
    method Entity.spawnAtLocation(ServerLevel,ItemStack,Vec3) is not applicable
      (actual and formal argument lists differ in length)
    method Entity.spawnAtLocation(ServerLevel,ItemStack,float) is not applicable
      (actual and formal argument lists differ in length)
C:\Users\justi\Documents\GitHub\AlexsMobs-26.2\src\main\java\com\github\alexthe666\alexsmobs\event\ServerEvents.java:351: error: incompatible types: MobEffect cannot be converted to Holder<MobEffect>
                    && living.hasEffect(AMEffectRegistry.ENDER_FLU.get())) {
                                                                      ^
C:\Users\justi\Documents\GitHub\AlexsMobs-26.2\src\main\java\com\github\alexthe666\alexsmobs\event\ServerEvents.java:357: error: incompatible types: Reference<SoundEvent> cannot be converted to SoundEvent
                    event.getTarget().playSound(SoundEvents.GENERIC_EAT, 1.0F, 0.5F + event.getEntity().getRandom().nextFloat());
                                                           ^
C:\Users\justi\Documents\GitHub\AlexsMobs-26.2\src\main\java\com\github\alexthe666\alexsmobs\event\ServerEvents.java:359: error: incompatible types: MobEffect cannot be converted to Holder<MobEffect>
                        living.removeEffect(AMEffectRegistry.ENDER_FLU.get());
                                                                          ^
C:\Users\justi\Documents\GitHub\AlexsMobs-26.2\src\main\java\com\github\alexthe666\alexsmobs\event\ServerEvents.java:378: error: cannot find symbol
            if (living instanceof Rabbit rabbit && event.getItemStack().getItem() == AMItemRegistry.MUNGAL_SPORES.get()
                                  ^
  symbol:   class Rabbit
  location: class ServerEvents
C:\Users\justi\Documents\GitHub\AlexsMobs-26.2\src\main\java\com\github\alexthe666\alexsmobs\event\ServerEvents.java:426: error: incompatible types: Item cannot be converted to ItemStack
            && !event.getEntity().getCooldowns().isOnCooldown(Items.STICK)) {
                                                                   ^
C:\Users\justi\Documents\GitHub\AlexsMobs-26.2\src\main\java\com\github\alexthe666\alexsmobs\event\ServerEvents.java:440: error: no suitable method found for addCooldown(Item,int)
                event.getEntity().getCooldowns().addCooldown(Items.STICK, 30);
                                                ^
    method ItemCooldowns.addCooldown(ItemStack,int) is not applicable
      (argument mismatch; Item cannot be converted to ItemStack)
    method ItemCooldowns.addCooldown(Identifier,int) is not applicable
      (argument mismatch; Item cannot be converted to Identifier)
C:\Users\justi\Documents\GitHub\AlexsMobs-26.2\src\main\java\com\github\alexthe666\alexsmobs\event\ServerEvents.java:460: error: constructor ChunkPos in record ChunkPos cannot be applied to given types;
                ChunkPos chunkPos = new ChunkPos(trader.blockPosition());
                                    ^
  required: int,int
  found:    BlockPos
  reason: actual and formal argument lists differ in length
C:\Users\justi\Documents\GitHub\AlexsMobs-26.2\src\main\java\com\github\alexthe666\alexsmobs\event\ServerEvents.java:461: error: x has private access in ChunkPos
                if(event.getLevel().getChunkSource().getChunkNow(chunkPos.x, chunkPos.z) != null) {
                                                                         ^
C:\Users\justi\Documents\GitHub\AlexsMobs-26.2\src\main\java\com\github\alexthe666\alexsmobs\event\ServerEvents.java:461: error: z has private access in ChunkPos
                if(event.getLevel().getChunkSource().getChunkNow(chunkPos.x, chunkPos.z) != null) {
                                                                                     ^
C:\Users\justi\Documents\GitHub\AlexsMobs-26.2\src\main\java\com\github\alexthe666\alexsmobs\event\ServerEvents.java:462: error: no suitable method found for create(Level)
                    EntityElephant elephant = AMEntityRegistry.ELEPHANT.get().create(trader.level());
                                                                             ^
    method EntityType.create(ServerLevel,@org.jspecify.annotations.Nullable PostSpawnProcessor<EntityElephant>,BlockPos,EntitySpawnReason,boolean,boolean) is not applicable
      (actual and formal argument lists differ in length)
    method EntityType.create(Level,EntitySpawnReason) is not applicable
      (actual and formal argument lists differ in length)
    method EntityType.create(Level,EntitySpawnRequest) is not applicable
      (actual and formal argument lists differ in length)
    method EntityType.create(ValueInput,Level,EntitySpawnRequest) is not applicable
      (actual and formal argument lists differ in length)
    method EntityType.create(EntityType<?>,ValueInput,Level,EntitySpawnReason) is not applicable
      (actual and formal argument lists differ in length)
C:\Users\justi\Documents\GitHub\AlexsMobs-26.2\src\main\java\com\github\alexthe666\alexsmobs\event\ServerEvents.java:469: error: no suitable method found for startRiding(EntityElephant,boolean)
                            trader.startRiding(elephant, true);
                                  ^
    method Entity.startRiding(Entity) is not applicable
      (actual and formal argument lists differ in length)
    method Mob.startRiding(Entity,boolean,boolean) is not applicable
      (actual and formal argument lists differ in length)
C:\Users\justi\Documents\GitHub\AlexsMobs-26.2\src\main\java\com\github\alexthe666\alexsmobs\event\ServerEvents.java:481: error: cannot find symbol
            else if (AMConfig.wolvesAttackMoose && entity instanceof final Wolf wolf) {
                                                                           ^
  symbol:   class Wolf
  location: class ServerEvents
C:\Users\justi\Documents\GitHub\AlexsMobs-26.2\src\main\java\com\github\alexthe666\alexsmobs\event\ServerEvents.java:484: error: cannot find symbol
            else if (AMConfig.polarBearsAttackSeals && entity instanceof final PolarBear bear) {
                                                                               ^
  symbol:   class PolarBear
  location: class ServerEvents
C:\Users\justi\Documents\GitHub\AlexsMobs-26.2\src\main\java\com\github\alexthe666\alexsmobs\event\ServerEvents.java:493: error: cannot find symbol
                    && (entity instanceof Fox || entity instanceof Cat || entity instanceof Ocelot)) {
                                          ^
  symbol:   class Fox
  location: class ServerEvents
C:\Users\justi\Documents\GitHub\AlexsMobs-26.2\src\main\java\com\github\alexthe666\alexsmobs\event\ServerEvents.java:493: error: cannot find symbol
                    && (entity instanceof Fox || entity instanceof Cat || entity instanceof Ocelot)) {
                                                                   ^
  symbol:   class Cat
  location: class ServerEvents
C:\Users\justi\Documents\GitHub\AlexsMobs-26.2\src\main\java\com\github\alexthe666\alexsmobs\event\ServerEvents.java:493: error: cannot find symbol
                    && (entity instanceof Fox || entity instanceof Cat || entity instanceof Ocelot)) {
                                                                                            ^
  symbol:   class Ocelot
  location: class ServerEvents
C:\Users\justi\Documents\GitHub\AlexsMobs-26.2\src\main\java\com\github\alexthe666\alexsmobs\event\ServerEvents.java:498: error: cannot find symbol
            else if (AMConfig.bunfungusTransformation && entity instanceof final Rabbit rabbit) {
                                                                                 ^
  symbol:   class Rabbit
  location: class ServerEvents
C:\Users\justi\Documents\GitHub\AlexsMobs-26.2\src\main\java\com\github\alexthe666\alexsmobs\event\ServerEvents.java:501: error: cannot find symbol
            else if (AMConfig.dolphinsAttackFlyingFish && entity instanceof final Dolphin dolphin) {
                                                                                  ^
  symbol:   class Dolphin
  location: class ServerEvents
C:\Users\justi\Documents\GitHub\AlexsMobs-26.2\src\main\java\com\github\alexthe666\alexsmobs\event\ServerEvents.java:514: error: no suitable method found for knockback(float,float,float)
                living.knockback(1F, Mth.sin(event.getEntity().getYRot() * Mth.DEG_TO_RAD),
                      ^
    method LivingEntity.knockback(double,double,double,DamageSource,float,boolean) is not applicable
      (actual and formal argument lists differ in length)
    method LivingEntity.knockback(double,double,double,DamageSource,float) is not applicable
      (actual and formal argument lists differ in length)
C:\Users\justi\Documents\GitHub\AlexsMobs-26.2\src\main\java\com\github\alexthe666\alexsmobs\event\ServerEvents.java:517: error: incompatible types: MobEffect cannot be converted to Holder<MobEffect>
            if (event.getEntity().hasEffect(AMEffectRegistry.TIGERS_BLESSING.get())
                                                                                ^
C:\Users\justi\Documents\GitHub\AlexsMobs-26.2\src\main\java\com\github\alexthe666\alexsmobs\event\ServerEvents.java:533: error: cannot find symbol
        if (event.getSource().getEntity() instanceof final LivingEntity attacker) {
                 ^
  symbol:   method getSource()
  location: variable event of type LivingDamageEvent
C:\Users\justi\Documents\GitHub\AlexsMobs-26.2\src\main\java\com\github\alexthe666\alexsmobs\event\ServerEvents.java:534: error: cannot find symbol
            if (event.getAmount() > 0 && attacker.hasEffect(AMEffectRegistry.SOULSTEAL.get()) && attacker.getEffect(AMEffectRegistry.SOULSTEAL.get()) != null) {
                     ^
  symbol:   method getAmount()
  location: variable event of type LivingDamageEvent
C:\Users\justi\Documents\GitHub\AlexsMobs-26.2\src\main\java\com\github\alexthe666\alexsmobs\event\ServerEvents.java:534: error: incompatible types: MobEffect cannot be converted to Holder<MobEffect>
            if (event.getAmount() > 0 && attacker.hasEffect(AMEffectRegistry.SOULSTEAL.get()) && attacker.getEffect(AMEffectRegistry.SOULSTEAL.get()) != null) {
                                                                                          ^
C:\Users\justi\Documents\GitHub\AlexsMobs-26.2\src\main\java\com\github\alexthe666\alexsmobs\event\ServerEvents.java:534: error: incompatible types: MobEffect cannot be converted to Holder<MobEffect>
            if (event.getAmount() > 0 && attacker.hasEffect(AMEffectRegistry.SOULSTEAL.get()) && attacker.getEffect(AMEffectRegistry.SOULSTEAL.get()) != null) {
                                                                                                                                                  ^
C:\Users\justi\Documents\GitHub\AlexsMobs-26.2\src\main\java\com\github\alexthe666\alexsmobs\event\ServerEvents.java:535: error: incompatible types: MobEffect cannot be converted to Holder<MobEffect>
                final int level = attacker.getEffect(AMEffectRegistry.SOULSTEAL.get()).getAmplifier() + 1;
                                                                                   ^
C:\Users\justi\Documents\GitHub\AlexsMobs-26.2\src\main\java\com\github\alexthe666\alexsmobs\event\ServerEvents.java:538: error: cannot find symbol
                    attacker.heal(Math.min(event.getAmount() / 2F * level, 2 + 2 * level));
                                                ^
  symbol:   method getAmount()
  location: variable event of type LivingDamageEvent
C:\Users\justi\Documents\GitHub\AlexsMobs-26.2\src\main\java\com\github\alexthe666\alexsmobs\event\ServerEvents.java:544: error: cannot find symbol
                    event.setCanceled(true);
                         ^
  symbol:   method setCanceled(boolean)
  location: variable event of type LivingDamageEvent
C:\Users\justi\Documents\GitHub\AlexsMobs-26.2\src\main\java\com\github\alexthe666\alexsmobs\event\ServerEvents.java:550: error: no suitable method found for knockback(float,float,float)
                        attacker.knockback(0.5F, Mth.sin((attacker.getYRot() + 180) * Mth.DEG_TO_RAD),
                                ^
    method LivingEntity.knockback(double,double,double,DamageSource,float,boolean) is not applicable
      (actual and formal argument lists differ in length)
    method LivingEntity.knockback(double,double,double,DamageSource,float) is not applicable
      (actual and formal argument lists differ in length)
C:\Users\justi\Documents\GitHub\AlexsMobs-26.2\src\main\java\com\github\alexthe666\alexsmobs\event\ServerEvents.java:557: error: cannot find symbol
            if (event.getSource().is(DamageTypeTags.IS_PROJECTILE) && event.getEntity().getRandom().nextFloat() < AMConfig.emuPantsDodgeChance) {
                     ^
  symbol:   method getSource()
  location: variable event of type LivingDamageEvent
C:\Users\justi\Documents\GitHub\AlexsMobs-26.2\src\main\java\com\github\alexthe666\alexsmobs\event\ServerEvents.java:558: error: cannot find symbol
                event.setCanceled(true);
                     ^
  symbol:   method setCanceled(boolean)
  location: variable event of type LivingDamageEvent
C:\Users\justi\Documents\GitHub\AlexsMobs-26.2\src\main\java\com\github\alexthe666\alexsmobs\event\ServerEvents.java:565: error: cannot find symbol
        if (event.getNewTarget() != null && event.getEntity() instanceof Mob mob) {
                 ^
  symbol:   method getNewTarget()
  location: variable event of type LivingChangeTargetEvent
C:\Users\justi\Documents\GitHub\AlexsMobs-26.2\src\main\java\com\github\alexthe666\alexsmobs\event\ServerEvents.java:566: error: cannot find symbol
            if (mob.getMobType() == MobType.ARTHROPOD) {
                   ^
  symbol:   method getMobType()
  location: variable mob of type Mob
C:\Users\justi\Documents\GitHub\AlexsMobs-26.2\src\main\java\com\github\alexthe666\alexsmobs\event\ServerEvents.java:566: error: cannot find symbol
            if (mob.getMobType() == MobType.ARTHROPOD) {
                                    ^
  symbol:   variable MobType
  location: class ServerEvents
C:\Users\justi\Documents\GitHub\AlexsMobs-26.2\src\main\java\com\github\alexthe666\alexsmobs\event\ServerEvents.java:567: error: cannot find symbol
                if (event.getNewTarget().hasEffect(AMEffectRegistry.BUG_PHEROMONES.get()) && event.getEntity().getLastHurtByMob() != event.getNewTarget()) {
                         ^
  symbol:   method getNewTarget()
  location: variable event of type LivingChangeTargetEvent
C:\Users\justi\Documents\GitHub\AlexsMobs-26.2\src\main\java\com\github\alexthe666\alexsmobs\event\ServerEvents.java:567: error: cannot find symbol
                if (event.getNewTarget().hasEffect(AMEffectRegistry.BUG_PHEROMONES.get()) && event.getEntity().getLastHurtByMob() != event.getNewTarget()) {
                                                                                                                                          ^
  symbol:   method getNewTarget()
  location: variable event of type LivingChangeTargetEvent
C:\Users\justi\Documents\GitHub\AlexsMobs-26.2\src\main\java\com\github\alexthe666\alexsmobs\event\ServerEvents.java:572: error: cannot find symbol
            if (mob.getMobType() == MobType.UNDEAD && !mob.getType().is(AMTagRegistry.IGNORES_KIMONO)) {
                   ^
  symbol:   method getMobType()
  location: variable mob of type Mob
C:\Users\justi\Documents\GitHub\AlexsMobs-26.2\src\main\java\com\github\alexthe666\alexsmobs\event\ServerEvents.java:572: error: cannot find symbol
            if (mob.getMobType() == MobType.UNDEAD && !mob.getType().is(AMTagRegistry.IGNORES_KIMONO)) {
                                    ^
  symbol:   variable MobType
  location: class ServerEvents
C:\Users\justi\Documents\GitHub\AlexsMobs-26.2\src\main\java\com\github\alexthe666\alexsmobs\event\ServerEvents.java:572: error: cannot find symbol
            if (mob.getMobType() == MobType.UNDEAD && !mob.getType().is(AMTagRegistry.IGNORES_KIMONO)) {
                                                                    ^
  symbol:   method is(TagKey<EntityType<?>>)
  location: class EntityType<CAP#1>
  where CAP#1 is a fresh type-variable:
    CAP#1 extends Entity from capture of ?
C:\Users\justi\Documents\GitHub\AlexsMobs-26.2\src\main\java\com\github\alexthe666\alexsmobs\event\ServerEvents.java:573: error: cannot find symbol
                if (event.getNewTarget().getItemBySlot(EquipmentSlot.CHEST).is(AMItemRegistry.UNSETTLING_KIMONO.get()) && event.getEntity().getLastHurtByMob() != event.getNewTarget()) {
                         ^
  symbol:   method getNewTarget()
  location: variable event of type LivingChangeTargetEvent
C:\Users\justi\Documents\GitHub\AlexsMobs-26.2\src\main\java\com\github\alexthe666\alexsmobs\event\ServerEvents.java:573: error: cannot find symbol
                if (event.getNewTarget().getItemBySlot(EquipmentSlot.CHEST).is(AMItemRegistry.UNSETTLING_KIMONO.get()) && event.getEntity().getLastHurtByMob() != event.getNewTarget()) {
                                                                                                                                                                       ^
  symbol:   method getNewTarget()
  location: variable event of type LivingChangeTargetEvent
C:\Users\justi\Documents\GitHub\AlexsMobs-26.2\src\main\java\com\github\alexthe666\alexsmobs\event\ServerEvents.java:588: error: cannot find symbol
            if(entity.getAttributes().hasAttribute(Attributes.MOVEMENT_SPEED)){
                     ^
  symbol:   method getAttributes()
  location: variable entity of type Entity
C:\Users\justi\Documents\GitHub\AlexsMobs-26.2\src\main\java\com\github\alexthe666\alexsmobs\event\ServerEvents.java:589: error: cannot find symbol
                final var attributes = entity.getAttribute(Attributes.MOVEMENT_SPEED);
                                             ^
  symbol:   method getAttribute(Holder<Attribute>)
  location: variable entity of type Entity
C:\Users\justi\Documents\GitHub\AlexsMobs-26.2\src\main\java\com\github\alexthe666\alexsmobs\event\ServerEvents.java:622: error: cannot find symbol
        final ItemStack boots = entity.getItemBySlot(EquipmentSlot.FEET);
                                      ^
  symbol:   method getItemBySlot(EquipmentSlot)
  location: variable entity of type Entity
C:\Users\justi\Documents\GitHub\AlexsMobs-26.2\src\main\java\com\github\alexthe666\alexsmobs\event\ServerEvents.java:623: error: cannot find symbol
        if (!boots.isEmpty() && boots.hasTag() && boots.getOrCreateTag().contains("BisonFur") && boots.getOrCreateTag().getBoolean("BisonFur")) {
                                     ^
  symbol:   method hasTag()
  location: variable boots of type ItemStack
C:\Users\justi\Documents\GitHub\AlexsMobs-26.2\src\main\java\com\github\alexthe666\alexsmobs\event\ServerEvents.java:623: error: cannot find symbol
        if (!boots.isEmpty() && boots.hasTag() && boots.getOrCreateTag().contains("BisonFur") && boots.getOrCreateTag().getBoolean("BisonFur")) {
                                                       ^
  symbol:   method getOrCreateTag()
  location: variable boots of type ItemStack
C:\Users\justi\Documents\GitHub\AlexsMobs-26.2\src\main\java\com\github\alexthe666\alexsmobs\event\ServerEvents.java:623: error: cannot find symbol
        if (!boots.isEmpty() && boots.hasTag() && boots.getOrCreateTag().contains("BisonFur") && boots.getOrCreateTag().getBoolean("BisonFur")) {
                                                                                                      ^
  symbol:   method getOrCreateTag()
  location: variable boots of type ItemStack
C:\Users\justi\Documents\GitHub\AlexsMobs-26.2\src\main\java\com\github\alexthe666\alexsmobs\event\ServerEvents.java:635: error: cannot find symbol
        if (entity.getItemBySlot(EquipmentSlot.LEGS).getItem() == AMItemRegistry.CENTIPEDE_LEGGINGS.get()) {
                  ^
  symbol:   method getItemBySlot(EquipmentSlot)
  location: variable entity of type Entity
C:\Users\justi\Documents\GitHub\AlexsMobs-26.2\src\main\java\com\github\alexthe666\alexsmobs\event\ServerEvents.java:640: error: cannot find symbol
                if (entity.isShiftKeyDown() || !entity.getFeetBlockState().isScaffolding(entity) && entity.isSuppressingSlidingDownLadder()) {
                                                      ^
  symbol:   method getFeetBlockState()
  location: variable entity of type Entity
C:\Users\justi\Documents\GitHub\AlexsMobs-26.2\src\main\java\com\github\alexthe666\alexsmobs\event\ServerEvents.java:640: error: cannot find symbol
                if (entity.isShiftKeyDown() || !entity.getFeetBlockState().isScaffolding(entity) && entity.isSuppressingSlidingDownLadder()) {
                                                                                                          ^
  symbol:   method isSuppressingSlidingDownLadder()
  location: variable entity of type Entity
C:\Users\justi\Documents\GitHub\AlexsMobs-26.2\src\main\java\com\github\alexthe666\alexsmobs\event\ServerEvents.java:647: error: cannot find symbol
        if (entity.getItemBySlot(EquipmentSlot.HEAD).getItem() == AMItemRegistry.SOMBRERO.get() && !entity.level().isClientSide() && AlexsMobs.isAprilFools() && entity.isInWater()) {
                  ^
  symbol:   method getItemBySlot(EquipmentSlot)
  location: variable entity of type Entity
C:\Users\justi\Documents\GitHub\AlexsMobs-26.2\src\main\java\com\github\alexthe666\alexsmobs\event\ServerEvents.java:654: error: no suitable method found for create(Level)
                    final EntitySeaBear bear = AMEntityRegistry.SEA_BEAR.get().create(entity.level());
                                                                              ^
    method EntityType.create(ServerLevel,@org.jspecify.annotations.Nullable PostSpawnProcessor<EntitySeaBear>,BlockPos,EntitySpawnReason,boolean,boolean) is not applicable
      (actual and formal argument lists differ in length)
    method EntityType.create(Level,EntitySpawnReason) is not applicable
      (actual and formal argument lists differ in length)
    method EntityType.create(Level,EntitySpawnRequest) is not applicable
      (actual and formal argument lists differ in length)
    method EntityType.create(ValueInput,Level,EntitySpawnRequest) is not applicable
      (actual and formal argument lists differ in length)
    method EntityType.create(EntityType<?>,ValueInput,Level,EntitySpawnReason) is not applicable
      (actual and formal argument lists differ in length)
C:\Users\justi\Documents\GitHub\AlexsMobs-26.2\src\main\java\com\github\alexthe666\alexsmobs\event\ServerEvents.java:669: error: incompatible types: Entity cannot be converted to LivingEntity
                        bear.setTarget(entity);
                                       ^
C:\Users\justi\Documents\GitHub\AlexsMobs-26.2\src\main\java\com\github\alexthe666\alexsmobs\event\ServerEvents.java:674: error: incompatible types: Entity cannot be converted to LivingEntity
                        bear.setTarget(entity);
                                       ^
C:\Users\justi\Documents\GitHub\AlexsMobs-26.2\src\main\java\com\github\alexthe666\alexsmobs\event\ServerEvents.java:679: error: incompatible types: Entity cannot be converted to LivingEntity
        if (VineLassoUtil.hasLassoData(entity)) {
                                       ^
C:\Users\justi\Documents\GitHub\AlexsMobs-26.2\src\main\java\com\github\alexthe666\alexsmobs\event\ServerEvents.java:680: error: incompatible types: Entity cannot be converted to LivingEntity
            VineLassoUtil.tickLasso(entity);
                                    ^
C:\Users\justi\Documents\GitHub\AlexsMobs-26.2\src\main\java\com\github\alexthe666\alexsmobs\event\ServerEvents.java:682: error: incompatible types: Entity cannot be converted to LivingEntity
        if (RockyChestplateUtil.isWearing(entity)) {
                                          ^
C:\Users\justi\Documents\GitHub\AlexsMobs-26.2\src\main\java\com\github\alexthe666\alexsmobs\event\ServerEvents.java:683: error: incompatible types: Entity cannot be converted to LivingEntity
            RockyChestplateUtil.tickRockyRolling(entity);
                                                 ^
C:\Users\justi\Documents\GitHub\AlexsMobs-26.2\src\main\java\com\github\alexthe666\alexsmobs\event\ServerEvents.java:685: error: incompatible types: Entity cannot be converted to LivingEntity
        if (FlyingFishBootsUtil.isWearing(entity)) {
                                          ^
C:\Users\justi\Documents\GitHub\AlexsMobs-26.2\src\main\java\com\github\alexthe666\alexsmobs\event\ServerEvents.java:686: error: incompatible types: Entity cannot be converted to LivingEntity
            FlyingFishBootsUtil.tickFlyingFishBoots(entity);
                                                    ^
C:\Users\justi\Documents\GitHub\AlexsMobs-26.2\src\main\java\com\github\alexthe666\alexsmobs\event\ServerEvents.java:701: error: incompatible types: MobEffect cannot be converted to Holder<MobEffect>
        if (event.getPlayer().hasEffect(AMEffectRegistry.FEAR.get()) || event.getPlayer().hasEffect(AMEffectRegistry.POWER_DOWN.get())) {
                                                                 ^
C:\Users\justi\Documents\GitHub\AlexsMobs-26.2\src\main\java\com\github\alexthe666\alexsmobs\event\ServerEvents.java:701: error: incompatible types: MobEffect cannot be converted to Holder<MobEffect>
        if (event.getPlayer().hasEffect(AMEffectRegistry.FEAR.get()) || event.getPlayer().hasEffect(AMEffectRegistry.POWER_DOWN.get())) {
                                                                                                                                   ^
C:\Users\justi\Documents\GitHub\AlexsMobs-26.2\src\main\java\com\github\alexthe666\alexsmobs\event\ServerEvents.java:713: error: cannot find symbol
                        && !living.hasEffect(AMEffectRegistry.EXSANGUINATION.getHolder().orElseThrow())) {
                                                                            ^
  symbol:   method getHolder()
  location: variable EXSANGUINATION of type DeferredHolder<MobEffect,MobEffect>
C:\Users\justi\Documents\GitHub\AlexsMobs-26.2\src\main\java\com\github\alexthe666\alexsmobs\event\ServerEvents.java:714: error: cannot find symbol
                        living.addEffect(new MobEffectInstance(AMEffectRegistry.EXSANGUINATION.getHolder().orElseThrow(), 60, 2));
                                                                                              ^
  symbol:   method getHolder()
  location: variable EXSANGUINATION of type DeferredHolder<MobEffect,MobEffect>
C:\Users\justi\Documents\GitHub\AlexsMobs-26.2\src\main\java\com\github\alexthe666\alexsmobs\event\ServerEvents.java:722: error: no suitable method found for hurtAndBreak(int,LivingEntity,(player)->[...]nd()))
                        event.getEntity().getUseItem().hurtAndBreak(1, event.getEntity(),
                                                      ^
    method ItemStack.hurtAndBreak(int,LivingEntity,InteractionHand) is not applicable
      (argument mismatch; InteractionHand is not a functional interface)
    method ItemStack.hurtAndBreak(int,LivingEntity,EquipmentSlot) is not applicable
      (argument mismatch; EquipmentSlot is not a functional interface)
C:\Users\justi\Documents\GitHub\AlexsMobs-26.2\src\main\java\com\github\alexthe666\alexsmobs\event\ServerEvents.java:732: error: cannot find symbol
        CompoundTag tag = event.getItemStack().getTag();
                                              ^
  symbol:   method getTag()
  location: class ItemStack
C:\Users\justi\Documents\GitHub\AlexsMobs-26.2\src\main\java\com\github\alexthe666\alexsmobs\event\ServerEvents.java:733: error: bad operand types for binary operator '&&'
        if (tag != null && tag.contains("BisonFur") && tag.getBoolean("BisonFur")) {
                                                    ^
  first type:  boolean
  second type: Optional<Boolean>
C:\Users\justi\Documents\GitHub\AlexsMobs-26.2\src\main\java\com\github\alexthe666\alexsmobs\event\ServerEvents.java:741: error: method addListener in class SortedReloadListenerEvent cannot be applied to given types;
        event.addListener(AlexsMobs.PROXY.getCapsidRecipeManager());
             ^
  required: Identifier,PreparableReloadListener
  found:    CapsidRecipeManager
  reason: actual and formal argument lists differ in length
C:\Users\justi\Documents\GitHub\AlexsMobs-26.2\src\main\java\com\github\alexthe666\alexsmobs\event\ServerEvents.java:741: error: incompatible types: CapsidRecipeManager cannot be converted to Identifier
        event.addListener(AlexsMobs.PROXY.getCapsidRecipeManager());
                                                                ^
C:\Users\justi\Documents\GitHub\AlexsMobs-26.2\src\main\java\com\github\alexthe666\alexsmobs\world\BeachedCachalotWhaleSpawner.java:54: error: cannot find symbol
                if (this.world.getGameRules().getBoolean(GameRules.RULE_DOMOBSPAWNING)) {
                                                         ^
  symbol:   variable GameRules
  location: class BeachedCachalotWhaleSpawner
C:\Users\justi\Documents\GitHub\AlexsMobs-26.2\src\main\java\com\github\alexthe666\alexsmobs\world\BeachedCachalotWhaleSpawner.java:78: error: no suitable method found for create(ServerLevel)
                EntityCachalotWhale whale = AMEntityRegistry.CACHALOT_WHALE.get().create(world);
                                                                                 ^
    method EntityType.create(ServerLevel,@org.jspecify.annotations.Nullable PostSpawnProcessor<EntityCachalotWhale>,BlockPos,EntitySpawnReason,boolean,boolean) is not applicable
      (actual and formal argument lists differ in length)
    method EntityType.create(Level,EntitySpawnReason) is not applicable
      (actual and formal argument lists differ in length)
    method EntityType.create(Level,EntitySpawnRequest) is not applicable
      (actual and formal argument lists differ in length)
    method EntityType.create(ValueInput,Level,EntitySpawnRequest) is not applicable
      (actual and formal argument lists differ in length)
    method EntityType.create(EntityType<?>,ValueInput,Level,EntitySpawnReason) is not applicable
      (actual and formal argument lists differ in length)
C:\Users\justi\Documents\GitHub\AlexsMobs-26.2\src\main\java\com\github\alexthe666\alexsmobs\world\BeachedCachalotWhaleSpawner.java:79: error: cannot find symbol
                whale.moveTo(upPos.getX() + 0.5D, upPos.getY() + 0.5D, upPos.getZ() + 0.5D, random.nextFloat() * 360 - 180F, 0);
                     ^
  symbol:   method moveTo(double,double,double,float,int)
  location: variable whale of type EntityCachalotWhale
C:\Users\justi\Documents\GitHub\AlexsMobs-26.2\src\main\java\com\github\alexthe666\alexsmobs\world\BeachedCachalotWhaleSpawner.java:84: error: cannot find symbol
                whale.restrictTo(upPos, 16);
                     ^
  symbol:   method restrictTo(BlockPos,int)
  location: variable whale of type EntityCachalotWhale
C:\Users\justi\Documents\GitHub\AlexsMobs-26.2\src\main\java\com\github\alexthe666\alexsmobs\world\BeachedCachalotWhaleSpawner.java:102: error: cannot find symbol
            if (AMWorldRegistry.testBiome(BiomeConfig.cachalot_whale_beached_spawns, world.getBiome(blockpos1)) && NaturalSpawner.isSpawnPositionOk(Type.ON_GROUND, this.world, blockpos1, EntityType.WANDERING_TRADER)) {
                                                                                                                                                    ^
  symbol:   variable Type
  location: class BeachedCachalotWhaleSpawner
C:\Users\justi\Documents\GitHub\AlexsMobs-26.2\src\main\java\com\github\alexthe666\alexsmobs\world\BeachedCachalotWhaleSpawner.java:102: error: cannot find symbol
            if (AMWorldRegistry.testBiome(BiomeConfig.cachalot_whale_beached_spawns, world.getBiome(blockpos1)) && NaturalSpawner.isSpawnPositionOk(Type.ON_GROUND, this.world, blockpos1, EntityType.WANDERING_TRADER)) {
                                                                                                                                                                                                     ^
  symbol:   variable WANDERING_TRADER
  location: class EntityType
C:\Users\justi\Documents\GitHub\AlexsMobs-26.2\src\main\java\com\github\alexthe666\alexsmobs\item\AMArmorMaterial.java:40: error: method does not override or implement a method from a supertype
    @Override
    ^
C:\Users\justi\Documents\GitHub\AlexsMobs-26.2\src\main\java\com\github\alexthe666\alexsmobs\item\AMArmorMaterial.java:45: error: method does not override or implement a method from a supertype
    @Override
    ^
C:\Users\justi\Documents\GitHub\AlexsMobs-26.2\src\main\java\com\github\alexthe666\alexsmobs\item\AMArmorMaterial.java:50: error: method does not override or implement a method from a supertype
    @Override
    ^
C:\Users\justi\Documents\GitHub\AlexsMobs-26.2\src\main\java\com\github\alexthe666\alexsmobs\item\AMArmorMaterial.java:55: error: method does not override or implement a method from a supertype
    @Override
    ^
C:\Users\justi\Documents\GitHub\AlexsMobs-26.2\src\main\java\com\github\alexthe666\alexsmobs\item\AMArmorMaterial.java:60: error: method does not override or implement a method from a supertype
    @Override
    ^
C:\Users\justi\Documents\GitHub\AlexsMobs-26.2\src\main\java\com\github\alexthe666\alexsmobs\item\AMArmorMaterial.java:62: error: cannot find symbol
        return this.ingredient == null ? Ingredient.EMPTY : this.ingredient;
                                                   ^
  symbol:   variable EMPTY
  location: class Ingredient
C:\Users\justi\Documents\GitHub\AlexsMobs-26.2\src\main\java\com\github\alexthe666\alexsmobs\item\AMArmorMaterial.java:70: error: method does not override or implement a method from a supertype
    @Override
    ^
C:\Users\justi\Documents\GitHub\AlexsMobs-26.2\src\main\java\com\github\alexthe666\alexsmobs\item\AMArmorMaterial.java:75: error: method does not override or implement a method from a supertype
    @Override
    ^
C:\Users\justi\Documents\GitHub\AlexsMobs-26.2\src\main\java\com\github\alexthe666\alexsmobs\item\AMArmorMaterial.java:80: error: method does not override or implement a method from a supertype
    @Override
    ^
C:\Users\justi\Documents\GitHub\AlexsMobs-26.2\src\main\java\com\github\alexthe666\alexsmobs\item\AMBlockItem.java:43: error: cannot find symbol
            CompoundTag compoundtag = getBlockEntityData(itemstack);
                                      ^
  symbol:   method getBlockEntityData(ItemStack)
  location: class AMBlockItem
C:\Users\justi\Documents\GitHub\AlexsMobs-26.2\src\main\java\com\github\alexthe666\alexsmobs\item\AMBlockItem.java:46: error: invalid method reference
                ItemUtils.onContainerDestroyed(p_150700_, listtag.stream().map(CompoundTag.class::cast).map(ItemStack::of));
                                                                                                            ^
  cannot find symbol
    symbol:   method of()
    location: class ItemStack
C:\Users\justi\Documents\GitHub\AlexsMobs-26.2\src\main\java\com\github\alexthe666\alexsmobs\item\AMBlockItem.java:53: error: method canBeHurtBy in interface IItemExtension cannot be applied to given types;
        return super.canBeHurtBy(damage) && (this != AMBlockRegistry.TRANSMUTATION_TABLE.get().asItem() || !damage.is(DamageTypeTags.IS_EXPLOSION));
                    ^
  required: ItemStack,DamageSource
  found:    DamageSource
  reason: actual and formal argument lists differ in length
C:\Users\justi\Documents\GitHub\AlexsMobs-26.2\src\main\java\com\github\alexthe666\alexsmobs\item\AMBlockItem.java:74: error: cannot find symbol
            return new InteractionResultHolder<>(interactionresult, player.getItemInHand(hand));
                       ^
  symbol:   class InteractionResultHolder
  location: class AMBlockItem
C:\Users\justi\Documents\GitHub\AlexsMobs-26.2\src\main\java\com\github\alexthe666\alexsmobs\item\AMItemRegistry.java:38: error: incompatible types: Holder<SoundEvent> cannot be converted to SoundEvent
    public static final AMArmorMaterial ROADRUNNER_ARMOR_MATERIAL = new AMArmorMaterial("roadrunner", 18, new int[]{3, 3, 3, 3}, 20, SoundEvents.ARMOR_EQUIP_TURTLE, 0);
                                                                                                                                                ^
C:\Users\justi\Documents\GitHub\AlexsMobs-26.2\src\main\java\com\github\alexthe666\alexsmobs\item\AMItemRegistry.java:39: error: incompatible types: Holder<SoundEvent> cannot be converted to SoundEvent
    public static final AMArmorMaterial CROCODILE_ARMOR_MATERIAL = new AMArmorMaterial("crocodile", 22, new int[]{2, 5, 7, 3}, 25, SoundEvents.ARMOR_EQUIP_TURTLE, 1);
                                                                                                                                              ^
C:\Users\justi\Documents\GitHub\AlexsMobs-26.2\src\main\java\com\github\alexthe666\alexsmobs\item\AMItemRegistry.java:40: error: incompatible types: Holder<SoundEvent> cannot be converted to SoundEvent
    public static final AMArmorMaterial CENTIPEDE_ARMOR_MATERIAL = new AMArmorMaterial("centipede", 20, new int[]{6, 6, 6, 6}, 22, SoundEvents.ARMOR_EQUIP_TURTLE, 0.5F);
                                                                                                                                              ^
C:\Users\justi\Documents\GitHub\AlexsMobs-26.2\src\main\java\com\github\alexthe666\alexsmobs\item\AMItemRegistry.java:41: error: incompatible types: Holder<SoundEvent> cannot be converted to SoundEvent
    public static final AMArmorMaterial MOOSE_ARMOR_MATERIAL = new AMArmorMaterial("moose", 19, new int[]{3, 3, 3, 3}, 21, SoundEvents.ARMOR_EQUIP_TURTLE, 0.5F);
                                                                                                                                      ^
C:\Users\justi\Documents\GitHub\AlexsMobs-26.2\src\main\java\com\github\alexthe666\alexsmobs\item\AMItemRegistry.java:42: error: incompatible types: Holder<SoundEvent> cannot be converted to SoundEvent
    public static final AMArmorMaterial RACCOON_ARMOR_MATERIAL = new AMArmorMaterial("raccoon", 17, new int[]{3, 3, 3, 3}, 21, SoundEvents.ARMOR_EQUIP_LEATHER, 2.5F);
                                                                                                                                          ^
C:\Users\justi\Documents\GitHub\AlexsMobs-26.2\src\main\java\com\github\alexthe666\alexsmobs\item\AMItemRegistry.java:43: error: incompatible types: Holder<SoundEvent> cannot be converted to SoundEvent
    public static final AMArmorMaterial SOMBRERO_ARMOR_MATERIAL = new AMArmorMaterial("sombrero", 14, new int[]{2, 2, 2, 2}, 30, SoundEvents.ARMOR_EQUIP_LEATHER, 0.5F);
                                                                                                                                            ^
C:\Users\justi\Documents\GitHub\AlexsMobs-26.2\src\main\java\com\github\alexthe666\alexsmobs\item\AMItemRegistry.java:44: error: incompatible types: Holder<SoundEvent> cannot be converted to SoundEvent
    public static final AMArmorMaterial SPIKED_TURTLE_SHELL_ARMOR_MATERIAL = new AMArmorMaterial("spiked_turtle_shell", 35, new int[]{3, 3, 3, 3}, 30, SoundEvents.ARMOR_EQUIP_TURTLE, 1F, 0.2F);
                                                                                                                                                                  ^
C:\Users\justi\Documents\GitHub\AlexsMobs-26.2\src\main\java\com\github\alexthe666\alexsmobs\item\AMItemRegistry.java:45: error: incompatible types: Holder<SoundEvent> cannot be converted to SoundEvent
    public static final AMArmorMaterial FEDORA_ARMOR_MATERIAL = new AMArmorMaterial("fedora", 10, new int[]{2, 2, 2, 2}, 30, SoundEvents.ARMOR_EQUIP_LEATHER, 0.5F);
                                                                                                                                        ^
C:\Users\justi\Documents\GitHub\AlexsMobs-26.2\src\main\java\com\github\alexthe666\alexsmobs\item\AMItemRegistry.java:46: error: incompatible types: Holder<SoundEvent> cannot be converted to SoundEvent
    public static final AMArmorMaterial EMU_ARMOR_MATERIAL = new AMArmorMaterial("emu", 9, new int[]{4, 4, 4, 4}, 20, SoundEvents.ARMOR_EQUIP_LEATHER, 0.5F);
                                                                                                                                 ^
C:\Users\justi\Documents\GitHub\AlexsMobs-26.2\src\main\java\com\github\alexthe666\alexsmobs\item\AMItemRegistry.java:47: error: incompatible types: Holder<SoundEvent> cannot be converted to SoundEvent
    public static final AMArmorMaterial TARANTULA_HAWK_ELYTRA_MATERIAL = new AMArmorMaterial("tarantula_hawk_elytra", 9, new int[]{3, 3, 3, 3}, 5, SoundEvents.ARMOR_EQUIP_LEATHER, 0);
                                                                                                                                                              ^
C:\Users\justi\Documents\GitHub\AlexsMobs-26.2\src\main\java\com\github\alexthe666\alexsmobs\item\AMItemRegistry.java:48: error: incompatible types: Holder<SoundEvent> cannot be converted to SoundEvent
    public static final AMArmorMaterial FROSTSTALKER_ARMOR_MATERIAL = new AMArmorMaterial("froststalker", 9, new int[]{3, 3, 3, 3}, 15, SoundEvents.ARMOR_EQUIP_LEATHER, 0.5F);
                                                                                                                                                   ^
C:\Users\justi\Documents\GitHub\AlexsMobs-26.2\src\main\java\com\github\alexthe666\alexsmobs\item\AMItemRegistry.java:49: error: incompatible types: Holder<SoundEvent> cannot be converted to SoundEvent
    public static final AMArmorMaterial ROCKY_ARMOR_MATERIAL = new AMArmorMaterial("rocky_roller", 20, new int[]{2, 5, 7, 3}, 10, SoundEvents.ARMOR_EQUIP_TURTLE, 0.5F);
                                                                                                                                             ^
C:\Users\justi\Documents\GitHub\AlexsMobs-26.2\src\main\java\com\github\alexthe666\alexsmobs\item\AMItemRegistry.java:50: error: incompatible types: Holder<SoundEvent> cannot be converted to SoundEvent
    public static final AMArmorMaterial FLYING_FISH_MATERIAL = new AMArmorMaterial("flying_fish", 9, new int[]{1, 1, 1, 1}, 8, SoundEvents.ARMOR_EQUIP_LEATHER, 0F);
                                                                                                                                          ^
C:\Users\justi\Documents\GitHub\AlexsMobs-26.2\src\main\java\com\github\alexthe666\alexsmobs\item\AMItemRegistry.java:51: error: incompatible types: Holder<SoundEvent> cannot be converted to SoundEvent
    public static final AMArmorMaterial NOVELTY_HAT_MATERIAL = new AMArmorMaterial("novelty_hat", 10, new int[]{2, 2, 2, 2}, 30, SoundEvents.ARMOR_EQUIP_LEATHER, 0F);
                                                                                                                                            ^
C:\Users\justi\Documents\GitHub\AlexsMobs-26.2\src\main\java\com\github\alexthe666\alexsmobs\item\AMItemRegistry.java:52: error: incompatible types: Holder<SoundEvent> cannot be converted to SoundEvent
    public static final AMArmorMaterial KIMONO_MATERIAL = new AMArmorMaterial("kimono", 8, new int[]{3, 3, 3, 3}, 15, SoundEvents.ARMOR_EQUIP_LEATHER, 0F);
                                                                                                                                 ^
C:\Users\justi\Documents\GitHub\AlexsMobs-26.2\src\main\java\com\github\alexthe666\alexsmobs\item\AMItemRegistry.java:65: error: cannot find symbol
    public static final DeferredHolder<Item, Item> ROADDRUNNER_BOOTS = DEF_REG.register("roadrunner_boots", () -> new ItemModArmor(ROADRUNNER_ARMOR_MATERIAL, ArmorType.BOOTS));
                                                                                                                                                              ^
  symbol:   variable ArmorType
  location: class AMItemRegistry
C:\Users\justi\Documents\GitHub\AlexsMobs-26.2\src\main\java\com\github\alexthe666\alexsmobs\item\AMItemRegistry.java:70: error: cannot find symbol
    public static final DeferredHolder<Item, Item> CROCODILE_CHESTPLATE = DEF_REG.register("crocodile_chestplate", () -> new ItemModArmor(CROCODILE_ARMOR_MATERIAL, ArmorType.CHESTPLATE));
                                                                                                                                                                    ^
  symbol:   variable ArmorType
  location: class AMItemRegistry
C:\Users\justi\Documents\GitHub\AlexsMobs-26.2\src\main\java\com\github\alexthe666\alexsmobs\item\AMItemRegistry.java:71: error: cannot find symbol
    public static final DeferredHolder<Item, Item> MAGGOT = DEF_REG.register("maggot", () -> new Item(new Item.Properties().food(new FoodProperties.Builder().nutrition(1).saturationMod(0.2F).build())));
                                                                                                                                                                          ^
  symbol:   method saturationMod(float)
  location: class Builder
C:\Users\justi\Documents\GitHub\AlexsMobs-26.2\src\main\java\com\github\alexthe666\alexsmobs\item\AMItemRegistry.java:72: error: cannot find symbol
    public static final DeferredHolder<Item, Item> BANANA = DEF_REG.register("banana", () -> new Item(new Item.Properties().food(new FoodProperties.Builder().nutrition(4).saturationMod(0.3F).build())));
                                                                                                                                                                          ^
  symbol:   method saturationMod(float)
  location: class Builder
C:\Users\justi\Documents\GitHub\AlexsMobs-26.2\src\main\java\com\github\alexthe666\alexsmobs\item\AMItemRegistry.java:83: error: cannot find symbol
    public static final DeferredHolder<Item, Item> LOBSTER_TAIL = DEF_REG.register("lobster_tail", () -> new Item(new Item.Properties().food(new FoodProperties.Builder().nutrition(2).saturationMod(0.4F).meat().build())));
                                                                                                                                                                                      ^
  symbol:   method saturationMod(float)
  location: class Builder
C:\Users\justi\Documents\GitHub\AlexsMobs-26.2\src\main\java\com\github\alexthe666\alexsmobs\item\AMItemRegistry.java:84: error: cannot find symbol
    public static final DeferredHolder<Item, Item> COOKED_LOBSTER_TAIL = DEF_REG.register("cooked_lobster_tail", () -> new Item(new Item.Properties().food(new FoodProperties.Builder().nutrition(6).saturationMod(0.65F).meat().build())));
                                                                                                                                                                                                    ^
  symbol:   method saturationMod(float)
  location: class Builder
C:\Users\justi\Documents\GitHub\AlexsMobs-26.2\src\main\java\com\github\alexthe666\alexsmobs\item\AMItemRegistry.java:89: error: cannot find symbol
    public static final DeferredHolder<Item, Item> SOPA_DE_MACACO = DEF_REG.register("sopa_de_macaco", () -> new BowlFoodItem(new Item.Properties().food(new FoodProperties.Builder().nutrition(5).saturationMod(0.4F).meat().build()).stacksTo(1)));
                                                                                                                 ^
  symbol:   class BowlFoodItem
  location: class AMItemRegistry
C:\Users\justi\Documents\GitHub\AlexsMobs-26.2\src\main\java\com\github\alexthe666\alexsmobs\item\AMItemRegistry.java:89: error: cannot find symbol
    public static final DeferredHolder<Item, Item> SOPA_DE_MACACO = DEF_REG.register("sopa_de_macaco", () -> new BowlFoodItem(new Item.Properties().food(new FoodProperties.Builder().nutrition(5).saturationMod(0.4F).meat().build()).stacksTo(1)));
                                                                                                                                                                                                  ^
  symbol:   method saturationMod(float)
  location: class Builder
C:\Users\justi\Documents\GitHub\AlexsMobs-26.2\src\main\java\com\github\alexthe666\alexsmobs\item\AMItemRegistry.java:91: error: cannot find symbol
    public static final DeferredHolder<Item, Item> CENTIPEDE_LEGGINGS = DEF_REG.register("centipede_leggings", () -> new ItemModArmor(CENTIPEDE_ARMOR_MATERIAL, ArmorType.LEGGINGS));
                                                                                                                                                                ^
  symbol:   variable ArmorType
  location: class AMItemRegistry
C:\Users\justi\Documents\GitHub\AlexsMobs-26.2\src\main\java\com\github\alexthe666\alexsmobs\item\AMItemRegistry.java:94: error: cannot find symbol
    public static final DeferredHolder<Item, Item> MOOSE_HEADGEAR = DEF_REG.register("moose_headgear", () -> new ItemModArmor(MOOSE_ARMOR_MATERIAL, ArmorType.HELMET));
                                                                                                                                                    ^
  symbol:   variable ArmorType
  location: class AMItemRegistry
C:\Users\justi\Documents\GitHub\AlexsMobs-26.2\src\main\java\com\github\alexthe666\alexsmobs\item\AMItemRegistry.java:95: error: cannot find symbol
    public static final DeferredHolder<Item, Item> MOOSE_RIBS = DEF_REG.register("moose_ribs", () -> new Item(new Item.Properties().food(new FoodProperties.Builder().nutrition(3).saturationMod(0.6F).meat().build())));
                                                                                                                                                                                  ^
  symbol:   method saturationMod(float)
  location: class Builder
C:\Users\justi\Documents\GitHub\AlexsMobs-26.2\src\main\java\com\github\alexthe666\alexsmobs\item\AMItemRegistry.java:96: error: cannot find symbol
    public static final DeferredHolder<Item, Item> COOKED_MOOSE_RIBS = DEF_REG.register("cooked_moose_ribs", () -> new Item(new Item.Properties().food(new FoodProperties.Builder().nutrition(7).saturationMod(0.85F).meat().build())));
                                                                                                                                                                                                ^
  symbol:   method saturationMod(float)
  location: class Builder
C:\Users\justi\Documents\GitHub\AlexsMobs-26.2\src\main\java\com\github\alexthe666\alexsmobs\item\AMItemRegistry.java:99: error: cannot find symbol
    public static final DeferredHolder<Item, Item> FRONTIER_CAP = DEF_REG.register("frontier_cap", () -> new ItemModArmor(RACCOON_ARMOR_MATERIAL, ArmorType.HELMET));
                                                                                                                                                  ^
  symbol:   variable ArmorType
  location: class AMItemRegistry
C:\Users\justi\Documents\GitHub\AlexsMobs-26.2\src\main\java\com\github\alexthe666\alexsmobs\item\AMItemRegistry.java:100: error: cannot find symbol
    public static final DeferredHolder<Item, Item> BLOBFISH = DEF_REG.register("blobfish", () -> new Item(new Item.Properties().food(new FoodProperties.Builder().nutrition(3).saturationMod(0.4F).meat().effect(new MobEffectInstance(MobEffects.POISON, 120, 0), 1F).build())));
                                                                                                                                                                              ^
  symbol:   method saturationMod(float)
  location: class Builder
C:\Users\justi\Documents\GitHub\AlexsMobs-26.2\src\main\java\com\github\alexthe666\alexsmobs\item\AMItemRegistry.java:102: error: cannot find symbol
    public static final DeferredHolder<Item, Item> FISH_OIL = DEF_REG.register("fish_oil", () -> new ItemFishOil(new Item.Properties().craftRemainder(Items.GLASS_BOTTLE).food(new FoodProperties.Builder().nutrition(0).saturationMod(0.2F).build())));
                                                                                                                                                                                                                        ^
  symbol:   method saturationMod(float)
  location: class Builder
C:\Users\justi\Documents\GitHub\AlexsMobs-26.2\src\main\java\com\github\alexthe666\alexsmobs\item\AMItemRegistry.java:104: error: cannot find symbol
    public static final DeferredHolder<Item, Item> SOMBRERO = DEF_REG.register("sombrero", () -> new ItemModArmor(SOMBRERO_ARMOR_MATERIAL, ArmorType.HELMET));
                                                                                                                                           ^
  symbol:   variable ArmorType
  location: class AMItemRegistry
C:\Users\justi\Documents\GitHub\AlexsMobs-26.2\src\main\java\com\github\alexthe666\alexsmobs\item\AMItemRegistry.java:111: error: cannot find symbol
    public static final DeferredHolder<Item, Item> SPIKED_TURTLE_SHELL = DEF_REG.register("spiked_turtle_shell", () -> new ItemModArmor(SPIKED_TURTLE_SHELL_ARMOR_MATERIAL, ArmorType.HELMET));
                                                                                                                                                                            ^
  symbol:   variable ArmorType
  location: class AMItemRegistry
C:\Users\justi\Documents\GitHub\AlexsMobs-26.2\src\main\java\com\github\alexthe666\alexsmobs\item\AMItemRegistry.java:112: error: cannot find symbol
    public static final DeferredHolder<Item, Item> SHRIMP_FRIED_RICE = DEF_REG.register("shrimp_fried_rice", () -> new Item(new Item.Properties().food(new FoodProperties.Builder().nutrition(12).saturationMod(1F).build())));
                                                                                                                                                                                                 ^
  symbol:   method saturationMod(float)
  location: class Builder
C:\Users\justi\Documents\GitHub\AlexsMobs-26.2\src\main\java\com\github\alexthe666\alexsmobs\item\AMItemRegistry.java:123: error: cannot find symbol
    public static final DeferredHolder<Item, Item> BOILED_EMU_EGG = DEF_REG.register("boiled_emu_egg", () -> new Item(new Item.Properties().food(new FoodProperties.Builder().nutrition(4).saturationMod(1F).meat().build())));
                                                                                                                                                                                          ^
  symbol:   method saturationMod(float)
  location: class Builder
C:\Users\justi\Documents\GitHub\AlexsMobs-26.2\src\main\java\com\github\alexthe666\alexsmobs\item\AMItemRegistry.java:125: error: cannot find symbol
    public static final DeferredHolder<Item, Item> EMU_LEGGINGS = DEF_REG.register("emu_leggings", () -> new ItemModArmor(EMU_ARMOR_MATERIAL, ArmorType.LEGGINGS));
                                                                                                                                              ^
  symbol:   variable ArmorType
  location: class AMItemRegistry
C:\Users\justi\Documents\GitHub\AlexsMobs-26.2\src\main\java\com\github\alexthe666\alexsmobs\item\AMItemRegistry.java:127: error: cannot find symbol
    public static final DeferredHolder<Item, Item> FEDORA = DEF_REG.register("fedora", () -> new ItemModArmor(FEDORA_ARMOR_MATERIAL, ArmorType.HELMET));
                                                                                                                                     ^
  symbol:   variable ArmorType
  location: class AMItemRegistry
C:\Users\justi\Documents\GitHub\AlexsMobs-26.2\src\main\java\com\github\alexthe666\alexsmobs\item\AMItemRegistry.java:129: error: cannot find symbol
    public static final DeferredHolder<Item, Item> KANGAROO_MEAT = DEF_REG.register("kangaroo_meat", () -> new Item(new Item.Properties().food(new FoodProperties.Builder().nutrition(4).saturationMod(0.6F).meat().build())));
                                                                                                                                                                                        ^
  symbol:   method saturationMod(float)
  location: class Builder
C:\Users\justi\Documents\GitHub\AlexsMobs-26.2\src\main\java\com\github\alexthe666\alexsmobs\item\AMItemRegistry.java:130: error: cannot find symbol
    public static final DeferredHolder<Item, Item> COOKED_KANGAROO_MEAT = DEF_REG.register("cooked_kangaroo_meat", () -> new Item(new Item.Properties().food(new FoodProperties.Builder().nutrition(8).saturationMod(0.85F).meat().build())));
                                                                                                                                                                                                      ^
  symbol:   method saturationMod(float)
  location: class Builder
C:\Users\justi\Documents\GitHub\AlexsMobs-26.2\src\main\java\com\github\alexthe666\alexsmobs\item\AMItemRegistry.java:132: error: cannot find symbol
    public static final DeferredHolder<Item, Item> KANGAROO_BURGER = DEF_REG.register("kangaroo_burger", () -> new Item(new Item.Properties().food(new FoodProperties.Builder().nutrition(12).saturationMod(1F).meat().build())));
                                                                                                                                                                                             ^
  symbol:   method saturationMod(float)
  location: class Builder
C:\Users\justi\Documents\GitHub\AlexsMobs-26.2\src\main\java\com\github\alexthe666\alexsmobs\item\AMItemRegistry.java:137: error: cannot find symbol
    public static final DeferredHolder<Item, Item> GONGYLIDIA = DEF_REG.register("gongylidia", () -> new Item(new Item.Properties().food(new FoodProperties.Builder().nutrition(3).saturationMod(1.2F).build())));
                                                                                                                                                                                  ^
  symbol:   method saturationMod(float)
  location: class Builder
C:\Users\justi\Documents\GitHub\AlexsMobs-26.2\src\main\java\com\github\alexthe666\alexsmobs\item\AMItemRegistry.java:157: error: cannot find symbol
    public static final DeferredHolder<Item, Item> FROSTSTALKER_HELMET = DEF_REG.register("froststalker_helmet", () -> new ItemModArmor(FROSTSTALKER_ARMOR_MATERIAL, ArmorType.HELMET));
                                                                                                                                                                     ^
  symbol:   variable ArmorType
  location: class AMItemRegistry
C:\Users\justi\Documents\GitHub\AlexsMobs-26.2\src\main\java\com\github\alexthe666\alexsmobs\item\AMItemRegistry.java:161: error: no suitable constructor found for MobEffectInstance(MobEffect,int)
    public static final DeferredHolder<Item, Item> COSMIC_COD = DEF_REG.register("cosmic_cod", () -> new Item(new Item.Properties().food(new FoodProperties.Builder().nutrition(6).saturationMod(0.3F).effect(new MobEffectInstance(AMEffectRegistry.ENDER_FLU.get(), 12000), 0.15F).build())));
                                                                                                                                                                                                              ^
    constructor MobEffectInstance.MobEffectInstance(Holder<MobEffect>,int) is not applicable
      (argument mismatch; MobEffect cannot be converted to Holder<MobEffect>)
    constructor MobEffectInstance.MobEffectInstance(Holder<MobEffect>,Details) is not applicable
      (argument mismatch; MobEffect cannot be converted to Holder<MobEffect>)
C:\Users\justi\Documents\GitHub\AlexsMobs-26.2\src\main\java\com\github\alexthe666\alexsmobs\item\AMItemRegistry.java:161: error: cannot find symbol
    public static final DeferredHolder<Item, Item> COSMIC_COD = DEF_REG.register("cosmic_cod", () -> new Item(new Item.Properties().food(new FoodProperties.Builder().nutrition(6).saturationMod(0.3F).effect(new MobEffectInstance(AMEffectRegistry.ENDER_FLU.get(), 12000), 0.15F).build())));
                                                                                                                                                                                  ^
  symbol:   method saturationMod(float)
  location: class Builder
C:\Users\justi\Documents\GitHub\AlexsMobs-26.2\src\main\java\com\github\alexthe666\alexsmobs\item\AMItemRegistry.java:167: error: cannot find symbol
    public static final DeferredHolder<Item, Item> ROCKY_CHESTPLATE = DEF_REG.register("rocky_chestplate", () -> new ItemModArmor(ROCKY_ARMOR_MATERIAL, ArmorType.CHESTPLATE));
                                                                                                                                                        ^
  symbol:   variable ArmorType
  location: class AMItemRegistry
C:\Users\justi\Documents\GitHub\AlexsMobs-26.2\src\main\java\com\github\alexthe666\alexsmobs\item\AMItemRegistry.java:171: error: cannot find symbol
    public static final DeferredHolder<Item, Item> RAINBOW_JELLY = DEF_REG.register("rainbow_jelly", () -> new ItemRainbowJelly(new Item.Properties().food(new FoodProperties.Builder().nutrition(1).saturationMod(0.2F).build())));
                                                                                                                                                                                                    ^
  symbol:   method saturationMod(float)
  location: class Builder
C:\Users\justi\Documents\GitHub\AlexsMobs-26.2\src\main\java\com\github\alexthe666\alexsmobs\item\AMItemRegistry.java:182: error: cannot find symbol
    public static final DeferredHolder<Item, Item> RAW_CATFISH = DEF_REG.register("raw_catfish", () -> new Item(new Item.Properties().food(new FoodProperties.Builder().nutrition(2).saturationMod(0.3F).meat().build())));
                                                                                                                                                                                    ^
  symbol:   method saturationMod(float)
  location: class Builder
C:\Users\justi\Documents\GitHub\AlexsMobs-26.2\src\main\java\com\github\alexthe666\alexsmobs\item\AMItemRegistry.java:183: error: cannot find symbol
    public static final DeferredHolder<Item, Item> COOKED_CATFISH = DEF_REG.register("cooked_catfish", () -> new Item(new Item.Properties().food(new FoodProperties.Builder().nutrition(5).saturationMod(0.5F).meat().build())));
                                                                                                                                                                                          ^
  symbol:   method saturationMod(float)
  location: class Builder
C:\Users\justi\Documents\GitHub\AlexsMobs-26.2\src\main\java\com\github\alexthe666\alexsmobs\item\AMItemRegistry.java:184: error: cannot find symbol
    public static final DeferredHolder<Item, Item> FLYING_FISH = DEF_REG.register("flying_fish", () -> new Item(new Item.Properties().food(new FoodProperties.Builder().nutrition(3).saturationMod(0.4F).meat().build())));
                                                                                                                                                                                    ^
  symbol:   method saturationMod(float)
  location: class Builder
C:\Users\justi\Documents\GitHub\AlexsMobs-26.2\src\main\java\com\github\alexthe666\alexsmobs\item\AMItemRegistry.java:185: error: cannot find symbol
    public static final DeferredHolder<Item, Item> FLYING_FISH_BOOTS = DEF_REG.register("flying_fish_boots", () -> new ItemModArmor(FLYING_FISH_MATERIAL, ArmorType.BOOTS));
                                                                                                                                                          ^
  symbol:   variable ArmorType
  location: class AMItemRegistry
C:\Users\justi\Documents\GitHub\AlexsMobs-26.2\src\main\java\com\github\alexthe666\alexsmobs\item\AMItemRegistry.java:191: error: cannot find symbol
    public static final DeferredHolder<Item, Item> NOVELTY_HAT = DEF_REG.register("novelty_hat", () -> new ItemModArmor(NOVELTY_HAT_MATERIAL, ArmorType.HELMET));
                                                                                                                                              ^
  symbol:   variable ArmorType
  location: class AMItemRegistry
C:\Users\justi\Documents\GitHub\AlexsMobs-26.2\src\main\java\com\github\alexthe666\alexsmobs\item\AMItemRegistry.java:198: error: cannot find symbol
    public static final DeferredHolder<Item, Item> UNSETTLING_KIMONO = DEF_REG.register("unsettling_kimono", () -> new ItemModArmor(KIMONO_MATERIAL, ArmorType.CHESTPLATE));
                                                                                                                                                     ^
  symbol:   variable ArmorType
  location: class AMItemRegistry
C:\Users\justi\Documents\GitHub\AlexsMobs-26.2\src\main\java\com\github\alexthe666\alexsmobs\item\AMItemRegistry.java:211: error: cannot find symbol
    public static final DeferredHolder<Item, Item> MOSQUITO_REPELLENT_STEW = DEF_REG.register("mosquito_repellent_stew", () -> new BowlFoodItem(new Item.Properties().food(new FoodProperties.Builder().nutrition(4).alwaysEat().saturationMod(0.3F).effect(() -> new MobEffectInstance(AMEffectRegistry.MOSQUITO_REPELLENT.get(), 24000), 1.0F).build()).stacksTo(1)));
                                                                                                                                   ^
  symbol:   class BowlFoodItem
  location: class AMItemRegistry
C:\Users\justi\Documents\GitHub\AlexsMobs-26.2\src\main\java\com\github\alexthe666\alexsmobs\item\AMItemRegistry.java:211: error: cannot find symbol
    public static final DeferredHolder<Item, Item> MOSQUITO_REPELLENT_STEW = DEF_REG.register("mosquito_repellent_stew", () -> new BowlFoodItem(new Item.Properties().food(new FoodProperties.Builder().nutrition(4).alwaysEat().saturationMod(0.3F).effect(() -> new MobEffectInstance(AMEffectRegistry.MOSQUITO_REPELLENT.get(), 24000), 1.0F).build()).stacksTo(1)));
                                                                                                                                                                                                                    ^
  symbol:   method alwaysEat()
  location: class Builder
C:\Users\justi\Documents\GitHub\AlexsMobs-26.2\src\main\java\com\github\alexthe666\alexsmobs\item\AMItemRegistry.java:211: error: cannot find symbol
    public static final DeferredHolder<Item, Item> MOSQUITO_REPELLENT_STEW = DEF_REG.register("mosquito_repellent_stew", () -> new BowlFoodItem(new Item.Properties().food(new FoodProperties.Builder().nutrition(4).alwaysEat().saturationMod(0.3F).effect(() -> new MobEffectInstance(AMEffectRegistry.MOSQUITO_REPELLENT.get(), 24000), 1.0F).build()).stacksTo(1)));
                                                                                                                                                                                                                                                                                                        ^
  symbol:   variable MOSQUITO_REPELLENT
  location: class AMEffectRegistry
C:\Users\justi\Documents\GitHub\AlexsMobs-26.2\src\main\java\com\github\alexthe666\alexsmobs\item\AMItemRegistry.java:214: error: cannot find symbol
    public static final DeferredHolder<Item, Item> MUSIC_DISC_THIME = DEF_REG.register("music_disc_thime", () -> new RecordItem(14, AMSoundRegistry.MUSIC_DISC_THIME, new Item.Properties().stacksTo(1).rarity(Rarity.RARE), 314 * 20));
                                                                                                                     ^
  symbol:   class RecordItem
  location: class AMItemRegistry
C:\Users\justi\Documents\GitHub\AlexsMobs-26.2\src\main\java\com\github\alexthe666\alexsmobs\item\AMItemRegistry.java:215: error: cannot find symbol
    public static final DeferredHolder<Item, Item> MUSIC_DISC_DAZE = DEF_REG.register("music_disc_daze", () -> new RecordItem(14, AMSoundRegistry.MUSIC_DISC_DAZE, new Item.Properties().stacksTo(1).rarity(Rarity.RARE), 191 * 20));
                                                                                                                   ^
  symbol:   class RecordItem
  location: class AMItemRegistry
C:\Users\justi\Documents\GitHub\AlexsMobs-26.2\src\main\java\com\github\alexthe666\alexsmobs\item\AMItemRegistry.java:218: error: cannot find symbol
        DEF_REG.register("spawn_egg_grizzly_bear", () -> new ForgeSpawnEggItem(AMEntityRegistry.GRIZZLY_BEAR, 0X693A2C, 0X976144, new Item.Properties()));
                                                             ^
  symbol:   class ForgeSpawnEggItem
  location: class AMItemRegistry
C:\Users\justi\Documents\GitHub\AlexsMobs-26.2\src\main\java\com\github\alexthe666\alexsmobs\item\AMItemRegistry.java:219: error: cannot find symbol
        DEF_REG.register("spawn_egg_roadrunner", () -> new ForgeSpawnEggItem(AMEntityRegistry.ROADRUNNER, 0X3A2E26, 0XFBE9CE, new Item.Properties()));
                                                           ^
  symbol:   class ForgeSpawnEggItem
  location: class AMItemRegistry
C:\Users\justi\Documents\GitHub\AlexsMobs-26.2\src\main\java\com\github\alexthe666\alexsmobs\item\AMItemRegistry.java:220: error: cannot find symbol
        DEF_REG.register("spawn_egg_bone_serpent", () -> new ForgeSpawnEggItem(AMEntityRegistry.BONE_SERPENT, 0XE5D9C4, 0XFF6038, new Item.Properties()));
                                                             ^
  symbol:   class ForgeSpawnEggItem
  location: class AMItemRegistry
C:\Users\justi\Documents\GitHub\AlexsMobs-26.2\src\main\java\com\github\alexthe666\alexsmobs\item\AMItemRegistry.java:221: error: cannot find symbol
        DEF_REG.register("spawn_egg_gazelle", () -> new ForgeSpawnEggItem(AMEntityRegistry.GAZELLE, 0XDDA675,0X2C2925, new Item.Properties()));
                                                        ^
  symbol:   class ForgeSpawnEggItem
  location: class AMItemRegistry
C:\Users\justi\Documents\GitHub\AlexsMobs-26.2\src\main\java\com\github\alexthe666\alexsmobs\item\AMItemRegistry.java:222: error: cannot find symbol
        DEF_REG.register("spawn_egg_crocodile", () -> new ForgeSpawnEggItem(AMEntityRegistry.CROCODILE, 0X738940,0XA6A15E, new Item.Properties()));
                                                          ^
  symbol:   class ForgeSpawnEggItem
  location: class AMItemRegistry
C:\Users\justi\Documents\GitHub\AlexsMobs-26.2\src\main\java\com\github\alexthe666\alexsmobs\item\AMItemRegistry.java:223: error: cannot find symbol
        DEF_REG.register("spawn_egg_fly", () -> new ForgeSpawnEggItem(AMEntityRegistry.FLY, 0X464241,0X892E2E, new Item.Properties()));
                                                    ^
  symbol:   class ForgeSpawnEggItem
  location: class AMItemRegistry
C:\Users\justi\Documents\GitHub\AlexsMobs-26.2\src\main\java\com\github\alexthe666\alexsmobs\item\AMItemRegistry.java:224: error: cannot find symbol
        DEF_REG.register("spawn_egg_hummingbird", () -> new ForgeSpawnEggItem(AMEntityRegistry.HUMMINGBIRD, 0X325E7F,0X44A75F, new Item.Properties()));
                                                            ^
  symbol:   class ForgeSpawnEggItem
  location: class AMItemRegistry
C:\Users\justi\Documents\GitHub\AlexsMobs-26.2\src\main\java\com\github\alexthe666\alexsmobs\item\AMItemRegistry.java:225: error: cannot find symbol
        DEF_REG.register("spawn_egg_orca", () -> new ForgeSpawnEggItem(AMEntityRegistry.ORCA, 0X2C2C2C,0XD6D8E4, new Item.Properties()));
                                                     ^
  symbol:   class ForgeSpawnEggItem
  location: class AMItemRegistry
C:\Users\justi\Documents\GitHub\AlexsMobs-26.2\src\main\java\com\github\alexthe666\alexsmobs\item\AMItemRegistry.java:226: error: cannot find symbol
        DEF_REG.register("spawn_egg_sunbird", () -> new ForgeSpawnEggItem(AMEntityRegistry.SUNBIRD, 0XF6694F,0XFFDDA0, new Item.Properties()));
                                                        ^
  symbol:   class ForgeSpawnEggItem
  location: class AMItemRegistry
C:\Users\justi\Documents\GitHub\AlexsMobs-26.2\src\main\java\com\github\alexthe666\alexsmobs\item\AMItemRegistry.java:227: error: cannot find symbol
        DEF_REG.register("spawn_egg_gorilla", () -> new ForgeSpawnEggItem(AMEntityRegistry.GORILLA, 0X595B5D,0X1C1C21, new Item.Properties()));
                                                        ^
  symbol:   class ForgeSpawnEggItem
  location: class AMItemRegistry
C:\Users\justi\Documents\GitHub\AlexsMobs-26.2\src\main\java\com\github\alexthe666\alexsmobs\item\AMItemRegistry.java:228: error: cannot find symbol
        DEF_REG.register("spawn_egg_crimson_mosquito", () -> new ForgeSpawnEggItem(AMEntityRegistry.CRIMSON_MOSQUITO, 0X53403F,0XC11A1A, new Item.Properties()));
                                                                 ^
  symbol:   class ForgeSpawnEggItem
  location: class AMItemRegistry
C:\Users\justi\Documents\GitHub\AlexsMobs-26.2\src\main\java\com\github\alexthe666\alexsmobs\item\AMItemRegistry.java:229: error: cannot find symbol
        DEF_REG.register("spawn_egg_rattlesnake", () -> new ForgeSpawnEggItem(AMEntityRegistry.RATTLESNAKE, 0XCEB994,0X937A5B, new Item.Properties()));
                                                            ^
  symbol:   class ForgeSpawnEggItem
  location: class AMItemRegistry
C:\Users\justi\Documents\GitHub\AlexsMobs-26.2\src\main\java\com\github\alexthe666\alexsmobs\item\AMItemRegistry.java:230: error: cannot find symbol
        DEF_REG.register("spawn_egg_endergrade", () -> new ForgeSpawnEggItem(AMEntityRegistry.ENDERGRADE, 0X7862B3,0x81BDEB, new Item.Properties()));
                                                           ^
  symbol:   class ForgeSpawnEggItem
  location: class AMItemRegistry
C:\Users\justi\Documents\GitHub\AlexsMobs-26.2\src\main\java\com\github\alexthe666\alexsmobs\item\AMItemRegistry.java:231: error: cannot find symbol
        DEF_REG.register("spawn_egg_hammerhead_shark", () -> new ForgeSpawnEggItem(AMEntityRegistry.HAMMERHEAD_SHARK, 0X8A92B5,0XB9BED8, new Item.Properties()));
                                                                 ^
  symbol:   class ForgeSpawnEggItem
  location: class AMItemRegistry
C:\Users\justi\Documents\GitHub\AlexsMobs-26.2\src\main\java\com\github\alexthe666\alexsmobs\item\AMItemRegistry.java:232: error: cannot find symbol
        DEF_REG.register("spawn_egg_lobster", () -> new ForgeSpawnEggItem(AMEntityRegistry.LOBSTER, 0XC43123,0XDD5F38, new Item.Properties()));
                                                        ^
  symbol:   class ForgeSpawnEggItem
  location: class AMItemRegistry
C:\Users\justi\Documents\GitHub\AlexsMobs-26.2\src\main\java\com\github\alexthe666\alexsmobs\item\AMItemRegistry.java:233: error: cannot find symbol
        DEF_REG.register("spawn_egg_komodo_dragon", () -> new ForgeSpawnEggItem(AMEntityRegistry.KOMODO_DRAGON, 0X746C4F,0X564231, new Item.Properties()));
                                                              ^
  symbol:   class ForgeSpawnEggItem
  location: class AMItemRegistry
C:\Users\justi\Documents\GitHub\AlexsMobs-26.2\src\main\java\com\github\alexthe666\alexsmobs\item\AMItemRegistry.java:234: error: cannot find symbol
        DEF_REG.register("spawn_egg_capuchin_monkey", () -> new ForgeSpawnEggItem(AMEntityRegistry.CAPUCHIN_MONKEY, 0X25211F,0XF1DAB3, new Item.Properties()));
                                                                ^
  symbol:   class ForgeSpawnEggItem
  location: class AMItemRegistry
C:\Users\justi\Documents\GitHub\AlexsMobs-26.2\src\main\java\com\github\alexthe666\alexsmobs\item\AMItemRegistry.java:235: error: cannot find symbol
        DEF_REG.register("spawn_egg_centipede", () -> new ForgeSpawnEggItem(AMEntityRegistry.CENTIPEDE_HEAD, 0X342B2E,0X733449, new Item.Properties()));
                                                          ^
  symbol:   class ForgeSpawnEggItem
  location: class AMItemRegistry
C:\Users\justi\Documents\GitHub\AlexsMobs-26.2\src\main\java\com\github\alexthe666\alexsmobs\item\AMItemRegistry.java:236: error: cannot find symbol
        DEF_REG.register("spawn_egg_warped_toad", () -> new ForgeSpawnEggItem(AMEntityRegistry.WARPED_TOAD, 0X1F968E,0XFEAC6D, new Item.Properties()));
                                                            ^
  symbol:   class ForgeSpawnEggItem
  location: class AMItemRegistry
C:\Users\justi\Documents\GitHub\AlexsMobs-26.2\src\main\java\com\github\alexthe666\alexsmobs\item\AMItemRegistry.java:237: error: cannot find symbol
        DEF_REG.register("spawn_egg_moose", () -> new ForgeSpawnEggItem(AMEntityRegistry.MOOSE, 0X36302A,0XD4B183, new Item.Properties()));
                                                      ^
  symbol:   class ForgeSpawnEggItem
  location: class AMItemRegistry
C:\Users\justi\Documents\GitHub\AlexsMobs-26.2\src\main\java\com\github\alexthe666\alexsmobs\item\AMItemRegistry.java:238: error: cannot find symbol
        DEF_REG.register("spawn_egg_mimicube", () -> new ForgeSpawnEggItem(AMEntityRegistry.MIMICUBE, 0X8A80C1,0X5E4F6F, new Item.Properties()));
                                                         ^
  symbol:   class ForgeSpawnEggItem
  location: class AMItemRegistry
C:\Users\justi\Documents\GitHub\AlexsMobs-26.2\src\main\java\com\github\alexthe666\alexsmobs\item\AMItemRegistry.java:239: error: cannot find symbol
        DEF_REG.register("spawn_egg_raccoon", () -> new ForgeSpawnEggItem(AMEntityRegistry.RACCOON, 0X85827E,0X2A2726, new Item.Properties()));
                                                        ^
  symbol:   class ForgeSpawnEggItem
  location: class AMItemRegistry
C:\Users\justi\Documents\GitHub\AlexsMobs-26.2\src\main\java\com\github\alexthe666\alexsmobs\item\AMItemRegistry.java:240: error: cannot find symbol
        DEF_REG.register("spawn_egg_blobfish", () -> new ForgeSpawnEggItem(AMEntityRegistry.BLOBFISH, 0XDBC6BD,0X9E7A7F, new Item.Properties()));
                                                         ^
  symbol:   class ForgeSpawnEggItem
  location: class AMItemRegistry
C:\Users\justi\Documents\GitHub\AlexsMobs-26.2\src\main\java\com\github\alexthe666\alexsmobs\item\AMItemRegistry.java:241: error: cannot find symbol
        DEF_REG.register("spawn_egg_seal", () -> new ForgeSpawnEggItem(AMEntityRegistry.SEAL, 0X483C32,0X66594C, new Item.Properties()));
                                                     ^
  symbol:   class ForgeSpawnEggItem
  location: class AMItemRegistry
C:\Users\justi\Documents\GitHub\AlexsMobs-26.2\src\main\java\com\github\alexthe666\alexsmobs\item\AMItemRegistry.java:242: error: cannot find symbol
        DEF_REG.register("spawn_egg_cockroach", () -> new ForgeSpawnEggItem(AMEntityRegistry.COCKROACH, 0X0D0909,0X42241E, new Item.Properties()));
                                                          ^
  symbol:   class ForgeSpawnEggItem
  location: class AMItemRegistry
C:\Users\justi\Documents\GitHub\AlexsMobs-26.2\src\main\java\com\github\alexthe666\alexsmobs\item\AMItemRegistry.java:243: error: cannot find symbol
        DEF_REG.register("spawn_egg_shoebill", () -> new ForgeSpawnEggItem(AMEntityRegistry.SHOEBILL, 0X828282,0XD5B48A, new Item.Properties()));
                                                         ^
  symbol:   class ForgeSpawnEggItem
  location: class AMItemRegistry
C:\Users\justi\Documents\GitHub\AlexsMobs-26.2\src\main\java\com\github\alexthe666\alexsmobs\item\AMItemRegistry.java:244: error: cannot find symbol
        DEF_REG.register("spawn_egg_elephant", () -> new ForgeSpawnEggItem(AMEntityRegistry.ELEPHANT, 0X8D8987,0XEDE5D1, new Item.Properties()));
                                                         ^
  symbol:   class ForgeSpawnEggItem
  location: class AMItemRegistry
C:\Users\justi\Documents\GitHub\AlexsMobs-26.2\src\main\java\com\github\alexthe666\alexsmobs\item\AMItemRegistry.java:245: error: cannot find symbol
        DEF_REG.register("spawn_egg_soul_vulture", () -> new ForgeSpawnEggItem(AMEntityRegistry.SOUL_VULTURE, 0X23262D,0X57F4FF, new Item.Properties()));
                                                             ^
  symbol:   class ForgeSpawnEggItem
  location: class AMItemRegistry
C:\Users\justi\Documents\GitHub\AlexsMobs-26.2\src\main\java\com\github\alexthe666\alexsmobs\item\AMItemRegistry.java:246: error: cannot find symbol
        DEF_REG.register("spawn_egg_snow_leopard", () -> new ForgeSpawnEggItem(AMEntityRegistry.SNOW_LEOPARD, 0XACA293,0X26201D, new Item.Properties()));
                                                             ^
  symbol:   class ForgeSpawnEggItem
  location: class AMItemRegistry
C:\Users\justi\Documents\GitHub\AlexsMobs-26.2\src\main\java\com\github\alexthe666\alexsmobs\item\AMItemRegistry.java:247: error: cannot find symbol
        DEF_REG.register("spawn_egg_spectre", () -> new ForgeSpawnEggItem(AMEntityRegistry.SPECTRE, 0XC8D0EF,0X8791EF, new Item.Properties()));
                                                        ^
  symbol:   class ForgeSpawnEggItem
  location: class AMItemRegistry
C:\Users\justi\Documents\GitHub\AlexsMobs-26.2\src\main\java\com\github\alexthe666\alexsmobs\item\AMItemRegistry.java:248: error: cannot find symbol
        DEF_REG.register("spawn_egg_crow", () -> new ForgeSpawnEggItem(AMEntityRegistry.CROW, 0X0D111C,0X1C2030, new Item.Properties()));
                                                     ^
  symbol:   class ForgeSpawnEggItem
  location: class AMItemRegistry
C:\Users\justi\Documents\GitHub\AlexsMobs-26.2\src\main\java\com\github\alexthe666\alexsmobs\item\AMItemRegistry.java:249: error: cannot find symbol
        DEF_REG.register("spawn_egg_alligator_snapping_turtle", () -> new ForgeSpawnEggItem(AMEntityRegistry.ALLIGATOR_SNAPPING_TURTLE, 0X6C5C52,0X456926, new Item.Properties()));
                                                                          ^
  symbol:   class ForgeSpawnEggItem
  location: class AMItemRegistry
C:\Users\justi\Documents\GitHub\AlexsMobs-26.2\src\main\java\com\github\alexthe666\alexsmobs\item\AMItemRegistry.java:250: error: cannot find symbol
        DEF_REG.register("spawn_egg_mungus", () -> new ForgeSpawnEggItem(AMEntityRegistry.MUNGUS, 0X836A8D,0X45454C, new Item.Properties()));
                                                       ^
  symbol:   class ForgeSpawnEggItem
  location: class AMItemRegistry
C:\Users\justi\Documents\GitHub\AlexsMobs-26.2\src\main\java\com\github\alexthe666\alexsmobs\item\AMItemRegistry.java:251: error: cannot find symbol
        DEF_REG.register("spawn_egg_mantis_shrimp", () -> new ForgeSpawnEggItem(AMEntityRegistry.MANTIS_SHRIMP, 0XDB4858,0X15991E, new Item.Properties()));
                                                              ^
  symbol:   class ForgeSpawnEggItem
  location: class AMItemRegistry
C:\Users\justi\Documents\GitHub\AlexsMobs-26.2\src\main\java\com\github\alexthe666\alexsmobs\item\AMItemRegistry.java:252: error: cannot find symbol
        DEF_REG.register("spawn_egg_guster", () -> new ForgeSpawnEggItem(AMEntityRegistry.GUSTER, 0XF8D49A,0XFF720A, new Item.Properties()));
                                                       ^
  symbol:   class ForgeSpawnEggItem
  location: class AMItemRegistry
C:\Users\justi\Documents\GitHub\AlexsMobs-26.2\src\main\java\com\github\alexthe666\alexsmobs\item\AMItemRegistry.java:253: error: cannot find symbol
        DEF_REG.register("spawn_egg_warped_mosco", () -> new ForgeSpawnEggItem(AMEntityRegistry.WARPED_MOSCO, 0X322F58,0X5B5EF1, new Item.Properties()));
                                                             ^
  symbol:   class ForgeSpawnEggItem
  location: class AMItemRegistry
C:\Users\justi\Documents\GitHub\AlexsMobs-26.2\src\main\java\com\github\alexthe666\alexsmobs\item\AMItemRegistry.java:254: error: cannot find symbol
        DEF_REG.register("spawn_egg_straddler", () -> new ForgeSpawnEggItem(AMEntityRegistry.STRADDLER, 0X5D5F6E,0XCDA886, new Item.Properties()));
                                                          ^
  symbol:   class ForgeSpawnEggItem
  location: class AMItemRegistry
C:\Users\justi\Documents\GitHub\AlexsMobs-26.2\src\main\java\com\github\alexthe666\alexsmobs\item\AMItemRegistry.java:255: error: cannot find symbol
        DEF_REG.register("spawn_egg_stradpole", () -> new ForgeSpawnEggItem(AMEntityRegistry.STRADPOLE, 0X5D5F6E,0X576A8B, new Item.Properties()));
                                                          ^
  symbol:   class ForgeSpawnEggItem
  location: class AMItemRegistry
C:\Users\justi\Documents\GitHub\AlexsMobs-26.2\src\main\java\com\github\alexthe666\alexsmobs\item\AMItemRegistry.java:256: error: cannot find symbol
        DEF_REG.register("spawn_egg_emu", () -> new ForgeSpawnEggItem(AMEntityRegistry.EMU, 0X665346,0X3B3938, new Item.Properties()));
                                                    ^
  symbol:   class ForgeSpawnEggItem
  location: class AMItemRegistry
C:\Users\justi\Documents\GitHub\AlexsMobs-26.2\src\main\java\com\github\alexthe666\alexsmobs\item\AMItemRegistry.java:257: error: cannot find symbol
        DEF_REG.register("spawn_egg_platypus", () -> new ForgeSpawnEggItem(AMEntityRegistry.PLATYPUS, 0X7D503E,0X363B43, new Item.Properties()));
                                                         ^
  symbol:   class ForgeSpawnEggItem
  location: class AMItemRegistry
C:\Users\justi\Documents\GitHub\AlexsMobs-26.2\src\main\java\com\github\alexthe666\alexsmobs\item\AMItemRegistry.java:258: error: cannot find symbol
        DEF_REG.register("spawn_egg_dropbear", () -> new ForgeSpawnEggItem(AMEntityRegistry.DROPBEAR, 0X8A2D35,0X60A3A3, new Item.Properties()));
                                                         ^
  symbol:   class ForgeSpawnEggItem
  location: class AMItemRegistry
C:\Users\justi\Documents\GitHub\AlexsMobs-26.2\src\main\java\com\github\alexthe666\alexsmobs\item\AMItemRegistry.java:259: error: cannot find symbol
        DEF_REG.register("spawn_egg_tasmanian_devil", () -> new ForgeSpawnEggItem(AMEntityRegistry.TASMANIAN_DEVIL, 0X252426,0XA8B4BF, new Item.Properties()));
                                                                ^
  symbol:   class ForgeSpawnEggItem
  location: class AMItemRegistry
C:\Users\justi\Documents\GitHub\AlexsMobs-26.2\src\main\java\com\github\alexthe666\alexsmobs\item\AMItemRegistry.java:260: error: cannot find symbol
        DEF_REG.register("spawn_egg_kangaroo", () -> new ForgeSpawnEggItem(AMEntityRegistry.KANGAROO, 0XCE9D65,0XDEBDA0, new Item.Properties()));
                                                         ^
  symbol:   class ForgeSpawnEggItem
  location: class AMItemRegistry
C:\Users\justi\Documents\GitHub\AlexsMobs-26.2\src\main\java\com\github\alexthe666\alexsmobs\item\AMItemRegistry.java:261: error: cannot find symbol
        DEF_REG.register("spawn_egg_cachalot_whale", () -> new ForgeSpawnEggItem(AMEntityRegistry.CACHALOT_WHALE, 0X949899,0X5F666E, new Item.Properties()));
                                                               ^
  symbol:   class ForgeSpawnEggItem
  location: class AMItemRegistry
C:\Users\justi\Documents\GitHub\AlexsMobs-26.2\src\main\java\com\github\alexthe666\alexsmobs\item\AMItemRegistry.java:262: error: cannot find symbol
        DEF_REG.register("spawn_egg_leafcutter_ant", () -> new ForgeSpawnEggItem(AMEntityRegistry.LEAFCUTTER_ANT, 0X964023,0XA65930, new Item.Properties()));
                                                               ^
  symbol:   class ForgeSpawnEggItem
  location: class AMItemRegistry
C:\Users\justi\Documents\GitHub\AlexsMobs-26.2\src\main\java\com\github\alexthe666\alexsmobs\item\AMItemRegistry.java:263: error: cannot find symbol
        DEF_REG.register("spawn_egg_enderiophage", () -> new ForgeSpawnEggItem(AMEntityRegistry.ENDERIOPHAGE, 0X872D83,0XF6E2CD, new Item.Properties()));
                                                             ^
  symbol:   class ForgeSpawnEggItem
  location: class AMItemRegistry
C:\Users\justi\Documents\GitHub\AlexsMobs-26.2\src\main\java\com\github\alexthe666\alexsmobs\item\AMItemRegistry.java:264: error: cannot find symbol
        DEF_REG.register("spawn_egg_bald_eagle", () -> new ForgeSpawnEggItem(AMEntityRegistry.BALD_EAGLE, 0X321F18,0XF4F4F4, new Item.Properties()));
                                                           ^
  symbol:   class ForgeSpawnEggItem
  location: class AMItemRegistry
C:\Users\justi\Documents\GitHub\AlexsMobs-26.2\src\main\java\com\github\alexthe666\alexsmobs\item\AMItemRegistry.java:265: error: cannot find symbol
        DEF_REG.register("spawn_egg_tiger", () -> new ForgeSpawnEggItem(AMEntityRegistry.TIGER, 0XC7612E,0X2A3233, new Item.Properties()));
                                                      ^
  symbol:   class ForgeSpawnEggItem
  location: class AMItemRegistry
C:\Users\justi\Documents\GitHub\AlexsMobs-26.2\src\main\java\com\github\alexthe666\alexsmobs\item\AMItemRegistry.java:266: error: cannot find symbol
        DEF_REG.register("spawn_egg_tarantula_hawk", () -> new ForgeSpawnEggItem(AMEntityRegistry.TARANTULA_HAWK, 0X234763,0XE37B38, new Item.Properties()));
                                                               ^
  symbol:   class ForgeSpawnEggItem
  location: class AMItemRegistry
C:\Users\justi\Documents\GitHub\AlexsMobs-26.2\src\main\java\com\github\alexthe666\alexsmobs\item\AMItemRegistry.java:267: error: cannot find symbol
        DEF_REG.register("spawn_egg_void_worm", () -> new ForgeSpawnEggItem(AMEntityRegistry.VOID_WORM, 0X0F1026,0X1699AB, new Item.Properties()));
                                                          ^
  symbol:   class ForgeSpawnEggItem
  location: class AMItemRegistry
C:\Users\justi\Documents\GitHub\AlexsMobs-26.2\src\main\java\com\github\alexthe666\alexsmobs\item\AMItemRegistry.java:268: error: cannot find symbol
        DEF_REG.register("spawn_egg_frilled_shark", () -> new ForgeSpawnEggItem(AMEntityRegistry.FRILLED_SHARK, 0X726B6B,0X873D3D, new Item.Properties()));
                                                              ^
  symbol:   class ForgeSpawnEggItem
  location: class AMItemRegistry
C:\Users\justi\Documents\GitHub\AlexsMobs-26.2\src\main\java\com\github\alexthe666\alexsmobs\item\AMItemRegistry.java:269: error: cannot find symbol
        DEF_REG.register("spawn_egg_mimic_octopus", () -> new ForgeSpawnEggItem(AMEntityRegistry.MIMIC_OCTOPUS, 0XFFEBDC,0X1D1C1F, new Item.Properties()));
                                                              ^
  symbol:   class ForgeSpawnEggItem
  location: class AMItemRegistry
C:\Users\justi\Documents\GitHub\AlexsMobs-26.2\src\main\java\com\github\alexthe666\alexsmobs\item\AMItemRegistry.java:270: error: cannot find symbol
        DEF_REG.register("spawn_egg_seagull", () -> new ForgeSpawnEggItem(AMEntityRegistry.SEAGULL, 0XC9D2DC,0XFFD850, new Item.Properties()));
                                                        ^
  symbol:   class ForgeSpawnEggItem
  location: class AMItemRegistry
C:\Users\justi\Documents\GitHub\AlexsMobs-26.2\src\main\java\com\github\alexthe666\alexsmobs\item\AMItemRegistry.java:271: error: cannot find symbol
        DEF_REG.register("spawn_egg_froststalker", () -> new ForgeSpawnEggItem(AMEntityRegistry.FROSTSTALKER, 0X788AC1,0XA1C3FF, new Item.Properties()));
                                                             ^
  symbol:   class ForgeSpawnEggItem
  location: class AMItemRegistry
C:\Users\justi\Documents\GitHub\AlexsMobs-26.2\src\main\java\com\github\alexthe666\alexsmobs\item\AMItemRegistry.java:272: error: cannot find symbol
        DEF_REG.register("spawn_egg_tusklin", () -> new ForgeSpawnEggItem(AMEntityRegistry.TUSKLIN, 0X735841,0XE8E2D5, new Item.Properties()));
                                                        ^
  symbol:   class ForgeSpawnEggItem
  location: class AMItemRegistry
C:\Users\justi\Documents\GitHub\AlexsMobs-26.2\src\main\java\com\github\alexthe666\alexsmobs\item\AMItemRegistry.java:273: error: cannot find symbol
        DEF_REG.register("spawn_egg_laviathan", () -> new ForgeSpawnEggItem(AMEntityRegistry.LAVIATHAN, 0XD68356,0X3C3947, new Item.Properties()));
                                                          ^
  symbol:   class ForgeSpawnEggItem
  location: class AMItemRegistry
C:\Users\justi\Documents\GitHub\AlexsMobs-26.2\src\main\java\com\github\alexthe666\alexsmobs\item\AMItemRegistry.java:274: error: cannot find symbol
        DEF_REG.register("spawn_egg_cosmaw", () -> new ForgeSpawnEggItem(AMEntityRegistry.COSMAW, 0X746DBD,0XD6BFE3, new Item.Properties()));
                                                       ^
  symbol:   class ForgeSpawnEggItem
  location: class AMItemRegistry
C:\Users\justi\Documents\GitHub\AlexsMobs-26.2\src\main\java\com\github\alexthe666\alexsmobs\item\AMItemRegistry.java:275: error: cannot find symbol
        DEF_REG.register("spawn_egg_toucan", () -> new ForgeSpawnEggItem(AMEntityRegistry.TOUCAN, 0XF58F33,0X1E2133, new Item.Properties()));
                                                       ^
  symbol:   class ForgeSpawnEggItem
  location: class AMItemRegistry
C:\Users\justi\Documents\GitHub\AlexsMobs-26.2\src\main\java\com\github\alexthe666\alexsmobs\item\AMItemRegistry.java:276: error: cannot find symbol
        DEF_REG.register("spawn_egg_maned_wolf", () -> new ForgeSpawnEggItem(AMEntityRegistry.MANED_WOLF, 0XBB7A47,0X40271A, new Item.Properties()));
                                                           ^
  symbol:   class ForgeSpawnEggItem
  location: class AMItemRegistry
C:\Users\justi\Documents\GitHub\AlexsMobs-26.2\src\main\java\com\github\alexthe666\alexsmobs\item\AMItemRegistry.java:277: error: cannot find symbol
        DEF_REG.register("spawn_egg_anaconda", () -> new ForgeSpawnEggItem(AMEntityRegistry.ANACONDA, 0X565C22,0XD3763F, new Item.Properties()));
                                                         ^
  symbol:   class ForgeSpawnEggItem
  location: class AMItemRegistry
C:\Users\justi\Documents\GitHub\AlexsMobs-26.2\src\main\java\com\github\alexthe666\alexsmobs\item\AMItemRegistry.java:278: error: cannot find symbol
        DEF_REG.register("spawn_egg_anteater", () -> new ForgeSpawnEggItem(AMEntityRegistry.ANTEATER, 0X4C3F3A, 0XCCBCB4, new Item.Properties()));
                                                         ^
  symbol:   class ForgeSpawnEggItem
  location: class AMItemRegistry
C:\Users\justi\Documents\GitHub\AlexsMobs-26.2\src\main\java\com\github\alexthe666\alexsmobs\item\AMItemRegistry.java:279: error: cannot find symbol
        DEF_REG.register("spawn_egg_rocky_roller", () -> new ForgeSpawnEggItem(AMEntityRegistry.ROCKY_ROLLER, 0XB0856F, 0X999184, new Item.Properties()));
                                                             ^
  symbol:   class ForgeSpawnEggItem
  location: class AMItemRegistry
C:\Users\justi\Documents\GitHub\AlexsMobs-26.2\src\main\java\com\github\alexthe666\alexsmobs\item\AMItemRegistry.java:280: error: cannot find symbol
        DEF_REG.register("spawn_egg_flutter", () -> new ForgeSpawnEggItem(AMEntityRegistry.FLUTTER, 0X70922D, 0XD07BE3, new Item.Properties()));
                                                        ^
  symbol:   class ForgeSpawnEggItem
  location: class AMItemRegistry
C:\Users\justi\Documents\GitHub\AlexsMobs-26.2\src\main\java\com\github\alexthe666\alexsmobs\item\AMItemRegistry.java:281: error: cannot find symbol
        DEF_REG.register("spawn_egg_gelada_monkey", () -> new ForgeSpawnEggItem(AMEntityRegistry.GELADA_MONKEY, 0XB08C64, 0XFF4F53, new Item.Properties()));
                                                              ^
  symbol:   class ForgeSpawnEggItem
  location: class AMItemRegistry
C:\Users\justi\Documents\GitHub\AlexsMobs-26.2\src\main\java\com\github\alexthe666\alexsmobs\item\AMItemRegistry.java:282: error: cannot find symbol
        DEF_REG.register("spawn_egg_jerboa", () -> new ForgeSpawnEggItem(AMEntityRegistry.JERBOA, 0XDEC58A, 0XDE9D90, new Item.Properties()));
                                                       ^
  symbol:   class ForgeSpawnEggItem
  location: class AMItemRegistry
C:\Users\justi\Documents\GitHub\AlexsMobs-26.2\src\main\java\com\github\alexthe666\alexsmobs\item\AMItemRegistry.java:283: error: cannot find symbol
        DEF_REG.register("spawn_egg_terrapin", () -> new ForgeSpawnEggItem(AMEntityRegistry.TERRAPIN, 0X6E6E30, 0X929647, new Item.Properties()));
                                                         ^
  symbol:   class ForgeSpawnEggItem
  location: class AMItemRegistry
C:\Users\justi\Documents\GitHub\AlexsMobs-26.2\src\main\java\com\github\alexthe666\alexsmobs\item\AMItemRegistry.java:284: error: cannot find symbol
        DEF_REG.register("spawn_egg_comb_jelly", () -> new ForgeSpawnEggItem(AMEntityRegistry.COMB_JELLY, 0XCFE9FE, 0X6EFF8B, new Item.Properties()));
                                                           ^
  symbol:   class ForgeSpawnEggItem
  location: class AMItemRegistry
C:\Users\justi\Documents\GitHub\AlexsMobs-26.2\src\main\java\com\github\alexthe666\alexsmobs\item\AMItemRegistry.java:285: error: cannot find symbol
        DEF_REG.register("spawn_egg_cosmic_cod", () -> new ForgeSpawnEggItem(AMEntityRegistry.COSMIC_COD, 0X6985C7, 0XE2D1FF, new Item.Properties()));
                                                           ^
  symbol:   class ForgeSpawnEggItem
  location: class AMItemRegistry
C:\Users\justi\Documents\GitHub\AlexsMobs-26.2\src\main\java\com\github\alexthe666\alexsmobs\item\AMItemRegistry.java:286: error: cannot find symbol
        DEF_REG.register("spawn_egg_bunfungus", () -> new ForgeSpawnEggItem(AMEntityRegistry.BUNFUNGUS, 0X6F6D91, 0XC92B29, new Item.Properties()));
                                                          ^
  symbol:   class ForgeSpawnEggItem
  location: class AMItemRegistry
C:\Users\justi\Documents\GitHub\AlexsMobs-26.2\src\main\java\com\github\alexthe666\alexsmobs\item\AMItemRegistry.java:287: error: cannot find symbol
        DEF_REG.register("spawn_egg_bison", () -> new ForgeSpawnEggItem(AMEntityRegistry.BISON, 0X4C3A2E, 0X7A6546, new Item.Properties()));
                                                      ^
  symbol:   class ForgeSpawnEggItem
  location: class AMItemRegistry
C:\Users\justi\Documents\GitHub\AlexsMobs-26.2\src\main\java\com\github\alexthe666\alexsmobs\item\AMItemRegistry.java:288: error: cannot find symbol
        DEF_REG.register("spawn_egg_giant_squid", () -> new ForgeSpawnEggItem(AMEntityRegistry.GIANT_SQUID, 0XAB4B4D, 0XD67D6B, new Item.Properties()));
                                                            ^
  symbol:   class ForgeSpawnEggItem
  location: class AMItemRegistry
C:\Users\justi\Documents\GitHub\AlexsMobs-26.2\src\main\java\com\github\alexthe666\alexsmobs\item\AMItemRegistry.java:289: error: cannot find symbol
        DEF_REG.register("spawn_egg_devils_hole_pupfish", () -> new ForgeSpawnEggItem(AMEntityRegistry.DEVILS_HOLE_PUPFISH, 0X567BC4, 0X6C4475, new Item.Properties()));
                                                                    ^
  symbol:   class ForgeSpawnEggItem
  location: class AMItemRegistry
C:\Users\justi\Documents\GitHub\AlexsMobs-26.2\src\main\java\com\github\alexthe666\alexsmobs\item\AMItemRegistry.java:290: error: cannot find symbol
        DEF_REG.register("spawn_egg_catfish", () -> new ForgeSpawnEggItem(AMEntityRegistry.CATFISH, 0X807757, 0X8A7466, new Item.Properties()));
                                                        ^
  symbol:   class ForgeSpawnEggItem
  location: class AMItemRegistry
C:\Users\justi\Documents\GitHub\AlexsMobs-26.2\src\main\java\com\github\alexthe666\alexsmobs\item\AMItemRegistry.java:291: error: cannot find symbol
        DEF_REG.register("spawn_egg_flying_fish", () -> new ForgeSpawnEggItem(AMEntityRegistry.FLYING_FISH, 0X7BBCED, 0X6881B3, new Item.Properties()));
                                                            ^
  symbol:   class ForgeSpawnEggItem
  location: class AMItemRegistry
C:\Users\justi\Documents\GitHub\AlexsMobs-26.2\src\main\java\com\github\alexthe666\alexsmobs\item\AMItemRegistry.java:292: error: cannot find symbol
        DEF_REG.register("spawn_egg_skelewag", () -> new ForgeSpawnEggItem(AMEntityRegistry.SKELEWAG, 0XD9FCB1, 0X3A4F30, new Item.Properties()));
                                                         ^
  symbol:   class ForgeSpawnEggItem
  location: class AMItemRegistry
C:\Users\justi\Documents\GitHub\AlexsMobs-26.2\src\main\java\com\github\alexthe666\alexsmobs\item\AMItemRegistry.java:293: error: cannot find symbol
        DEF_REG.register("spawn_egg_rain_frog", () -> new ForgeSpawnEggItem(AMEntityRegistry.RAIN_FROG, 0XC0B59B, 0X7B654F, new Item.Properties()));
                                                          ^
  symbol:   class ForgeSpawnEggItem
  location: class AMItemRegistry
C:\Users\justi\Documents\GitHub\AlexsMobs-26.2\src\main\java\com\github\alexthe666\alexsmobs\item\AMItemRegistry.java:294: error: cannot find symbol
        DEF_REG.register("spawn_egg_potoo", () -> new ForgeSpawnEggItem(AMEntityRegistry.POTOO, 0X8C7753, 0XFFC042, new Item.Properties()));
                                                      ^
  symbol:   class ForgeSpawnEggItem
  location: class AMItemRegistry
C:\Users\justi\Documents\GitHub\AlexsMobs-26.2\src\main\java\com\github\alexthe666\alexsmobs\item\AMItemRegistry.java:295: error: cannot find symbol
        DEF_REG.register("spawn_egg_mudskipper", () -> new ForgeSpawnEggItem(AMEntityRegistry.MUDSKIPPER, 0X60704A, 0X49806C, new Item.Properties()));
                                                           ^
  symbol:   class ForgeSpawnEggItem
  location: class AMItemRegistry
C:\Users\justi\Documents\GitHub\AlexsMobs-26.2\src\main\java\com\github\alexthe666\alexsmobs\item\AMItemRegistry.java:296: error: cannot find symbol
        DEF_REG.register("spawn_egg_rhinoceros", () -> new ForgeSpawnEggItem(AMEntityRegistry.RHINOCEROS, 0XA19594, 0X827474, new Item.Properties()));
                                                           ^
  symbol:   class ForgeSpawnEggItem
  location: class AMItemRegistry
C:\Users\justi\Documents\GitHub\AlexsMobs-26.2\src\main\java\com\github\alexthe666\alexsmobs\item\AMItemRegistry.java:297: error: cannot find symbol
        DEF_REG.register("spawn_egg_sugar_glider", () -> new ForgeSpawnEggItem(AMEntityRegistry.SUGAR_GLIDER, 0X868181, 0XEBEBE0, new Item.Properties()));
                                                             ^
  symbol:   class ForgeSpawnEggItem
  location: class AMItemRegistry
C:\Users\justi\Documents\GitHub\AlexsMobs-26.2\src\main\java\com\github\alexthe666\alexsmobs\item\AMItemRegistry.java:298: error: cannot find symbol
        DEF_REG.register("spawn_egg_farseer", () -> new ForgeSpawnEggItem(AMEntityRegistry.FARSEER, 0X33374F, 0X91FF59, new Item.Properties()));
                                                        ^
  symbol:   class ForgeSpawnEggItem
  location: class AMItemRegistry
C:\Users\justi\Documents\GitHub\AlexsMobs-26.2\src\main\java\com\github\alexthe666\alexsmobs\item\AMItemRegistry.java:299: error: cannot find symbol
        DEF_REG.register("spawn_egg_skreecher", () -> new ForgeSpawnEggItem(AMEntityRegistry.SKREECHER, 0X074857, 0X7FF8FF, new Item.Properties()));
                                                          ^
  symbol:   class ForgeSpawnEggItem
  location: class AMItemRegistry
C:\Users\justi\Documents\GitHub\AlexsMobs-26.2\src\main\java\com\github\alexthe666\alexsmobs\item\AMItemRegistry.java:300: error: cannot find symbol
        DEF_REG.register("spawn_egg_underminer", () -> new ForgeSpawnEggItem(AMEntityRegistry.UNDERMINER, 0XD6E2FF, 0X6C84C4, new Item.Properties()));
                                                           ^
  symbol:   class ForgeSpawnEggItem
  location: class AMItemRegistry
C:\Users\justi\Documents\GitHub\AlexsMobs-26.2\src\main\java\com\github\alexthe666\alexsmobs\item\AMItemRegistry.java:301: error: cannot find symbol
        DEF_REG.register("spawn_egg_murmur", () -> new ForgeSpawnEggItem(AMEntityRegistry.MURMUR, 0X804448, 0XB5AF9C, new Item.Properties()));
                                                       ^
  symbol:   class ForgeSpawnEggItem
  location: class AMItemRegistry
C:\Users\justi\Documents\GitHub\AlexsMobs-26.2\src\main\java\com\github\alexthe666\alexsmobs\item\AMItemRegistry.java:302: error: cannot find symbol
        DEF_REG.register("spawn_egg_skunk", () -> new ForgeSpawnEggItem(AMEntityRegistry.SKUNK, 0X222D36, 0XE4E5F2, new Item.Properties()));
                                                      ^
  symbol:   class ForgeSpawnEggItem
  location: class AMItemRegistry
C:\Users\justi\Documents\GitHub\AlexsMobs-26.2\src\main\java\com\github\alexthe666\alexsmobs\item\AMItemRegistry.java:303: error: cannot find symbol
        DEF_REG.register("spawn_egg_banana_slug", () -> new ForgeSpawnEggItem(AMEntityRegistry.BANANA_SLUG, 0XFFD045, 0XFFF173, new Item.Properties()));
                                                            ^
  symbol:   class ForgeSpawnEggItem
  location: class AMItemRegistry
C:\Users\justi\Documents\GitHub\AlexsMobs-26.2\src\main\java\com\github\alexthe666\alexsmobs\item\AMItemRegistry.java:304: error: cannot find symbol
        DEF_REG.register("spawn_egg_blue_jay", () -> new ForgeSpawnEggItem(AMEntityRegistry.BLUE_JAY, 0X5FB7FE, 0X293B42, new Item.Properties()));
                                                         ^
  symbol:   class ForgeSpawnEggItem
  location: class AMItemRegistry
C:\Users\justi\Documents\GitHub\AlexsMobs-26.2\src\main\java\com\github\alexthe666\alexsmobs\item\AMItemRegistry.java:305: error: cannot find symbol
        DEF_REG.register("spawn_egg_caiman", () -> new ForgeSpawnEggItem(AMEntityRegistry.CAIMAN, 0X5C5631, 0XBBC45C, new Item.Properties()));
                                                       ^
  symbol:   class ForgeSpawnEggItem
  location: class AMItemRegistry
C:\Users\justi\Documents\GitHub\AlexsMobs-26.2\src\main\java\com\github\alexthe666\alexsmobs\item\AMItemRegistry.java:306: error: cannot find symbol
        DEF_REG.register("spawn_egg_triops", () -> new ForgeSpawnEggItem(AMEntityRegistry.TRIOPS, 0X967954, 0XCA7150, new Item.Properties()));
                                                       ^
  symbol:   class ForgeSpawnEggItem
  location: class AMItemRegistry
C:\Users\justi\Documents\GitHub\AlexsMobs-26.2\src\main\java\com\github\alexthe666\alexsmobs\item\AMItemRegistry.java:319: error: cannot find symbol
        DEF_REG.register("banner_pattern_" + name, () -> new BannerPatternItem(bannerPatternTagKey, (new Item.Properties()).stacksTo(1)));
                                                             ^
  symbol:   class BannerPatternItem
  location: class AMItemRegistry
C:\Users\justi\Documents\GitHub\AlexsMobs-26.2\src\main\java\com\github\alexthe666\alexsmobs\item\AMItemRegistry.java:335: error: no suitable method found for of(TagKey<Item>)
        KIMONO_MATERIAL.setRepairMaterial(Ingredient.of(ItemTags.WOOL));
                                                    ^
    method Ingredient.of(ItemLike) is not applicable
      (argument mismatch; TagKey<Item> cannot be converted to ItemLike)
    method Ingredient.of(ItemLike...) is not applicable
      (varargs mismatch; TagKey<Item> cannot be converted to ItemLike)
    method Ingredient.of(Stream<? extends ItemLike>) is not applicable
      (argument mismatch; TagKey<Item> cannot be converted to Stream<? extends ItemLike>)
    method Ingredient.of(HolderSet<Item>) is not applicable
      (argument mismatch; TagKey<Item> cannot be converted to HolderSet<Item>)
C:\Users\justi\Documents\GitHub\AlexsMobs-26.2\src\main\java\com\github\alexthe666\alexsmobs\item\AMItemRegistry.java:340: error: cannot find symbol
        DispenserBlock.registerBehavior(SHARK_TOOTH_ARROW.get(), new AbstractProjectileDispenseBehavior() {
                                                                     ^
  symbol:   class AbstractProjectileDispenseBehavior
  location: class AMItemRegistry
C:\Users\justi\Documents\GitHub\AlexsMobs-26.2\src\main\java\com\github\alexthe666\alexsmobs\item\AMItemRegistry.java:350: error: cannot find symbol
        DispenserBlock.registerBehavior(ANCIENT_DART.get(), new AbstractProjectileDispenseBehavior() {
                                                                ^
  symbol:   class AbstractProjectileDispenseBehavior
  location: class AMItemRegistry
C:\Users\justi\Documents\GitHub\AlexsMobs-26.2\src\main\java\com\github\alexthe666\alexsmobs\item\AMItemRegistry.java:357: error: cannot find symbol
        DispenserBlock.registerBehavior(COCKROACH_OOTHECA.get(), new AbstractProjectileDispenseBehavior() {
                                                                     ^
  symbol:   class AbstractProjectileDispenseBehavior
  location: class AMItemRegistry
C:\Users\justi\Documents\GitHub\AlexsMobs-26.2\src\main\java\com\github\alexthe666\alexsmobs\item\AMItemRegistry.java:363: error: cannot find symbol
        DispenserBlock.registerBehavior(EMU_EGG.get(), new AbstractProjectileDispenseBehavior() {
                                                           ^
  symbol:   class AbstractProjectileDispenseBehavior
  location: class AMItemRegistry
C:\Users\justi\Documents\GitHub\AlexsMobs-26.2\src\main\java\com\github\alexthe666\alexsmobs\item\AMItemRegistry.java:369: error: cannot find symbol
        DispenserBlock.registerBehavior(ENDERIOPHAGE_ROCKET.get(), new AbstractProjectileDispenseBehavior() {
                                                                       ^
  symbol:   class AbstractProjectileDispenseBehavior
  location: class AMItemRegistry
C:\Users\justi\Documents\GitHub\AlexsMobs-26.2\src\main\java\com\github\alexthe666\alexsmobs\item\AMItemRegistry.java:380: error: cannot find symbol
                BlockPos blockpos = blockSource.getPos().relative(blockSource.getBlockState().getValue(DispenserBlock.FACING));
                                               ^
  symbol:   method getPos()
  location: variable blockSource of type BlockSource
C:\Users\justi\Documents\GitHub\AlexsMobs-26.2\src\main\java\com\github\alexthe666\alexsmobs\item\AMItemRegistry.java:380: error: cannot find symbol
                BlockPos blockpos = blockSource.getPos().relative(blockSource.getBlockState().getValue(DispenserBlock.FACING));
                                                                             ^
  symbol:   method getBlockState()
  location: variable blockSource of type BlockSource
C:\Users\justi\Documents\GitHub\AlexsMobs-26.2\src\main\java\com\github\alexthe666\alexsmobs\item\AMItemRegistry.java:381: error: cannot find symbol
                Level level = blockSource.getLevel();
                                         ^
  symbol:   method getLevel()
  location: variable blockSource of type BlockSource
C:\Users\justi\Documents\GitHub\AlexsMobs-26.2\src\main\java\com\github\alexthe666\alexsmobs\item\BlockItemAMRender.java:14: error: method does not override or implement a method from a supertype
    @Override
    ^
C:\Users\justi\Documents\GitHub\AlexsMobs-26.2\src\main\java\com\github\alexthe666\alexsmobs\item\ItemAnimalDictionary.java:75: error: cannot find symbol
        return new InteractionResultHolder(InteractionResult.PASS, itemStackIn);
                   ^
  symbol:   class InteractionResultHolder
  location: class ItemAnimalDictionary
C:\Users\justi\Documents\GitHub\AlexsMobs-26.2\src\main\java\com\github\alexthe666\alexsmobs\item\ItemAnimalDictionary.java:78: error: method does not override or implement a method from a supertype
    @Override
    ^
C:\Users\justi\Documents\GitHub\AlexsMobs-26.2\src\main\java\com\github\alexthe666\alexsmobs\item\ItemBearDust.java:29: error: no suitable method found for addCooldown(ItemBearDust,int)
        playerIn.getCooldowns().addCooldown(this, 3);
                               ^
    method ItemCooldowns.addCooldown(ItemStack,int) is not applicable
      (argument mismatch; ItemBearDust cannot be converted to ItemStack)
    method ItemCooldowns.addCooldown(Identifier,int) is not applicable
      (argument mismatch; ItemBearDust cannot be converted to Identifier)
C:\Users\justi\Documents\GitHub\AlexsMobs-26.2\src\main\java\com\github\alexthe666\alexsmobs\item\ItemBloodSprayer.java:98: error: no suitable method found for hurtAndBreak(int,LivingEntity,(player)->[...])); })
                stack.hurtAndBreak(1, livingEntityIn, (player) -> {
                     ^
    method ItemStack.hurtAndBreak(int,LivingEntity,InteractionHand) is not applicable
      (argument mismatch; InteractionHand is not a functional interface)
    method ItemStack.hurtAndBreak(int,LivingEntity,EquipmentSlot) is not applicable
      (argument mismatch; EquipmentSlot is not a functional interface)
C:\Users\justi\Documents\GitHub\AlexsMobs-26.2\src\main\java\com\github\alexthe666\alexsmobs\item\ItemBloodSprayer.java:111: error: no suitable method found for addCooldown(ItemBloodSprayer,int)
                    ((Player) livingEntityIn).getCooldowns().addCooldown(this, 20);
                                                            ^
    method ItemCooldowns.addCooldown(ItemStack,int) is not applicable
      (argument mismatch; ItemBloodSprayer cannot be converted to ItemStack)
    method ItemCooldowns.addCooldown(Identifier,int) is not applicable
      (argument mismatch; ItemBloodSprayer cannot be converted to Identifier)
C:\Users\justi\Documents\GitHub\AlexsMobs-26.2\src\main\java\com\github\alexthe666\alexsmobs\item\ItemModFishBucket.java:36: error: incompatible types: Supplier<CAP#1> cannot be converted to EntityType<? extends Mob>
        super(fishTypeIn, () -> fluid, () -> SoundEvents.BUCKET_EMPTY_FISH, builder.stacksTo(1));
              ^
  where CAP#1 is a fresh type-variable:
    CAP#1 extends EntityType<?> from capture of ? extends EntityType<?>
C:\Users\justi\Documents\GitHub\AlexsMobs-26.2\src\main\java\com\github\alexthe666\alexsmobs\item\ItemModFishBucket.java:41: error: cannot find symbol
        EntityType fishType = getFishType();
                              ^
  symbol:   method getFishType()
  location: class ItemModFishBucket
C:\Users\justi\Documents\GitHub\AlexsMobs-26.2\src\main\java\com\github\alexthe666\alexsmobs\item\ItemModFishBucket.java:43: error: cannot find symbol
            CompoundTag compoundnbt = stack.getTag();
                                           ^
  symbol:   method getTag()
  location: variable stack of type ItemStack
C:\Users\justi\Documents\GitHub\AlexsMobs-26.2\src\main\java\com\github\alexthe666\alexsmobs\item\ItemModFishBucket.java:51: error: cannot find symbol
            CompoundTag compoundnbt = stack.getTag();
                                           ^
  symbol:   method getTag()
  location: variable stack of type ItemStack
C:\Users\justi\Documents\GitHub\AlexsMobs-26.2\src\main\java\com\github\alexthe666\alexsmobs\item\ItemModFishBucket.java:53: error: cannot find symbol
                int i = compoundnbt.getCompound("TerrapinData").getInt("TurtleType");
                                                               ^
  symbol:   method getInt(String)
  location: class Optional<CompoundTag>
C:\Users\justi\Documents\GitHub\AlexsMobs-26.2\src\main\java\com\github\alexthe666\alexsmobs\item\ItemModFishBucket.java:58: error: cannot find symbol
            CompoundTag compoundnbt = stack.getTag();
                                           ^
  symbol:   method getTag()
  location: variable stack of type ItemStack
C:\Users\justi\Documents\GitHub\AlexsMobs-26.2\src\main\java\com\github\alexthe666\alexsmobs\item\ItemModFishBucket.java:67: error: method does not override or implement a method from a supertype
    @Override
    ^
C:\Users\justi\Documents\GitHub\AlexsMobs-26.2\src\main\java\com\github\alexthe666\alexsmobs\item\ItemModFishBucket.java:76: error: cannot find symbol
        Entity entity = getFishType().spawn(serverLevel, stack, (Player)null, pos, EntitySpawnReason.BUCKET, true, false);
                        ^
  symbol:   method getFishType()
  location: class ItemModFishBucket
C:\Users\justi\Documents\GitHub\AlexsMobs-26.2\src\main\java\com\github\alexthe666\alexsmobs\item\ItemModFishBucket.java:79: error: cannot find symbol
            bucketable.loadFromBucketTag(stack.getOrCreateTag());
                                              ^
  symbol:   method getOrCreateTag()
  location: variable stack of type ItemStack
C:\Users\justi\Documents\GitHub\AlexsMobs-26.2\src\main\java\com\github\alexthe666\alexsmobs\item\ItemCosmicCodBucket.java:31: error: cannot find symbol
        InteractionResultHolder<ItemStack> ret = net.neoforged.neoforge.event.ForgeEventFactory.onBucketUse(player, level, itemstack, blockhitresult);
        ^
  symbol:   class InteractionResultHolder
  location: class ItemCosmicCodBucket
C:\Users\justi\Documents\GitHub\AlexsMobs-26.2\src\main\java\com\github\alexthe666\alexsmobs\item\ItemCosmicCodBucket.java:31: error: cannot find symbol
        InteractionResultHolder<ItemStack> ret = net.neoforged.neoforge.event.ForgeEventFactory.onBucketUse(player, level, itemstack, blockhitresult);
                                                                             ^
  symbol:   class ForgeEventFactory
  location: package net.neoforged.neoforge.event
C:\Users\justi\Documents\GitHub\AlexsMobs-26.2\src\main\java\com\github\alexthe666\alexsmobs\item\ItemEcholocator.java:55: error: x has private access in ChunkPos
                AlexsMobs.sendMSGToAll(new MessageSetPupfishChunkOnClient(data.getPupfishChunk().x, data.getPupfishChunk().z));
                                                                                                ^
C:\Users\justi\Documents\GitHub\AlexsMobs-26.2\src\main\java\com\github\alexthe666\alexsmobs\item\ItemEcholocator.java:55: error: z has private access in ChunkPos
                AlexsMobs.sendMSGToAll(new MessageSetPupfishChunkOnClient(data.getPupfishChunk().x, data.getPupfishChunk().z));
                                                                                                                          ^
C:\Users\justi\Documents\GitHub\AlexsMobs-26.2\src\main\java\com\github\alexthe666\alexsmobs\item\ItemEcholocator.java:101: error: cannot find symbol
                CompoundTag nbt = stack.getOrCreateTag();
                                       ^
  symbol:   method getOrCreateTag()
  location: variable stack of type ItemStack
C:\Users\justi\Documents\GitHub\AlexsMobs-26.2\src\main\java\com\github\alexthe666\alexsmobs\item\ItemEcholocator.java:102: error: bad operand types for binary operator '&&'
                if(nbt.contains("CavePos") && nbt.getBoolean("ValidCavePos")){
                                           ^
  first type:  boolean
  second type: Optional<Boolean>
C:\Users\justi\Documents\GitHub\AlexsMobs-26.2\src\main\java\com\github\alexthe666\alexsmobs\item\ItemEcholocator.java:103: error: incompatible types: Optional<Long> cannot be converted to long
                    pos = BlockPos.of(nbt.getLong("CavePos"));
                                                 ^
C:\Users\justi\Documents\GitHub\AlexsMobs-26.2\src\main\java\com\github\alexthe666\alexsmobs\item\ItemEcholocator.java:116: error: cannot find symbol
                        stack.setTag(nbt);
                             ^
  symbol:   method setTag(CompoundTag)
  location: variable stack of type ItemStack
C:\Users\justi\Documents\GitHub\AlexsMobs-26.2\src\main\java\com\github\alexthe666\alexsmobs\item\ItemEcholocator.java:130: error: no suitable method found for hurtAndBreak(int,Player,(player)->[...])); })
                stack.hurtAndBreak(1, livingEntityIn, (player) -> {
                     ^
    method ItemStack.hurtAndBreak(int,LivingEntity,InteractionHand) is not applicable
      (argument mismatch; InteractionHand is not a functional interface)
    method ItemStack.hurtAndBreak(int,LivingEntity,EquipmentSlot) is not applicable
      (argument mismatch; EquipmentSlot is not a functional interface)
C:\Users\justi\Documents\GitHub\AlexsMobs-26.2\src\main\java\com\github\alexthe666\alexsmobs\item\ItemEcholocator.java:135: error: no suitable method found for addCooldown(ItemEcholocator,int)
        livingEntityIn.getCooldowns().addCooldown(this, 5);
                                     ^
    method ItemCooldowns.addCooldown(ItemStack,int) is not applicable
      (argument mismatch; ItemEcholocator cannot be converted to ItemStack)
    method ItemCooldowns.addCooldown(Identifier,int) is not applicable
      (argument mismatch; ItemEcholocator cannot be converted to Identifier)
C:\Users\justi\Documents\GitHub\AlexsMobs-26.2\src\main\java\com\github\alexthe666\alexsmobs\item\ItemEnderiophageRocket.java:34: error: cannot find symbol
        return InteractionResult.sidedSuccess(world.isClientSide());
                                ^
  symbol:   method sidedSuccess(boolean)
  location: interface InteractionResult
C:\Users\justi\Documents\GitHub\AlexsMobs-26.2\src\main\java\com\github\alexthe666\alexsmobs\item\ItemFalconryGlove.java:27: error: method does not override or implement a method from a supertype
    @Override
    ^
C:\Users\justi\Documents\GitHub\AlexsMobs-26.2\src\main\java\com\github\alexthe666\alexsmobs\item\ItemFalconryGlove.java:78: error: cannot find symbol
                        animal.moveTo(playerIn.getX(), playerIn.getEyeY(), playerIn.getZ(), animal.getYRot(), animal.getXRot());
                              ^
  symbol:   method moveTo(double,double,double,float,float)
  location: variable animal of type Animal
C:\Users\justi\Documents\GitHub\AlexsMobs-26.2\src\main\java\com\github\alexthe666\alexsmobs\item\ItemFancyRender.java:13: error: method does not override or implement a method from a supertype
    @Override
    ^
C:\Users\justi\Documents\GitHub\AlexsMobs-26.2\src\main\java\com\github\alexthe666\alexsmobs\item\ItemFishOil.java:26: error: incompatible types: MobEffect cannot be converted to Holder<MobEffect>
            p_77654_3_.addEffect(new MobEffectInstance(AMEffectRegistry.OILED.get(), 1200, 0));
                                                                                 ^
C:\Users\justi\Documents\GitHub\AlexsMobs-26.2\src\main\java\com\github\alexthe666\alexsmobs\item\ItemFishOil.java:58: error: incompatible types: Reference<SoundEvent> cannot be converted to SoundEvent
        return SoundEvents.HONEY_DRINK;
                          ^
C:\Users\justi\Documents\GitHub\AlexsMobs-26.2\src\main\java\com\github\alexthe666\alexsmobs\item\ItemFishOil.java:62: error: incompatible types: Reference<SoundEvent> cannot be converted to SoundEvent
        return SoundEvents.HONEY_DRINK;
                          ^
C:\Users\justi\Documents\GitHub\AlexsMobs-26.2\src\main\java\com\github\alexthe666\alexsmobs\item\ItemFlutterPot.java:24: error: ItemFlutterPot is not abstract and does not override abstract method emptyContents(@org.jspecify.annotations.Nullable LivingEntity,Level,BlockPos,@org.jspecify.annotations.Nullable BlockHitResult) in DispensibleContainerItem
public class ItemFlutterPot extends Item implements DispensibleContainerItem {
       ^
C:\Users\justi\Documents\GitHub\AlexsMobs-26.2\src\main\java\com\github\alexthe666\alexsmobs\item\ItemFlutterPot.java:38: error: cannot find symbol
            return InteractionResult.sidedSuccess(world.isClientSide());
                                    ^
  symbol:   method sidedSuccess(boolean)
  location: interface InteractionResult
C:\Users\justi\Documents\GitHub\AlexsMobs-26.2\src\main\java\com\github\alexthe666\alexsmobs\item\ItemFlutterPot.java:52: error: cannot find symbol
            CompoundTag compoundnbt = stack.getOrCreateTag();
                                           ^
  symbol:   method getOrCreateTag()
  location: variable stack of type ItemStack
C:\Users\justi\Documents\GitHub\AlexsMobs-26.2\src\main\java\com\github\alexthe666\alexsmobs\item\ItemFlutterPot.java:54: error: incompatible types: Optional<CompoundTag> cannot be converted to ValueInput
                ((EntityFlutter)entity).readAdditionalSaveData(compoundnbt.getCompound("FlutterData"));
                                                                                      ^
C:\Users\justi\Documents\GitHub\AlexsMobs-26.2\src\main\java\com\github\alexthe666\alexsmobs\item\ItemFlutterPot.java:61: error: method does not override or implement a method from a supertype
    @Override
    ^
C:\Users\justi\Documents\GitHub\AlexsMobs-26.2\src\main\java\com\github\alexthe666\alexsmobs\item\ItemGhostlyPickaxe.java:32: error: cannot find symbol
        super(Tiers.IRON, 1, -2.8F, props);
              ^
  symbol:   variable Tiers
  location: class ItemGhostlyPickaxe
C:\Users\justi\Documents\GitHub\AlexsMobs-26.2\src\main\java\com\github\alexthe666\alexsmobs\item\ItemGhostlyPickaxe.java:56: error: cannot find symbol
                int fortuneLevel = EnchantmentHelper.getItemEnchantmentLevel(Enchantments.BLOCK_FORTUNE, stack);
                                                                                         ^
  symbol:   variable BLOCK_FORTUNE
  location: class Enchantments
C:\Users\justi\Documents\GitHub\AlexsMobs-26.2\src\main\java\com\github\alexthe666\alexsmobs\item\ItemGhostlyPickaxe.java:57: error: incompatible types: ResourceKey<Enchantment> cannot be converted to Holder<Enchantment>
                int silkTouchLevel = EnchantmentHelper.getItemEnchantmentLevel(Enchantments.SILK_TOUCH, stack);
                                                                                           ^
C:\Users\justi\Documents\GitHub\AlexsMobs-26.2\src\main\java\com\github\alexthe666\alexsmobs\item\ItemGhostlyPickaxe.java:58: error: incompatible types: RandomSource cannot be converted to BlockPos
                int exp = state.getExpDrop((ServerLevel)level, level.getRandom(), pos, fortuneLevel, silkTouchLevel);
                                                                              ^
C:\Users\justi\Documents\GitHub\AlexsMobs-26.2\src\main\java\com\github\alexthe666\alexsmobs\item\ItemGhostlyPickaxe.java:68: error: cannot find symbol
        CompoundTag compoundtag = pickaxe.getOrCreateTag();
                                         ^
  symbol:   method getOrCreateTag()
  location: variable pickaxe of type ItemStack
C:\Users\justi\Documents\GitHub\AlexsMobs-26.2\src\main\java\com\github\alexthe666\alexsmobs\item\ItemGhostlyPickaxe.java:71: error: cannot find symbol
            container.fromTag(compoundtag.getListOrEmpty("Items"));
                     ^
  symbol:   method fromTag(ListTag)
  location: variable container of type SimpleContainer
C:\Users\justi\Documents\GitHub\AlexsMobs-26.2\src\main\java\com\github\alexthe666\alexsmobs\item\ItemGhostlyPickaxe.java:79: error: cannot find symbol
                compoundtag.put("Items", container.createTag());
                                                  ^
  symbol:   method createTag()
  location: variable container of type SimpleContainer
C:\Users\justi\Documents\GitHub\AlexsMobs-26.2\src\main\java\com\github\alexthe666\alexsmobs\item\ItemGhostlyPickaxe.java:80: error: cannot find symbol
                pickaxe.setTag(compoundtag);
                       ^
  symbol:   method setTag(CompoundTag)
  location: variable pickaxe of type ItemStack
C:\Users\justi\Documents\GitHub\AlexsMobs-26.2\src\main\java\com\github\alexthe666\alexsmobs\item\ItemGhostlyPickaxe.java:86: error: no suitable method found for spawnAtLocation(ItemStack)
            user.spawnAtLocation(item);
                ^
    method Entity.spawnAtLocation(ServerLevel,ItemLike) is not applicable
      (actual and formal argument lists differ in length)
    method Entity.spawnAtLocation(ServerLevel,ItemStack) is not applicable
      (actual and formal argument lists differ in length)
    method Entity.spawnAtLocation(ServerLevel,ItemStack,Vec3) is not applicable
      (actual and formal argument lists differ in length)
    method Entity.spawnAtLocation(ServerLevel,ItemStack,float) is not applicable
      (actual and formal argument lists differ in length)
C:\Users\justi\Documents\GitHub\AlexsMobs-26.2\src\main\java\com\github\alexthe666\alexsmobs\item\ItemGhostlyPickaxe.java:91: error: method inventoryTick in class Item cannot be applied to given types;
        super.inventoryTick(stack, level, entity, i, offhand);
             ^
  required: ItemStack,ServerLevel,Entity,EquipmentSlot
  found:    ItemStack,Level,Entity,int,boolean
  reason: actual and formal argument lists differ in length
C:\Users\justi\Documents\GitHub\AlexsMobs-26.2\src\main\java\com\github\alexthe666\alexsmobs\item\ItemGhostlyPickaxe.java:95: error: cannot find symbol
                CompoundTag compoundtag = stack.getOrCreateTag();
                                               ^
  symbol:   method getOrCreateTag()
  location: variable stack of type ItemStack
C:\Users\justi\Documents\GitHub\AlexsMobs-26.2\src\main\java\com\github\alexthe666\alexsmobs\item\ItemGhostlyPickaxe.java:99: error: cannot find symbol
                    container.fromTag(compoundtag.getListOrEmpty("Items"));
                             ^
  symbol:   method fromTag(ListTag)
  location: variable container of type SimpleContainer
C:\Users\justi\Documents\GitHub\AlexsMobs-26.2\src\main\java\com\github\alexthe666\alexsmobs\item\ItemGhostlyPickaxe.java:110: error: cannot find symbol
                    compoundtag.put("Items", container.createTag());
                                                      ^
  symbol:   method createTag()
  location: variable container of type SimpleContainer
C:\Users\justi\Documents\GitHub\AlexsMobs-26.2\src\main\java\com\github\alexthe666\alexsmobs\item\ItemGhostlyPickaxe.java:111: error: cannot find symbol
                    stack.setTag(compoundtag);
                         ^
  symbol:   method setTag(CompoundTag)
  location: variable stack of type ItemStack
C:\Users\justi\Documents\GitHub\AlexsMobs-26.2\src\main\java\com\github\alexthe666\alexsmobs\item\ItemGhostlyPickaxe.java:121: error: method does not override or implement a method from a supertype
    @Override
    ^
C:\Users\justi\Documents\GitHub\AlexsMobs-26.2\src\main\java\com\github\alexthe666\alexsmobs\item\ItemGhostlyPickaxe.java:123: error: method appendHoverText in class Item cannot be applied to given types;
        super.appendHoverText(stack, worldIn, tooltip, flagIn);
             ^
  required: ItemStack,TooltipContext,TooltipDisplay,Consumer<Component>,TooltipFlag
  found:    ItemStack,Level,List<Component>,TooltipFlag
  reason: actual and formal argument lists differ in length
C:\Users\justi\Documents\GitHub\AlexsMobs-26.2\src\main\java\com\github\alexthe666\alexsmobs\item\ItemGhostlyPickaxe.java:124: error: cannot find symbol
        CompoundTag compoundtag = stack.getTag();
                                       ^
  symbol:   method getTag()
  location: variable stack of type ItemStack
C:\Users\justi\Documents\GitHub\AlexsMobs-26.2\src\main\java\com\github\alexthe666\alexsmobs\item\ItemGhostlyPickaxe.java:127: error: cannot find symbol
            container.fromTag(compoundtag.getListOrEmpty("Items"));
                     ^
  symbol:   method fromTag(ListTag)
  location: variable container of type SimpleContainer
C:\Users\justi\Documents\GitHub\AlexsMobs-26.2\src\main\java\com\github\alexthe666\alexsmobs\item\ItemGhostlyPickaxe.java:151: error: cannot find symbol
        CompoundTag compoundtag = pickaxe.getTag();
                                         ^
  symbol:   method getTag()
  location: variable pickaxe of type ItemStack
C:\Users\justi\Documents\GitHub\AlexsMobs-26.2\src\main\java\com\github\alexthe666\alexsmobs\item\ItemGhostlyPickaxe.java:154: error: cannot find symbol
            container.fromTag(compoundtag.getListOrEmpty("Items"));
                     ^
  symbol:   method fromTag(ListTag)
  location: variable container of type SimpleContainer
C:\Users\justi\Documents\GitHub\AlexsMobs-26.2\src\main\java\com\github\alexthe666\alexsmobs\item\ItemGhostlyPickaxe.java:164: error: cannot find symbol
            compoundtag.put("Items", container.createTag());
                                              ^
  symbol:   method createTag()
  location: variable container of type SimpleContainer
C:\Users\justi\Documents\GitHub\AlexsMobs-26.2\src\main\java\com\github\alexthe666\alexsmobs\item\ItemGhostlyPickaxe.java:165: error: cannot find symbol
            pickaxe.setTag(compoundtag);
                   ^
  symbol:   method setTag(CompoundTag)
  location: variable pickaxe of type ItemStack
C:\Users\justi\Documents\GitHub\AlexsMobs-26.2\src\main\java\com\github\alexthe666\alexsmobs\item\ItemGhostlyPickaxe.java:174: error: name clash: damageItem(ItemStack,int,T#1,Consumer<T#1>) in ItemGhostlyPickaxe and damageItem(ItemStack,int,T#2,Consumer<Item>) in IItemExtension have the same erasure, yet neither overrides the other
    public <T extends LivingEntity> int damageItem(ItemStack stack, int amount, T entity, Consumer<T> onBroken) {
                                        ^
  where T#1,T#2 are type-variables:
    T#1 extends LivingEntity declared in method <T#1>damageItem(ItemStack,int,T#1,Consumer<T#1>)
    T#2 extends LivingEntity declared in method <T#2>damageItem(ItemStack,int,@org.jspecify.annotations.Nullable T#1,Consumer<Item>)
C:\Users\justi\Documents\GitHub\AlexsMobs-26.2\src\main\java\com\github\alexthe666\alexsmobs\item\ItemGhostlyPickaxe.java:173: error: method does not override or implement a method from a supertype
    @Override
    ^
C:\Users\justi\Documents\GitHub\AlexsMobs-26.2\src\main\java\com\github\alexthe666\alexsmobs\item\ItemGhostlyPickaxe.java:175: error: incompatible types: Consumer<T> cannot be converted to Consumer<Item>
        int i = super.damageItem(stack, amount, entity, onBroken);
                                                        ^
  where T is a type-variable:
    T extends LivingEntity declared in method <T>damageItem(ItemStack,int,T,Consumer<T>)
C:\Users\justi\Documents\GitHub\AlexsMobs-26.2\src\main\java\com\github\alexthe666\alexsmobs\item\ItemHemolymphBlaster.java:98: error: no suitable method found for hurtAndBreak(int,LivingEntity,(player)->[...])); })
                stack.hurtAndBreak(1, livingEntityIn, (player) -> {
                     ^
    method ItemStack.hurtAndBreak(int,LivingEntity,InteractionHand) is not applicable
      (argument mismatch; InteractionHand is not a functional interface)
    method ItemStack.hurtAndBreak(int,LivingEntity,EquipmentSlot) is not applicable
      (argument mismatch; EquipmentSlot is not a functional interface)
C:\Users\justi\Documents\GitHub\AlexsMobs-26.2\src\main\java\com\github\alexthe666\alexsmobs\item\ItemHemolymphBlaster.java:111: error: no suitable method found for addCooldown(ItemHemolymphBlaster,int)
                    ((Player) livingEntityIn).getCooldowns().addCooldown(this, 20);
                                                            ^
    method ItemCooldowns.addCooldown(ItemStack,int) is not applicable
      (argument mismatch; ItemHemolymphBlaster cannot be converted to ItemStack)
    method ItemCooldowns.addCooldown(Identifier,int) is not applicable
      (argument mismatch; ItemHemolymphBlaster cannot be converted to Identifier)
C:\Users\justi\Documents\GitHub\AlexsMobs-26.2\src\main\java\com\github\alexthe666\alexsmobs\item\ItemLeafcutterPupa.java:55: error: cannot find symbol
            return InteractionResult.sidedSuccess(world.isClientSide());
                                    ^
  symbol:   method sidedSuccess(boolean)
  location: interface InteractionResult
C:\Users\justi\Documents\GitHub\AlexsMobs-26.2\src\main\java\com\github\alexthe666\alexsmobs\item\ItemMaraca.java:28: error: no suitable method found for addCooldown(ItemMaraca,int)
        playerIn.getCooldowns().addCooldown(this, 3);
                               ^
    method ItemCooldowns.addCooldown(ItemStack,int) is not applicable
      (argument mismatch; ItemMaraca cannot be converted to ItemStack)
    method ItemCooldowns.addCooldown(Identifier,int) is not applicable
      (argument mismatch; ItemMaraca cannot be converted to Identifier)
C:\Users\justi\Documents\GitHub\AlexsMobs-26.2\src\main\java\com\github\alexthe666\alexsmobs\item\ItemModArmor.java:33: error: constructor Item in class Item cannot be applied to given types;
        super(armorMaterial, slot, new Item.Properties());
        ^
  required: Properties
  found:    AMArmorMaterial,ArmorType,Properties
  reason: actual and formal argument lists differ in length
C:\Users\justi\Documents\GitHub\AlexsMobs-26.2\src\main\java\com\github\alexthe666\alexsmobs\item\ItemModArmor.java:36: error: method does not override or implement a method from a supertype
    @Override
    ^
C:\Users\justi\Documents\GitHub\AlexsMobs-26.2\src\main\java\com\github\alexthe666\alexsmobs\item\ItemModArmor.java:42: error: method does not override or implement a method from a supertype
    @Override
    ^
C:\Users\justi\Documents\GitHub\AlexsMobs-26.2\src\main\java\com\github\alexthe666\alexsmobs\item\ItemModArmor.java:44: error: cannot find symbol
        if (this.material == AMItemRegistry.CENTIPEDE_ARMOR_MATERIAL) {
                ^
  symbol: variable material
C:\Users\justi\Documents\GitHub\AlexsMobs-26.2\src\main\java\com\github\alexthe666\alexsmobs\item\ItemModArmor.java:47: error: cannot find symbol
        if (this.material == AMItemRegistry.EMU_ARMOR_MATERIAL) {
                ^
  symbol: variable material
C:\Users\justi\Documents\GitHub\AlexsMobs-26.2\src\main\java\com\github\alexthe666\alexsmobs\item\ItemModArmor.java:50: error: method appendHoverText in class Item cannot be applied to given types;
        super.appendHoverText(stack, worldIn, tooltip, flagIn);
             ^
  required: ItemStack,TooltipContext,TooltipDisplay,Consumer<Component>,TooltipFlag
  found:    ItemStack,Level,List<Component>,TooltipFlag
  reason: actual and formal argument lists differ in length
C:\Users\justi\Documents\GitHub\AlexsMobs-26.2\src\main\java\com\github\alexthe666\alexsmobs\item\ItemModArmor.java:51: error: cannot find symbol
        if (this.material == AMItemRegistry.ROADRUNNER_ARMOR_MATERIAL) {
                ^
  symbol: variable material
C:\Users\justi\Documents\GitHub\AlexsMobs-26.2\src\main\java\com\github\alexthe666\alexsmobs\item\ItemModArmor.java:54: error: cannot find symbol
        if (this.material == AMItemRegistry.RACCOON_ARMOR_MATERIAL) {
                ^
  symbol: variable material
C:\Users\justi\Documents\GitHub\AlexsMobs-26.2\src\main\java\com\github\alexthe666\alexsmobs\item\ItemModArmor.java:57: error: cannot find symbol
        if (this.material == AMItemRegistry.FROSTSTALKER_ARMOR_MATERIAL) {
                ^
  symbol: variable material
C:\Users\justi\Documents\GitHub\AlexsMobs-26.2\src\main\java\com\github\alexthe666\alexsmobs\item\ItemModArmor.java:60: error: cannot find symbol
        if (this.material == AMItemRegistry.ROCKY_ARMOR_MATERIAL) {
                ^
  symbol: variable material
C:\Users\justi\Documents\GitHub\AlexsMobs-26.2\src\main\java\com\github\alexthe666\alexsmobs\item\ItemModArmor.java:63: error: cannot find symbol
        if (this.material == AMItemRegistry.SOMBRERO_ARMOR_MATERIAL && AlexsMobs.isAprilFools()) {
                ^
  symbol: variable material
C:\Users\justi\Documents\GitHub\AlexsMobs-26.2\src\main\java\com\github\alexthe666\alexsmobs\item\ItemModArmor.java:66: error: cannot find symbol
        if (this.material == AMItemRegistry.FLYING_FISH_MATERIAL) {
                ^
  symbol: variable material
C:\Users\justi\Documents\GitHub\AlexsMobs-26.2\src\main\java\com\github\alexthe666\alexsmobs\item\ItemModArmor.java:69: error: cannot find symbol
        if (this.material == AMItemRegistry.NOVELTY_HAT_MATERIAL) {
                ^
  symbol: variable material
C:\Users\justi\Documents\GitHub\AlexsMobs-26.2\src\main\java\com\github\alexthe666\alexsmobs\item\ItemModArmor.java:72: error: cannot find symbol
        if (this.material == AMItemRegistry.KIMONO_MATERIAL) {
                ^
  symbol: variable material
C:\Users\justi\Documents\GitHub\AlexsMobs-26.2\src\main\java\com\github\alexthe666\alexsmobs\item\ItemModArmor.java:79: error: cannot find symbol
        UUID uuid = ARMOR_MODIFIERS[type.ordinal()];
                                    ^
  symbol:   variable type
  location: class ItemModArmor
C:\Users\justi\Documents\GitHub\AlexsMobs-26.2\src\main\java\com\github\alexthe666\alexsmobs\item\ItemModArmor.java:80: error: cannot find symbol
        builder.put(Attributes.ARMOR, new AttributeModifier(uuid, "Armor modifier", materialIn.getDefenseForType(this.type), AttributeModifier.Operation.ADDITION));
                                                                                                                                                        ^
  symbol:   variable ADDITION
  location: class Operation
C:\Users\justi\Documents\GitHub\AlexsMobs-26.2\src\main\java\com\github\alexthe666\alexsmobs\item\ItemModArmor.java:80: error: cannot find symbol
        builder.put(Attributes.ARMOR, new AttributeModifier(uuid, "Armor modifier", materialIn.getDefenseForType(this.type), AttributeModifier.Operation.ADDITION));
                                                                                                                     ^
  symbol: variable type
C:\Users\justi\Documents\GitHub\AlexsMobs-26.2\src\main\java\com\github\alexthe666\alexsmobs\item\ItemModArmor.java:81: error: cannot find symbol
        builder.put(Attributes.ARMOR_TOUGHNESS, new AttributeModifier(uuid, "Armor toughness", materialIn.getToughness(), AttributeModifier.Operation.ADDITION));
                                                                                                                                                     ^
  symbol:   variable ADDITION
  location: class Operation
C:\Users\justi\Documents\GitHub\AlexsMobs-26.2\src\main\java\com\github\alexthe666\alexsmobs\item\ItemModArmor.java:82: error: cannot find symbol
        builder.put(NeoForgeMod.SWIM_SPEED.get(), new AttributeModifier(uuid, "Swim speed", 1, AttributeModifier.Operation.ADDITION));
                                                                                                                          ^
  symbol:   variable ADDITION
  location: class Operation
C:\Users\justi\Documents\GitHub\AlexsMobs-26.2\src\main\java\com\github\alexthe666\alexsmobs\item\ItemModArmor.java:82: error: cannot find symbol
        builder.put(NeoForgeMod.SWIM_SPEED.get(), new AttributeModifier(uuid, "Swim speed", 1, AttributeModifier.Operation.ADDITION));
                                          ^
  symbol:   method get()
  location: variable SWIM_SPEED of type Holder<Attribute>
C:\Users\justi\Documents\GitHub\AlexsMobs-26.2\src\main\java\com\github\alexthe666\alexsmobs\item\ItemModArmor.java:83: error: cannot find symbol
        if (this.knockbackResistance > 0) {
                ^
  symbol: variable knockbackResistance
C:\Users\justi\Documents\GitHub\AlexsMobs-26.2\src\main\java\com\github\alexthe666\alexsmobs\item\ItemModArmor.java:84: error: cannot find symbol
            builder.put(Attributes.KNOCKBACK_RESISTANCE, new AttributeModifier(uuid, "Armor knockback resistance", this.knockbackResistance, AttributeModifier.Operation.ADDITION));
                                                                                                                       ^
  symbol: variable knockbackResistance
C:\Users\justi\Documents\GitHub\AlexsMobs-26.2\src\main\java\com\github\alexthe666\alexsmobs\item\ItemModArmor.java:84: error: cannot find symbol
            builder.put(Attributes.KNOCKBACK_RESISTANCE, new AttributeModifier(uuid, "Armor knockback resistance", this.knockbackResistance, AttributeModifier.Operation.ADDITION));
                                                                                                                                                                        ^
  symbol:   variable ADDITION
  location: class Operation
C:\Users\justi\Documents\GitHub\AlexsMobs-26.2\src\main\java\com\github\alexthe666\alexsmobs\item\ItemModArmor.java:91: error: cannot find symbol
        UUID uuid = ARMOR_MODIFIERS[type.ordinal()];
                                    ^
  symbol:   variable type
  location: class ItemModArmor
C:\Users\justi\Documents\GitHub\AlexsMobs-26.2\src\main\java\com\github\alexthe666\alexsmobs\item\ItemModArmor.java:92: error: cannot find symbol
        builder.put(Attributes.ARMOR, new AttributeModifier(uuid, "Armor modifier", materialIn.getDefenseForType(this.type), AttributeModifier.Operation.ADDITION));
                                                                                                                                                        ^
  symbol:   variable ADDITION
  location: class Operation
C:\Users\justi\Documents\GitHub\AlexsMobs-26.2\src\main\java\com\github\alexthe666\alexsmobs\item\ItemModArmor.java:92: error: cannot find symbol
        builder.put(Attributes.ARMOR, new AttributeModifier(uuid, "Armor modifier", materialIn.getDefenseForType(this.type), AttributeModifier.Operation.ADDITION));
                                                                                                                     ^
  symbol: variable type
C:\Users\justi\Documents\GitHub\AlexsMobs-26.2\src\main\java\com\github\alexthe666\alexsmobs\item\ItemModArmor.java:93: error: cannot find symbol
        builder.put(Attributes.ARMOR_TOUGHNESS, new AttributeModifier(uuid, "Armor toughness", materialIn.getToughness(), AttributeModifier.Operation.ADDITION));
                                                                                                                                                     ^
  symbol:   variable ADDITION
  location: class Operation
C:\Users\justi\Documents\GitHub\AlexsMobs-26.2\src\main\java\com\github\alexthe666\alexsmobs\item\ItemModArmor.java:94: error: cannot find symbol
        builder.put(NeoForgeMod.SWIM_SPEED.get(), new AttributeModifier(uuid, "Swim speed", 0.5, AttributeModifier.Operation.ADDITION));
                                                                                                                            ^
  symbol:   variable ADDITION
  location: class Operation
C:\Users\justi\Documents\GitHub\AlexsMobs-26.2\src\main\java\com\github\alexthe666\alexsmobs\item\ItemModArmor.java:94: error: cannot find symbol
        builder.put(NeoForgeMod.SWIM_SPEED.get(), new AttributeModifier(uuid, "Swim speed", 0.5, AttributeModifier.Operation.ADDITION));
                                          ^
  symbol:   method get()
  location: variable SWIM_SPEED of type Holder<Attribute>
C:\Users\justi\Documents\GitHub\AlexsMobs-26.2\src\main\java\com\github\alexthe666\alexsmobs\item\ItemModArmor.java:100: error: cannot find symbol
        UUID uuid = ARMOR_MODIFIERS[type.ordinal()];
                                    ^
  symbol:   variable type
  location: class ItemModArmor
C:\Users\justi\Documents\GitHub\AlexsMobs-26.2\src\main\java\com\github\alexthe666\alexsmobs\item\ItemModArmor.java:101: error: cannot find symbol
        builder.put(Attributes.ARMOR, new AttributeModifier(uuid, "Armor modifier", materialIn.getDefenseForType(this.type), AttributeModifier.Operation.ADDITION));
                                                                                                                                                        ^
  symbol:   variable ADDITION
  location: class Operation
C:\Users\justi\Documents\GitHub\AlexsMobs-26.2\src\main\java\com\github\alexthe666\alexsmobs\item\ItemModArmor.java:101: error: cannot find symbol
        builder.put(Attributes.ARMOR, new AttributeModifier(uuid, "Armor modifier", materialIn.getDefenseForType(this.type), AttributeModifier.Operation.ADDITION));
                                                                                                                     ^
  symbol: variable type
C:\Users\justi\Documents\GitHub\AlexsMobs-26.2\src\main\java\com\github\alexthe666\alexsmobs\item\ItemModArmor.java:102: error: cannot find symbol
        builder.put(Attributes.ARMOR_TOUGHNESS, new AttributeModifier(uuid, "Armor toughness", materialIn.getToughness(), AttributeModifier.Operation.ADDITION));
                                                                                                                                                     ^
  symbol:   variable ADDITION
  location: class Operation
C:\Users\justi\Documents\GitHub\AlexsMobs-26.2\src\main\java\com\github\alexthe666\alexsmobs\item\ItemModArmor.java:103: error: cannot find symbol
        builder.put(Attributes.ATTACK_KNOCKBACK, new AttributeModifier(uuid, "Knockback", 2, AttributeModifier.Operation.ADDITION));
                                                                                                                        ^
  symbol:   variable ADDITION
  location: class Operation
C:\Users\justi\Documents\GitHub\AlexsMobs-26.2\src\main\java\com\github\alexthe666\alexsmobs\item\ItemModArmor.java:104: error: cannot find symbol
        if (this.knockbackResistance > 0) {
                ^
  symbol: variable knockbackResistance
C:\Users\justi\Documents\GitHub\AlexsMobs-26.2\src\main\java\com\github\alexthe666\alexsmobs\item\ItemModArmor.java:105: error: cannot find symbol
            builder.put(Attributes.KNOCKBACK_RESISTANCE, new AttributeModifier(uuid, "Armor knockback resistance", this.knockbackResistance, AttributeModifier.Operation.ADDITION));
                                                                                                                       ^
  symbol: variable knockbackResistance
C:\Users\justi\Documents\GitHub\AlexsMobs-26.2\src\main\java\com\github\alexthe666\alexsmobs\item\ItemModArmor.java:105: error: cannot find symbol
            builder.put(Attributes.KNOCKBACK_RESISTANCE, new AttributeModifier(uuid, "Armor knockback resistance", this.knockbackResistance, AttributeModifier.Operation.ADDITION));
                                                                                                                                                                        ^
  symbol:   variable ADDITION
  location: class Operation
C:\Users\justi\Documents\GitHub\AlexsMobs-26.2\src\main\java\com\github\alexthe666\alexsmobs\item\ItemModArmor.java:112: error: cannot find symbol
        UUID uuid = ARMOR_MODIFIERS[type.ordinal()];
                                    ^
  symbol:   variable type
  location: class ItemModArmor
C:\Users\justi\Documents\GitHub\AlexsMobs-26.2\src\main\java\com\github\alexthe666\alexsmobs\item\ItemModArmor.java:113: error: cannot find symbol
        builder.put(Attributes.ARMOR, new AttributeModifier(uuid, "Armor modifier", materialIn.getDefenseForType(this.type), AttributeModifier.Operation.ADDITION));
                                                                                                                                                        ^
  symbol:   variable ADDITION
  location: class Operation
C:\Users\justi\Documents\GitHub\AlexsMobs-26.2\src\main\java\com\github\alexthe666\alexsmobs\item\ItemModArmor.java:113: error: cannot find symbol
        builder.put(Attributes.ARMOR, new AttributeModifier(uuid, "Armor modifier", materialIn.getDefenseForType(this.type), AttributeModifier.Operation.ADDITION));
                                                                                                                     ^
  symbol: variable type
C:\Users\justi\Documents\GitHub\AlexsMobs-26.2\src\main\java\com\github\alexthe666\alexsmobs\item\ItemModArmor.java:114: error: cannot find symbol
        builder.put(Attributes.ARMOR_TOUGHNESS, new AttributeModifier(uuid, "Armor toughness", materialIn.getToughness(), AttributeModifier.Operation.ADDITION));
                                                                                                                                                     ^
  symbol:   variable ADDITION
  location: class Operation
C:\Users\justi\Documents\GitHub\AlexsMobs-26.2\src\main\java\com\github\alexthe666\alexsmobs\item\ItemModArmor.java:115: error: cannot find symbol
        builder.put(NeoForgeMod.BLOCK_REACH.get(), new AttributeModifier(uuid, "Block Reach distance", 2, AttributeModifier.Operation.ADDITION));
                                                                                                                                     ^
  symbol:   variable ADDITION
  location: class Operation
C:\Users\justi\Documents\GitHub\AlexsMobs-26.2\src\main\java\com\github\alexthe666\alexsmobs\item\ItemModArmor.java:115: error: cannot find symbol
        builder.put(NeoForgeMod.BLOCK_REACH.get(), new AttributeModifier(uuid, "Block Reach distance", 2, AttributeModifier.Operation.ADDITION));
                               ^
  symbol:   variable BLOCK_REACH
  location: class NeoForgeMod
C:\Users\justi\Documents\GitHub\AlexsMobs-26.2\src\main\java\com\github\alexthe666\alexsmobs\item\ItemModArmor.java:116: error: cannot find symbol
        builder.put(NeoForgeMod.ENTITY_REACH.get(), new AttributeModifier(uuid, "Entity Reach distance", 2, AttributeModifier.Operation.ADDITION));
                                                                                                                                       ^
  symbol:   variable ADDITION
  location: class Operation
C:\Users\justi\Documents\GitHub\AlexsMobs-26.2\src\main\java\com\github\alexthe666\alexsmobs\item\ItemModArmor.java:116: error: cannot find symbol
        builder.put(NeoForgeMod.ENTITY_REACH.get(), new AttributeModifier(uuid, "Entity Reach distance", 2, AttributeModifier.Operation.ADDITION));
                               ^
  symbol:   variable ENTITY_REACH
  location: class NeoForgeMod
C:\Users\justi\Documents\GitHub\AlexsMobs-26.2\src\main\java\com\github\alexthe666\alexsmobs\item\ItemModArmor.java:121: error: cannot find symbol
        if (getMaterial() == AMItemRegistry.CROCODILE_ARMOR_MATERIAL && equipmentSlot == this.type.getSlot()) {
            ^
  symbol:   method getMaterial()
  location: class ItemModArmor
C:\Users\justi\Documents\GitHub\AlexsMobs-26.2\src\main\java\com\github\alexthe666\alexsmobs\item\ItemModArmor.java:121: error: cannot find symbol
        if (getMaterial() == AMItemRegistry.CROCODILE_ARMOR_MATERIAL && equipmentSlot == this.type.getSlot()) {
                                                                                             ^
  symbol: variable type
C:\Users\justi\Documents\GitHub\AlexsMobs-26.2\src\main\java\com\github\alexthe666\alexsmobs\item\ItemModArmor.java:127: error: cannot find symbol
        if (getMaterial() == AMItemRegistry.MOOSE_ARMOR_MATERIAL && equipmentSlot == this.type.getSlot()) {
            ^
  symbol:   method getMaterial()
  location: class ItemModArmor
C:\Users\justi\Documents\GitHub\AlexsMobs-26.2\src\main\java\com\github\alexthe666\alexsmobs\item\ItemModArmor.java:127: error: cannot find symbol
        if (getMaterial() == AMItemRegistry.MOOSE_ARMOR_MATERIAL && equipmentSlot == this.type.getSlot()) {
                                                                                         ^
  symbol: variable type
C:\Users\justi\Documents\GitHub\AlexsMobs-26.2\src\main\java\com\github\alexthe666\alexsmobs\item\ItemModArmor.java:133: error: cannot find symbol
        if (getMaterial() == AMItemRegistry.FLYING_FISH_MATERIAL && equipmentSlot == this.type.getSlot()) {
            ^
  symbol:   method getMaterial()
  location: class ItemModArmor
C:\Users\justi\Documents\GitHub\AlexsMobs-26.2\src\main\java\com\github\alexthe666\alexsmobs\item\ItemModArmor.java:133: error: cannot find symbol
        if (getMaterial() == AMItemRegistry.FLYING_FISH_MATERIAL && equipmentSlot == this.type.getSlot()) {
                                                                                         ^
  symbol: variable type
C:\Users\justi\Documents\GitHub\AlexsMobs-26.2\src\main\java\com\github\alexthe666\alexsmobs\item\ItemModArmor.java:139: error: cannot find symbol
        if (getMaterial() == AMItemRegistry.KIMONO_MATERIAL && equipmentSlot == this.type.getSlot()) {
            ^
  symbol:   method getMaterial()
  location: class ItemModArmor
C:\Users\justi\Documents\GitHub\AlexsMobs-26.2\src\main\java\com\github\alexthe666\alexsmobs\item\ItemModArmor.java:139: error: cannot find symbol
        if (getMaterial() == AMItemRegistry.KIMONO_MATERIAL && equipmentSlot == this.type.getSlot()) {
                                                                                    ^
  symbol: variable type
C:\Users\justi\Documents\GitHub\AlexsMobs-26.2\src\main\java\com\github\alexthe666\alexsmobs\item\ItemModArmor.java:145: error: incompatible types: EquipmentSlot cannot be converted to ItemStack
        return super.getDefaultAttributeModifiers(equipmentSlot);
                                                  ^
C:\Users\justi\Documents\GitHub\AlexsMobs-26.2\src\main\java\com\github\alexthe666\alexsmobs\item\ItemModArmor.java:150: error: cannot find symbol
        if (this.material == AMItemRegistry.CROCODILE_ARMOR_MATERIAL) {
                ^
  symbol: variable material
C:\Users\justi\Documents\GitHub\AlexsMobs-26.2\src\main\java\com\github\alexthe666\alexsmobs\item\ItemModArmor.java:152: error: cannot find symbol
        } else if (this.material == AMItemRegistry.ROADRUNNER_ARMOR_MATERIAL) {
                       ^
  symbol: variable material
C:\Users\justi\Documents\GitHub\AlexsMobs-26.2\src\main\java\com\github\alexthe666\alexsmobs\item\ItemModArmor.java:154: error: cannot find symbol
        } else if (this.material == AMItemRegistry.CENTIPEDE_ARMOR_MATERIAL) {
                       ^
  symbol: variable material
C:\Users\justi\Documents\GitHub\AlexsMobs-26.2\src\main\java\com\github\alexthe666\alexsmobs\item\ItemModArmor.java:156: error: cannot find symbol
        } else if (this.material == AMItemRegistry.MOOSE_ARMOR_MATERIAL) {
                       ^
  symbol: variable material
C:\Users\justi\Documents\GitHub\AlexsMobs-26.2\src\main\java\com\github\alexthe666\alexsmobs\item\ItemModArmor.java:158: error: cannot find symbol
        } else if (this.material == AMItemRegistry.RACCOON_ARMOR_MATERIAL) {
                       ^
  symbol: variable material
C:\Users\justi\Documents\GitHub\AlexsMobs-26.2\src\main\java\com\github\alexthe666\alexsmobs\item\ItemModArmor.java:160: error: cannot find symbol
        } else if (this.material == AMItemRegistry.SOMBRERO_ARMOR_MATERIAL) {
                       ^
  symbol: variable material
C:\Users\justi\Documents\GitHub\AlexsMobs-26.2\src\main\java\com\github\alexthe666\alexsmobs\item\ItemModArmor.java:162: error: cannot find symbol
        } else if (this.material == AMItemRegistry.SPIKED_TURTLE_SHELL_ARMOR_MATERIAL) {
                       ^
  symbol: variable material
C:\Users\justi\Documents\GitHub\AlexsMobs-26.2\src\main\java\com\github\alexthe666\alexsmobs\item\ItemModArmor.java:164: error: cannot find symbol
        } else if (this.material == AMItemRegistry.FEDORA_ARMOR_MATERIAL) {
                       ^
  symbol: variable material
C:\Users\justi\Documents\GitHub\AlexsMobs-26.2\src\main\java\com\github\alexthe666\alexsmobs\item\ItemModArmor.java:166: error: cannot find symbol
        } else if (this.material == AMItemRegistry.EMU_ARMOR_MATERIAL) {
                       ^
  symbol: variable material
C:\Users\justi\Documents\GitHub\AlexsMobs-26.2\src\main\java\com\github\alexthe666\alexsmobs\item\ItemModArmor.java:168: error: cannot find symbol
        } else if (this.material == AMItemRegistry.FROSTSTALKER_ARMOR_MATERIAL) {
                       ^
  symbol: variable material
C:\Users\justi\Documents\GitHub\AlexsMobs-26.2\src\main\java\com\github\alexthe666\alexsmobs\item\ItemModArmor.java:170: error: cannot find symbol
        } else if (this.material == AMItemRegistry.ROCKY_ARMOR_MATERIAL) {
                       ^
  symbol: variable material
C:\Users\justi\Documents\GitHub\AlexsMobs-26.2\src\main\java\com\github\alexthe666\alexsmobs\item\ItemModArmor.java:172: error: cannot find symbol
        } else if (this.material == AMItemRegistry.FLYING_FISH_MATERIAL) {
                       ^
  symbol: variable material
C:\Users\justi\Documents\GitHub\AlexsMobs-26.2\src\main\java\com\github\alexthe666\alexsmobs\item\ItemModArmor.java:174: error: cannot find symbol
        } else if (this.material == AMItemRegistry.NOVELTY_HAT_MATERIAL) {
                       ^
  symbol: variable material
C:\Users\justi\Documents\GitHub\AlexsMobs-26.2\src\main\java\com\github\alexthe666\alexsmobs\item\ItemModArmor.java:176: error: cannot find symbol
        } else if (this.material == AMItemRegistry.KIMONO_MATERIAL) {
                       ^
  symbol: variable material
C:\Users\justi\Documents\GitHub\AlexsMobs-26.2\src\main\java\com\github\alexthe666\alexsmobs\item\ItemModArmor.java:179: error: cannot find symbol
        return super.getArmorTexture(stack, entity, slot, type);
                    ^
  symbol: method getArmorTexture(ItemStack,Entity,EquipmentSlot,String)
C:\Users\justi\Documents\GitHub\AlexsMobs-26.2\src\main\java\com\github\alexthe666\alexsmobs\item\ItemModArrow.java:20: error: cannot find symbol
            arrowentity.setEffectsFromItem(stack);
                       ^
  symbol:   method setEffectsFromItem(ItemStack)
  location: variable arrowentity of type Arrow
C:\Users\justi\Documents\GitHub\AlexsMobs-26.2\src\main\java\com\github\alexthe666\alexsmobs\item\ItemModArrow.java:23: error: method createArrow in class ArrowItem cannot be applied to given types;
            return super.createArrow(worldIn, stack, shooter);
                        ^
  required: Level,ItemStack,LivingEntity,ItemStack
  found:    Level,ItemStack,LivingEntity
  reason: actual and formal argument lists differ in length
C:\Users\justi\Documents\GitHub\AlexsMobs-26.2\src\main\java\com\github\alexthe666\alexsmobs\item\ItemMysteriousWorm.java:23: error: method does not override or implement a method from a supertype
    @Override
    ^
C:\Users\justi\Documents\GitHub\AlexsMobs-26.2\src\main\java\com\github\alexthe666\alexsmobs\item\ItemMysteriousWorm.java:30: error: cannot find symbol
            String dim = entity.level().dimension().location().toString();
                                                   ^
  symbol:   method location()
  location: class ResourceKey<Level>
C:\Users\justi\Documents\GitHub\AlexsMobs-26.2\src\main\java\com\github\alexthe666\alexsmobs\item\ItemMysteriousWorm.java:32: error: method kill in class Entity cannot be applied to given types;
                entity.kill();
                      ^
  required: ServerLevel
  found:    no arguments
  reason: actual and formal argument lists differ in length
C:\Users\justi\Documents\GitHub\AlexsMobs-26.2\src\main\java\com\github\alexthe666\alexsmobs\item\ItemMysteriousWorm.java:33: error: no suitable method found for create(Level)
                EntityVoidWorm worm = AMEntityRegistry.VOID_WORM.get().create(entity.level());
                                                                      ^
    method EntityType.create(ServerLevel,@org.jspecify.annotations.Nullable PostSpawnProcessor<EntityVoidWorm>,BlockPos,EntitySpawnReason,boolean,boolean) is not applicable
      (actual and formal argument lists differ in length)
    method EntityType.create(Level,EntitySpawnReason) is not applicable
      (actual and formal argument lists differ in length)
    method EntityType.create(Level,EntitySpawnRequest) is not applicable
      (actual and formal argument lists differ in length)
    method EntityType.create(ValueInput,Level,EntitySpawnRequest) is not applicable
      (actual and formal argument lists differ in length)
    method EntityType.create(EntityType<?>,ValueInput,Level,EntitySpawnReason) is not applicable
      (actual and formal argument lists differ in length)
C:\Users\justi\Documents\GitHub\AlexsMobs-26.2\src\main\java\com\github\alexthe666\alexsmobs\item\ItemPigshoes.java:24: error: cannot find symbol
        return enchantment.category == EnchantmentCategory.ARMOR_FEET && !enchantment.isCurse() && enchantment != Enchantments.UNBREAKING && enchantment != Enchantments.MENDING;
                          ^
  symbol:   variable category
  location: variable enchantment of type Enchantment
C:\Users\justi\Documents\GitHub\AlexsMobs-26.2\src\main\java\com\github\alexthe666\alexsmobs\item\ItemPigshoes.java:24: error: cannot find symbol
        return enchantment.category == EnchantmentCategory.ARMOR_FEET && !enchantment.isCurse() && enchantment != Enchantments.UNBREAKING && enchantment != Enchantments.MENDING;
                                       ^
  symbol:   variable EnchantmentCategory
  location: class ItemPigshoes
C:\Users\justi\Documents\GitHub\AlexsMobs-26.2\src\main\java\com\github\alexthe666\alexsmobs\item\ItemPigshoes.java:24: error: cannot find symbol
        return enchantment.category == EnchantmentCategory.ARMOR_FEET && !enchantment.isCurse() && enchantment != Enchantments.UNBREAKING && enchantment != Enchantments.MENDING;
                                                                                     ^
  symbol:   method isCurse()
  location: variable enchantment of type Enchantment
C:\Users\justi\Documents\GitHub\AlexsMobs-26.2\src\main\java\com\github\alexthe666\alexsmobs\item\ItemPigshoes.java:24: error: incomparable types: Enchantment and ResourceKey<Enchantment>
        return enchantment.category == EnchantmentCategory.ARMOR_FEET && !enchantment.isCurse() && enchantment != Enchantments.UNBREAKING && enchantment != Enchantments.MENDING;
                                                                                                               ^
C:\Users\justi\Documents\GitHub\AlexsMobs-26.2\src\main\java\com\github\alexthe666\alexsmobs\item\ItemPigshoes.java:24: error: incomparable types: Enchantment and ResourceKey<Enchantment>
        return enchantment.category == EnchantmentCategory.ARMOR_FEET && !enchantment.isCurse() && enchantment != Enchantments.UNBREAKING && enchantment != Enchantments.MENDING;
                                                                                                                                                         ^
C:\Users\justi\Documents\GitHub\AlexsMobs-26.2\src\main\java\com\github\alexthe666\alexsmobs\item\ItemPocketSand.java:63: error: no suitable method found for addCooldown(ItemPocketSand,int)
            livingEntityIn.getCooldowns().addCooldown(this, 2);
                                         ^
    method ItemCooldowns.addCooldown(ItemStack,int) is not applicable
      (argument mismatch; ItemPocketSand cannot be converted to ItemStack)
    method ItemCooldowns.addCooldown(Identifier,int) is not applicable
      (argument mismatch; ItemPocketSand cannot be converted to Identifier)
C:\Users\justi\Documents\GitHub\AlexsMobs-26.2\src\main\java\com\github\alexthe666\alexsmobs\item\ItemPocketSand.java:65: error: no suitable method found for hurtAndBreak(int,Player,(player)->[...])); })
            itemstack.hurtAndBreak(1, livingEntityIn, (player) -> {
                     ^
    method ItemStack.hurtAndBreak(int,LivingEntity,InteractionHand) is not applicable
      (argument mismatch; InteractionHand is not a functional interface)
    method ItemStack.hurtAndBreak(int,LivingEntity,EquipmentSlot) is not applicable
      (argument mismatch; EquipmentSlot is not a functional interface)
C:\Users\justi\Documents\GitHub\AlexsMobs-26.2\src\main\java\com\github\alexthe666\alexsmobs\item\ItemShatteredDimensionalCarver.java:17: error: method does not override or implement a method from a supertype
    @Override
    ^
C:\Users\justi\Documents\GitHub\AlexsMobs-26.2\src\main\java\com\github\alexthe666\alexsmobs\item\ItemShieldOfTheDeep.java:20: error: method does not override or implement a method from a supertype
    @Override
    ^
C:\Users\justi\Documents\GitHub\AlexsMobs-26.2\src\main\java\com\github\alexthe666\alexsmobs\item\ItemShieldOfTheDeep.java:22: error: cannot find symbol
        return ItemAbilities.DEFAULT_SHIELD_ACTIONS.contains(ItemAbility);
                            ^
  symbol:   variable DEFAULT_SHIELD_ACTIONS
  location: class ItemAbilities
C:\Users\justi\Documents\GitHub\AlexsMobs-26.2\src\main\java\com\github\alexthe666\alexsmobs\item\ItemShieldOfTheDeep.java:40: error: cannot find symbol
        return AMItemRegistry.SERRATED_SHARK_TOOTH.get() == p_82789_2_.getItem() || super.isValidRepairItem(p_82789_1_, p_82789_2_);
                                                                                         ^
  symbol: method isValidRepairItem(ItemStack,ItemStack)
C:\Users\justi\Documents\GitHub\AlexsMobs-26.2\src\main\java\com\github\alexthe666\alexsmobs\item\ItemShieldOfTheDeep.java:43: error: method does not override or implement a method from a supertype
    @Override
    ^
C:\Users\justi\Documents\GitHub\AlexsMobs-26.2\src\main\java\com\github\alexthe666\alexsmobs\item\ItemSkelewagSword.java:24: error: cannot find symbol
        builder.put(Attributes.ATTACK_DAMAGE, new AttributeModifier(BASE_ATTACK_DAMAGE_UUID, "Weapon modifier", (double)3.5F, AttributeModifier.Operation.ADDITION));
                                                                    ^
  symbol:   variable BASE_ATTACK_DAMAGE_UUID
  location: class ItemSkelewagSword
C:\Users\justi\Documents\GitHub\AlexsMobs-26.2\src\main\java\com\github\alexthe666\alexsmobs\item\ItemSkelewagSword.java:24: error: cannot find symbol
        builder.put(Attributes.ATTACK_DAMAGE, new AttributeModifier(BASE_ATTACK_DAMAGE_UUID, "Weapon modifier", (double)3.5F, AttributeModifier.Operation.ADDITION));
                                                                                                                                                         ^
  symbol:   variable ADDITION
  location: class Operation
C:\Users\justi\Documents\GitHub\AlexsMobs-26.2\src\main\java\com\github\alexthe666\alexsmobs\item\ItemSkelewagSword.java:25: error: cannot find symbol
        builder.put(Attributes.ATTACK_SPEED, new AttributeModifier(BASE_ATTACK_SPEED_UUID, "Weapon modifier", (double)0, AttributeModifier.Operation.ADDITION));
                                                                   ^
  symbol:   variable BASE_ATTACK_SPEED_UUID
  location: class ItemSkelewagSword
C:\Users\justi\Documents\GitHub\AlexsMobs-26.2\src\main\java\com\github\alexthe666\alexsmobs\item\ItemSkelewagSword.java:25: error: cannot find symbol
        builder.put(Attributes.ATTACK_SPEED, new AttributeModifier(BASE_ATTACK_SPEED_UUID, "Weapon modifier", (double)0, AttributeModifier.Operation.ADDITION));
                                                                                                                                                    ^
  symbol:   variable ADDITION
  location: class Operation
C:\Users\justi\Documents\GitHub\AlexsMobs-26.2\src\main\java\com\github\alexthe666\alexsmobs\item\ItemSkelewagSword.java:26: error: cannot find symbol
        this.skelewagModifiers = builder.build();
            ^
  symbol: variable skelewagModifiers
C:\Users\justi\Documents\GitHub\AlexsMobs-26.2\src\main\java\com\github\alexthe666\alexsmobs\item\ItemSkelewagSword.java:33: error: method does not override or implement a method from a supertype
    @Override
    ^
C:\Users\justi\Documents\GitHub\AlexsMobs-26.2\src\main\java\com\github\alexthe666\alexsmobs\item\ItemSkelewagSword.java:35: error: cannot find symbol
        return ItemAbilities.DEFAULT_SHIELD_ACTIONS.contains(ItemAbility);
                            ^
  symbol:   variable DEFAULT_SHIELD_ACTIONS
  location: class ItemAbilities
C:\Users\justi\Documents\GitHub\AlexsMobs-26.2\src\main\java\com\github\alexthe666\alexsmobs\item\ItemSkelewagSword.java:46: error: method does not override or implement a method from a supertype
    @Override
    ^
C:\Users\justi\Documents\GitHub\AlexsMobs-26.2\src\main\java\com\github\alexthe666\alexsmobs\item\ItemSkelewagSword.java:57: error: method does not override or implement a method from a supertype
    @Override
    ^
C:\Users\justi\Documents\GitHub\AlexsMobs-26.2\src\main\java\com\github\alexthe666\alexsmobs\item\ItemSkelewagSword.java:63: error: cannot find symbol
        return slot == EquipmentSlot.MAINHAND ? this.skelewagModifiers : super.getDefaultAttributeModifiers(slot);
                                                    ^
  symbol: variable skelewagModifiers
C:\Users\justi\Documents\GitHub\AlexsMobs-26.2\src\main\java\com\github\alexthe666\alexsmobs\item\ItemSkelewagSword.java:63: error: incompatible types: EquipmentSlot cannot be converted to ItemStack
        return slot == EquipmentSlot.MAINHAND ? this.skelewagModifiers : super.getDefaultAttributeModifiers(slot);
                                                                                                            ^
C:\Users\justi\Documents\GitHub\AlexsMobs-26.2\src\main\java\com\github\alexthe666\alexsmobs\item\ItemSquidGrapple.java:49: error: releaseUsing(ItemStack,Level,LivingEntity,int) in ItemSquidGrapple cannot override releaseUsing(ItemStack,Level,LivingEntity,int) in Item
    public void releaseUsing(ItemStack stack, Level worldIn, LivingEntity livingEntityIn, int i) {
                ^
  return type void is not compatible with boolean
C:\Users\justi\Documents\GitHub\AlexsMobs-26.2\src\main\java\com\github\alexthe666\alexsmobs\item\ItemSquidGrapple.java:69: error: no suitable method found for hurtAndBreak(int,LivingEntity,(playerIn)[...])); })
            stack.hurtAndBreak(1, livingEntityIn, (playerIn) -> {
                 ^
    method ItemStack.hurtAndBreak(int,LivingEntity,InteractionHand) is not applicable
      (argument mismatch; InteractionHand is not a functional interface)
    method ItemStack.hurtAndBreak(int,LivingEntity,EquipmentSlot) is not applicable
      (argument mismatch; EquipmentSlot is not a functional interface)
C:\Users\justi\Documents\GitHub\AlexsMobs-26.2\src\main\java\com\github\alexthe666\alexsmobs\item\ItemSquidGrapple.java:90: error: method does not override or implement a method from a supertype
    @Override
    ^
C:\Users\justi\Documents\GitHub\AlexsMobs-26.2\src\main\java\com\github\alexthe666\alexsmobs\item\ItemStinkBottle.java:30: error: getDescriptionId() in ItemStinkBottle cannot override getDescriptionId() in Item
    public String getDescriptionId() {
                  ^
  overridden method is final
C:\Users\justi\Documents\GitHub\AlexsMobs-26.2\src\main\java\com\github\alexthe666\alexsmobs\item\ItemStinkBottle.java:31: error: cannot find symbol
        return this.getOrCreateDescriptionId();
                   ^
  symbol: method getOrCreateDescriptionId()
C:\Users\justi\Documents\GitHub\AlexsMobs-26.2\src\main\java\com\github\alexthe666\alexsmobs\item\ItemStinkRay.java:60: error: releaseUsing(ItemStack,Level,LivingEntity,int) in ItemStinkRay cannot override releaseUsing(ItemStack,Level,LivingEntity,int) in Item
    public void releaseUsing(ItemStack itemStack, Level level, LivingEntity entity, int time) {
                ^
  return type void is not compatible with boolean
C:\Users\justi\Documents\GitHub\AlexsMobs-26.2\src\main\java\com\github\alexthe666\alexsmobs\item\ItemStinkRay.java:77: error: no suitable method found for hurtAndBreak(int,LivingEntity,(breaker)-[...])); })
                itemStack.hurtAndBreak(1, entity, (breaker) -> {
                         ^
    method ItemStack.hurtAndBreak(int,LivingEntity,InteractionHand) is not applicable
      (argument mismatch; InteractionHand is not a functional interface)
    method ItemStack.hurtAndBreak(int,LivingEntity,EquipmentSlot) is not applicable
      (argument mismatch; EquipmentSlot is not a functional interface)
C:\Users\justi\Documents\GitHub\AlexsMobs-26.2\src\main\java\com\github\alexthe666\alexsmobs\item\ItemStinkRay.java:127: error: method does not override or implement a method from a supertype
    @Override
    ^
C:\Users\justi\Documents\GitHub\AlexsMobs-26.2\src\main\java\com\github\alexthe666\alexsmobs\item\ItemStraddleboard.java:33: error: cannot find symbol
        CompoundTag lvt_2_1_ = p_200886_1_.getTagElement("display");
                                          ^
  symbol:   method getTagElement(String)
  location: variable p_200886_1_ of type ItemStack
C:\Users\justi\Documents\GitHub\AlexsMobs-26.2\src\main\java\com\github\alexthe666\alexsmobs\item\ItemStraddleboard.java:34: error: incompatible types: bad type in conditional expression
        return lvt_2_1_ != null && lvt_2_1_.contains("color") ? lvt_2_1_.getInt("color") : 0XADC3D7;
                                                                               ^
    Optional<Integer> cannot be converted to int
C:\Users\justi\Documents\GitHub\AlexsMobs-26.2\src\main\java\com\github\alexthe666\alexsmobs\item\ItemStraddleboard.java:38: error: cannot find symbol
        return super.canApplyAtEnchantingTable(stack, enchantment) && enchantment != Enchantments.UNBREAKING && enchantment != Enchantments.MENDING;
                    ^
  symbol: method canApplyAtEnchantingTable(ItemStack,Enchantment)
C:\Users\justi\Documents\GitHub\AlexsMobs-26.2\src\main\java\com\github\alexthe666\alexsmobs\item\ItemStraddleboard.java:38: error: incomparable types: Enchantment and ResourceKey<Enchantment>
        return super.canApplyAtEnchantingTable(stack, enchantment) && enchantment != Enchantments.UNBREAKING && enchantment != Enchantments.MENDING;
                                                                                  ^
C:\Users\justi\Documents\GitHub\AlexsMobs-26.2\src\main\java\com\github\alexthe666\alexsmobs\item\ItemStraddleboard.java:38: error: incomparable types: Enchantment and ResourceKey<Enchantment>
        return super.canApplyAtEnchantingTable(stack, enchantment) && enchantment != Enchantments.UNBREAKING && enchantment != Enchantments.MENDING;
                                                                                                                            ^
C:\Users\justi\Documents\GitHub\AlexsMobs-26.2\src\main\java\com\github\alexthe666\alexsmobs\item\ItemStraddleboard.java:67: error: cannot find symbol
                boatentity.setDefaultColor(!this.hasCustomColor(itemstack));
                                                ^
  symbol: method hasCustomColor(ItemStack)
C:\Users\justi\Documents\GitHub\AlexsMobs-26.2\src\main\java\com\github\alexthe666\alexsmobs\item\ItemTabIcon.java:20: error: cannot find symbol
        return stack.getTag() != null && stack.getTag().contains("DisplayEntityType");
                    ^
  symbol:   method getTag()
  location: variable stack of type ItemStack
C:\Users\justi\Documents\GitHub\AlexsMobs-26.2\src\main\java\com\github\alexthe666\alexsmobs\item\ItemTabIcon.java:20: error: cannot find symbol
        return stack.getTag() != null && stack.getTag().contains("DisplayEntityType");
                                              ^
  symbol:   method getTag()
  location: variable stack of type ItemStack
C:\Users\justi\Documents\GitHub\AlexsMobs-26.2\src\main\java\com\github\alexthe666\alexsmobs\item\ItemTabIcon.java:24: error: cannot find symbol
        return stack.getTag().getString("DisplayEntityType");
                    ^
  symbol:   method getTag()
  location: variable stack of type ItemStack
C:\Users\justi\Documents\GitHub\AlexsMobs-26.2\src\main\java\com\github\alexthe666\alexsmobs\item\ItemTabIcon.java:27: error: method does not override or implement a method from a supertype
    @Override
    ^
C:\Users\justi\Documents\GitHub\AlexsMobs-26.2\src\main\java\com\github\alexthe666\alexsmobs\item\ItemTarantulaHawkElytra.java:22: error: cannot find symbol
        super(mat, Type.CHESTPLATE, props);
                   ^
  symbol:   variable Type
  location: class ItemTarantulaHawkElytra
C:\Users\justi\Documents\GitHub\AlexsMobs-26.2\src\main\java\com\github\alexthe666\alexsmobs\item\ItemTarantulaHawkElytra.java:25: error: method does not override or implement a method from a supertype
    @Override
    ^
C:\Users\justi\Documents\GitHub\AlexsMobs-26.2\src\main\java\com\github\alexthe666\alexsmobs\item\ItemTarantulaHawkElytra.java:38: error: method does not override or implement a method from a supertype
    @Override
    ^
C:\Users\justi\Documents\GitHub\AlexsMobs-26.2\src\main\java\com\github\alexthe666\alexsmobs\item\ItemTarantulaHawkElytra.java:40: error: cannot find symbol
        return ElytraItem.isFlyEnabled(stack);
               ^
  symbol:   variable ElytraItem
  location: class ItemTarantulaHawkElytra
C:\Users\justi\Documents\GitHub\AlexsMobs-26.2\src\main\java\com\github\alexthe666\alexsmobs\item\ItemTarantulaHawkElytra.java:43: error: method does not override or implement a method from a supertype
    @Override
    ^
C:\Users\justi\Documents\GitHub\AlexsMobs-26.2\src\main\java\com\github\alexthe666\alexsmobs\item\ItemTarantulaHawkElytra.java:46: error: no suitable method found for hurtAndBreak(int,LivingEntity,(e)->e.bro[...]HEST))
            stack.hurtAndBreak(1, entity, e -> e.broadcastBreakEvent(net.minecraft.world.entity.EquipmentSlot.CHEST));
                 ^
    method ItemStack.hurtAndBreak(int,LivingEntity,InteractionHand) is not applicable
      (argument mismatch; InteractionHand is not a functional interface)
    method ItemStack.hurtAndBreak(int,LivingEntity,EquipmentSlot) is not applicable
      (argument mismatch; EquipmentSlot is not a functional interface)
C:\Users\justi\Documents\GitHub\AlexsMobs-26.2\src\main\java\com\github\alexthe666\alexsmobs\item\ItemTendonWhip.java:35: error: cannot find symbol
        builder.put(Attributes.ATTACK_DAMAGE, new AttributeModifier(BASE_ATTACK_DAMAGE_UUID, "Weapon modifier", (double)4F, AttributeModifier.Operation.ADDITION));
                                                                    ^
  symbol:   variable BASE_ATTACK_DAMAGE_UUID
  location: class ItemTendonWhip
C:\Users\justi\Documents\GitHub\AlexsMobs-26.2\src\main\java\com\github\alexthe666\alexsmobs\item\ItemTendonWhip.java:35: error: cannot find symbol
        builder.put(Attributes.ATTACK_DAMAGE, new AttributeModifier(BASE_ATTACK_DAMAGE_UUID, "Weapon modifier", (double)4F, AttributeModifier.Operation.ADDITION));
                                                                                                                                                       ^
  symbol:   variable ADDITION
  location: class Operation
C:\Users\justi\Documents\GitHub\AlexsMobs-26.2\src\main\java\com\github\alexthe666\alexsmobs\item\ItemTendonWhip.java:36: error: cannot find symbol
        builder.put(Attributes.ATTACK_SPEED, new AttributeModifier(BASE_ATTACK_SPEED_UUID, "Weapon modifier", (double)-3.0F, AttributeModifier.Operation.ADDITION));
                                                                   ^
  symbol:   variable BASE_ATTACK_SPEED_UUID
  location: class ItemTendonWhip
C:\Users\justi\Documents\GitHub\AlexsMobs-26.2\src\main\java\com\github\alexthe666\alexsmobs\item\ItemTendonWhip.java:36: error: cannot find symbol
        builder.put(Attributes.ATTACK_SPEED, new AttributeModifier(BASE_ATTACK_SPEED_UUID, "Weapon modifier", (double)-3.0F, AttributeModifier.Operation.ADDITION));
                                                                                                                                                        ^
  symbol:   variable ADDITION
  location: class Operation
C:\Users\justi\Documents\GitHub\AlexsMobs-26.2\src\main\java\com\github\alexthe666\alexsmobs\item\ItemTendonWhip.java:49: error: incompatible types: EquipmentSlot cannot be converted to ItemStack
        return slot == EquipmentSlot.MAINHAND ? this.tendonModifiers : super.getDefaultAttributeModifiers(slot);
                                                                                                          ^
C:\Users\justi\Documents\GitHub\AlexsMobs-26.2\src\main\java\com\github\alexthe666\alexsmobs\item\ItemTendonWhip.java:52: error: hurtEnemy(ItemStack,LivingEntity,LivingEntity) in ItemTendonWhip cannot override hurtEnemy(ItemStack,LivingEntity,LivingEntity) in Item
    public boolean hurtEnemy(ItemStack stack, LivingEntity entity, LivingEntity player) {
                   ^
  return type boolean is not compatible with void
C:\Users\justi\Documents\GitHub\AlexsMobs-26.2\src\main\java\com\github\alexthe666\alexsmobs\item\ItemTendonWhip.java:54: error: incompatible types: void cannot be converted to boolean
        return super.hurtEnemy(stack, entity, player);
                              ^
C:\Users\justi\Documents\GitHub\AlexsMobs-26.2\src\main\java\com\github\alexthe666\alexsmobs\item\ItemTendonWhip.java:82: error: no suitable method found for hurtAndBreak(int,LivingEntity,(player)->[...])); })
                stack.hurtAndBreak(1, playerIn, (player) -> {
                     ^
    method ItemStack.hurtAndBreak(int,LivingEntity,InteractionHand) is not applicable
      (argument mismatch; InteractionHand is not a functional interface)
    method ItemStack.hurtAndBreak(int,LivingEntity,EquipmentSlot) is not applicable
      (argument mismatch; EquipmentSlot is not a functional interface)
C:\Users\justi\Documents\GitHub\AlexsMobs-26.2\src\main\java\com\github\alexthe666\alexsmobs\item\ItemTendonWhip.java:97: error: no suitable method found for create(Level)
                    EntityTendonSegment segment = AMEntityRegistry.TENDON_SEGMENT.get().create(worldIn);
                                                                                       ^
    method EntityType.create(ServerLevel,@org.jspecify.annotations.Nullable PostSpawnProcessor<EntityTendonSegment>,BlockPos,EntitySpawnReason,boolean,boolean) is not applicable
      (actual and formal argument lists differ in length)
    method EntityType.create(Level,EntitySpawnReason) is not applicable
      (actual and formal argument lists differ in length)
    method EntityType.create(Level,EntitySpawnRequest) is not applicable
      (actual and formal argument lists differ in length)
    method EntityType.create(ValueInput,Level,EntitySpawnRequest) is not applicable
      (actual and formal argument lists differ in length)
    method EntityType.create(EntityType<?>,ValueInput,Level,EntitySpawnReason) is not applicable
      (actual and formal argument lists differ in length)
C:\Users\justi\Documents\GitHub\AlexsMobs-26.2\src\main\java\com\github\alexthe666\alexsmobs\item\ItemVineLasso.java:32: error: cannot find symbol
        return stack.getTag() != null && stack.getTag().contains("Swinging") && stack.getTag().getBoolean("Swinging");
                    ^
  symbol:   method getTag()
  location: variable stack of type ItemStack
C:\Users\justi\Documents\GitHub\AlexsMobs-26.2\src\main\java\com\github\alexthe666\alexsmobs\item\ItemVineLasso.java:32: error: cannot find symbol
        return stack.getTag() != null && stack.getTag().contains("Swinging") && stack.getTag().getBoolean("Swinging");
                                              ^
  symbol:   method getTag()
  location: variable stack of type ItemStack
C:\Users\justi\Documents\GitHub\AlexsMobs-26.2\src\main\java\com\github\alexthe666\alexsmobs\item\ItemVineLasso.java:32: error: cannot find symbol
        return stack.getTag() != null && stack.getTag().contains("Swinging") && stack.getTag().getBoolean("Swinging");
                                                                                     ^
  symbol:   method getTag()
  location: variable stack of type ItemStack
C:\Users\justi\Documents\GitHub\AlexsMobs-26.2\src\main\java\com\github\alexthe666\alexsmobs\item\ItemVineLasso.java:37: error: cannot find symbol
            if(stack.getTag() != null){
                    ^
  symbol:   method getTag()
  location: variable stack of type ItemStack
C:\Users\justi\Documents\GitHub\AlexsMobs-26.2\src\main\java\com\github\alexthe666\alexsmobs\item\ItemVineLasso.java:38: error: cannot find symbol
                stack.getTag().putBoolean("Swinging", ((LivingEntity) entity).getUseItem() == stack && ((LivingEntity) entity).isUsingItem());
                     ^
  symbol:   method getTag()
  location: variable stack of type ItemStack
C:\Users\justi\Documents\GitHub\AlexsMobs-26.2\src\main\java\com\github\alexthe666\alexsmobs\item\ItemVineLasso.java:40: error: cannot find symbol
                stack.setTag(new CompoundTag());
                     ^
  symbol:   method setTag(CompoundTag)
  location: variable stack of type ItemStack
C:\Users\justi\Documents\GitHub\AlexsMobs-26.2\src\main\java\com\github\alexthe666\alexsmobs\item\ItemVineLasso.java:63: error: releaseUsing(ItemStack,Level,LivingEntity,int) in ItemVineLasso cannot override releaseUsing(ItemStack,Level,LivingEntity,int) in Item
    public void releaseUsing(ItemStack stack, Level worldIn, LivingEntity livingEntityIn, int i) {
                ^
  return type void is not compatible with boolean
C:\Users\justi\Documents\GitHub\AlexsMobs-26.2\src\main\java\com\github\alexthe666\alexsmobs\item\ItemVineLasso.java:92: error: method does not override or implement a method from a supertype
    @Override
    ^
C:\Users\justi\Documents\GitHub\AlexsMobs-26.2\src\main\java\com\github\alexthe666\alexsmobs\message\MessageCrowDismount.java:42: error: cannot find symbol
                Player player = context.get().getSender();
                                       ^
  symbol:   method get()
  location: variable context of type IPayloadContext
C:\Users\justi\Documents\GitHub\AlexsMobs-26.2\src\main\java\com\github\alexthe666\alexsmobs\message\MessageCrowDismount.java:43: error: cannot find symbol
                if(context.get().getDirection().getReceptionSide() == LogicalSide.CLIENT){
                          ^
  symbol:   method get()
  location: variable context of type IPayloadContext
C:\Users\justi\Documents\GitHub\AlexsMobs-26.2\src\main\java\com\github\alexthe666\alexsmobs\message\MessageCrowMountPlayer.java:42: error: cannot find symbol
                Player player = context.get().getSender();
                                       ^
  symbol:   method get()
  location: variable context of type IPayloadContext
C:\Users\justi\Documents\GitHub\AlexsMobs-26.2\src\main\java\com\github\alexthe666\alexsmobs\message\MessageCrowMountPlayer.java:43: error: cannot find symbol
                if (context.get().getDirection().getReceptionSide() == LogicalSide.CLIENT) {
                           ^
  symbol:   method get()
  location: variable context of type IPayloadContext
C:\Users\justi\Documents\GitHub\AlexsMobs-26.2\src\main\java\com\github\alexthe666\alexsmobs\message\MessageCrowMountPlayer.java:52: error: no suitable method found for startRiding(Entity,boolean)
                            entity.startRiding(mountEntity, true);
                                  ^
    method Entity.startRiding(Entity) is not applicable
      (actual and formal argument lists differ in length)
    method Entity.startRiding(Entity,boolean,boolean) is not applicable
      (actual and formal argument lists differ in length)
C:\Users\justi\Documents\GitHub\AlexsMobs-26.2\src\main\java\com\github\alexthe666\alexsmobs\message\MessageHurtMultipart.java:62: error: cannot find symbol
                Player player = context.get().getSender();
                                       ^
  symbol:   method get()
  location: variable context of type IPayloadContext
C:\Users\justi\Documents\GitHub\AlexsMobs-26.2\src\main\java\com\github\alexthe666\alexsmobs\message\MessageHurtMultipart.java:63: error: cannot find symbol
                if (context.get().getDirection().getReceptionSide() == LogicalSide.CLIENT) {
                           ^
  symbol:   method get()
  location: variable context of type IPayloadContext
C:\Users\justi\Documents\GitHub\AlexsMobs-26.2\src\main\java\com\github\alexthe666\alexsmobs\message\MessageHurtMultipart.java:71: error: cannot find symbol
                        Registry<DamageType> registry = player.level().registryAccess().registry(Registries.DAMAGE_TYPE).get();
                                                                                       ^
  symbol:   method registry(ResourceKey<Registry<DamageType>>)
  location: interface RegistryAccess
C:\Users\justi\Documents\GitHub\AlexsMobs-26.2\src\main\java\com\github\alexthe666\alexsmobs\message\MessageHurtMultipart.java:72: error: incompatible types: Optional<Reference<DamageType>> cannot be converted to DamageType
                        DamageType dmg = registry.get(Identifier.parse(message.damageType));
                                                     ^
C:\Users\justi\Documents\GitHub\AlexsMobs-26.2\src\main\java\com\github\alexthe666\alexsmobs\message\MessageHurtMultipart.java:74: error: cannot find symbol
                            Holder<DamageType> holder = registry.getHolder(registry.getId(dmg)).orElseGet(null);
                                                                ^
  symbol:   method getHolder(int)
  location: variable registry of type Registry<DamageType>
C:\Users\justi\Documents\GitHub\AlexsMobs-26.2\src\main\java\com\github\alexthe666\alexsmobs\message\MessageHurtMultipart.java:76: error: cannot find symbol
                                DamageSource source = new DamageSource(registry.getHolder(registry.getId(dmg)).get());
                                                                               ^
  symbol:   method getHolder(int)
  location: variable registry of type Registry<DamageType>
C:\Users\justi\Documents\GitHub\AlexsMobs-26.2\src\main\java\com\github\alexthe666\alexsmobs\message\MessageInteractMultipart.java:44: error: cannot find symbol
                Player player = context.get().getSender();
                                       ^
  symbol:   method get()
  location: variable context of type IPayloadContext
C:\Users\justi\Documents\GitHub\AlexsMobs-26.2\src\main\java\com\github\alexthe666\alexsmobs\message\MessageInteractMultipart.java:45: error: cannot find symbol
                if (context.get().getDirection().getReceptionSide() == LogicalSide.CLIENT) {
                           ^
  symbol:   method get()
  location: variable context of type IPayloadContext
C:\Users\justi\Documents\GitHub\AlexsMobs-26.2\src\main\java\com\github\alexthe666\alexsmobs\message\MessageInteractMultipart.java:53: error: method interactOn in class Player cannot be applied to given types;
                            player.interactOn(parent, message.offhand ? InteractionHand.OFF_HAND : InteractionHand.MAIN_HAND);
                                  ^
  required: Entity,InteractionHand,Vec3
  found:    Entity,message.of[...]_HAND
  reason: actual and formal argument lists differ in length
C:\Users\justi\Documents\GitHub\AlexsMobs-26.2\src\main\java\com\github\alexthe666\alexsmobs\message\MessageKangarooEat.java:30: error: cannot find symbol
        return new MessageKangarooEat(buf.readInt(), buf.readItem());
                                                        ^
  symbol:   method readItem()
  location: variable buf of type FriendlyByteBuf
C:\Users\justi\Documents\GitHub\AlexsMobs-26.2\src\main\java\com\github\alexthe666\alexsmobs\message\MessageKangarooEat.java:35: error: cannot find symbol
        buf.writeItem(message.stack);
           ^
  symbol:   method writeItem(ItemStack)
  location: variable buf of type FriendlyByteBuf
C:\Users\justi\Documents\GitHub\AlexsMobs-26.2\src\main\java\com\github\alexthe666\alexsmobs\message\MessageKangarooEat.java:45: error: cannot find symbol
                Player player = context.get().getSender();
                                       ^
  symbol:   method get()
  location: variable context of type IPayloadContext
C:\Users\justi\Documents\GitHub\AlexsMobs-26.2\src\main\java\com\github\alexthe666\alexsmobs\message\MessageKangarooEat.java:46: error: cannot find symbol
                if (context.get().getDirection().getReceptionSide() == LogicalSide.CLIENT) {
                           ^
  symbol:   method get()
  location: variable context of type IPayloadContext
C:\Users\justi\Documents\GitHub\AlexsMobs-26.2\src\main\java\com\github\alexthe666\alexsmobs\message\MessageKangarooEat.java:58: error: no suitable constructor found for ItemParticleOption(ParticleType<ItemParticleOption>,ItemStack)
                                entity.level().addParticle(new ItemParticleOption(ParticleTypes.ITEM, message.stack), entity.getX() + (double) (kangaroo.getRandom().nextFloat() * entity.getBbWidth()) - (double) entity.getBbWidth() * 0.5F, entity.getY() + entity.getBbHeight() * 0.5F + (double) (kangaroo.getRandom().nextFloat() * entity.getBbHeight() * 0.5F), entity.getZ() + (double) (kangaroo.getRandom().nextFloat() * entity.getBbWidth()) - (double) entity.getBbWidth() * 0.5F, d0, d1, d2);
                                                           ^
    constructor ItemParticleOption.ItemParticleOption(ParticleType<ItemParticleOption>,Item) is not applicable
      (argument mismatch; ItemStack cannot be converted to Item)
    constructor ItemParticleOption.ItemParticleOption(ParticleType<ItemParticleOption>,ItemStackTemplate) is not applicable
      (argument mismatch; ItemStack cannot be converted to ItemStackTemplate)
C:\Users\justi\Documents\GitHub\AlexsMobs-26.2\src\main\java\com\github\alexthe666\alexsmobs\message\MessageKangarooInventorySync.java:30: error: cannot find symbol
        return new MessageKangarooInventorySync(buf.readInt(), buf.readInt(), buf.readItem());
                                                                                 ^
  symbol:   method readItem()
  location: variable buf of type FriendlyByteBuf
C:\Users\justi\Documents\GitHub\AlexsMobs-26.2\src\main\java\com\github\alexthe666\alexsmobs\message\MessageKangarooInventorySync.java:36: error: cannot find symbol
        buf.writeItem(message.stack);
           ^
  symbol:   method writeItem(ItemStack)
  location: variable buf of type FriendlyByteBuf
C:\Users\justi\Documents\GitHub\AlexsMobs-26.2\src\main\java\com\github\alexthe666\alexsmobs\message\MessageKangarooInventorySync.java:46: error: cannot find symbol
                Player player = context.get().getSender();
                                       ^
  symbol:   method get()
  location: variable context of type IPayloadContext
C:\Users\justi\Documents\GitHub\AlexsMobs-26.2\src\main\java\com\github\alexthe666\alexsmobs\message\MessageKangarooInventorySync.java:47: error: cannot find symbol
                if (context.get().getDirection().getReceptionSide() == LogicalSide.CLIENT) {
                           ^
  symbol:   method get()
  location: variable context of type IPayloadContext
C:\Users\justi\Documents\GitHub\AlexsMobs-26.2\src\main\java\com\github\alexthe666\alexsmobs\message\MessageMosquitoDismount.java:44: error: cannot find symbol
                Player player = context.get().getSender();
                                       ^
  symbol:   method get()
  location: variable context of type IPayloadContext
C:\Users\justi\Documents\GitHub\AlexsMobs-26.2\src\main\java\com\github\alexthe666\alexsmobs\message\MessageMosquitoDismount.java:45: error: cannot find symbol
                if (context.get().getDirection().getReceptionSide() == LogicalSide.CLIENT) {
                           ^
  symbol:   method get()
  location: variable context of type IPayloadContext
C:\Users\justi\Documents\GitHub\AlexsMobs-26.2\src\main\java\com\github\alexthe666\alexsmobs\message\MessageMosquitoMountPlayer.java:44: error: cannot find symbol
                Player player = context.get().getSender();
                                       ^
  symbol:   method get()
  location: variable context of type IPayloadContext
C:\Users\justi\Documents\GitHub\AlexsMobs-26.2\src\main\java\com\github\alexthe666\alexsmobs\message\MessageMosquitoMountPlayer.java:45: error: cannot find symbol
                if (context.get().getDirection().getReceptionSide() == LogicalSide.CLIENT) {
                           ^
  symbol:   method get()
  location: variable context of type IPayloadContext
C:\Users\justi\Documents\GitHub\AlexsMobs-26.2\src\main\java\com\github\alexthe666\alexsmobs\message\MessageMosquitoMountPlayer.java:54: error: no suitable method found for startRiding(Entity,boolean)
                            entity.startRiding(mountEntity, true);
                                  ^
    method Entity.startRiding(Entity) is not applicable
      (actual and formal argument lists differ in length)
    method Entity.startRiding(Entity,boolean,boolean) is not applicable
      (actual and formal argument lists differ in length)
C:\Users\justi\Documents\GitHub\AlexsMobs-26.2\src\main\java\com\github\alexthe666\alexsmobs\message\MessageMungusBiomeChange.java:61: error: cannot find symbol
                Player player = context.get().getSender();
                                       ^
  symbol:   method get()
  location: variable context of type IPayloadContext
C:\Users\justi\Documents\GitHub\AlexsMobs-26.2\src\main\java\com\github\alexthe666\alexsmobs\message\MessageMungusBiomeChange.java:62: error: cannot find symbol
                if (context.get().getDirection().getReceptionSide() == LogicalSide.CLIENT) {
                           ^
  symbol:   method get()
  location: variable context of type IPayloadContext
C:\Users\justi\Documents\GitHub\AlexsMobs-26.2\src\main\java\com\github\alexthe666\alexsmobs\message\MessageMungusBiomeChange.java:69: error: cannot find symbol
                        Registry<Biome> registry = player.level().registryAccess().registryOrThrow(Registries.BIOME);
                                                                                  ^
  symbol:   method registryOrThrow(ResourceKey<Registry<Biome>>)
  location: interface RegistryAccess
C:\Users\justi\Documents\GitHub\AlexsMobs-26.2\src\main\java\com\github\alexthe666\alexsmobs\message\MessageMungusBiomeChange.java:70: error: incompatible types: Optional<Reference<Biome>> cannot be converted to Biome
                        Biome biome = registry.get(Identifier.parse(message.biomeOption));
                                                  ^
C:\Users\justi\Documents\GitHub\AlexsMobs-26.2\src\main\java\com\github\alexthe666\alexsmobs\message\MessageMungusBiomeChange.java:72: error: cannot find symbol
                        Holder<Biome> holder = registry.getHolder(resourceKey).orElse(null);
                                                       ^
  symbol:   method getHolder(ResourceKey<Biome>)
  location: variable registry of type Registry<Biome>
C:\Users\justi\Documents\GitHub\AlexsMobs-26.2\src\main\java\com\github\alexthe666\alexsmobs\message\MessageMungusBiomeChange.java:90: error: biomes has private access in LevelChunkSection
                                    section.biomes = container;
                                           ^
C:\Users\justi\Documents\GitHub\AlexsMobs-26.2\src\main\java\com\github\alexthe666\alexsmobs\message\MessageSendVisualFlagFromServer.java:41: error: cannot find symbol
                Player player = context.get().getSender();
                                       ^
  symbol:   method get()
  location: variable context of type IPayloadContext
C:\Users\justi\Documents\GitHub\AlexsMobs-26.2\src\main\java\com\github\alexthe666\alexsmobs\message\MessageSendVisualFlagFromServer.java:42: error: cannot find symbol
                if(context.get().getDirection().getReceptionSide() == LogicalSide.CLIENT){
                          ^
  symbol:   method get()
  location: variable context of type IPayloadContext
C:\Users\justi\Documents\GitHub\AlexsMobs-26.2\src\main\java\com\github\alexthe666\alexsmobs\message\MessageStartDancing.java:46: error: cannot find symbol
                Player player = context.get().getSender();
                                       ^
  symbol:   method get()
  location: variable context of type IPayloadContext
C:\Users\justi\Documents\GitHub\AlexsMobs-26.2\src\main\java\com\github\alexthe666\alexsmobs\message\MessageStartDancing.java:47: error: cannot find symbol
                if(context.get().getDirection().getReceptionSide() == LogicalSide.CLIENT){
                          ^
  symbol:   method get()
  location: variable context of type IPayloadContext
C:\Users\justi\Documents\GitHub\AlexsMobs-26.2\src\main\java\com\github\alexthe666\alexsmobs\message\MessageSwingArm.java:34: error: cannot find symbol
                Player player = context.get().getSender();
                                       ^
  symbol:   method get()
  location: variable context of type IPayloadContext
C:\Users\justi\Documents\GitHub\AlexsMobs-26.2\src\main\java\com\github\alexthe666\alexsmobs\message\MessageSyncEntityPos.java:49: error: cannot find symbol
                Player player = context.get().getSender();
                                       ^
  symbol:   method get()
  location: variable context of type IPayloadContext
C:\Users\justi\Documents\GitHub\AlexsMobs-26.2\src\main\java\com\github\alexthe666\alexsmobs\message\MessageSyncEntityPos.java:50: error: cannot find symbol
                if (context.get().getDirection().getReceptionSide() == LogicalSide.CLIENT) {
                           ^
  symbol:   method get()
  location: variable context of type IPayloadContext
C:\Users\justi\Documents\GitHub\AlexsMobs-26.2\src\main\java\com\github\alexthe666\alexsmobs\message\MessageSyncEntityPos.java:58: error: cannot find symbol
                            entity.teleportToWithTicket(message.posX, message.posY, message.posZ);
                                  ^
  symbol:   method teleportToWithTicket(double,double,double)
  location: variable entity of type Entity
C:\Users\justi\Documents\GitHub\AlexsMobs-26.2\src\main\java\com\github\alexthe666\alexsmobs\message\MessageTarantulaHawkSting.java:46: error: cannot find symbol
                Player player = context.get().getSender();
                                       ^
  symbol:   method get()
  location: variable context of type IPayloadContext
C:\Users\justi\Documents\GitHub\AlexsMobs-26.2\src\main\java\com\github\alexthe666\alexsmobs\message\MessageTarantulaHawkSting.java:47: error: cannot find symbol
                if (context.get().getDirection().getReceptionSide() == LogicalSide.CLIENT) {
                           ^
  symbol:   method get()
  location: variable context of type IPayloadContext
C:\Users\justi\Documents\GitHub\AlexsMobs-26.2\src\main\java\com\github\alexthe666\alexsmobs\message\MessageTarantulaHawkSting.java:55: error: cannot find symbol
                        if (entity instanceof EntityTarantulaHawk && spider instanceof LivingEntity && ((LivingEntity) spider).getMobType() == MobType.ARTHROPOD) {
                                                                                                                              ^
  symbol:   method getMobType()
  location: class LivingEntity
C:\Users\justi\Documents\GitHub\AlexsMobs-26.2\src\main\java\com\github\alexthe666\alexsmobs\message\MessageTarantulaHawkSting.java:55: error: cannot find symbol
                        if (entity instanceof EntityTarantulaHawk && spider instanceof LivingEntity && ((LivingEntity) spider).getMobType() == MobType.ARTHROPOD) {
                                                                                                                                               ^
  symbol:   variable MobType
  location: class Handler
C:\Users\justi\Documents\GitHub\AlexsMobs-26.2\src\main\java\com\github\alexthe666\alexsmobs\message\MessageTarantulaHawkSting.java:56: error: no suitable constructor found for MobEffectInstance(MobEffect,int)
                            ((LivingEntity) spider).addEffect(new MobEffectInstance(AMEffectRegistry.DEBILITATING_STING.get(), EntityTarantulaHawk.STING_DURATION));
                                                              ^
    constructor MobEffectInstance.MobEffectInstance(Holder<MobEffect>,int) is not applicable
      (argument mismatch; MobEffect cannot be converted to Holder<MobEffect>)
    constructor MobEffectInstance.MobEffectInstance(Holder<MobEffect>,Details) is not applicable
      (argument mismatch; MobEffect cannot be converted to Holder<MobEffect>)
C:\Users\justi\Documents\GitHub\AlexsMobs-26.2\src\main\java\com\github\alexthe666\alexsmobs\message\MessageTransmuteFromMenu.java:41: error: cannot find symbol
                Player player = context.get().getSender();
                                       ^
  symbol:   method get()
  location: variable context of type IPayloadContext
C:\Users\justi\Documents\GitHub\AlexsMobs-26.2\src\main\java\com\github\alexthe666\alexsmobs\message\MessageTransmuteFromMenu.java:42: error: cannot find symbol
                if (context.get().getDirection().getReceptionSide() == LogicalSide.CLIENT) {
                           ^
  symbol:   method get()
  location: variable context of type IPayloadContext
C:\Users\justi\Documents\GitHub\AlexsMobs-26.2\src\main\java\com\github\alexthe666\alexsmobs\message\MessageUpdateCapsid.java:30: error: cannot find symbol
        return new MessageUpdateCapsid(buf.readLong(), PacketBufferUtils.readItemStack(buf));
                                                                        ^
  symbol:   method readItemStack(FriendlyByteBuf)
  location: class PacketBufferUtils
C:\Users\justi\Documents\GitHub\AlexsMobs-26.2\src\main\java\com\github\alexthe666\alexsmobs\message\MessageUpdateCapsid.java:35: error: cannot find symbol
        PacketBufferUtils.writeItemStack(buf, message.heldStack);
                         ^
  symbol:   method writeItemStack(FriendlyByteBuf,ItemStack)
  location: class PacketBufferUtils
C:\Users\justi\Documents\GitHub\AlexsMobs-26.2\src\main\java\com\github\alexthe666\alexsmobs\message\MessageUpdateCapsid.java:45: error: cannot find symbol
                Player player = context.get().getSender();
                                       ^
  symbol:   method get()
  location: variable context of type IPayloadContext
C:\Users\justi\Documents\GitHub\AlexsMobs-26.2\src\main\java\com\github\alexthe666\alexsmobs\message\MessageUpdateCapsid.java:46: error: cannot find symbol
                if (context.get().getDirection().getReceptionSide() == LogicalSide.CLIENT) {
                           ^
  symbol:   method get()
  location: variable context of type IPayloadContext
C:\Users\justi\Documents\GitHub\AlexsMobs-26.2\src\main\java\com\github\alexthe666\alexsmobs\message\MessageUpdateEagleControls.java:51: error: cannot find symbol
                Player player = context.get().getSender();
                                       ^
  symbol:   method get()
  location: variable context of type IPayloadContext
C:\Users\justi\Documents\GitHub\AlexsMobs-26.2\src\main\java\com\github\alexthe666\alexsmobs\message\MessageUpdateEagleControls.java:52: error: cannot find symbol
                if (context.get().getDirection().getReceptionSide() == LogicalSide.CLIENT) {
                           ^
  symbol:   method get()
  location: variable context of type IPayloadContext
C:\Users\justi\Documents\GitHub\AlexsMobs-26.2\src\main\java\com\github\alexthe666\alexsmobs\message\MessageUpdateTransmutablesToDisplay.java:31: error: cannot find symbol
        return new MessageUpdateTransmutablesToDisplay(buf.readInt(), PacketBufferUtils.readItemStack(buf), PacketBufferUtils.readItemStack(buf), PacketBufferUtils.readItemStack(buf));
                                                                                       ^
  symbol:   method readItemStack(FriendlyByteBuf)
  location: class PacketBufferUtils
C:\Users\justi\Documents\GitHub\AlexsMobs-26.2\src\main\java\com\github\alexthe666\alexsmobs\message\MessageUpdateTransmutablesToDisplay.java:31: error: cannot find symbol
        return new MessageUpdateTransmutablesToDisplay(buf.readInt(), PacketBufferUtils.readItemStack(buf), PacketBufferUtils.readItemStack(buf), PacketBufferUtils.readItemStack(buf));
                                                                                                                             ^
  symbol:   method readItemStack(FriendlyByteBuf)
  location: class PacketBufferUtils
C:\Users\justi\Documents\GitHub\AlexsMobs-26.2\src\main\java\com\github\alexthe666\alexsmobs\message\MessageUpdateTransmutablesToDisplay.java:31: error: cannot find symbol
        return new MessageUpdateTransmutablesToDisplay(buf.readInt(), PacketBufferUtils.readItemStack(buf), PacketBufferUtils.readItemStack(buf), PacketBufferUtils.readItemStack(buf));
                                                                                                                                                                   ^
  symbol:   method readItemStack(FriendlyByteBuf)
  location: class PacketBufferUtils
C:\Users\justi\Documents\GitHub\AlexsMobs-26.2\src\main\java\com\github\alexthe666\alexsmobs\message\MessageUpdateTransmutablesToDisplay.java:36: error: cannot find symbol
        PacketBufferUtils.writeItemStack(buf, message.stack1);
                         ^
  symbol:   method writeItemStack(FriendlyByteBuf,ItemStack)
  location: class PacketBufferUtils
C:\Users\justi\Documents\GitHub\AlexsMobs-26.2\src\main\java\com\github\alexthe666\alexsmobs\message\MessageUpdateTransmutablesToDisplay.java:37: error: cannot find symbol
        PacketBufferUtils.writeItemStack(buf, message.stack2);
                         ^
  symbol:   method writeItemStack(FriendlyByteBuf,ItemStack)
  location: class PacketBufferUtils
C:\Users\justi\Documents\GitHub\AlexsMobs-26.2\src\main\java\com\github\alexthe666\alexsmobs\message\MessageUpdateTransmutablesToDisplay.java:38: error: cannot find symbol
        PacketBufferUtils.writeItemStack(buf, message.stack3);
                         ^
  symbol:   method writeItemStack(FriendlyByteBuf,ItemStack)
  location: class PacketBufferUtils
C:\Users\justi\Documents\GitHub\AlexsMobs-26.2\src\main\java\com\github\alexthe666\alexsmobs\message\MessageUpdateTransmutablesToDisplay.java:48: error: cannot find symbol
                Player player = context.get().getSender();
                                       ^
  symbol:   method get()
  location: variable context of type IPayloadContext
C:\Users\justi\Documents\GitHub\AlexsMobs-26.2\src\main\java\com\github\alexthe666\alexsmobs\message\MessageUpdateTransmutablesToDisplay.java:49: error: cannot find symbol
                if (context.get().getDirection().getReceptionSide() == LogicalSide.CLIENT) {
                           ^
  symbol:   method get()
  location: variable context of type IPayloadContext
C:\Users\justi\Documents\GitHub\AlexsMobs-26.2\src\main\java\com\github\alexthe666\alexsmobs\misc\AMAdvancementTriggerRegistry.java:24: error: method register in class CriteriaTriggers cannot be applied to given types;
        CriteriaTriggers.register(MOSQUITO_SICK);
                        ^
  required: String,T
  found:    AMAdvancementTrigger
  reason: cannot infer type-variable(s) T
    (actual and formal argument lists differ in length)
  where T is a type-variable:
    T extends CriterionTrigger<?> declared in method <T>register(String,T)
C:\Users\justi\Documents\GitHub\AlexsMobs-26.2\src\main\java\com\github\alexthe666\alexsmobs\misc\AMAdvancementTriggerRegistry.java:25: error: method register in class CriteriaTriggers cannot be applied to given types;
        CriteriaTriggers.register(EMU_DODGE);
                        ^
  required: String,T
  found:    AMAdvancementTrigger
  reason: cannot infer type-variable(s) T
    (actual and formal argument lists differ in length)
  where T is a type-variable:
    T extends CriterionTrigger<?> declared in method <T>register(String,T)
C:\Users\justi\Documents\GitHub\AlexsMobs-26.2\src\main\java\com\github\alexthe666\alexsmobs\misc\AMAdvancementTriggerRegistry.java:26: error: method register in class CriteriaTriggers cannot be applied to given types;
        CriteriaTriggers.register(STOMP_LEAFCUTTER_ANTHILL);
                        ^
  required: String,T
  found:    AMAdvancementTrigger
  reason: cannot infer type-variable(s) T
    (actual and formal argument lists differ in length)
  where T is a type-variable:
    T extends CriterionTrigger<?> declared in method <T>register(String,T)
C:\Users\justi\Documents\GitHub\AlexsMobs-26.2\src\main\java\com\github\alexthe666\alexsmobs\misc\AMAdvancementTriggerRegistry.java:27: error: method register in class CriteriaTriggers cannot be applied to given types;
        CriteriaTriggers.register(BALD_EAGLE_CHALLENGE);
                        ^
  required: String,T
  found:    AMAdvancementTrigger
  reason: cannot infer type-variable(s) T
    (actual and formal argument lists differ in length)
  where T is a type-variable:
    T extends CriterionTrigger<?> declared in method <T>register(String,T)
C:\Users\justi\Documents\GitHub\AlexsMobs-26.2\src\main\java\com\github\alexthe666\alexsmobs\misc\AMAdvancementTriggerRegistry.java:28: error: method register in class CriteriaTriggers cannot be applied to given types;
        CriteriaTriggers.register(VOID_WORM_SUMMON);
                        ^
  required: String,T
  found:    AMAdvancementTrigger
  reason: cannot infer type-variable(s) T
    (actual and formal argument lists differ in length)
  where T is a type-variable:
    T extends CriterionTrigger<?> declared in method <T>register(String,T)
C:\Users\justi\Documents\GitHub\AlexsMobs-26.2\src\main\java\com\github\alexthe666\alexsmobs\misc\AMAdvancementTriggerRegistry.java:29: error: method register in class CriteriaTriggers cannot be applied to given types;
        CriteriaTriggers.register(VOID_WORM_SPLIT);
                        ^
  required: String,T
  found:    AMAdvancementTrigger
  reason: cannot infer type-variable(s) T
    (actual and formal argument lists differ in length)
  where T is a type-variable:
    T extends CriterionTrigger<?> declared in method <T>register(String,T)
C:\Users\justi\Documents\GitHub\AlexsMobs-26.2\src\main\java\com\github\alexthe666\alexsmobs\misc\AMAdvancementTriggerRegistry.java:30: error: method register in class CriteriaTriggers cannot be applied to given types;
        CriteriaTriggers.register(VOID_WORM_SLAY_HEAD);
                        ^
  required: String,T
  found:    AMAdvancementTrigger
  reason: cannot infer type-variable(s) T
    (actual and formal argument lists differ in length)
  where T is a type-variable:
    T extends CriterionTrigger<?> declared in method <T>register(String,T)
C:\Users\justi\Documents\GitHub\AlexsMobs-26.2\src\main\java\com\github\alexthe666\alexsmobs\misc\AMAdvancementTriggerRegistry.java:31: error: method register in class CriteriaTriggers cannot be applied to given types;
        CriteriaTriggers.register(SEAGULL_STEAL);
                        ^
  required: String,T
  found:    AMAdvancementTrigger
  reason: cannot infer type-variable(s) T
    (actual and formal argument lists differ in length)
  where T is a type-variable:
    T extends CriterionTrigger<?> declared in method <T>register(String,T)
C:\Users\justi\Documents\GitHub\AlexsMobs-26.2\src\main\java\com\github\alexthe666\alexsmobs\misc\AMAdvancementTriggerRegistry.java:32: error: method register in class CriteriaTriggers cannot be applied to given types;
        CriteriaTriggers.register(LAVIATHAN_FOUR_PASSENGERS);
                        ^
  required: String,T
  found:    AMAdvancementTrigger
  reason: cannot infer type-variable(s) T
    (actual and formal argument lists differ in length)
  where T is a type-variable:
    T extends CriterionTrigger<?> declared in method <T>register(String,T)
C:\Users\justi\Documents\GitHub\AlexsMobs-26.2\src\main\java\com\github\alexthe666\alexsmobs\misc\AMAdvancementTriggerRegistry.java:33: error: method register in class CriteriaTriggers cannot be applied to given types;
        CriteriaTriggers.register(TRANSMUTE_1000_ITEMS);
                        ^
  required: String,T
  found:    AMAdvancementTrigger
  reason: cannot infer type-variable(s) T
    (actual and formal argument lists differ in length)
  where T is a type-variable:
    T extends CriterionTrigger<?> declared in method <T>register(String,T)
C:\Users\justi\Documents\GitHub\AlexsMobs-26.2\src\main\java\com\github\alexthe666\alexsmobs\misc\AMAdvancementTriggerRegistry.java:34: error: method register in class CriteriaTriggers cannot be applied to given types;
        CriteriaTriggers.register(UNDERMINE_UNDERMINER);
                        ^
  required: String,T
  found:    AMAdvancementTrigger
  reason: cannot infer type-variable(s) T
    (actual and formal argument lists differ in length)
  where T is a type-variable:
    T extends CriterionTrigger<?> declared in method <T>register(String,T)
C:\Users\justi\Documents\GitHub\AlexsMobs-26.2\src\main\java\com\github\alexthe666\alexsmobs\misc\AMAdvancementTriggerRegistry.java:35: error: method register in class CriteriaTriggers cannot be applied to given types;
        CriteriaTriggers.register(ELEPHANT_SWAG);
                        ^
  required: String,T
  found:    AMAdvancementTrigger
  reason: cannot infer type-variable(s) T
    (actual and formal argument lists differ in length)
  where T is a type-variable:
    T extends CriterionTrigger<?> declared in method <T>register(String,T)
C:\Users\justi\Documents\GitHub\AlexsMobs-26.2\src\main\java\com\github\alexthe666\alexsmobs\misc\AMAdvancementTriggerRegistry.java:36: error: method register in class CriteriaTriggers cannot be applied to given types;
        CriteriaTriggers.register(SKUNK_SPRAY);
                        ^
  required: String,T
  found:    AMAdvancementTrigger
  reason: cannot infer type-variable(s) T
    (actual and formal argument lists differ in length)
  where T is a type-variable:
    T extends CriterionTrigger<?> declared in method <T>register(String,T)
C:\Users\justi\Documents\GitHub\AlexsMobs-26.2\src\main\java\com\github\alexthe666\alexsmobs\misc\AMBannerRegistry.java:13: error: constructor BannerPattern in record BannerPattern cannot be applied to given types;
        DEF_REG.register("bear", () ->  new BannerPattern("bear"));
                                        ^
  required: Identifier,String
  found:    String
  reason: actual and formal argument lists differ in length
C:\Users\justi\Documents\GitHub\AlexsMobs-26.2\src\main\java\com\github\alexthe666\alexsmobs\misc\AMBannerRegistry.java:14: error: constructor BannerPattern in record BannerPattern cannot be applied to given types;
        DEF_REG.register("australia_0", () ->  new BannerPattern("australia_0"));
                                               ^
  required: Identifier,String
  found:    String
  reason: actual and formal argument lists differ in length
C:\Users\justi\Documents\GitHub\AlexsMobs-26.2\src\main\java\com\github\alexthe666\alexsmobs\misc\AMBannerRegistry.java:15: error: constructor BannerPattern in record BannerPattern cannot be applied to given types;
        DEF_REG.register("australia_1", () ->  new BannerPattern("australia_1"));
                                               ^
  required: Identifier,String
  found:    String
  reason: actual and formal argument lists differ in length
C:\Users\justi\Documents\GitHub\AlexsMobs-26.2\src\main\java\com\github\alexthe666\alexsmobs\misc\AMBannerRegistry.java:16: error: constructor BannerPattern in record BannerPattern cannot be applied to given types;
        DEF_REG.register("new_mexico", () ->  new BannerPattern("new_mexico"));
                                              ^
  required: Identifier,String
  found:    String
  reason: actual and formal argument lists differ in length
C:\Users\justi\Documents\GitHub\AlexsMobs-26.2\src\main\java\com\github\alexthe666\alexsmobs\misc\AMBannerRegistry.java:17: error: constructor BannerPattern in record BannerPattern cannot be applied to given types;
        DEF_REG.register("brazil", () ->  new BannerPattern("brazil"));
                                          ^
  required: Identifier,String
  found:    String
  reason: actual and formal argument lists differ in length
C:\Users\justi\Documents\GitHub\AlexsMobs-26.2\src\main\java\com\github\alexthe666\alexsmobs\misc\AMCreativeTabRegistry.java:25: error: incompatible types: DeferredHolder<Item,? extends Item> cannot be converted to DeferredHolder<Item,Item>
                for(DeferredHolder<Item, Item> item : AMItemRegistry.DEF_REG.getEntries()){
                                                                                       ^
C:\Users\justi\Documents\GitHub\AlexsMobs-26.2\src\main\java\com\github\alexthe666\alexsmobs\misc\AMDamageTypes.java:21: error: cannot find symbol
        return new DamageSourceRandomMessages(attacker.level().registryAccess().registry(Registries.DAMAGE_TYPE).get().getHolderOrThrow(FARSEER), attacker);
                                                                               ^
  symbol:   method registry(ResourceKey<Registry<DamageType>>)
  location: interface RegistryAccess
C:\Users\justi\Documents\GitHub\AlexsMobs-26.2\src\main\java\com\github\alexthe666\alexsmobs\misc\AMDamageTypes.java:25: error: cannot find symbol
        return new DamageSource(attacker.level().registryAccess().registry(Registries.DAMAGE_TYPE).get().getHolderOrThrow(FREDDY), attacker);
                                                                 ^
  symbol:   method registry(ResourceKey<Registry<DamageType>>)
  location: interface RegistryAccess
C:\Users\justi\Documents\GitHub\AlexsMobs-26.2\src\main\java\com\github\alexthe666\alexsmobs\misc\AMLootRegistry.java:13: error: cannot find symbol
    public static final DeferredRegister<Codec<? extends IGlobalLootModifier>> DEF_REG = DeferredRegister.create(NeoForgeRegistries.GLOBAL_LOOT_MODIFIER_SERIALIZERS, AlexsMobs.MODID);
                                                                                                                 ^
  symbol:   variable NeoForgeRegistries
  location: class AMLootRegistry
C:\Users\justi\Documents\GitHub\AlexsMobs-26.2\src\main\java\com\github\alexthe666\alexsmobs\misc\AMLootRegistry.java:14: error: type argument MapCodec<? extends IGlobalLootModifier> is not within bounds of type-variable T
    public static final DeferredHolder<Codec<? extends IGlobalLootModifier>, MapCodec<? extends IGlobalLootModifier>> BANANA_DROP = DEF_REG.register("banana_drop", BananaLootModifier.CODEC);
                                                                                     ^
  where T,R are type-variables:
    T extends R declared in class DeferredHolder
    R extends Object declared in class DeferredHolder
C:\Users\justi\Documents\GitHub\AlexsMobs-26.2\src\main\java\com\github\alexthe666\alexsmobs\misc\AMLootRegistry.java:14: error: incompatible types: inference variable I has incompatible bounds
    public static final DeferredHolder<Codec<? extends IGlobalLootModifier>, MapCodec<? extends IGlobalLootModifier>> BANANA_DROP = DEF_REG.register("banana_drop", BananaLootModifier.CODEC);
                                                                                                                                                    ^
    equality constraints: MapCodec<? extends IGlobalLootModifier>
    lower bounds: Codec<BananaLootModifier>
  where I,T are type-variables:
    I extends Codec<? extends IGlobalLootModifier> declared in method <I>register(String,Supplier<? extends I>)
    T extends Object declared in class DeferredRegister
C:\Users\justi\Documents\GitHub\AlexsMobs-26.2\src\main\java\com\github\alexthe666\alexsmobs\misc\AMLootRegistry.java:15: error: type argument MapCodec<? extends IGlobalLootModifier> is not within bounds of type-variable T
    public static final DeferredHolder<Codec<? extends IGlobalLootModifier>, MapCodec<? extends IGlobalLootModifier>> BLOSSOM_DROP = DEF_REG.register("blossom_drop", BlossomLootModifier.CODEC);
                                                                                     ^
  where T,R are type-variables:
    T extends R declared in class DeferredHolder
    R extends Object declared in class DeferredHolder
C:\Users\justi\Documents\GitHub\AlexsMobs-26.2\src\main\java\com\github\alexthe666\alexsmobs\misc\AMLootRegistry.java:15: error: incompatible types: inference variable I has incompatible bounds
    public static final DeferredHolder<Codec<? extends IGlobalLootModifier>, MapCodec<? extends IGlobalLootModifier>> BLOSSOM_DROP = DEF_REG.register("blossom_drop", BlossomLootModifier.CODEC);
                                                                                                                                                     ^
    equality constraints: MapCodec<? extends IGlobalLootModifier>
    lower bounds: Codec<BlossomLootModifier>
  where I,T are type-variables:
    I extends Codec<? extends IGlobalLootModifier> declared in method <I>register(String,Supplier<? extends I>)
    T extends Object declared in class DeferredRegister
C:\Users\justi\Documents\GitHub\AlexsMobs-26.2\src\main\java\com\github\alexthe666\alexsmobs\misc\AMLootRegistry.java:16: error: type argument MapCodec<? extends IGlobalLootModifier> is not within bounds of type-variable T
    public static final DeferredHolder<Codec<? extends IGlobalLootModifier>, MapCodec<? extends IGlobalLootModifier>> ANCIENT_DART = DEF_REG.register("ancient_dart", AncientDartLootModifier.CODEC);
                                                                                     ^
  where T,R are type-variables:
    T extends R declared in class DeferredHolder
    R extends Object declared in class DeferredHolder
C:\Users\justi\Documents\GitHub\AlexsMobs-26.2\src\main\java\com\github\alexthe666\alexsmobs\misc\AMLootRegistry.java:16: error: incompatible types: inference variable I has incompatible bounds
    public static final DeferredHolder<Codec<? extends IGlobalLootModifier>, MapCodec<? extends IGlobalLootModifier>> ANCIENT_DART = DEF_REG.register("ancient_dart", AncientDartLootModifier.CODEC);
                                                                                                                                                     ^
    equality constraints: MapCodec<? extends IGlobalLootModifier>
    lower bounds: Codec<AncientDartLootModifier>
  where I,T are type-variables:
    I extends Codec<? extends IGlobalLootModifier> declared in method <I>register(String,Supplier<? extends I>)
    T extends Object declared in class DeferredRegister
C:\Users\justi\Documents\GitHub\AlexsMobs-26.2\src\main\java\com\github\alexthe666\alexsmobs\misc\AMLootRegistry.java:17: error: type argument MapCodec<? extends IGlobalLootModifier> is not within bounds of type-variable T
    public static final DeferredHolder<Codec<? extends IGlobalLootModifier>, MapCodec<? extends IGlobalLootModifier>> PIGSHOES = DEF_REG.register("pigshoes", PigshoesLootModifier.CODEC);
                                                                                     ^
  where T,R are type-variables:
    T extends R declared in class DeferredHolder
    R extends Object declared in class DeferredHolder
C:\Users\justi\Documents\GitHub\AlexsMobs-26.2\src\main\java\com\github\alexthe666\alexsmobs\misc\AMLootRegistry.java:17: error: incompatible types: inference variable I has incompatible bounds
    public static final DeferredHolder<Codec<? extends IGlobalLootModifier>, MapCodec<? extends IGlobalLootModifier>> PIGSHOES = DEF_REG.register("pigshoes", PigshoesLootModifier.CODEC);
                                                                                                                                                 ^
    equality constraints: MapCodec<? extends IGlobalLootModifier>
    lower bounds: Codec<PigshoesLootModifier>
  where I,T are type-variables:
    I extends Codec<? extends IGlobalLootModifier> declared in method <I>register(String,Supplier<? extends I>)
    T extends Object declared in class DeferredRegister
C:\Users\justi\Documents\GitHub\AlexsMobs-26.2\src\main\java\com\github\alexthe666\alexsmobs\misc\AMPaintingRegistry.java:10: error: cannot find symbol
    public static final DeferredRegister<PaintingVariant> DEF_REG = DeferredRegister.create(BuiltInRegistries.PAINTING_VARIANT, AlexsMobs.MODID);
                                                                                                             ^
  symbol:   variable PAINTING_VARIANT
  location: class BuiltInRegistries
C:\Users\justi\Documents\GitHub\AlexsMobs-26.2\src\main\java\com\github\alexthe666\alexsmobs\misc\AMPaintingRegistry.java:12: error: constructor PaintingVariant in record PaintingVariant cannot be applied to given types;
    public static final DeferredHolder<PaintingVariant, PaintingVariant> NFT = DEF_REG.register("nft", () -> new PaintingVariant(32, 32));
                                                                                                             ^
  required: int,int,Identifier,Optional<Component>,Optional<Component>
  found:    int,int
  reason: actual and formal argument lists differ in length
C:\Users\justi\Documents\GitHub\AlexsMobs-26.2\src\main\java\com\github\alexthe666\alexsmobs\misc\AMPaintingRegistry.java:13: error: constructor PaintingVariant in record PaintingVariant cannot be applied to given types;
    public static final DeferredHolder<PaintingVariant, PaintingVariant> DOG_POKER = DEF_REG.register("dog_poker", () -> new PaintingVariant(32, 16));
                                                                                                                         ^
  required: int,int,Identifier,Optional<Component>,Optional<Component>
  found:    int,int
  reason: actual and formal argument lists differ in length
C:\Users\justi\Documents\GitHub\AlexsMobs-26.2\src\main\java\com\github\alexthe666\alexsmobs\misc\RecipeMimicreamRepair.java:19: error: RecipeMimicreamRepair is not abstract and does not override abstract method getSerializer() in CustomRecipe
public class RecipeMimicreamRepair extends CustomRecipe {
       ^
C:\Users\justi\Documents\GitHub\AlexsMobs-26.2\src\main\java\com\github\alexthe666\alexsmobs\misc\RecipeMimicreamRepair.java:123: error: getSerializer() in RecipeMimicreamRepair cannot override getSerializer() in CustomRecipe
    public RecipeSerializer<?> getSerializer() {
                               ^
  return type RecipeSerializer<?> is not compatible with RecipeSerializer<? extends CustomRecipe>
C:\Users\justi\Documents\GitHub\AlexsMobs-26.2\src\main\java\com\github\alexthe666\alexsmobs\misc\RecipeMimicreamRepair.java:81: error: cannot find symbol
            CompoundTag compoundnbt = damageableStack.getTag().copy();
                                                     ^
  symbol:   method getTag()
  location: variable damageableStack of type ItemStack
C:\Users\justi\Documents\GitHub\AlexsMobs-26.2\src\main\java\com\github\alexthe666\alexsmobs\misc\RecipeMimicreamRepair.java:88: error: cannot find symbol
            Identifier mendingName = BuiltInRegistries.ENCHANTMENT.getKey(Enchantments.MENDING);
                                                      ^
  symbol:   variable ENCHANTMENT
  location: class BuiltInRegistries
C:\Users\justi\Documents\GitHub\AlexsMobs-26.2\src\main\java\com\github\alexthe666\alexsmobs\misc\RecipeMimicreamRepair.java:97: error: cannot find symbol
            itemstack2.setTag(compoundnbt);
                      ^
  symbol:   method setTag(CompoundTag)
  location: variable itemstack2 of type ItemStack
C:\Users\justi\Documents\GitHub\AlexsMobs-26.2\src\main\java\com\github\alexthe666\alexsmobs\misc\RecipeMimicreamRepair.java:110: error: cannot find symbol
            if (itemstack.hasCraftingRemainingItem()) {
                         ^
  symbol:   method hasCraftingRemainingItem()
  location: variable itemstack of type ItemStack
C:\Users\justi\Documents\GitHub\AlexsMobs-26.2\src\main\java\com\github\alexthe666\alexsmobs\misc\RecipeMimicreamRepair.java:111: error: cannot find symbol
                nonnulllist.set(i, itemstack.getCraftingRemainingItem());
                                            ^
  symbol:   method getCraftingRemainingItem()
  location: variable itemstack of type ItemStack
C:\Users\justi\Documents\GitHub\AlexsMobs-26.2\src\main\java\com\github\alexthe666\alexsmobs\misc\RecipeMimicreamRepair.java:112: error: cannot find symbol
            } else if (itemstack.getItem().canBeDepleted()) {
                                          ^
  symbol:   method canBeDepleted()
  location: class Item
C:\Users\justi\Documents\GitHub\AlexsMobs-26.2\src\main\java\com\github\alexthe666\alexsmobs\misc\RecipeBisonUpgrade.java:17: error: RecipeBisonUpgrade is not abstract and does not override abstract method getSerializer() in CustomRecipe
public class RecipeBisonUpgrade extends CustomRecipe {
       ^
C:\Users\justi\Documents\GitHub\AlexsMobs-26.2\src\main\java\com\github\alexthe666\alexsmobs\misc\RecipeBisonUpgrade.java:71: error: getSerializer() in RecipeBisonUpgrade cannot override getSerializer() in CustomRecipe
    public RecipeSerializer<?> getSerializer() {
                               ^
  return type RecipeSerializer<?> is not compatible with RecipeSerializer<? extends CustomRecipe>
C:\Users\justi\Documents\GitHub\AlexsMobs-26.2\src\main\java\com\github\alexthe666\alexsmobs\misc\RecipeBisonUpgrade.java:39: error: cannot find symbol
                boolean notFurred = !itemstack1.hasTag() || itemstack1.getTag() != null && !itemstack1.getTag().getBoolean("BisonFur");
                                               ^
  symbol:   method hasTag()
  location: variable itemstack1 of type ItemStack
C:\Users\justi\Documents\GitHub\AlexsMobs-26.2\src\main\java\com\github\alexthe666\alexsmobs\misc\RecipeBisonUpgrade.java:39: error: cannot find symbol
                boolean notFurred = !itemstack1.hasTag() || itemstack1.getTag() != null && !itemstack1.getTag().getBoolean("BisonFur");
                                                                      ^
  symbol:   method getTag()
  location: variable itemstack1 of type ItemStack
C:\Users\justi\Documents\GitHub\AlexsMobs-26.2\src\main\java\com\github\alexthe666\alexsmobs\misc\RecipeBisonUpgrade.java:39: error: cannot find symbol
                boolean notFurred = !itemstack1.hasTag() || itemstack1.getTag() != null && !itemstack1.getTag().getBoolean("BisonFur");
                                                                                                      ^
  symbol:   method getTag()
  location: variable itemstack1 of type ItemStack
C:\Users\justi\Documents\GitHub\AlexsMobs-26.2\src\main\java\com\github\alexthe666\alexsmobs\misc\RecipeBisonUpgrade.java:40: error: non-static method getEquipmentSlotForItem(ItemStack) cannot be referenced from a static context
                if (!itemstack1.isEmpty() && notFurred && LivingEntity.getEquipmentSlotForItem(itemstack1) == EquipmentSlot.FEET) {
                                                                      ^
C:\Users\justi\Documents\GitHub\AlexsMobs-26.2\src\main\java\com\github\alexthe666\alexsmobs\misc\RecipeBisonUpgrade.java:46: error: cannot find symbol
                CompoundTag tag = stack.getOrCreateTag();
                                       ^
  symbol:   method getOrCreateTag()
  location: variable stack of type ItemStack
C:\Users\justi\Documents\GitHub\AlexsMobs-26.2\src\main\java\com\github\alexthe666\alexsmobs\misc\RecipeBisonUpgrade.java:48: error: cannot find symbol
                stack.setTag(tag);
                     ^
  symbol:   method setTag(CompoundTag)
  location: variable stack of type ItemStack
C:\Users\justi\Documents\GitHub\AlexsMobs-26.2\src\main\java\com\github\alexthe666\alexsmobs\misc\RecipeBisonUpgrade.java:55: error: method does not override or implement a method from a supertype
    @Override
    ^
C:\Users\justi\Documents\GitHub\AlexsMobs-26.2\src\main\java\com\github\alexthe666\alexsmobs\misc\RecipeBisonUpgrade.java:60: error: method does not override or implement a method from a supertype
    @Override
    ^
C:\Users\justi\Documents\GitHub\AlexsMobs-26.2\src\main\java\com\github\alexthe666\alexsmobs\misc\RecipeBisonUpgrade.java:65: error: method does not override or implement a method from a supertype
    @Override
    ^
C:\Users\justi\Documents\GitHub\AlexsMobs-26.2\src\main\java\com\github\alexthe666\alexsmobs\misc\RecipeBisonUpgrade.java:70: error: method does not override or implement a method from a supertype
    @Override
    ^
C:\Users\justi\Documents\GitHub\AlexsMobs-26.2\src\main\java\com\github\alexthe666\alexsmobs\misc\AncientDartLootModifier.java:19: error: AncientDartLootModifier is not abstract and does not override abstract method priority() in IGlobalLootModifier
public class AncientDartLootModifier implements IGlobalLootModifier {
       ^
C:\Users\justi\Documents\GitHub\AlexsMobs-26.2\src\main\java\com\github\alexthe666\alexsmobs\misc\AncientDartLootModifier.java:54: error: codec() in AncientDartLootModifier cannot implement codec() in IGlobalLootModifier
    public Codec<? extends IGlobalLootModifier> codec() {
                                                ^
  return type Codec<? extends IGlobalLootModifier> is not compatible with MapCodec<? extends IGlobalLootModifier>
C:\Users\justi\Documents\GitHub\AlexsMobs-26.2\src\main\java\com\github\alexthe666\alexsmobs\misc\AncientDartLootModifier.java:34: error: cannot find symbol
        this.orConditions = LootItemConditions.orConditions(conditionsIn);
                                              ^
  symbol:   method orConditions(LootItemCondition[])
  location: class LootItemConditions
C:\Users\justi\Documents\GitHub\AlexsMobs-26.2\src\main\java\com\github\alexthe666\alexsmobs\misc\AncientDartLootModifier.java:53: error: method does not override or implement a method from a supertype
    @Override
    ^
C:\Users\justi\Documents\GitHub\AlexsMobs-26.2\src\main\java\com\github\alexthe666\alexsmobs\misc\BananaLootModifier.java:25: error: BananaLootModifier is not abstract and does not override abstract method priority() in IGlobalLootModifier
public class BananaLootModifier implements IGlobalLootModifier {
       ^
C:\Users\justi\Documents\GitHub\AlexsMobs-26.2\src\main\java\com\github\alexthe666\alexsmobs\misc\BananaLootModifier.java:70: error: codec() in BananaLootModifier cannot implement codec() in IGlobalLootModifier
    public Codec<? extends IGlobalLootModifier> codec() {
                                                ^
  return type Codec<? extends IGlobalLootModifier> is not compatible with MapCodec<? extends IGlobalLootModifier>
C:\Users\justi\Documents\GitHub\AlexsMobs-26.2\src\main\java\com\github\alexthe666\alexsmobs\misc\BananaLootModifier.java:40: error: cannot find symbol
        this.orConditions = LootItemConditions.orConditions(conditionsIn);
                                              ^
  symbol:   method orConditions(LootItemCondition[])
  location: class LootItemConditions
C:\Users\justi\Documents\GitHub\AlexsMobs-26.2\src\main\java\com\github\alexthe666\alexsmobs\misc\BananaLootModifier.java:51: error: cannot find symbol
            ItemStack ctxTool = context.getParamOrNull(LootContextParams.TOOL);
                                       ^
  symbol:   method getParamOrNull(ContextKey<ItemInstance>)
  location: variable context of type LootContext
C:\Users\justi\Documents\GitHub\AlexsMobs-26.2\src\main\java\com\github\alexthe666\alexsmobs\misc\BananaLootModifier.java:54: error: incompatible types: ResourceKey<Enchantment> cannot be converted to Holder<Enchantment>
                int silkTouch = EnchantmentHelper.getItemEnchantmentLevel(Enchantments.SILK_TOUCH, ctxTool);
                                                                                      ^
C:\Users\justi\Documents\GitHub\AlexsMobs-26.2\src\main\java\com\github\alexthe666\alexsmobs\misc\BananaLootModifier.java:59: error: cannot find symbol
            int bonusLevel = ctxTool != null ? EnchantmentHelper.getItemEnchantmentLevel(Enchantments.BLOCK_FORTUNE, ctxTool) : 0;
                                                                                                     ^
  symbol:   variable BLOCK_FORTUNE
  location: class Enchantments
C:\Users\justi\Documents\GitHub\AlexsMobs-26.2\src\main\java\com\github\alexthe666\alexsmobs\misc\BananaLootModifier.java:69: error: method does not override or implement a method from a supertype
    @Override
    ^
C:\Users\justi\Documents\GitHub\AlexsMobs-26.2\src\main\java\com\github\alexthe666\alexsmobs\misc\BlossomLootModifier.java:23: error: BlossomLootModifier is not abstract and does not override abstract method priority() in IGlobalLootModifier
public class BlossomLootModifier implements IGlobalLootModifier {
       ^
C:\Users\justi\Documents\GitHub\AlexsMobs-26.2\src\main\java\com\github\alexthe666\alexsmobs\misc\BlossomLootModifier.java:68: error: codec() in BlossomLootModifier cannot implement codec() in IGlobalLootModifier
    public Codec<? extends IGlobalLootModifier> codec() {
                                                ^
  return type Codec<? extends IGlobalLootModifier> is not compatible with MapCodec<? extends IGlobalLootModifier>
C:\Users\justi\Documents\GitHub\AlexsMobs-26.2\src\main\java\com\github\alexthe666\alexsmobs\misc\BlossomLootModifier.java:38: error: cannot find symbol
        this.orConditions = LootItemConditions.orConditions(conditionsIn);
                                              ^
  symbol:   method orConditions(LootItemCondition[])
  location: class LootItemConditions
C:\Users\justi\Documents\GitHub\AlexsMobs-26.2\src\main\java\com\github\alexthe666\alexsmobs\misc\BlossomLootModifier.java:49: error: cannot find symbol
            ItemStack ctxTool = context.getParamOrNull(LootContextParams.TOOL);
                                       ^
  symbol:   method getParamOrNull(ContextKey<ItemInstance>)
  location: variable context of type LootContext
C:\Users\justi\Documents\GitHub\AlexsMobs-26.2\src\main\java\com\github\alexthe666\alexsmobs\misc\BlossomLootModifier.java:52: error: incompatible types: ResourceKey<Enchantment> cannot be converted to Holder<Enchantment>
                int silkTouch = EnchantmentHelper.getItemEnchantmentLevel(Enchantments.SILK_TOUCH, ctxTool);
                                                                                      ^
C:\Users\justi\Documents\GitHub\AlexsMobs-26.2\src\main\java\com\github\alexthe666\alexsmobs\misc\BlossomLootModifier.java:57: error: cannot find symbol
            int bonusLevel = ctxTool != null ? EnchantmentHelper.getItemEnchantmentLevel(Enchantments.BLOCK_FORTUNE, ctxTool) : 0;
                                                                                                     ^
  symbol:   variable BLOCK_FORTUNE
  location: class Enchantments
C:\Users\justi\Documents\GitHub\AlexsMobs-26.2\src\main\java\com\github\alexthe666\alexsmobs\misc\BlossomLootModifier.java:67: error: method does not override or implement a method from a supertype
    @Override
    ^
C:\Users\justi\Documents\GitHub\AlexsMobs-26.2\src\main\java\com\github\alexthe666\alexsmobs\misc\EmeraldsForItemsTrade.java:29: error: incompatible types: ItemStack cannot be converted to ItemCost
        return new MerchantOffer(lvt_3_1_, new ItemStack(Items.EMERALD, this.count), this.maxUses, this.xpValue, this.priceMultiplier);
                                 ^
C:\Users\justi\Documents\GitHub\AlexsMobs-26.2\src\main\java\com\github\alexthe666\alexsmobs\misc\ItemsForEmeraldsTrade.java:46: error: incompatible types: ItemStack cannot be converted to ItemCost
        return new MerchantOffer(new ItemStack(Items.EMERALD, this.emeraldCount), new ItemStack(this.sellingItem.getItem(), this.sellingItemCount), this.maxUses, this.xpValue, this.priceMultiplier);
                                 ^
C:\Users\justi\Documents\GitHub\AlexsMobs-26.2\src\main\java\com\github\alexthe666\alexsmobs\misc\PigshoesLootModifier.java:19: error: PigshoesLootModifier is not abstract and does not override abstract method priority() in IGlobalLootModifier
public class PigshoesLootModifier implements IGlobalLootModifier {
       ^
C:\Users\justi\Documents\GitHub\AlexsMobs-26.2\src\main\java\com\github\alexthe666\alexsmobs\misc\PigshoesLootModifier.java:54: error: codec() in PigshoesLootModifier cannot implement codec() in IGlobalLootModifier
    public Codec<? extends IGlobalLootModifier> codec() {
                                                ^
  return type Codec<? extends IGlobalLootModifier> is not compatible with MapCodec<? extends IGlobalLootModifier>
C:\Users\justi\Documents\GitHub\AlexsMobs-26.2\src\main\java\com\github\alexthe666\alexsmobs\misc\PigshoesLootModifier.java:34: error: cannot find symbol
        this.orConditions = LootItemConditions.orConditions(conditionsIn);
                                              ^
  symbol:   method orConditions(LootItemCondition[])
  location: class LootItemConditions
C:\Users\justi\Documents\GitHub\AlexsMobs-26.2\src\main\java\com\github\alexthe666\alexsmobs\misc\PigshoesLootModifier.java:53: error: method does not override or implement a method from a supertype
    @Override
    ^
C:\Users\justi\Documents\GitHub\AlexsMobs-26.2\src\main\java\com\github\alexthe666\alexsmobs\tileentity\AMTileEntityRegistry.java:18: error: cannot find symbol
    public static final DeferredHolder<BlockEntityType<?>, BlockEntityType<TileEntityLeafcutterAnthill>> LEAFCUTTER_ANTHILL = DEF_REG.register("leafcutter_anthill_te", () -> BlockEntityType.Builder.of(TileEntityLeafcutterAnthill::new, AMBlockRegistry.LEAFCUTTER_ANTHILL.get()).build(null));
                                                                                                                                                                                             ^
  symbol:   variable Builder
  location: class BlockEntityType
C:\Users\justi\Documents\GitHub\AlexsMobs-26.2\src\main\java\com\github\alexthe666\alexsmobs\tileentity\AMTileEntityRegistry.java:19: error: cannot find symbol
    public static final DeferredHolder<BlockEntityType<?>, BlockEntityType<TileEntityCapsid>> CAPSID = DEF_REG.register("capsid_te", () -> BlockEntityType.Builder.of(TileEntityCapsid::new, AMBlockRegistry.CAPSID.get()).build(null));
                                                                                                                                                          ^
  symbol:   variable Builder
  location: class BlockEntityType
C:\Users\justi\Documents\GitHub\AlexsMobs-26.2\src\main\java\com\github\alexthe666\alexsmobs\tileentity\AMTileEntityRegistry.java:20: error: cannot find symbol
    public static final DeferredHolder<BlockEntityType<?>, BlockEntityType<TileEntityVoidWormBeak>> VOID_WORM_BEAK = DEF_REG.register("void_worm_beak_te", () -> BlockEntityType.Builder.of(TileEntityVoidWormBeak::new, AMBlockRegistry.VOID_WORM_BEAK.get()).build(null));
                                                                                                                                                                                ^
  symbol:   variable Builder
  location: class BlockEntityType
C:\Users\justi\Documents\GitHub\AlexsMobs-26.2\src\main\java\com\github\alexthe666\alexsmobs\tileentity\AMTileEntityRegistry.java:21: error: cannot find symbol
    public static final DeferredHolder<BlockEntityType<?>, BlockEntityType<TileEntityTerrapinEgg>> TERRAPIN_EGG = DEF_REG.register("terrapin_egg_te", () -> BlockEntityType.Builder.of(TileEntityTerrapinEgg::new, AMBlockRegistry.TERRAPIN_EGG.get()).build(null));
                                                                                                                                                                           ^
  symbol:   variable Builder
  location: class BlockEntityType
C:\Users\justi\Documents\GitHub\AlexsMobs-26.2\src\main\java\com\github\alexthe666\alexsmobs\tileentity\AMTileEntityRegistry.java:22: error: cannot find symbol
    public static final DeferredHolder<BlockEntityType<?>, BlockEntityType<TileEntityTransmutationTable>> TRANSMUTATION_TABLE = DEF_REG.register("transmutation_table", () -> BlockEntityType.Builder.of(TileEntityTransmutationTable::new, AMBlockRegistry.TRANSMUTATION_TABLE.get()).build(null));
                                                                                                                                                                                             ^
  symbol:   variable Builder
  location: class BlockEntityType
C:\Users\justi\Documents\GitHub\AlexsMobs-26.2\src\main\java\com\github\alexthe666\alexsmobs\tileentity\AMTileEntityRegistry.java:23: error: cannot find symbol
    public static final DeferredHolder<BlockEntityType<?>, BlockEntityType<TileEntitySculkBoomer>> SCULK_BOOMER = DEF_REG.register("sculk_boomer", () -> BlockEntityType.Builder.of(TileEntitySculkBoomer::new, AMBlockRegistry.SCULK_BOOMER.get()).build(null));
                                                                                                                                                                        ^
  symbol:   variable Builder
  location: class BlockEntityType
C:\Users\justi\Documents\GitHub\AlexsMobs-26.2\src\main\java\com\github\alexthe666\alexsmobs\tileentity\TileEntitySculkBoomer.java:29: error: TileEntitySculkBoomer is not abstract and does not override abstract method handleGameEvent(ServerLevel,Holder<GameEvent>,Context,Vec3) in GameEventListener
public class TileEntitySculkBoomer extends BlockEntity implements GameEventListener {
       ^
C:\Users\justi\Documents\GitHub\AlexsMobs-26.2\src\main\java\com\github\alexthe666\alexsmobs\tileentity\TileEntitySculkBoomer.java:56: error: no suitable method found for knockback(float,double,double)
                        entity.knockback(0.4F,  center.x - entity.getX(), center.z - entity.getZ());
                              ^
    method LivingEntity.knockback(double,double,double,DamageSource,float,boolean) is not applicable
      (actual and formal argument lists differ in length)
    method LivingEntity.knockback(double,double,double,DamageSource,float) is not applicable
      (actual and formal argument lists differ in length)
C:\Users\justi\Documents\GitHub\AlexsMobs-26.2\src\main\java\com\github\alexthe666\alexsmobs\tileentity\TileEntitySculkBoomer.java:82: error: cannot find symbol
        super.load(tag);
             ^
  symbol: method load(CompoundTag)
C:\Users\justi\Documents\GitHub\AlexsMobs-26.2\src\main\java\com\github\alexthe666\alexsmobs\tileentity\TileEntitySculkBoomer.java:103: error: method does not override or implement a method from a supertype
    @Override
    ^
C:\Users\justi\Documents\GitHub\AlexsMobs-26.2\src\main\java\com\github\alexthe666\alexsmobs\tileentity\TileEntitySculkBoomer.java:105: error: incomparable types: GameEvent and Reference<GameEvent>
        if(event == GameEvent.SCULK_SENSOR_TENDRILS_CLICKING && !isOccluded(serverLevel, Vec3.atCenterOf(this.getBlockPos()), from)){
                 ^
C:\Users\justi\Documents\GitHub\AlexsMobs-26.2\src\main\java\com\github\alexthe666\alexsmobs\world\AMLeafcutterAntBiomeModifier.java:20: error: no suitable method found for create(Identifier,Registry<MapCodec<? extends BiomeModifier>>,String)
    private static final DeferredHolder<MapCodec<? extends BiomeModifier>, MapCodec<AMLeafcutterAntBiomeModifier>> SERIALIZER = DeferredHolder.create(Identifier.fromNamespaceAndPath(AlexsMobs.MODID, "am_leafcutter_ant_spawns"), NeoForgeRegistries.BIOME_MODIFIER_SERIALIZERS, AlexsMobs.MODID);
                                                                                                                                              ^
    method DeferredHolder.<R#1,T#1>create(ResourceKey<? extends Registry<R#1>>,Identifier) is not applicable
      (cannot infer type-variable(s) R#1,T#1
        (actual and formal argument lists differ in length))
    method DeferredHolder.<R#2,T#2>create(Identifier,Identifier) is not applicable
      (cannot infer type-variable(s) R#2,T#2
        (actual and formal argument lists differ in length))
    method DeferredHolder.<R#3,T#3>create(ResourceKey<R#3>) is not applicable
      (cannot infer type-variable(s) R#3,T#3
        (actual and formal argument lists differ in length))
  where R#1,T#1,R#2,T#2,R#3,T#3 are type-variables:
    R#1 extends Object declared in method <R#1,T#1>create(ResourceKey<? extends Registry<R#1>>,Identifier)
    T#1 extends R#1 declared in method <R#1,T#1>create(ResourceKey<? extends Registry<R#1>>,Identifier)
    R#2 extends Object declared in method <R#2,T#2>create(Identifier,Identifier)
    T#2 extends R#2 declared in method <R#2,T#2>create(Identifier,Identifier)
    R#3 extends Object declared in method <R#3,T#3>create(ResourceKey<R#3>)
    T#3 extends R#3 declared in method <R#3,T#3>create(ResourceKey<R#3>)
C:\Users\justi\Documents\GitHub\AlexsMobs-26.2\src\main\java\com\github\alexthe666\alexsmobs\world\AMMobSpawnBiomeModifier.java:17: error: no suitable method found for create(Identifier,Registry<MapCodec<? extends BiomeModifier>>,String)
    private static final DeferredHolder<MapCodec<? extends BiomeModifier>, MapCodec<AMMobSpawnBiomeModifier>> SERIALIZER = DeferredHolder.create(Identifier.fromNamespaceAndPath(AlexsMobs.MODID, "am_mob_spawns"), NeoForgeRegistries.BIOME_MODIFIER_SERIALIZERS, AlexsMobs.MODID);
                                                                                                                                         ^
    method DeferredHolder.<R#1,T#1>create(ResourceKey<? extends Registry<R#1>>,Identifier) is not applicable
      (cannot infer type-variable(s) R#1,T#1
        (actual and formal argument lists differ in length))
    method DeferredHolder.<R#2,T#2>create(Identifier,Identifier) is not applicable
      (cannot infer type-variable(s) R#2,T#2
        (actual and formal argument lists differ in length))
    method DeferredHolder.<R#3,T#3>create(ResourceKey<R#3>) is not applicable
      (cannot infer type-variable(s) R#3,T#3
        (actual and formal argument lists differ in length))
  where R#1,T#1,R#2,T#2,R#3,T#3 are type-variables:
    R#1 extends Object declared in method <R#1,T#1>create(ResourceKey<? extends Registry<R#1>>,Identifier)
    T#1 extends R#1 declared in method <R#1,T#1>create(ResourceKey<? extends Registry<R#1>>,Identifier)
    R#2 extends Object declared in method <R#2,T#2>create(Identifier,Identifier)
    T#2 extends R#2 declared in method <R#2,T#2>create(Identifier,Identifier)
    R#3 extends Object declared in method <R#3,T#3>create(ResourceKey<R#3>)
    T#3 extends R#3 declared in method <R#3,T#3>create(ResourceKey<R#3>)
C:\Users\justi\Documents\GitHub\AlexsMobs-26.2\src\main\java\com\github\alexthe666\alexsmobs\world\AMMobSpawnStructureModifier.java:18: error: no suitable method found for create(Identifier,Registry<MapCodec<? extends StructureModifier>>,String)
    private static final DeferredHolder<MapCodec<? extends StructureModifier>, MapCodec<AMMobSpawnStructureModifier>> SERIALIZER = DeferredHolder.create(Identifier.fromNamespaceAndPath(AlexsMobs.MODID, "am_structure_spawns"), NeoForgeRegistries.STRUCTURE_MODIFIER_SERIALIZERS, AlexsMobs.MODID);
                                                                                                                                                 ^
    method DeferredHolder.<R#1,T#1>create(ResourceKey<? extends Registry<R#1>>,Identifier) is not applicable
      (cannot infer type-variable(s) R#1,T#1
        (actual and formal argument lists differ in length))
    method DeferredHolder.<R#2,T#2>create(Identifier,Identifier) is not applicable
      (cannot infer type-variable(s) R#2,T#2
        (actual and formal argument lists differ in length))
    method DeferredHolder.<R#3,T#3>create(ResourceKey<R#3>) is not applicable
      (cannot infer type-variable(s) R#3,T#3
        (actual and formal argument lists differ in length))
  where R#1,T#1,R#2,T#2,R#3,T#3 are type-variables:
    R#1 extends Object declared in method <R#1,T#1>create(ResourceKey<? extends Registry<R#1>>,Identifier)
    T#1 extends R#1 declared in method <R#1,T#1>create(ResourceKey<? extends Registry<R#1>>,Identifier)
    R#2 extends Object declared in method <R#2,T#2>create(Identifier,Identifier)
    T#2 extends R#2 declared in method <R#2,T#2>create(Identifier,Identifier)
    R#3 extends Object declared in method <R#3,T#3>create(ResourceKey<R#3>)
    T#3 extends R#3 declared in method <R#3,T#3>create(ResourceKey<R#3>)
C:\Users\justi\Documents\GitHub\AlexsMobs-26.2\src\main\java\com\github\alexthe666\alexsmobs\world\AMWorldData.java:53: error: method computeIfAbsent in class SavedDataStorage cannot be applied to given types;
                AMWorldData data = storage.computeIfAbsent(AMWorldData::load, AMWorldData::new, IDENTIFIER);
                                          ^
  required: SavedDataType<T>
  found:    AMWorldData::load,AMWorldData::new,String
  reason: cannot infer type-variable(s) T
    (actual and formal argument lists differ in length)
  where T is a type-variable:
    T extends SavedData declared in method <T>computeIfAbsent(SavedDataType<T>)
C:\Users\justi\Documents\GitHub\AlexsMobs-26.2\src\main\java\com\github\alexthe666\alexsmobs\world\AMWorldData.java:113: error: method does not override or implement a method from a supertype
    @Override
    ^
C:\Users\justi\Documents\GitHub\AlexsMobs-26.2\src\main\java\com\github\alexthe666\alexsmobs\world\AMWorldData.java:121: error: x has private access in ChunkPos
            compound.putInt("PupfishChunkX", this.pupfishChunk.x);
                                                              ^
C:\Users\justi\Documents\GitHub\AlexsMobs-26.2\src\main\java\com\github\alexthe666\alexsmobs\world\AMWorldData.java:122: error: z has private access in ChunkPos
            compound.putInt("PupfishChunkZ", this.pupfishChunk.z);
                                                              ^
C:\Users\justi\Documents\GitHub\AlexsMobs-26.2\src\main\java\com\github\alexthe666\alexsmobs\world\AMWorldData.java:179: error: settings has private access in NoiseBasedChunkGenerator
        NoiseSettings noisesettings = generator.settings.value().noiseSettings();
                                               ^
C:\Users\justi\Documents\GitHub\AlexsMobs-26.2\src\main\java\com\github\alexthe666\alexsmobs\world\AMWorldData.java:184: error: iterateNoiseColumn(LevelHeightAccessor,RandomState,int,int,@org.jspecify.annotations.Nullable MutableObject<NoiseColumn>,@org.jspecify.annotations.Nullable Predicate<BlockState>) has protected access in NoiseBasedChunkGenerator
        return generator.iterateNoiseColumn(level, rand, x, z, null, IS_WATER).orElse(level.getMinY());
                        ^
C:\Users\justi\Documents\GitHub\AlexsMobs-26.2\src\main\java\com\github\alexthe666\alexsmobs\world\AMWorldRegistry.java:31: error: cannot find symbol
            builder.getStructureSettings().getOrAddSpawnOverrides(MobCategory.MONSTER).addSpawn(new MobSpawnSettings.SpawnerData(AMConfig.mimicubeSpawnWeight, 3, $5), 1);
                                                                                                                                                                  ^
  symbol:   variable $5
  location: class AMWorldRegistry
C:\Users\justi\Documents\GitHub\AlexsMobs-26.2\src\main\java\com\github\alexthe666\alexsmobs\world\AMWorldRegistry.java:34: error: cannot find symbol
            builder.getStructureSettings().getOrAddSpawnOverrides(MobCategory.MONSTER).addSpawn(new MobSpawnSettings.SpawnerData(AMConfig.soulVultureSpawnWeight, 1, $5), 1);
                                                                                                                                                                     ^
  symbol:   variable $5
  location: class AMWorldRegistry
C:\Users\justi\Documents\GitHub\AlexsMobs-26.2\src\main\java\com\github\alexthe666\alexsmobs\world\AMWorldRegistry.java:37: error: cannot find symbol
            builder.getStructureSettings().getOrAddSpawnOverrides(MobCategory.MONSTER).addSpawn(new MobSpawnSettings.SpawnerData(AMConfig.skelewagSpawnWeight, 2, $5), 1);
                                                                                                                                                                  ^
  symbol:   variable $5
  location: class AMWorldRegistry
C:\Users\justi\Documents\GitHub\AlexsMobs-26.2\src\main\java\com\github\alexthe666\alexsmobs\world\AMWorldRegistry.java:40: error: cannot find symbol
            builder.getStructureSettings().getOrAddSpawnOverrides(MobCategory.AMBIENT).addSpawn(new MobSpawnSettings.SpawnerData(AMConfig.underminerSpawnWeight, 1, $5), 1);
                                                                                                                                                                    ^
  symbol:   variable $5
  location: class AMWorldRegistry
C:\Users\justi\Documents\GitHub\AlexsMobs-26.2\src\main\java\com\github\alexthe666\alexsmobs\world\AMWorldRegistry.java:45: error: cannot find symbol
        return biome.unwrap().map((resourceKey) -> resourceKey.location(), (noKey) -> null);
                                                              ^
  symbol:   method location()
  location: variable resourceKey of type ResourceKey<Biome>
Note: Some input files use or override a deprecated API.
Note: Recompile with -Xlint:deprecation for details.
Note: Some input files use unchecked or unsafe operations.
Note: Recompile with -Xlint:unchecked for details.
Note: Some messages have been simplified; recompile with -Xdiags:verbose to get full output
4.175 errors
19 warnings

> Task :compileJava FAILED
System.Management.Automation.RemoteException
FAILURE: Build failed with an exception.
System.Management.Automation.RemoteException
* What went wrong:
Execution failed for task ':compileJava'.
> Compilation failed; see the compiler error output for details.
System.Management.Automation.RemoteException
* Try:
> Run with --info option to get more log output.
> Run with --scan to get full insights.
System.Management.Automation.RemoteException
BUILD FAILED in 34s
2 actionable tasks: 1 executed, 1 up-to-date
